Run directory: C:\Users\admin\Desktop\need_do\new_paper_four\FedPhoenix-new\results\query_coverage_functional_recovery_2of64\20260908_165530\4\functional_recovery_seed1_20260908_203042_549662_m2_steps5_4_seed1_200r
Partition fingerprint: f8fcaa0f17c5d2078c5d24ece11b3f8cfcb82553733fb972155b7452d87a8fd0; device=cuda:0
ROUND fedrad round=1 clients=[80, 84, 33, 81, 93, 17, 36, 82, 69, 65] diagnostic_accuracy=10.0000% Gamma=0.000000 gate_passed=True fallback=functional_recovery_hungarian global_hash=c6432dd6d30651954c718691d66b95ead53f9f364bd41132c4908756853390e2
ROUND fedrad round=2 clients=[44, 96, 1, 35, 26, 11, 38, 82, 87, 3] diagnostic_accuracy=15.4900% Gamma=0.000000 gate_passed=True fallback=functional_recovery_hungarian global_hash=cb5317636f2ee98bd123802f029e5a62763b382857e7d0035abf08a2417a9e2c
ROUND fedrad round=3 clients=[95, 67, 96, 71, 1, 80, 99, 45, 52, 27] diagnostic_accuracy=17.8400% Gamma=0.000000 gate_passed=True fallback=functional_recovery_hungarian global_hash=9825ce9705c7a82ab8180d56d0c87174f1feab8563d2daa6eb875adad3eafaf1
ROUND fedrad round=4 clients=[40, 10, 96, 66, 89, 32, 95, 55, 25, 5] diagnostic_accuracy=15.8000% Gamma=0.000000 gate_passed=True fallback=functional_recovery_hungarian global_hash=dfb98f0042dfb58cfa2c5171922e9dcd48e178d1631735be56ecc84feef48fc5
ROUND fedrad round=5 clients=[89, 99, 45, 96, 72, 9, 74, 88, 1, 38] diagnostic_accuracy=20.6100% Gamma=0.000000 gate_passed=True fallback=functional_recovery_hungarian global_hash=e56470977adc4cd9a3e458900555d7dbd16038534b9e3d4e630c61cc4915e895
ROUND fedrad round=6 clients=[0, 86, 4, 23, 24, 1, 62, 83, 66, 93] diagnostic_accuracy=21.4200% Gamma=0.000000 gate_passed=True fallback=functional_recovery_hungarian global_hash=576ae5f4a25b51321ddd1654d597e4bb5a03a275ed69eaffccb17849228beebe
ROUND fedrad round=7 clients=[6, 59, 72, 30, 91, 43, 75, 76, 15, 61] diagnostic_accuracy=24.5200% Gamma=0.000000 gate_passed=True fallback=functional_recovery_hungarian global_hash=c6fff13d48af2f137a2e13ebf8defc26366d738baf53fd8d3eb1c4065013c79a
ROUND fedrad round=8 clients=[44, 88, 74, 48, 59, 79, 25, 52, 45, 55] diagnostic_accuracy=21.0900% Gamma=0.000000 gate_passed=True fallback=functional_recovery_hungarian global_hash=0be5899d44bd542793211718e0027dac10836c05e58da493af672f89f1ff509a
ROUND fedrad round=9 clients=[3, 60, 35, 33, 22, 66, 45, 68, 67, 75] diagnostic_accuracy=24.3700% Gamma=0.000000 gate_passed=True fallback=functional_recovery_hungarian global_hash=109dfc7f948e44027d099bb9f148bbb662c4e10c44f9738e9b70c9373b8e1654
ROUND fedrad round=10 clients=[64, 91, 12, 52, 16, 65, 50, 68, 33, 30] diagnostic_accuracy=27.3600% Gamma=0.000000 gate_passed=True fallback=functional_recovery_hungarian global_hash=a6bb3aa35eae19404e5e3203dd4ab54cbbd86502f15eb71383ad857157d704f8
ROUND fedrad round=11 clients=[54, 27, 23, 37, 75, 33, 41, 46, 52, 24] diagnostic_accuracy=24.4400% Gamma=0.000000 gate_passed=True fallback=functional_recovery_hungarian global_hash=07fc6cfe1baec558530bf1fa3958222b464bfd56e7791aebc1b5901422828ac7
ROUND fedrad round=12 clients=[54, 45, 28, 44, 15, 1, 93, 12, 88, 40] diagnostic_accuracy=27.0100% Gamma=0.000000 gate_passed=True fallback=functional_recovery_hungarian global_hash=3e07e2459334a7b143e444cde89c77fcb420db51a22424e49030cb816f214914
ROUND fedrad round=13 clients=[70, 75, 5, 68, 36, 79, 72, 78, 57, 44] diagnostic_accuracy=25.5200% Gamma=0.000000 gate_passed=True fallback=functional_recovery_hungarian global_hash=8b5fef36627a613cc2e529c3750e018f19b42597905b91be5aedf3b145b179f2
ROUND fedrad round=14 clients=[41, 9, 30, 89, 40, 49, 3, 22, 8, 16] diagnostic_accuracy=27.4600% Gamma=0.000000 gate_passed=True fallback=functional_recovery_hungarian global_hash=5e41d006cb86ab3119d37e3de699174573d90d05aefe58194b9a096b6c83bb43
ROUND fedrad round=15 clients=[82, 28, 69, 81, 56, 71, 85, 27, 37, 66] diagnostic_accuracy=26.6000% Gamma=0.000000 gate_passed=True fallback=functional_recovery_hungarian global_hash=922d6a96dc7fd5cfaacf86f062cfcd9fd8f3335ae0620d935d8e6354d56969e5
ROUND fedrad round=16 clients=[60, 13, 26, 12, 1, 28, 88, 86, 11, 43] diagnostic_accuracy=28.5600% Gamma=0.000000 gate_passed=True fallback=functional_recovery_hungarian global_hash=60eea910397c109a77be1dde336cd48b1f28155866a98fec679c6f6bc599c8c3
ROUND fedrad round=17 clients=[93, 16, 72, 75, 10, 4, 38, 71, 42, 62] diagnostic_accuracy=28.3500% Gamma=0.000000 gate_passed=True fallback=functional_recovery_hungarian global_hash=4d5de00966bbc4e9c92d774e14321b66c5e356a6ff81ecffde04c6914afbe8b0
ROUND fedrad round=18 clients=[36, 47, 1, 64, 57, 97, 29, 6, 67, 92] diagnostic_accuracy=30.8600% Gamma=0.000000 gate_passed=True fallback=functional_recovery_hungarian global_hash=613a2b4ff0534ce94da48a73e060d3c3955977e1c5850e0975b3ac0388169adc
ROUND fedrad round=19 clients=[48, 87, 17, 57, 22, 81, 4, 51, 94, 63] diagnostic_accuracy=30.4500% Gamma=0.000000 gate_passed=True fallback=functional_recovery_hungarian global_hash=44f11471716873a7f0b8cd13e9a75c63860f08b05c430819b2d140246e4da10f
ROUND fedrad round=20 clients=[9, 17, 59, 11, 2, 95, 68, 28, 60, 14] diagnostic_accuracy=32.7200% Gamma=0.000000 gate_passed=True fallback=functional_recovery_hungarian global_hash=717394ca11f13692a7529dd117e99334097eea58f8f21db730b9d8c9168f92af
ROUND fedrad round=21 clients=[26, 25, 15, 93, 45, 54, 68, 90, 76, 10] diagnostic_accuracy=27.2500% Gamma=0.000000 gate_passed=True fallback=functional_recovery_hungarian global_hash=586e87e707b1570e755aaee5cb0cae1ec9f99c7725e74325e4439c7486faf043
ROUND fedrad round=22 clients=[84, 74, 93, 1, 48, 44, 29, 26, 94, 75] diagnostic_accuracy=28.8600% Gamma=0.000000 gate_passed=True fallback=functional_recovery_hungarian global_hash=e2e67b20f578da285f485e1f3cf380d9617bf97a87ff744e2087f4642c94fe3a
ROUND fedrad round=23 clients=[71, 58, 50, 22, 59, 84, 10, 70, 43, 67] diagnostic_accuracy=32.6000% Gamma=0.000000 gate_passed=True fallback=functional_recovery_hungarian global_hash=dfd1a0c55a49420aff99e1d8e8096b1e4d0c4c486e3304a13380ceec6b80fb30
ROUND fedrad round=24 clients=[70, 54, 33, 75, 31, 58, 17, 6, 3, 51] diagnostic_accuracy=35.6300% Gamma=0.000000 gate_passed=True fallback=functional_recovery_hungarian global_hash=000f355a469f49048ec04ffaa049081318c0abb72bf587412d1ee25f17a8df15
ROUND fedrad round=25 clients=[42, 87, 33, 36, 30, 84, 78, 98, 71, 75] diagnostic_accuracy=18.9400% Gamma=0.000000 gate_passed=True fallback=functional_recovery_hungarian global_hash=f31bcf75ced768f417e711e6a89515b31baecdd9e0e6cf9b853a4c480a5f55cf
ROUND fedrad round=26 clients=[41, 47, 34, 10, 51, 11, 50, 16, 86, 64] diagnostic_accuracy=39.4300% Gamma=0.000000 gate_passed=True fallback=functional_recovery_hungarian global_hash=622681d2e47765031e1cade8f0f7ecd4a17c8c976296aab52d70c00ca6ccd13b
ROUND fedrad round=27 clients=[58, 82, 63, 50, 98, 84, 4, 46, 65, 88] diagnostic_accuracy=32.7200% Gamma=0.000000 gate_passed=True fallback=functional_recovery_hungarian global_hash=567540ecadc936ea525114d7bf001c95ab90d2aaa0418a7004eb804a2b6e31aa
ROUND fedrad round=28 clients=[99, 88, 69, 16, 46, 29, 90, 91, 4, 45] diagnostic_accuracy=37.8500% Gamma=0.000000 gate_passed=True fallback=functional_recovery_hungarian global_hash=769cc6c12918b0ca45cced0b3ae4d3f2f54e49aad4ec0b883716558290d2a179
ROUND fedrad round=29 clients=[80, 73, 28, 34, 1, 10, 13, 65, 5, 49] diagnostic_accuracy=39.4900% Gamma=0.000000 gate_passed=True fallback=functional_recovery_hungarian global_hash=8404c20be80b9ca28b4c7f93f0645195c5ceec698e7a00143bd35e0ff2302d0e
ROUND fedrad round=30 clients=[62, 41, 74, 11, 99, 8, 75, 26, 81, 85] diagnostic_accuracy=36.2400% Gamma=0.000000 gate_passed=True fallback=functional_recovery_hungarian global_hash=a61bdd58277e260d77e41e2d5c9350b89a42a3173e7c268c83cb8161a077172a
ROUND fedrad round=31 clients=[96, 81, 77, 83, 14, 50, 13, 67, 53, 91] diagnostic_accuracy=48.0500% Gamma=0.000000 gate_passed=True fallback=functional_recovery_hungarian global_hash=d445b712a8cf62612793d23d35bd2798ea9c653645c8abb6d9941703b066c45d
ROUND fedrad round=32 clients=[40, 73, 70, 3, 6, 94, 1, 25, 20, 10] diagnostic_accuracy=35.9900% Gamma=0.000000 gate_passed=True fallback=functional_recovery_hungarian global_hash=35d165908b1ff3c17198d9447a6df220a3ab94e7fae569b96f4afa6be454f4f6
ROUND fedrad round=33 clients=[45, 16, 51, 88, 17, 78, 36, 44, 21, 62] diagnostic_accuracy=42.6300% Gamma=0.000000 gate_passed=True fallback=functional_recovery_hungarian global_hash=73ae43419222776556f053d53d45719b7be8355ac14c48a3bb43d67ba0614587
ROUND fedrad round=34 clients=[92, 43, 97, 61, 58, 67, 1, 98, 30, 75] diagnostic_accuracy=42.7500% Gamma=0.000000 gate_passed=True fallback=functional_recovery_hungarian global_hash=5bbc9daea0e49119b034ba1f4688755f8193b75d0c0ae041e2ede58d1aea03b5
ROUND fedrad round=35 clients=[31, 89, 17, 66, 92, 23, 96, 9, 35, 20] diagnostic_accuracy=42.8100% Gamma=0.000000 gate_passed=True fallback=functional_recovery_hungarian global_hash=83cd64fa2a9268f117d556ad6602458ce143b3c7802f3380cf1e7c66cbba67a9
ROUND fedrad round=36 clients=[72, 68, 65, 28, 23, 85, 16, 60, 73, 78] diagnostic_accuracy=48.2600% Gamma=0.000000 gate_passed=True fallback=functional_recovery_hungarian global_hash=1a6354ba6646d8ab51e31855b51f34d6ed0d5bf24b227e3b6d69d0e62c53466e
ROUND fedrad round=37 clients=[66, 49, 62, 9, 84, 68, 74, 3, 44, 71] diagnostic_accuracy=29.9300% Gamma=0.000000 gate_passed=True fallback=functional_recovery_hungarian global_hash=9589bbb04cd2fe5d6918fd671f8b0d2df2ebfbd07010378e59b9c5c334220b93
ROUND fedrad round=38 clients=[50, 73, 27, 38, 8, 53, 21, 14, 28, 64] diagnostic_accuracy=48.4600% Gamma=0.000000 gate_passed=True fallback=functional_recovery_hungarian global_hash=636f423049f2479c818db632d647ba3a372ba0cc70187ca73f9f5b00e59caf20
ROUND fedrad round=39 clients=[48, 87, 40, 59, 3, 10, 75, 35, 49, 89] diagnostic_accuracy=43.8900% Gamma=0.000000 gate_passed=True fallback=functional_recovery_hungarian global_hash=fe0217ecfea42004fcb4e127a1cd155662a66a84501fc2c66392919cc4ed7f59
ROUND fedrad round=40 clients=[83, 93, 34, 60, 90, 45, 42, 41, 91, 36] diagnostic_accuracy=50.5200% Gamma=0.000000 gate_passed=True fallback=functional_recovery_hungarian global_hash=9d74e0325ed50a8ded739c69bd3eb907350a2bbd9a0c350661216308358eac98
ROUND fedrad round=41 clients=[75, 52, 20, 80, 90, 93, 4, 51, 13, 98] diagnostic_accuracy=36.7000% Gamma=0.000000 gate_passed=True fallback=functional_recovery_hungarian global_hash=a5fe6229d288aba7abdcff02ef47344b78bfdde0521ca9a517bb447edd78dc37
ROUND fedrad round=42 clients=[98, 79, 17, 10, 3, 12, 29, 26, 54, 58] diagnostic_accuracy=32.6200% Gamma=0.000000 gate_passed=True fallback=functional_recovery_hungarian global_hash=0ad515918777aa308e2ec46b33301cc187e2fdf7d6364c924ea8c25d40b839c7
ROUND fedrad round=43 clients=[32, 15, 47, 9, 7, 16, 24, 57, 71, 28] diagnostic_accuracy=46.0500% Gamma=0.000000 gate_passed=True fallback=functional_recovery_hungarian global_hash=5a0b85cc080b183d920c524262ef877cbe930cab3d5adad0a522c4e7a6b66dd0
ROUND fedrad round=44 clients=[76, 67, 81, 35, 44, 49, 32, 99, 69, 51] diagnostic_accuracy=46.5100% Gamma=0.000000 gate_passed=True fallback=functional_recovery_hungarian global_hash=df35a7d1c8892ba0ab7b2471d5dbff68a2f7a2f79952d98ae7a50bcd219201d8
ROUND fedrad round=45 clients=[42, 4, 95, 71, 84, 22, 61, 5, 10, 28] diagnostic_accuracy=41.3300% Gamma=0.000000 gate_passed=True fallback=functional_recovery_hungarian global_hash=1abd6402ca96e9a77f10bf5d6902d7161dc9d4084a312b6411fe89eaee48a0da
ROUND fedrad round=46 clients=[61, 52, 80, 26, 37, 44, 85, 1, 99, 55] diagnostic_accuracy=53.6100% Gamma=0.000000 gate_passed=True fallback=functional_recovery_hungarian global_hash=501ed050c0958e343330ed63d1f756ba20f00558da5c9ac37d91cde4c84f4c69
ROUND fedrad round=47 clients=[23, 10, 75, 28, 19, 22, 43, 13, 98, 85] diagnostic_accuracy=51.9500% Gamma=0.000000 gate_passed=True fallback=functional_recovery_hungarian global_hash=c96c7d677857df6b1146923f266c912a8f9290ee76a45b56e508597f14627a61
ROUND fedrad round=48 clients=[18, 1, 96, 63, 59, 71, 88, 39, 97, 68] diagnostic_accuracy=46.0600% Gamma=0.000000 gate_passed=True fallback=functional_recovery_hungarian global_hash=0844361bb186a34056c3ab8f5ed6127d9c9bb19a6e0133fdadf49bd6e337f463
ROUND fedrad round=49 clients=[44, 11, 93, 47, 54, 9, 81, 94, 45, 65] diagnostic_accuracy=55.8600% Gamma=0.000000 gate_passed=True fallback=functional_recovery_hungarian global_hash=b77a59a9d87e61b778f63b61e8e88e54c56fd99f6d17f56a7d9e5b81f056e0a3
ROUND fedrad round=50 clients=[48, 43, 51, 76, 99, 39, 38, 73, 89, 80] diagnostic_accuracy=49.7900% Gamma=0.000000 gate_passed=True fallback=functional_recovery_hungarian global_hash=bb829a8880513061ff873e2058a90708527c3bd81e3d8f1eecbb1ae678b854b5
ROUND fedrad round=51 clients=[34, 16, 99, 17, 62, 58, 96, 29, 90, 30] diagnostic_accuracy=53.7900% Gamma=0.000000 gate_passed=True fallback=functional_recovery_hungarian global_hash=75681adac9cdb0c58daf7da9b27f30bf39a8e62d767c2653f08873246568b5b0
ROUND fedrad round=52 clients=[8, 59, 78, 95, 25, 35, 99, 86, 54, 64] diagnostic_accuracy=57.4800% Gamma=0.000000 gate_passed=True fallback=functional_recovery_hungarian global_hash=db61ea0ca92417a74570afe014be7e541496818db8876b2c23d99cde8a165788
ROUND fedrad round=53 clients=[87, 42, 55, 74, 37, 10, 26, 23, 57, 62] diagnostic_accuracy=50.4500% Gamma=0.000000 gate_passed=True fallback=functional_recovery_hungarian global_hash=02bb811ef61dcbba2f89e1efb9f51044d18a60b8e90dfea41b87f333e90f9522
ROUND fedrad round=54 clients=[84, 2, 76, 48, 68, 40, 92, 8, 42, 46] diagnostic_accuracy=55.4100% Gamma=0.000000 gate_passed=True fallback=functional_recovery_hungarian global_hash=05c047a0c41e6a60f1daae5db18bb07fe5941fcf0b3e9ab945fabd58ce851458
ROUND fedrad round=55 clients=[91, 70, 16, 58, 10, 35, 31, 86, 62, 54] diagnostic_accuracy=54.9700% Gamma=0.000000 gate_passed=True fallback=functional_recovery_hungarian global_hash=7807ec2252072ace86cf3e8ce46c802baeb62200e0a4c23e5c56337dd172fcab
ROUND fedrad round=56 clients=[32, 41, 20, 75, 69, 62, 74, 38, 80, 58] diagnostic_accuracy=47.7100% Gamma=0.000000 gate_passed=True fallback=functional_recovery_hungarian global_hash=d0abd087c418031dbe6dd968810bb5e2afe21dc654443a82460d20b29846ea95
ROUND fedrad round=57 clients=[89, 0, 84, 16, 97, 67, 41, 38, 59, 60] diagnostic_accuracy=49.6300% Gamma=0.000000 gate_passed=True fallback=functional_recovery_hungarian global_hash=b20ce8ffe06d2eed18630da4025c78a43080661bbe0bc71a822eec4d28ca55b1
ROUND fedrad round=58 clients=[59, 21, 34, 35, 95, 41, 9, 12, 47, 42] diagnostic_accuracy=53.2400% Gamma=0.000000 gate_passed=True fallback=functional_recovery_hungarian global_hash=f6131ff24e546bd692dab4bfb974ec9dee894696b685a1f3464eef366abf578a
ROUND fedrad round=59 clients=[88, 78, 75, 43, 57, 63, 34, 79, 17, 93] diagnostic_accuracy=53.1900% Gamma=0.000000 gate_passed=True fallback=functional_recovery_hungarian global_hash=8bbc8f18bd9bde5e967df3b3318255d0c177170b37d2f7d7db6b48b33eb89237
ROUND fedrad round=60 clients=[76, 35, 9, 75, 32, 97, 53, 72, 27, 91] diagnostic_accuracy=50.4900% Gamma=0.000000 gate_passed=True fallback=functional_recovery_hungarian global_hash=3d60db8d38de9cff09915b148feba838aee20132e3234b5bfea6e5187b913a30
ROUND fedrad round=61 clients=[60, 14, 9, 43, 15, 68, 7, 44, 65, 89] diagnostic_accuracy=59.2700% Gamma=0.000000 gate_passed=True fallback=functional_recovery_hungarian global_hash=3d44317146e9d813300e22daad2baa419b4ee5645a07c03d0345ffa9c315ad58
ROUND fedrad round=62 clients=[56, 67, 28, 93, 30, 71, 78, 48, 25, 19] diagnostic_accuracy=58.8500% Gamma=0.000000 gate_passed=True fallback=functional_recovery_hungarian global_hash=7abfb5c73df1bd556d9d5cfb0edf6b25b6db935eb0efcf12e929de084f19fd6a
ROUND fedrad round=63 clients=[61, 18, 63, 89, 0, 99, 42, 76, 81, 9] diagnostic_accuracy=54.1000% Gamma=0.000000 gate_passed=True fallback=functional_recovery_hungarian global_hash=47e7654d6cd9ee288ba07d8b1518f728d307b962e7c8d216fae0f8e9efb5c2d0
ROUND fedrad round=64 clients=[14, 22, 8, 93, 29, 90, 73, 28, 57, 58] diagnostic_accuracy=58.9100% Gamma=0.000000 gate_passed=True fallback=functional_recovery_hungarian global_hash=6197c67b8accd7ccf79f21ade84dd38e74bf477895eba70b84cf410aeb571c6f
ROUND fedrad round=65 clients=[16, 90, 78, 23, 55, 61, 31, 0, 11, 82] diagnostic_accuracy=60.4900% Gamma=0.000000 gate_passed=True fallback=functional_recovery_hungarian global_hash=19c56a9ae74517ad2a74e11ca630f3461334523b0e08ba7afd651bfbca58784a
ROUND fedrad round=66 clients=[28, 65, 16, 72, 11, 36, 19, 51, 81, 53] diagnostic_accuracy=58.7000% Gamma=0.000000 gate_passed=True fallback=functional_recovery_hungarian global_hash=9d07132cc5b32d80eda3df3db32a9b415dc880b24a616ebe59d70823473d27e6
ROUND fedrad round=67 clients=[53, 63, 96, 28, 78, 90, 58, 73, 34, 4] diagnostic_accuracy=58.4400% Gamma=0.000000 gate_passed=True fallback=functional_recovery_hungarian global_hash=652c6d1fe4ef7bbce4fbdeae29854265cc2037601e222a11949becf6f5b4dbc7
ROUND fedrad round=68 clients=[38, 57, 22, 41, 70, 39, 10, 5, 17, 32] diagnostic_accuracy=54.5100% Gamma=0.000000 gate_passed=True fallback=functional_recovery_hungarian global_hash=923e4e676ebd410b375337b889bcc32a083f2a4773586732b0b41604b6710f83
ROUND fedrad round=69 clients=[60, 67, 48, 59, 46, 94, 22, 29, 53, 97] diagnostic_accuracy=60.7000% Gamma=0.000000 gate_passed=True fallback=functional_recovery_hungarian global_hash=b76b169cf49a34f54a034e26ac8b90aaaa5793a5ac8cea645a6626c5ad84bf96
ROUND fedrad round=70 clients=[61, 33, 76, 48, 37, 54, 38, 13, 8, 39] diagnostic_accuracy=51.6900% Gamma=0.000000 gate_passed=True fallback=functional_recovery_hungarian global_hash=957081a0f8fcc3332dba13d86d3e6c25fb286270396390c19d89d4ad0fe81298
ROUND fedrad round=71 clients=[31, 88, 91, 25, 50, 95, 67, 45, 80, 70] diagnostic_accuracy=57.5800% Gamma=0.000000 gate_passed=True fallback=functional_recovery_hungarian global_hash=9b5a10dd501f8b3b00ff65a46109b23164ce0ec2056589e260bc2cbfa89822de
ROUND fedrad round=72 clients=[3, 23, 17, 94, 61, 43, 63, 91, 37, 84] diagnostic_accuracy=48.3500% Gamma=0.000000 gate_passed=True fallback=functional_recovery_hungarian global_hash=079a325103321dbe912a1366d736d17418d42c777e51b0377fbb9f042849a52e
ROUND fedrad round=73 clients=[11, 73, 78, 47, 45, 83, 36, 75, 91, 57] diagnostic_accuracy=61.0300% Gamma=0.000000 gate_passed=True fallback=functional_recovery_hungarian global_hash=471de40d738edd2d7e80f75030aa78bdf4280d23d6f4aa192cdc1c0aceabdebf
ROUND fedrad round=74 clients=[46, 54, 66, 62, 96, 49, 24, 75, 60, 52] diagnostic_accuracy=55.4600% Gamma=0.000000 gate_passed=True fallback=functional_recovery_hungarian global_hash=5ef229d8f8fc646f0f80eaa088a417b5bfeae9081d582c414c4265ad290aee1d
ROUND fedrad round=75 clients=[75, 51, 39, 89, 14, 54, 41, 30, 24, 80] diagnostic_accuracy=53.0500% Gamma=0.000000 gate_passed=True fallback=functional_recovery_hungarian global_hash=a1edb4b634d05b20e7c860ee034b997582a1cb2c5cc2553a24779a10613be609
ROUND fedrad round=76 clients=[67, 90, 45, 78, 32, 86, 50, 55, 33, 60] diagnostic_accuracy=64.0700% Gamma=0.000000 gate_passed=True fallback=functional_recovery_hungarian global_hash=03f13f33f5ff90a3dfb755435f6bf4a657d187aa058b4d4fffc6536e00a4c525
ROUND fedrad round=77 clients=[4, 16, 51, 33, 89, 30, 13, 77, 43, 85] diagnostic_accuracy=61.1100% Gamma=0.000000 gate_passed=True fallback=functional_recovery_hungarian global_hash=4e4525b8644cbc363529bbda653f79b336546e422c1dc67940e5b4041bf5cdb7
ROUND fedrad round=78 clients=[97, 76, 96, 72, 42, 17, 33, 51, 24, 36] diagnostic_accuracy=60.9300% Gamma=0.000000 gate_passed=True fallback=functional_recovery_hungarian global_hash=c0ccba101ff8b0195ab3c274e77011a5148af2adae52a1e4a865834dc0c1d12b
ROUND fedrad round=79 clients=[22, 47, 61, 27, 50, 96, 89, 97, 85, 30] diagnostic_accuracy=59.7700% Gamma=0.000000 gate_passed=True fallback=functional_recovery_hungarian global_hash=c195af15d73c89a1b9ab767db6541501ebf2b7a8689bcfcad2f00ee70b63ffcb
ROUND fedrad round=80 clients=[44, 70, 23, 38, 74, 21, 82, 4, 88, 98] diagnostic_accuracy=57.3900% Gamma=0.000000 gate_passed=True fallback=functional_recovery_hungarian global_hash=22f7eb81a58a4b043132971cbcac24c5d809af0cc02c89e14ee1708d15aec4e1
ROUND fedrad round=81 clients=[90, 72, 65, 50, 85, 56, 4, 80, 31, 17] diagnostic_accuracy=58.8800% Gamma=0.000000 gate_passed=True fallback=functional_recovery_hungarian global_hash=1199f308321f0af57be588803e50519db71136229e5c26806597203ec5ce495b
ROUND fedrad round=82 clients=[61, 40, 41, 34, 97, 51, 50, 13, 22, 8] diagnostic_accuracy=61.0900% Gamma=0.000000 gate_passed=True fallback=functional_recovery_hungarian global_hash=dd013bc1c47f6d911169892e334e3e2cb7f9861eddcf5f61e484044daa37da97
ROUND fedrad round=83 clients=[87, 54, 63, 83, 96, 26, 0, 59, 69, 14] diagnostic_accuracy=61.8400% Gamma=0.000000 gate_passed=True fallback=functional_recovery_hungarian global_hash=fc2f89b98610e471741e122b48867d16710cd78b6161f10422b4e5b08c51a13c
ROUND fedrad round=84 clients=[58, 47, 83, 36, 8, 2, 56, 49, 10, 38] diagnostic_accuracy=54.1500% Gamma=0.000000 gate_passed=True fallback=functional_recovery_hungarian global_hash=a21d38f06b078d8cedede0586f4ad853e767e2dc519ae302257271ffda4b9628
ROUND fedrad round=85 clients=[89, 90, 81, 54, 59, 4, 53, 47, 52, 19] diagnostic_accuracy=63.8900% Gamma=0.000000 gate_passed=True fallback=functional_recovery_hungarian global_hash=2b15775cbfbbf82df1e694b2b286b118ec95d0789369d6ee64221475eba0c20a
ROUND fedrad round=86 clients=[24, 13, 81, 73, 19, 55, 40, 76, 57, 96] diagnostic_accuracy=58.7100% Gamma=0.000000 gate_passed=True fallback=functional_recovery_hungarian global_hash=6eb5961519668052cd52ea9af6cd790c5d19469cbbd9443daa849949d58bde0f
ROUND fedrad round=87 clients=[31, 75, 94, 20, 87, 26, 29, 70, 2, 50] diagnostic_accuracy=57.0500% Gamma=0.000000 gate_passed=True fallback=functional_recovery_hungarian global_hash=72a2f642264d43384e9e5b3363de589c582a4eed469779e4da3bca3481ea855d
ROUND fedrad round=88 clients=[0, 9, 46, 37, 72, 83, 73, 16, 55, 27] diagnostic_accuracy=56.4800% Gamma=0.000000 gate_passed=True fallback=functional_recovery_hungarian global_hash=8314978b38892f2145899ccaf1d75e3026fe99d590e95e61a34889d179deec84
ROUND fedrad round=89 clients=[80, 29, 9, 50, 26, 81, 48, 82, 37, 15] diagnostic_accuracy=54.5900% Gamma=0.000000 gate_passed=True fallback=functional_recovery_hungarian global_hash=7f4374fe5469f7840395d0a48067ef2053fb07eb6e087bc86559f0198a4648e1
ROUND fedrad round=90 clients=[82, 6, 87, 74, 29, 50, 62, 67, 12, 83] diagnostic_accuracy=68.4500% Gamma=0.000000 gate_passed=True fallback=functional_recovery_hungarian global_hash=7528bb4679a412c7578cc42d5650e089055f431fb2796e8e3caad23b3a7efefc
ROUND fedrad round=91 clients=[36, 75, 89, 43, 12, 21, 95, 72, 24, 63] diagnostic_accuracy=55.0800% Gamma=0.000000 gate_passed=True fallback=functional_recovery_hungarian global_hash=2a792501897a82f28314f0c79b1c137de09ada4f4094cff2e2803ece59ff0bf6
ROUND fedrad round=92 clients=[34, 15, 31, 94, 46, 70, 19, 80, 6, 88] diagnostic_accuracy=63.0300% Gamma=0.000000 gate_passed=True fallback=functional_recovery_hungarian global_hash=89b6ec2ccc7ec6c96dcdeb7dba5e24c74b2cdafea9e313f61d169b556075451b
ROUND fedrad round=93 clients=[70, 92, 72, 77, 23, 53, 1, 12, 97, 93] diagnostic_accuracy=58.5000% Gamma=0.000000 gate_passed=True fallback=functional_recovery_hungarian global_hash=e48a4f573d2caf967c7c1747c3101ab63a916ef8d341e5e4416cbdd815482b49
ROUND fedrad round=94 clients=[13, 38, 36, 14, 57, 77, 66, 73, 3, 0] diagnostic_accuracy=49.4800% Gamma=0.000000 gate_passed=True fallback=functional_recovery_hungarian global_hash=1289f0eaddb5255bbd84c11e64488b36488dc1e170856151fd4e2671b51b099d
ROUND fedrad round=95 clients=[13, 19, 10, 24, 76, 57, 88, 23, 61, 31] diagnostic_accuracy=57.6400% Gamma=0.000000 gate_passed=True fallback=functional_recovery_hungarian global_hash=68662bf8224397d29fc0ddefea1fc270b353e8c96d4249103a47d14ddbf23481
ROUND fedrad round=96 clients=[18, 45, 94, 24, 56, 67, 10, 14, 13, 9] diagnostic_accuracy=64.9100% Gamma=0.000000 gate_passed=True fallback=functional_recovery_hungarian global_hash=1a182856ab5a9db44fe2a74133e6efb3e684b76624411b083d77fdbd16da472c
ROUND fedrad round=97 clients=[13, 48, 73, 93, 70, 1, 43, 77, 76, 88] diagnostic_accuracy=58.6300% Gamma=0.000000 gate_passed=True fallback=functional_recovery_hungarian global_hash=21f9fc03a92de363f81429f69c64aa3e164c0c72648f5c7476eddb2ca587ae75
ROUND fedrad round=98 clients=[21, 45, 83, 68, 75, 65, 96, 1, 77, 73] diagnostic_accuracy=62.8700% Gamma=0.000000 gate_passed=True fallback=functional_recovery_hungarian global_hash=14f2ae11c5bbd36c347116f5bdeb02ba121fc6b3c3fb8222ca29388d7fe49222
ROUND fedrad round=99 clients=[81, 84, 60, 18, 45, 47, 94, 83, 76, 22] diagnostic_accuracy=59.4200% Gamma=0.000000 gate_passed=True fallback=functional_recovery_hungarian global_hash=584f6b5e820e81c115d448dd0b8702a22be6e4435af68a84ea4c2c172c007bd5
ROUND fedrad round=100 clients=[21, 69, 47, 34, 65, 81, 93, 44, 30, 84] diagnostic_accuracy=56.8000% Gamma=0.000000 gate_passed=True fallback=functional_recovery_hungarian global_hash=da7fedff795e41de45e98ae4cbb2f21fcf2e7df392ee5b9addf882bc3b64124e
ROUND fedrad round=101 clients=[22, 38, 77, 15, 11, 61, 37, 34, 87, 3] diagnostic_accuracy=60.3500% Gamma=0.000000 gate_passed=True fallback=functional_recovery_hungarian global_hash=d53fd682ef26ea022853a111d99e3826e742ef4b7d2a282e41b3c2b621e9a5f2
ROUND fedrad round=102 clients=[96, 9, 26, 58, 69, 44, 13, 93, 61, 43] diagnostic_accuracy=59.5600% Gamma=0.000000 gate_passed=True fallback=functional_recovery_hungarian global_hash=e5acf54c739628c52434fcd420f619bd80e886e248c8b7023a23b25883191d27
ROUND fedrad round=103 clients=[13, 34, 27, 16, 72, 98, 14, 19, 9, 46] diagnostic_accuracy=55.7900% Gamma=0.000000 gate_passed=True fallback=functional_recovery_hungarian global_hash=cc7286dff6cbd65d22b4ea2864cb908416b96d6733c477df9048957dcaf60c47
ROUND fedrad round=104 clients=[29, 72, 81, 80, 68, 85, 14, 0, 93, 52] diagnostic_accuracy=66.3600% Gamma=0.000000 gate_passed=True fallback=functional_recovery_hungarian global_hash=b9f1dd14151af53475e31b31438d6da07f2894fb7df43b2bec0834a0a3a26a1b
ROUND fedrad round=105 clients=[17, 69, 35, 86, 83, 84, 23, 56, 89, 60] diagnostic_accuracy=63.6300% Gamma=0.000000 gate_passed=True fallback=functional_recovery_hungarian global_hash=f4a9daa117b0f8322229cedc4ac1788e0c35915a02b6927573a5fef9dcb10cb0
ROUND fedrad round=106 clients=[94, 79, 36, 8, 19, 16, 13, 30, 25, 3] diagnostic_accuracy=47.6400% Gamma=0.000000 gate_passed=True fallback=functional_recovery_hungarian global_hash=4cc80f36db9fab052d89d04e0d5573648ea7d249ce79a77ad86abde0e961ca75
ROUND fedrad round=107 clients=[45, 82, 32, 52, 17, 96, 6, 57, 67, 74] diagnostic_accuracy=60.4900% Gamma=0.000000 gate_passed=True fallback=functional_recovery_hungarian global_hash=199953739555ba03332f54de1a4ae7b73edbd2f78b0592a63495388b9da5812a
ROUND fedrad round=108 clients=[61, 20, 59, 99, 39, 42, 73, 53, 45, 8] diagnostic_accuracy=67.7300% Gamma=0.000000 gate_passed=True fallback=functional_recovery_hungarian global_hash=75c493764417939bab26f6e06e37bb2e3768108460948e88ac028c14f3e1e6a4
ROUND fedrad round=109 clients=[60, 38, 5, 54, 66, 33, 80, 83, 9, 4] diagnostic_accuracy=60.4300% Gamma=0.000000 gate_passed=True fallback=functional_recovery_hungarian global_hash=ce8bc38e5dc7625619a815c30515d9f90c13bda0e83927b9ac824301bf9580ae
ROUND fedrad round=110 clients=[39, 44, 62, 4, 42, 25, 0, 45, 29, 93] diagnostic_accuracy=68.6900% Gamma=0.000000 gate_passed=True fallback=functional_recovery_hungarian global_hash=b72bb303ae4e5fd3b6b4d137a99a84152aa4f10466842159328e009249256653
ROUND fedrad round=111 clients=[96, 54, 19, 97, 92, 31, 81, 2, 24, 9] diagnostic_accuracy=70.0600% Gamma=0.000000 gate_passed=True fallback=functional_recovery_hungarian global_hash=d0ec5bed8dfcab4aa71c41942db8ba075c7f33aaedfe6244d3bab2a35077f032
ROUND fedrad round=112 clients=[9, 19, 7, 49, 45, 35, 80, 85, 40, 89] diagnostic_accuracy=66.9100% Gamma=0.000000 gate_passed=True fallback=functional_recovery_hungarian global_hash=a26feb6da7fd8f57817efb07b2436955bbaa513c2b96b88d154586a0431190f7
ROUND fedrad round=113 clients=[73, 66, 18, 74, 33, 2, 87, 29, 98, 91] diagnostic_accuracy=62.6400% Gamma=0.000000 gate_passed=True fallback=functional_recovery_hungarian global_hash=b2010059b5642113ef502abefdc3dae34775781630e4a23901b93f35da064efc
ROUND fedrad round=114 clients=[40, 31, 27, 50, 71, 81, 99, 97, 73, 49] diagnostic_accuracy=58.5200% Gamma=0.000000 gate_passed=True fallback=functional_recovery_hungarian global_hash=4e91e78cf5ae20197f7c27dd46b7b704fdabb08e9d177cecebed2c3954280240
ROUND fedrad round=115 clients=[61, 64, 42, 88, 27, 95, 92, 50, 45, 85] diagnostic_accuracy=65.9600% Gamma=0.000000 gate_passed=True fallback=functional_recovery_hungarian global_hash=e6aadb643655be1a8f4262a2b4fa34565e39253eb0ffe382999a54c3764376ed
ROUND fedrad round=116 clients=[27, 8, 49, 32, 15, 35, 70, 59, 31, 30] diagnostic_accuracy=59.3600% Gamma=0.000000 gate_passed=True fallback=functional_recovery_hungarian global_hash=db25a9ddd31bfac4cbb5b7a07498466bed6c4bcb58addcc0caa9c09ed450c7cf
ROUND fedrad round=117 clients=[69, 35, 52, 51, 26, 15, 76, 48, 98, 12] diagnostic_accuracy=63.0400% Gamma=0.000000 gate_passed=True fallback=functional_recovery_hungarian global_hash=64f2539c384abd44d8b7898d3ccf5821d4c3ba1f665d83e34447b48076307e2e
ROUND fedrad round=118 clients=[46, 57, 0, 86, 26, 80, 73, 20, 63, 98] diagnostic_accuracy=65.0900% Gamma=0.000000 gate_passed=True fallback=functional_recovery_hungarian global_hash=cd07ad77fd3257f3e33b3686206b7f7bdcc32a2f948c33666dd9bc8f75655ce6
ROUND fedrad round=119 clients=[81, 6, 64, 84, 20, 2, 8, 4, 66, 92] diagnostic_accuracy=62.8100% Gamma=0.000000 gate_passed=True fallback=functional_recovery_hungarian global_hash=10af34c70e98649a2eb8e2abd54b645faadf93092442380e177bd3f077f6af6b
ROUND fedrad round=120 clients=[61, 34, 64, 11, 96, 18, 82, 52, 72, 92] diagnostic_accuracy=67.0900% Gamma=0.000000 gate_passed=True fallback=functional_recovery_hungarian global_hash=42733bc227f42c09cf7ee8216dbfb2c348f47614d8bd41783cd8cdbb482cdaac
ROUND fedrad round=121 clients=[93, 68, 94, 13, 36, 11, 5, 1, 40, 7] diagnostic_accuracy=68.9700% Gamma=0.000000 gate_passed=True fallback=functional_recovery_hungarian global_hash=1aaf55f4b8335eb896bbfa7c941f08d9cc24f9bc8ae0034d2bda9401e060bb8f
ROUND fedrad round=122 clients=[73, 64, 37, 69, 31, 48, 77, 41, 53, 75] diagnostic_accuracy=60.6700% Gamma=0.000000 gate_passed=True fallback=functional_recovery_hungarian global_hash=51ef2e657eb111ffef63bc64f128dc41e3e01a0789b58e51466e4f3c1c0670c5
ROUND fedrad round=123 clients=[46, 43, 84, 11, 66, 92, 16, 19, 96, 37] diagnostic_accuracy=57.7100% Gamma=0.000000 gate_passed=True fallback=functional_recovery_hungarian global_hash=e860ddb6a50b95cb6c0317b3d9de33c975727fe6f6e4b193f50b9f58e56d27b0
ROUND fedrad round=124 clients=[43, 96, 9, 0, 74, 19, 1, 23, 38, 66] diagnostic_accuracy=64.7600% Gamma=0.000000 gate_passed=True fallback=functional_recovery_hungarian global_hash=37dc762577684e2819b5d8501f4b1fa842292932924cc30eeb4b807bf9d6e723
ROUND fedrad round=125 clients=[27, 62, 32, 10, 22, 72, 64, 25, 86, 60] diagnostic_accuracy=62.3400% Gamma=0.000000 gate_passed=True fallback=functional_recovery_hungarian global_hash=88b9763978801aeb7570f0578c587ad0990b42cc3337cee14c751fcdc7a69bea
ROUND fedrad round=126 clients=[84, 7, 64, 76, 15, 46, 27, 47, 40, 69] diagnostic_accuracy=65.5500% Gamma=0.000000 gate_passed=True fallback=functional_recovery_hungarian global_hash=50ba9d6941616a52dea34130c93744a7b8a86c24361bef1136a2a7963c51c308
ROUND fedrad round=127 clients=[75, 97, 79, 87, 11, 7, 37, 92, 41, 12] diagnostic_accuracy=64.9100% Gamma=0.000000 gate_passed=True fallback=functional_recovery_hungarian global_hash=2da880b3da1181772165fb54dccc5d0a9231ca4bb8a616657cccf9563baf69f6
ROUND fedrad round=128 clients=[78, 4, 17, 21, 76, 74, 19, 61, 45, 86] diagnostic_accuracy=71.8200% Gamma=0.000000 gate_passed=True fallback=functional_recovery_hungarian global_hash=54db4c5f043cf1b38db31834226476fbe39f6743f98cf37c8e80cac9af5283e3
ROUND fedrad round=129 clients=[23, 41, 75, 36, 26, 49, 95, 16, 93, 72] diagnostic_accuracy=58.6400% Gamma=0.000000 gate_passed=True fallback=functional_recovery_hungarian global_hash=0c022c3321be82fb222ffe7e1ad438c4cddf53c00ef2d1ad67854e00261d5eea
ROUND fedrad round=130 clients=[59, 53, 65, 8, 68, 35, 13, 55, 23, 97] diagnostic_accuracy=68.4500% Gamma=0.000000 gate_passed=True fallback=functional_recovery_hungarian global_hash=3479de6422a056c0f0a5b89c77311e94d0483f98f1e05cb3d7aea2069a7f0cb8
ROUND fedrad round=131 clients=[74, 98, 22, 45, 97, 87, 92, 71, 47, 79] diagnostic_accuracy=68.3600% Gamma=0.000000 gate_passed=True fallback=functional_recovery_hungarian global_hash=3e0b71e08c68713c7b97f75f9f0bcfca32419945c5933b995570b0318b1c235f
ROUND fedrad round=132 clients=[35, 70, 59, 49, 36, 91, 82, 50, 26, 72] diagnostic_accuracy=51.4500% Gamma=0.000000 gate_passed=True fallback=functional_recovery_hungarian global_hash=ee4d7c1d3de472dbb7d26e798d9fb474e457506d2eff0e251cd5e8749e0e9d25
ROUND fedrad round=133 clients=[22, 83, 75, 29, 66, 48, 12, 10, 86, 1] diagnostic_accuracy=63.7000% Gamma=0.000000 gate_passed=True fallback=functional_recovery_hungarian global_hash=e13c789cc373a2012f226da95eafcf728132d8479eaf9ccc70908047587b6ece
ROUND fedrad round=134 clients=[76, 33, 40, 59, 65, 63, 73, 36, 99, 82] diagnostic_accuracy=68.8500% Gamma=0.000000 gate_passed=True fallback=functional_recovery_hungarian global_hash=16d656744d393dbc98bee11a346b33efe9b71f567ed66680eb9f2382f2bc935d
ROUND fedrad round=135 clients=[85, 88, 54, 40, 70, 67, 86, 38, 58, 42] diagnostic_accuracy=71.5800% Gamma=0.000000 gate_passed=True fallback=functional_recovery_hungarian global_hash=9f693302ed6eb7d51a72d2bed8b3d206754280bf45a3a4d369cf65afdb322b4c
ROUND fedrad round=136 clients=[89, 56, 12, 90, 94, 86, 19, 78, 92, 59] diagnostic_accuracy=70.1300% Gamma=0.000000 gate_passed=True fallback=functional_recovery_hungarian global_hash=fd1b6a64b691ab4639a52e40dde35587d0f64b2078663dd2353399a0a684a7cc
ROUND fedrad round=137 clients=[7, 94, 69, 44, 50, 26, 75, 24, 33, 18] diagnostic_accuracy=63.7000% Gamma=0.000000 gate_passed=True fallback=functional_recovery_hungarian global_hash=009d165bca2b27340f9ac4b52a84491f4b1bac4a46e2426f838c1ee48d8bcc99
ROUND fedrad round=138 clients=[89, 75, 84, 93, 35, 71, 19, 63, 59, 94] diagnostic_accuracy=60.9800% Gamma=0.000000 gate_passed=True fallback=functional_recovery_hungarian global_hash=7c2f560319423b4e818f3847a70adc8685fbee84b3718213deadcb190024ace4
ROUND fedrad round=139 clients=[54, 66, 17, 43, 53, 40, 76, 1, 4, 81] diagnostic_accuracy=71.2600% Gamma=0.000000 gate_passed=True fallback=functional_recovery_hungarian global_hash=6afecb2e35ca4f13f8185e97c228a9653bfa4e800cf911b480b619682d6e10fb
ROUND fedrad round=140 clients=[52, 51, 97, 7, 41, 61, 29, 88, 49, 26] diagnostic_accuracy=68.2100% Gamma=0.000000 gate_passed=True fallback=functional_recovery_hungarian global_hash=1d357267c2e6d3bf645f2e5cdaca42474052186c3ceb47c284e9dbc8e1d6c475
ROUND fedrad round=141 clients=[21, 47, 20, 59, 85, 2, 99, 70, 54, 50] diagnostic_accuracy=65.0700% Gamma=0.000000 gate_passed=True fallback=functional_recovery_hungarian global_hash=3e609f79749747619b267d82d38bcd0919298c013af5bebc43f5e66a9e481420
ROUND fedrad round=142 clients=[65, 98, 79, 6, 58, 92, 19, 37, 33, 75] diagnostic_accuracy=67.3400% Gamma=0.000000 gate_passed=True fallback=functional_recovery_hungarian global_hash=3704939b0bbdf59833e38da227a782e61046cce6d795428d37f04682839111af
ROUND fedrad round=143 clients=[44, 84, 56, 0, 69, 15, 66, 78, 42, 95] diagnostic_accuracy=59.6800% Gamma=0.000000 gate_passed=True fallback=functional_recovery_hungarian global_hash=d24f187007992cc87e47ee9bfdfdbb56e798c2fdd8616a394eccafd08a32f5fb
ROUND fedrad round=144 clients=[36, 20, 53, 26, 80, 67, 25, 37, 39, 10] diagnostic_accuracy=59.7300% Gamma=0.000000 gate_passed=True fallback=functional_recovery_hungarian global_hash=90cfc69d6746dbf0761d804eb82f05be431eb7d85112b571b07be3fb893eac69
ROUND fedrad round=145 clients=[54, 62, 65, 69, 82, 46, 64, 70, 59, 11] diagnostic_accuracy=69.1400% Gamma=0.000000 gate_passed=True fallback=functional_recovery_hungarian global_hash=8f5be6a24ffe6c93f5545ebb7eef838134aa8760cf45b03580e8dfa12a0cb7d7
ROUND fedrad round=146 clients=[78, 89, 64, 25, 85, 9, 57, 41, 97, 45] diagnostic_accuracy=67.4800% Gamma=0.000000 gate_passed=True fallback=functional_recovery_hungarian global_hash=242f76ed44620ede585d3c209904c9c6679f61720388fec1dfdfb14b41b504ea
ROUND fedrad round=147 clients=[32, 8, 70, 41, 12, 19, 88, 20, 98, 33] diagnostic_accuracy=59.0800% Gamma=0.000000 gate_passed=True fallback=functional_recovery_hungarian global_hash=c9e8ec6de66d7d1299bbed1ed8b84277882c6920481ce10450a9726d516648fb
ROUND fedrad round=148 clients=[50, 29, 81, 33, 44, 69, 2, 68, 93, 85] diagnostic_accuracy=69.0200% Gamma=0.000000 gate_passed=True fallback=functional_recovery_hungarian global_hash=9c54ac5dec607727882b72dd4820dbdd8bb77224fd777f1e08ecca58a595a77d
ROUND fedrad round=149 clients=[5, 84, 70, 73, 31, 62, 69, 13, 86, 74] diagnostic_accuracy=53.2800% Gamma=0.000000 gate_passed=True fallback=functional_recovery_hungarian global_hash=e715747984b82a76ad759e29b9ef33344f2e565daf9fda8c318f6f7665863f3e
ROUND fedrad round=150 clients=[69, 9, 41, 83, 76, 63, 34, 67, 36, 87] diagnostic_accuracy=67.5200% Gamma=0.000000 gate_passed=True fallback=functional_recovery_hungarian global_hash=9aef685271969ab8837ba0cb76b7a246c21d0d7ca416b191238534f3cc40346f
ROUND fedrad round=151 clients=[40, 77, 95, 52, 25, 38, 46, 47, 93, 88] diagnostic_accuracy=63.6600% Gamma=0.000000 gate_passed=True fallback=functional_recovery_hungarian global_hash=2bf0a41c5f0c143b9fb959545d051e8b8ae05b52cac245ceebcff427ce9339d1
ROUND fedrad round=152 clients=[14, 22, 87, 6, 15, 36, 37, 44, 48, 38] diagnostic_accuracy=65.0800% Gamma=0.000000 gate_passed=True fallback=functional_recovery_hungarian global_hash=c56a916b353f770b997c3a205371ac6fc15ea44753dd001008a907ae7ff303e3
ROUND fedrad round=153 clients=[14, 66, 74, 62, 49, 45, 18, 79, 15, 68] diagnostic_accuracy=70.9300% Gamma=0.000000 gate_passed=True fallback=functional_recovery_hungarian global_hash=5b72cfa4ebfb5c6cbfbb32a2b71b1d13251a1a176349d272817947b7db976c01
ROUND fedrad round=154 clients=[92, 32, 77, 87, 27, 13, 14, 47, 22, 73] diagnostic_accuracy=66.3500% Gamma=0.000000 gate_passed=True fallback=functional_recovery_hungarian global_hash=9b5935d36a3c9131002846a0b455ed2baacb9417195ea05b25494377da5174ee
ROUND fedrad round=155 clients=[60, 31, 44, 3, 84, 25, 98, 73, 52, 82] diagnostic_accuracy=49.3400% Gamma=0.000000 gate_passed=True fallback=functional_recovery_hungarian global_hash=4b6b0d5ef5e59d200385f16c575fcdd1e0e87b9f9f0d3b92b2a50068933bf5bf
ROUND fedrad round=156 clients=[66, 38, 74, 49, 46, 45, 12, 0, 81, 23] diagnostic_accuracy=66.0800% Gamma=0.000000 gate_passed=True fallback=functional_recovery_hungarian global_hash=1db59852dddfe64bbd6e278470d25dc550fc1d2080cae5de28d04a80f974d1b4
ROUND fedrad round=157 clients=[6, 14, 56, 8, 37, 71, 68, 53, 88, 65] diagnostic_accuracy=67.7300% Gamma=0.000000 gate_passed=True fallback=functional_recovery_hungarian global_hash=30a98b35837b36d3331fa8c278b068095639326a13ff9d937d8b03d6d82fc3a2
ROUND fedrad round=158 clients=[76, 40, 68, 38, 91, 92, 18, 11, 69, 94] diagnostic_accuracy=70.7800% Gamma=0.000000 gate_passed=True fallback=functional_recovery_hungarian global_hash=2a0b22953c4872f27dad48515dc2d7e4ab2ec2e354ab87904405e5e37eae243c
ROUND fedrad round=159 clients=[0, 23, 91, 83, 98, 64, 90, 32, 84, 36] diagnostic_accuracy=62.3900% Gamma=0.000000 gate_passed=True fallback=functional_recovery_hungarian global_hash=6599a3bb4d28fd9fd51a8a1b5bfabcefa6180a0d008bdeb35e9a3078418c3d2b
ROUND fedrad round=160 clients=[15, 9, 95, 71, 80, 49, 39, 81, 30, 8] diagnostic_accuracy=71.3100% Gamma=0.000000 gate_passed=True fallback=functional_recovery_hungarian global_hash=8f01ef0dff8b118f849273c4388788327c65c0ad361b775f7dcaa965ea3796bc
ROUND fedrad round=161 clients=[29, 87, 67, 36, 35, 96, 15, 61, 24, 62] diagnostic_accuracy=62.2000% Gamma=0.000000 gate_passed=True fallback=functional_recovery_hungarian global_hash=68b38e553fc5223cb10795cb660a64bbc9044d2466110d60194d1ca2b059f1e0
ROUND fedrad round=162 clients=[13, 58, 87, 52, 50, 60, 3, 19, 35, 0] diagnostic_accuracy=65.2300% Gamma=0.000000 gate_passed=True fallback=functional_recovery_hungarian global_hash=3d16bc14a642235d908f15ff7a67ad573ce09b775e13b1856d511a7860c3c4e4
ROUND fedrad round=163 clients=[55, 46, 66, 67, 73, 12, 51, 1, 57, 90] diagnostic_accuracy=69.5200% Gamma=0.000000 gate_passed=True fallback=functional_recovery_hungarian global_hash=9bc0deab7048ce2ec9326ef68ec0a05b92c1344991e2fa0f0fb652e2a8a20e56
ROUND fedrad round=164 clients=[40, 72, 92, 86, 89, 90, 16, 98, 73, 58] diagnostic_accuracy=74.0400% Gamma=0.000000 gate_passed=True fallback=functional_recovery_hungarian global_hash=e618be7fe3dc45aade07672ff1bf9f478070add1d78077aad3e461a889b7ba45
ROUND fedrad round=165 clients=[0, 58, 47, 44, 94, 66, 4, 7, 27, 2] diagnostic_accuracy=67.7400% Gamma=0.000000 gate_passed=True fallback=functional_recovery_hungarian global_hash=30cc8f0b0109256eb3d15c75f95428cfdad8a67a4f26c2878b133518b822bc93
ROUND fedrad round=166 clients=[58, 87, 14, 78, 40, 83, 73, 18, 52, 31] diagnostic_accuracy=66.7000% Gamma=0.000000 gate_passed=True fallback=functional_recovery_hungarian global_hash=75e2955fd54ae1250a457f8c0f07152e64252f07718681927a9e632cfd01447c
ROUND fedrad round=167 clients=[99, 22, 62, 86, 5, 20, 9, 51, 7, 54] diagnostic_accuracy=70.6100% Gamma=0.000000 gate_passed=True fallback=functional_recovery_hungarian global_hash=574ee890d988158800b87061fae2c7938e7af2ddf54d36b4592ceb19ad56251b
ROUND fedrad round=168 clients=[97, 37, 42, 7, 22, 5, 24, 56, 69, 12] diagnostic_accuracy=69.4500% Gamma=0.000000 gate_passed=True fallback=functional_recovery_hungarian global_hash=2a03eaff46f63db1e2134cabd15714223b18f28850fd940441364b6d7a863034
ROUND fedrad round=169 clients=[96, 22, 76, 44, 59, 78, 12, 68, 94, 87] diagnostic_accuracy=68.9100% Gamma=0.000000 gate_passed=True fallback=functional_recovery_hungarian global_hash=2aab065c2c3c4c8289134fdaa57d89f7453b5ac36941db8a337fe27be2fb065d
ROUND fedrad round=170 clients=[45, 7, 65, 19, 95, 16, 35, 23, 83, 88] diagnostic_accuracy=69.4700% Gamma=0.000000 gate_passed=True fallback=functional_recovery_hungarian global_hash=7405d0db72e895c07d93f5485963fd27f238b50caa9526e40472089d3f11d4ce
ROUND fedrad round=171 clients=[12, 91, 4, 90, 47, 66, 33, 9, 61, 84] diagnostic_accuracy=68.6200% Gamma=0.000000 gate_passed=True fallback=functional_recovery_hungarian global_hash=e93338437f25e4aa043a7748dcd0aa64d0889038e2341c4ac5c3d002e3934f67
ROUND fedrad round=172 clients=[46, 60, 83, 2, 37, 70, 93, 29, 3, 43] diagnostic_accuracy=54.3000% Gamma=0.000000 gate_passed=True fallback=functional_recovery_hungarian global_hash=c7c699bb4b3ff1486b4a25375948dd6d98b0ecc37d3be1403bb84662deee8f83
ROUND fedrad round=173 clients=[27, 45, 49, 4, 31, 62, 9, 95, 69, 72] diagnostic_accuracy=67.1700% Gamma=0.000000 gate_passed=True fallback=functional_recovery_hungarian global_hash=280eeb30228960d3e2b17107a24d23672db153b5b7d075128423fdcf9ccfff63
ROUND fedrad round=174 clients=[27, 28, 1, 92, 55, 48, 74, 7, 99, 62] diagnostic_accuracy=68.2500% Gamma=0.000000 gate_passed=True fallback=functional_recovery_hungarian global_hash=fd5ec83074815a3eafa9dc8425a8c32486eaa38b4e301fde4db360f1023390c5
ROUND fedrad round=175 clients=[24, 0, 9, 11, 31, 45, 58, 35, 69, 21] diagnostic_accuracy=74.2400% Gamma=0.000000 gate_passed=True fallback=functional_recovery_hungarian global_hash=b50a76ca5130cdedbb88287c82f10d43d13ad34cb932592e236ef1b33a3e8761
ROUND fedrad round=176 clients=[42, 98, 67, 21, 24, 81, 20, 75, 29, 36] diagnostic_accuracy=67.9300% Gamma=0.000000 gate_passed=True fallback=functional_recovery_hungarian global_hash=e82bad3b3eb16ec5838de59be7cd1b86397b91da48abb1bbac898fe322358058
ROUND fedrad round=177 clients=[49, 75, 33, 60, 42, 64, 69, 11, 47, 70] diagnostic_accuracy=66.2600% Gamma=0.000000 gate_passed=True fallback=functional_recovery_hungarian global_hash=314d3fff05b7c281eeaadebe6c31176c0d8d957ca1f5697ec401df0d415cec53
ROUND fedrad round=178 clients=[96, 60, 16, 70, 73, 40, 11, 24, 87, 93] diagnostic_accuracy=66.3600% Gamma=0.000000 gate_passed=True fallback=functional_recovery_hungarian global_hash=c918b7ea59291723019a67e2b870667d4227038a83a5ea29e816c7a09d940409
ROUND fedrad round=179 clients=[37, 16, 85, 31, 69, 36, 54, 25, 32, 38] diagnostic_accuracy=67.3200% Gamma=0.000000 gate_passed=True fallback=functional_recovery_hungarian global_hash=72374c4ed53e49cc439bedb3f31d0edc565b2d7a4c948fd8d374f95835232d0f
ROUND fedrad round=180 clients=[80, 92, 61, 76, 19, 28, 7, 73, 67, 38] diagnostic_accuracy=69.2100% Gamma=0.000000 gate_passed=True fallback=functional_recovery_hungarian global_hash=2d59752da4158cb3316e974311a5f960fa141747bcf04b8b90ed4227cdb41ef4
ROUND fedrad round=181 clients=[78, 26, 35, 44, 29, 85, 64, 66, 97, 21] diagnostic_accuracy=65.8700% Gamma=0.000000 gate_passed=True fallback=functional_recovery_hungarian global_hash=099d19187b67c6af533aee3c91ef1cb526e05a6ef9d4daa2c350978ce20bafeb
ROUND fedrad round=182 clients=[78, 73, 10, 52, 54, 24, 44, 70, 99, 90] diagnostic_accuracy=65.8500% Gamma=0.000000 gate_passed=True fallback=functional_recovery_hungarian global_hash=9aee99ab40e99ee6b63c48d0e780024b76dbfeca5615daf890ca6d633d36f15b
ROUND fedrad round=183 clients=[96, 38, 1, 4, 36, 19, 77, 52, 41, 49] diagnostic_accuracy=70.4000% Gamma=0.000000 gate_passed=True fallback=functional_recovery_hungarian global_hash=dc9063a952746e6fbeccda5641690b29534c7fcda74ed37532cf6c293917aaee
ROUND fedrad round=184 clients=[87, 55, 49, 7, 51, 67, 40, 21, 34, 0] diagnostic_accuracy=73.8600% Gamma=0.000000 gate_passed=True fallback=functional_recovery_hungarian global_hash=5e9f52528b27da2ed1585276f64d2b812bda753f573e7418936bde688dff5c42
ROUND fedrad round=185 clients=[74, 63, 39, 14, 96, 82, 21, 45, 88, 13] diagnostic_accuracy=61.5200% Gamma=0.000000 gate_passed=True fallback=functional_recovery_hungarian global_hash=6375488477488c76751e69a79210ede82df121fe875b80bf7731e54db70d27ed
ROUND fedrad round=186 clients=[1, 26, 23, 59, 22, 57, 27, 60, 18, 69] diagnostic_accuracy=66.3300% Gamma=0.000000 gate_passed=True fallback=functional_recovery_hungarian global_hash=df54f5ba8acd09eba845f994c5512b18aba93128ceb11eda5b192a18d99cef2a
ROUND fedrad round=187 clients=[34, 87, 43, 64, 27, 92, 78, 55, 68, 7] diagnostic_accuracy=69.8000% Gamma=0.000000 gate_passed=True fallback=functional_recovery_hungarian global_hash=1b12b7622a6c68882205677ab5b9cfaa0e37effa09c9fbbcc0acc7976f607206
ROUND fedrad round=188 clients=[67, 20, 34, 69, 85, 14, 86, 81, 36, 76] diagnostic_accuracy=72.7000% Gamma=0.000000 gate_passed=True fallback=functional_recovery_hungarian global_hash=749fcfbedea9416d666e4d945ac127b553b3ed78aef76edbafaf7e15298cdacb
ROUND fedrad round=189 clients=[57, 7, 53, 49, 74, 65, 76, 29, 78, 80] diagnostic_accuracy=72.1200% Gamma=0.000000 gate_passed=True fallback=functional_recovery_hungarian global_hash=32f3a01b530b7e24e9da3a397df93eb4d04979b61c8450540c5498f39335809c
ROUND fedrad round=190 clients=[71, 25, 7, 77, 39, 51, 87, 5, 45, 11] diagnostic_accuracy=67.7200% Gamma=0.000000 gate_passed=True fallback=functional_recovery_hungarian global_hash=820322a3a49dd5de899b4a76a14bb4e984aced67aac3d1aa6e2c2926e65e6da7
ROUND fedrad round=191 clients=[60, 21, 34, 0, 98, 92, 44, 65, 66, 3] diagnostic_accuracy=66.0200% Gamma=0.000000 gate_passed=True fallback=functional_recovery_hungarian global_hash=26a8dfc66c86f80b825cfd5b6e2de3cb1c0195d3aa0255047fcc3fa1da2c8be8
ROUND fedrad round=192 clients=[36, 59, 66, 20, 0, 16, 86, 71, 90, 56] diagnostic_accuracy=74.4800% Gamma=0.000000 gate_passed=True fallback=functional_recovery_hungarian global_hash=b16a656b9fdc379639a649ea4caa97d1d9fc3a379644b29e3d86d2e55289cdbd
ROUND fedrad round=193 clients=[19, 22, 51, 45, 91, 26, 14, 83, 15, 67] diagnostic_accuracy=71.3000% Gamma=0.000000 gate_passed=True fallback=functional_recovery_hungarian global_hash=bc586674faf97158768b03a2d08fe78eb06571e1fbf4272a4047226279ed8ff7
ROUND fedrad round=194 clients=[62, 14, 3, 92, 78, 33, 89, 48, 70, 31] diagnostic_accuracy=67.2600% Gamma=0.000000 gate_passed=True fallback=functional_recovery_hungarian global_hash=f0cae8aa3d638766e20d347e53b645d58f13cbe22d58c660da2aaa4baebacd8f
ROUND fedrad round=195 clients=[37, 10, 88, 63, 53, 68, 2, 52, 26, 59] diagnostic_accuracy=67.1900% Gamma=0.000000 gate_passed=True fallback=functional_recovery_hungarian global_hash=d3c0c8f4c791481b293ddadd5ac211acbe55a1a32ea46d71e295ea72e447314c
ROUND fedrad round=196 clients=[59, 71, 85, 49, 20, 10, 3, 86, 88, 33] diagnostic_accuracy=65.3900% Gamma=0.000000 gate_passed=True fallback=functional_recovery_hungarian global_hash=f507303a866af3b440a06b08706fdd696257433e3cd9a91707081e47d9aabbd0
ROUND fedrad round=197 clients=[9, 0, 18, 66, 44, 17, 92, 95, 64, 96] diagnostic_accuracy=70.7900% Gamma=0.000000 gate_passed=True fallback=functional_recovery_hungarian global_hash=6d84b488e973df8c89f94e251132530a2cd9fb4c24f884256a98242123b2a985
ROUND fedrad round=198 clients=[70, 58, 24, 57, 32, 19, 43, 65, 5, 88] diagnostic_accuracy=62.3700% Gamma=0.000000 gate_passed=True fallback=functional_recovery_hungarian global_hash=0329afe00e4b4f67871f2c7bad13827576f8e4ea95f5fe414544e5d16f23d79c
ROUND fedrad round=199 clients=[61, 75, 68, 2, 6, 26, 1, 56, 78, 74] diagnostic_accuracy=69.5800% Gamma=0.000000 gate_passed=True fallback=functional_recovery_hungarian global_hash=110193aa328e28a485ebc3c8f7dd1bb7deb2c713599d7db381387c1b59f8233c
ROUND fedrad round=200 clients=[8, 57, 22, 90, 46, 9, 56, 99, 89, 4] diagnostic_accuracy=71.3400% Gamma=0.000000 gate_passed=True fallback=functional_recovery_hungarian global_hash=01e791f7ff8c325ac6087f8c38f682f5cc5b5a6e7279aed4bd581649b6fbeb54
FINAL_STATE_HASH 01e791f7ff8c325ac6087f8c38f682f5cc5b5a6e7279aed4bd581649b6fbeb54
