Run directory: C:\Users\admin\Desktop\need_do\new_paper_four\FedPhoenix-new\results\support_coverage_functional_recovery_2of64\20260908_131740\refresh_once\functional_recovery_seed1_20260908_131745_140029_m2_steps5_refresh_once_seed1_200r
Partition fingerprint: f8fcaa0f17c5d2078c5d24ece11b3f8cfcb82553733fb972155b7452d87a8fd0; device=cuda:0
ROUND fedrad round=1 clients=[80, 84, 33, 81, 93, 17, 36, 82, 69, 65] diagnostic_accuracy=10.0000% Gamma=0.000000 gate_passed=True fallback=functional_recovery_hungarian global_hash=7b9d9fa2177c0be8903b59890b31d8928c4d3775f72c9277d244391e61a933ec
ROUND fedrad round=2 clients=[44, 96, 1, 35, 26, 11, 38, 82, 87, 3] diagnostic_accuracy=15.0100% Gamma=0.000000 gate_passed=True fallback=functional_recovery_hungarian global_hash=6aeed88f9c863699fb7fe1770b2a49f34843ac230766b661549cd847ddd13e37
ROUND fedrad round=3 clients=[95, 67, 96, 71, 1, 80, 99, 45, 52, 27] diagnostic_accuracy=18.1700% Gamma=0.000000 gate_passed=True fallback=functional_recovery_hungarian global_hash=8877b07a489c95bb18bf85d3ffd1f26a15a15fbe4e6c40159022d483fedbeeda
ROUND fedrad round=4 clients=[40, 10, 96, 66, 89, 32, 95, 55, 25, 5] diagnostic_accuracy=16.0100% Gamma=0.000000 gate_passed=True fallback=functional_recovery_hungarian global_hash=a206300af37121e650eae3dbb71a13971c714e1d4b17b9ad2ed6016508c086fa
ROUND fedrad round=5 clients=[89, 99, 45, 96, 72, 9, 74, 88, 1, 38] diagnostic_accuracy=21.1600% Gamma=0.000000 gate_passed=True fallback=functional_recovery_hungarian global_hash=7aa067b838373ca6b69afc89fac7c323e1695d1885538c3ec4364e8a1db35630
ROUND fedrad round=6 clients=[0, 86, 4, 23, 24, 1, 62, 83, 66, 93] diagnostic_accuracy=22.5700% Gamma=0.000000 gate_passed=True fallback=functional_recovery_hungarian global_hash=de623fd9a325e097cc7970786b93c486403dca01a090e48501e5d2d3b12cb415
ROUND fedrad round=7 clients=[6, 59, 72, 30, 91, 43, 75, 76, 15, 61] diagnostic_accuracy=24.9500% Gamma=0.000000 gate_passed=True fallback=functional_recovery_hungarian global_hash=05adf3bd8c40ec7ec8dcf4696e673305c4d77478a89664ccab74c8bfe0a42109
ROUND fedrad round=8 clients=[44, 88, 74, 48, 59, 79, 25, 52, 45, 55] diagnostic_accuracy=22.8200% Gamma=0.000000 gate_passed=True fallback=functional_recovery_hungarian global_hash=0a759c26914b828217a2edc4a4eec039580cf0f997e22a9bcd8617da47d91c56
ROUND fedrad round=9 clients=[3, 60, 35, 33, 22, 66, 45, 68, 67, 75] diagnostic_accuracy=26.6600% Gamma=0.000000 gate_passed=True fallback=functional_recovery_hungarian global_hash=01f056af8667f97d3056b2e2321d7e50f40efc841f7eaaa35d2cb3e4ffc5b636
ROUND fedrad round=10 clients=[64, 91, 12, 52, 16, 65, 50, 68, 33, 30] diagnostic_accuracy=27.3700% Gamma=0.000000 gate_passed=True fallback=functional_recovery_hungarian global_hash=826bed7763ce17c8f50b2eb74ffe197013d0a36eb52b0346c0627679c159d9d3
ROUND fedrad round=11 clients=[54, 27, 23, 37, 75, 33, 41, 46, 52, 24] diagnostic_accuracy=26.3500% Gamma=0.000000 gate_passed=True fallback=functional_recovery_hungarian global_hash=75472ea24ec62dd49a35babcb5e8e8c1a3cdd8c7c8de7306c35bd6902c25b280
ROUND fedrad round=12 clients=[54, 45, 28, 44, 15, 1, 93, 12, 88, 40] diagnostic_accuracy=27.3600% Gamma=0.000000 gate_passed=True fallback=functional_recovery_hungarian global_hash=ad639de61e5b8819e63dcfe577a61b0e40e5d236a6a6d6ae33b0b724e25c7e1e
ROUND fedrad round=13 clients=[70, 75, 5, 68, 36, 79, 72, 78, 57, 44] diagnostic_accuracy=27.3200% Gamma=0.000000 gate_passed=True fallback=functional_recovery_hungarian global_hash=7395bdfdb0a231fdea9411ba9d561863f6bca4bd9387421ec77f499e2cc08b62
ROUND fedrad round=14 clients=[41, 9, 30, 89, 40, 49, 3, 22, 8, 16] diagnostic_accuracy=29.6700% Gamma=0.000000 gate_passed=True fallback=functional_recovery_hungarian global_hash=87d67473d00e4ffe7357ece6c079474f95fce1cdeca91251b1675f8c7d612b94
ROUND fedrad round=15 clients=[82, 28, 69, 81, 56, 71, 85, 27, 37, 66] diagnostic_accuracy=27.8100% Gamma=0.000000 gate_passed=True fallback=functional_recovery_hungarian global_hash=7f4b9c88b2cbf9862b32a157f4e8170e27c7af6b1b6e0ad85f58a8013cdfc0cf
ROUND fedrad round=16 clients=[60, 13, 26, 12, 1, 28, 88, 86, 11, 43] diagnostic_accuracy=30.6200% Gamma=0.000000 gate_passed=True fallback=functional_recovery_hungarian global_hash=d195271c77c69661d76ceebd0538d71ac88cdb2c1b17630b619ee1707bf70522
ROUND fedrad round=17 clients=[93, 16, 72, 75, 10, 4, 38, 71, 42, 62] diagnostic_accuracy=30.3700% Gamma=0.000000 gate_passed=True fallback=functional_recovery_hungarian global_hash=ab195c92c79830d4b16d4c47ed395e4e61df073a64643059c507d54b83257dee
ROUND fedrad round=18 clients=[36, 47, 1, 64, 57, 97, 29, 6, 67, 92] diagnostic_accuracy=34.1600% Gamma=0.000000 gate_passed=True fallback=functional_recovery_hungarian global_hash=95d665bff86622af6df5e7db57ffcc6279cd54951f12ed24aca7156dfd02025f
ROUND fedrad round=19 clients=[48, 87, 17, 57, 22, 81, 4, 51, 94, 63] diagnostic_accuracy=30.9700% Gamma=0.000000 gate_passed=True fallback=functional_recovery_hungarian global_hash=94f93f7dd1137c90789807571480afdaff7c7a94ef6a16c291f1d109a76605a0
ROUND fedrad round=20 clients=[9, 17, 59, 11, 2, 95, 68, 28, 60, 14] diagnostic_accuracy=34.0000% Gamma=0.000000 gate_passed=True fallback=functional_recovery_hungarian global_hash=eaf23e599b10719c146f3f64a14f5dfb8a2a37652f35106bf7c8f0994c425b83
ROUND fedrad round=21 clients=[26, 25, 15, 93, 45, 54, 68, 90, 76, 10] diagnostic_accuracy=29.1900% Gamma=0.000000 gate_passed=True fallback=functional_recovery_hungarian global_hash=ac499ba759978770441fe432a201b1ad9d2516589925db5edb80b841eadd1754
ROUND fedrad round=22 clients=[84, 74, 93, 1, 48, 44, 29, 26, 94, 75] diagnostic_accuracy=31.8700% Gamma=0.000000 gate_passed=True fallback=functional_recovery_hungarian global_hash=576b85950c9554b327034d5cf7f040ecb67221d8b38d0aeeb3a875d395d92cf6
ROUND fedrad round=23 clients=[71, 58, 50, 22, 59, 84, 10, 70, 43, 67] diagnostic_accuracy=34.5400% Gamma=0.000000 gate_passed=True fallback=functional_recovery_hungarian global_hash=0f9614c3307c4d2dd69e6467628263c9bdf1b618273d2f221c348b70498d3977
ROUND fedrad round=24 clients=[70, 54, 33, 75, 31, 58, 17, 6, 3, 51] diagnostic_accuracy=35.5500% Gamma=0.000000 gate_passed=True fallback=functional_recovery_hungarian global_hash=d75997c7c5712b89c894aba37ddbc61911d95fb835d5bd00a45f9af50fa83bcf
ROUND fedrad round=25 clients=[42, 87, 33, 36, 30, 84, 78, 98, 71, 75] diagnostic_accuracy=17.4200% Gamma=0.000000 gate_passed=True fallback=functional_recovery_hungarian global_hash=4b372c743c35415b4bd360be8929481549bba9b9c1536a7b8965477660740fc4
ROUND fedrad round=26 clients=[41, 47, 34, 10, 51, 11, 50, 16, 86, 64] diagnostic_accuracy=38.2400% Gamma=0.000000 gate_passed=True fallback=functional_recovery_hungarian global_hash=78e4db90e07c2913abd4b39d205c690a84b9886e566c47bc69735af7d4dcc130
ROUND fedrad round=27 clients=[58, 82, 63, 50, 98, 84, 4, 46, 65, 88] diagnostic_accuracy=32.6700% Gamma=0.000000 gate_passed=True fallback=functional_recovery_hungarian global_hash=6c69ff9e432b61e5aef879b689cdb069f336d141772726686b8ced1748f37393
ROUND fedrad round=28 clients=[99, 88, 69, 16, 46, 29, 90, 91, 4, 45] diagnostic_accuracy=41.2000% Gamma=0.000000 gate_passed=True fallback=functional_recovery_hungarian global_hash=b61eaa3d4cf0b07e7a2199aa52f4e0b15908793a682e021191c2d150b4a15f12
ROUND fedrad round=29 clients=[80, 73, 28, 34, 1, 10, 13, 65, 5, 49] diagnostic_accuracy=41.0700% Gamma=0.000000 gate_passed=True fallback=functional_recovery_hungarian global_hash=35bad94d3cd86cafc631bc8889105a0b046df8c946de7eff3441e1705af73bdf
ROUND fedrad round=30 clients=[62, 41, 74, 11, 99, 8, 75, 26, 81, 85] diagnostic_accuracy=37.1800% Gamma=0.000000 gate_passed=True fallback=functional_recovery_hungarian global_hash=383a8c093ece3aa141c28ed1ea56f21c31ed7032ecbeafbbc9d91f321264d06f
ROUND fedrad round=31 clients=[96, 81, 77, 83, 14, 50, 13, 67, 53, 91] diagnostic_accuracy=48.6400% Gamma=0.000000 gate_passed=True fallback=functional_recovery_hungarian global_hash=921cf3396820bab15557e632be92cb69c1f68b4eaa7df8c2737b871e8842e300
ROUND fedrad round=32 clients=[40, 73, 70, 3, 6, 94, 1, 25, 20, 10] diagnostic_accuracy=40.6700% Gamma=0.000000 gate_passed=True fallback=functional_recovery_hungarian global_hash=de0a91c3e3666ff21307607f96e0d4f98f2375b8a385249485ab0a5477839e48
ROUND fedrad round=33 clients=[45, 16, 51, 88, 17, 78, 36, 44, 21, 62] diagnostic_accuracy=43.5400% Gamma=0.000000 gate_passed=True fallback=functional_recovery_hungarian global_hash=f54db3d7d26ef52fef160057173dce8c61001d523090525f7661387ff2c10189
ROUND fedrad round=34 clients=[92, 43, 97, 61, 58, 67, 1, 98, 30, 75] diagnostic_accuracy=42.1300% Gamma=0.000000 gate_passed=True fallback=functional_recovery_hungarian global_hash=73d9968b023428982e8df186b60e8e1e1aa8ae52803cf0ddf16864ae5a1d6c42
ROUND fedrad round=35 clients=[31, 89, 17, 66, 92, 23, 96, 9, 35, 20] diagnostic_accuracy=40.2100% Gamma=0.000000 gate_passed=True fallback=functional_recovery_hungarian global_hash=c1acc36b8e8ca4ec8d087db72ad81f2fda4f7ea81cb670f7b9a950e658f2b519
ROUND fedrad round=36 clients=[72, 68, 65, 28, 23, 85, 16, 60, 73, 78] diagnostic_accuracy=48.4400% Gamma=0.000000 gate_passed=True fallback=functional_recovery_hungarian global_hash=ea5d0df6c4f7f6477e4a683e077f142212f31bf7f35606732f4bfaba0a5dc802
ROUND fedrad round=37 clients=[66, 49, 62, 9, 84, 68, 74, 3, 44, 71] diagnostic_accuracy=26.3400% Gamma=0.000000 gate_passed=True fallback=functional_recovery_hungarian global_hash=9e391a62943b3c7390d2e5552109f053c126d2b49685005a610da099ff279b93
ROUND fedrad round=38 clients=[50, 73, 27, 38, 8, 53, 21, 14, 28, 64] diagnostic_accuracy=47.1700% Gamma=0.000000 gate_passed=True fallback=functional_recovery_hungarian global_hash=8f3a2b69a755b7eb98d2250fd982a6e10ddda7ef30aa7be0b4213c408a0cc40e
ROUND fedrad round=39 clients=[48, 87, 40, 59, 3, 10, 75, 35, 49, 89] diagnostic_accuracy=45.7800% Gamma=0.000000 gate_passed=True fallback=functional_recovery_hungarian global_hash=3c7e89e6245859205a2a5c79789e09252028cd3408b6d698a0e03768cca84e66
ROUND fedrad round=40 clients=[83, 93, 34, 60, 90, 45, 42, 41, 91, 36] diagnostic_accuracy=49.2900% Gamma=0.000000 gate_passed=True fallback=functional_recovery_hungarian global_hash=bc32801cfa8d4017cf5b556366c04c5200facdb5e5c308f346394c239eaa50e0
ROUND fedrad round=41 clients=[75, 52, 20, 80, 90, 93, 4, 51, 13, 98] diagnostic_accuracy=43.3700% Gamma=0.000000 gate_passed=True fallback=functional_recovery_hungarian global_hash=941b5e3e5efa3557dd18708ab65fb9582dd19df8d4cf303e5012cca5d0f07d15
ROUND fedrad round=42 clients=[98, 79, 17, 10, 3, 12, 29, 26, 54, 58] diagnostic_accuracy=35.5200% Gamma=0.000000 gate_passed=True fallback=functional_recovery_hungarian global_hash=719f8994d38ed17694d1006b470b8f465fa8d68b7a0a107e8562b6cc0f29f893
ROUND fedrad round=43 clients=[32, 15, 47, 9, 7, 16, 24, 57, 71, 28] diagnostic_accuracy=46.0700% Gamma=0.000000 gate_passed=True fallback=functional_recovery_hungarian global_hash=36c6d536cd578bc72dbaa5a771b1ab81b3ff17b83d6d1c36546de88fcd5de057
ROUND fedrad round=44 clients=[76, 67, 81, 35, 44, 49, 32, 99, 69, 51] diagnostic_accuracy=48.1800% Gamma=0.000000 gate_passed=True fallback=functional_recovery_hungarian global_hash=ee42f889d31c77b018c7e2313bcef9e8ef55403370ae753ca07f06b231c9b488
ROUND fedrad round=45 clients=[42, 4, 95, 71, 84, 22, 61, 5, 10, 28] diagnostic_accuracy=45.6900% Gamma=0.000000 gate_passed=True fallback=functional_recovery_hungarian global_hash=9ffd71a80b2296b1d129250f15d3a49a4ec1d4b648dbf8e15e28983bfb8fe3ee
ROUND fedrad round=46 clients=[61, 52, 80, 26, 37, 44, 85, 1, 99, 55] diagnostic_accuracy=54.6400% Gamma=0.000000 gate_passed=True fallback=functional_recovery_hungarian global_hash=badf39c37962c7872a7a903f069b62aa18ef581d2d2fd307c0ede00cf8bf477a
ROUND fedrad round=47 clients=[23, 10, 75, 28, 19, 22, 43, 13, 98, 85] diagnostic_accuracy=49.7100% Gamma=0.000000 gate_passed=True fallback=functional_recovery_hungarian global_hash=00676dd1430f7eb47990c05973254a1b1a821cb43725e0d0e41bf640107f7c49
ROUND fedrad round=48 clients=[18, 1, 96, 63, 59, 71, 88, 39, 97, 68] diagnostic_accuracy=48.6900% Gamma=0.000000 gate_passed=True fallback=functional_recovery_hungarian global_hash=0e72403061903ba1e54fdd9fce91a251e09e168d1d3cd1c06c3a5495b55201bb
ROUND fedrad round=49 clients=[44, 11, 93, 47, 54, 9, 81, 94, 45, 65] diagnostic_accuracy=56.6900% Gamma=0.000000 gate_passed=True fallback=functional_recovery_hungarian global_hash=029bce9f7e78f939348a4fb84ea14b3195566c20a04ce94396110cae55b219e2
ROUND fedrad round=50 clients=[48, 43, 51, 76, 99, 39, 38, 73, 89, 80] diagnostic_accuracy=49.6400% Gamma=0.000000 gate_passed=True fallback=functional_recovery_hungarian global_hash=35ff2a694dc2be94ea67aff08524eec93ff4bc12069df8da0bfbc84ef4d0b4c1
ROUND fedrad round=51 clients=[34, 16, 99, 17, 62, 58, 96, 29, 90, 30] diagnostic_accuracy=55.7200% Gamma=0.000000 gate_passed=True fallback=functional_recovery_hungarian global_hash=5c57484b5fab2c5ca0ed8f93130ac6993387b3c49377b1a8a1b0085e8a92f3f4
ROUND fedrad round=52 clients=[8, 59, 78, 95, 25, 35, 99, 86, 54, 64] diagnostic_accuracy=58.0700% Gamma=0.000000 gate_passed=True fallback=functional_recovery_hungarian global_hash=0f438c3b8d87597eb751a0ab30cc67b8be50bbba8aa15679ae86e2bfb30867a5
ROUND fedrad round=53 clients=[87, 42, 55, 74, 37, 10, 26, 23, 57, 62] diagnostic_accuracy=51.8300% Gamma=0.000000 gate_passed=True fallback=functional_recovery_hungarian global_hash=7e46ed3704d323e6d8fc2e5b46854df2fcfdfdbf0605672b14ea399ba50da2d5
ROUND fedrad round=54 clients=[84, 2, 76, 48, 68, 40, 92, 8, 42, 46] diagnostic_accuracy=54.8600% Gamma=0.000000 gate_passed=True fallback=functional_recovery_hungarian global_hash=fe50a70caad53c288c6f2687e48ff0c7e219baee3ad0313c20ffd3ff567187e0
ROUND fedrad round=55 clients=[91, 70, 16, 58, 10, 35, 31, 86, 62, 54] diagnostic_accuracy=55.5800% Gamma=0.000000 gate_passed=True fallback=functional_recovery_hungarian global_hash=bd8baef21ace74d6a137a72505eed3cdaeff4ba55591d62992df3c9b8dafee4f
ROUND fedrad round=56 clients=[32, 41, 20, 75, 69, 62, 74, 38, 80, 58] diagnostic_accuracy=46.4000% Gamma=0.000000 gate_passed=True fallback=functional_recovery_hungarian global_hash=a202157f42488d8f479a9dba4f58f4acd4c2082b9ccf7f2c4c4b983f5f23f240
ROUND fedrad round=57 clients=[89, 0, 84, 16, 97, 67, 41, 38, 59, 60] diagnostic_accuracy=49.9100% Gamma=0.000000 gate_passed=True fallback=functional_recovery_hungarian global_hash=6362656063e6192be4227767f30d5cbf08ba179c50a71450c2ef55d947a714cf
ROUND fedrad round=58 clients=[59, 21, 34, 35, 95, 41, 9, 12, 47, 42] diagnostic_accuracy=51.6000% Gamma=0.000000 gate_passed=True fallback=functional_recovery_hungarian global_hash=ee1bdbb951baea2701697ec191de0a153ddbca3a102bd506bb9f3be63725074a
ROUND fedrad round=59 clients=[88, 78, 75, 43, 57, 63, 34, 79, 17, 93] diagnostic_accuracy=53.2900% Gamma=0.000000 gate_passed=True fallback=functional_recovery_hungarian global_hash=a711616534dd6fe0795c3c9b77cf1657600c8c4fa041c9ce8e0254b8e7c44f92
ROUND fedrad round=60 clients=[76, 35, 9, 75, 32, 97, 53, 72, 27, 91] diagnostic_accuracy=51.2300% Gamma=0.000000 gate_passed=True fallback=functional_recovery_hungarian global_hash=c59c7f08e975074cfa545197e5f883582fcef0f3aa9d5e733ba7eec26c1e7612
ROUND fedrad round=61 clients=[60, 14, 9, 43, 15, 68, 7, 44, 65, 89] diagnostic_accuracy=60.0400% Gamma=0.000000 gate_passed=True fallback=functional_recovery_hungarian global_hash=849c3e5b88ab41a1b9c117204e1cf6965032bf945f4dba2b5180e11efadbeec4
ROUND fedrad round=62 clients=[56, 67, 28, 93, 30, 71, 78, 48, 25, 19] diagnostic_accuracy=59.7200% Gamma=0.000000 gate_passed=True fallback=functional_recovery_hungarian global_hash=013bdccdd99e2d20489b08787902e6a015a0d168fd3fab4ffebe19dfe8190f3d
ROUND fedrad round=63 clients=[61, 18, 63, 89, 0, 99, 42, 76, 81, 9] diagnostic_accuracy=54.5200% Gamma=0.000000 gate_passed=True fallback=functional_recovery_hungarian global_hash=d587ad025d733599768dd76c12531e0f49e1681034a706f5c978f73b5fb93088
ROUND fedrad round=64 clients=[14, 22, 8, 93, 29, 90, 73, 28, 57, 58] diagnostic_accuracy=60.0100% Gamma=0.000000 gate_passed=True fallback=functional_recovery_hungarian global_hash=69f91ad3923e644bdea30570cea0ec6699dce3aa21047948aad5b115cb1fb5a6
ROUND fedrad round=65 clients=[16, 90, 78, 23, 55, 61, 31, 0, 11, 82] diagnostic_accuracy=61.1900% Gamma=0.000000 gate_passed=True fallback=functional_recovery_hungarian global_hash=2729c69707a4b426bfc23a692aedf4cf02fab5c5dcaeaaaab7aee04041c9ac46
ROUND fedrad round=66 clients=[28, 65, 16, 72, 11, 36, 19, 51, 81, 53] diagnostic_accuracy=58.3300% Gamma=0.000000 gate_passed=True fallback=functional_recovery_hungarian global_hash=84335cf8b0ef887deda7344303a7f80e0da6017fbc58edd6f632b7d211e04988
ROUND fedrad round=67 clients=[53, 63, 96, 28, 78, 90, 58, 73, 34, 4] diagnostic_accuracy=60.2000% Gamma=0.000000 gate_passed=True fallback=functional_recovery_hungarian global_hash=7226eb4c6403d51984f925035fcbecc8079ef1cec15a3cde802b0889c7b676f9
ROUND fedrad round=68 clients=[38, 57, 22, 41, 70, 39, 10, 5, 17, 32] diagnostic_accuracy=57.9400% Gamma=0.000000 gate_passed=True fallback=functional_recovery_hungarian global_hash=e5dccc3c0d219c30e8e165c929e7d049d0d37c98727d29a7cfab5def4e8f8760
ROUND fedrad round=69 clients=[60, 67, 48, 59, 46, 94, 22, 29, 53, 97] diagnostic_accuracy=61.4800% Gamma=0.000000 gate_passed=True fallback=functional_recovery_hungarian global_hash=009e749a3fce094839c495344329fedc1597ff1708d04b762b31352bb09b1ab4
ROUND fedrad round=70 clients=[61, 33, 76, 48, 37, 54, 38, 13, 8, 39] diagnostic_accuracy=50.5100% Gamma=0.000000 gate_passed=True fallback=functional_recovery_hungarian global_hash=2dc9d4a1c303e11c9a01da7abf903ea707bb5db75548b2b748d3216100483f51
ROUND fedrad round=71 clients=[31, 88, 91, 25, 50, 95, 67, 45, 80, 70] diagnostic_accuracy=58.2200% Gamma=0.000000 gate_passed=True fallback=functional_recovery_hungarian global_hash=91037f6e337d58012871b59d3842604b46959aa98834d1eab188b90357691ad0
ROUND fedrad round=72 clients=[3, 23, 17, 94, 61, 43, 63, 91, 37, 84] diagnostic_accuracy=45.9800% Gamma=0.000000 gate_passed=True fallback=functional_recovery_hungarian global_hash=b062b05fea5d0a3ea5468b29e45cbbea214bd980053ea2929830988f659ec13c
ROUND fedrad round=73 clients=[11, 73, 78, 47, 45, 83, 36, 75, 91, 57] diagnostic_accuracy=61.6800% Gamma=0.000000 gate_passed=True fallback=functional_recovery_hungarian global_hash=529778ecf7c8ca30aff94b6bbd67bc871a11184cb460200aaccb18803fc5ffec
ROUND fedrad round=74 clients=[46, 54, 66, 62, 96, 49, 24, 75, 60, 52] diagnostic_accuracy=55.2100% Gamma=0.000000 gate_passed=True fallback=functional_recovery_hungarian global_hash=c5e8a8fcccbbfce8fd49493133292045030d45f235f0ad49d82d79956983bcfd
ROUND fedrad round=75 clients=[75, 51, 39, 89, 14, 54, 41, 30, 24, 80] diagnostic_accuracy=57.7300% Gamma=0.000000 gate_passed=True fallback=functional_recovery_hungarian global_hash=965580315f5de176cd9e3bb3dc8571fe019ca85a47f52abeae2c3f79d9cb9535
ROUND fedrad round=76 clients=[67, 90, 45, 78, 32, 86, 50, 55, 33, 60] diagnostic_accuracy=65.2400% Gamma=0.000000 gate_passed=True fallback=functional_recovery_hungarian global_hash=382a986c26d8e4b4febb6084cac2b9e4e582404ff04901dc7be9a898e11cfe17
ROUND fedrad round=77 clients=[4, 16, 51, 33, 89, 30, 13, 77, 43, 85] diagnostic_accuracy=62.6000% Gamma=0.000000 gate_passed=True fallback=functional_recovery_hungarian global_hash=77bde1e25e61f0c2cb0c0471dfe03097dac72f800ab5a59eccfee7c396f05f16
ROUND fedrad round=78 clients=[97, 76, 96, 72, 42, 17, 33, 51, 24, 36] diagnostic_accuracy=61.1300% Gamma=0.000000 gate_passed=True fallback=functional_recovery_hungarian global_hash=dc56e0d33c1f3ed2d825e4a326be43e1417ed1198883f80e9d593f848df22b65
ROUND fedrad round=79 clients=[22, 47, 61, 27, 50, 96, 89, 97, 85, 30] diagnostic_accuracy=60.4300% Gamma=0.000000 gate_passed=True fallback=functional_recovery_hungarian global_hash=1bde35cb49b61b9322e400d3bb93e3019785a4b00a10f16616ca98649490686c
ROUND fedrad round=80 clients=[44, 70, 23, 38, 74, 21, 82, 4, 88, 98] diagnostic_accuracy=57.0100% Gamma=0.000000 gate_passed=True fallback=functional_recovery_hungarian global_hash=dfd44bcb9d96a680b9b3f0c8ea6e60ecaaccaa95d3bd7b11d8787a76e4ac6410
ROUND fedrad round=81 clients=[90, 72, 65, 50, 85, 56, 4, 80, 31, 17] diagnostic_accuracy=58.8000% Gamma=0.000000 gate_passed=True fallback=functional_recovery_hungarian global_hash=4dde6530a6bd231cd58f6fe7ca266d5557b99bf5a34b0ed7e2a1ba1d28cded2b
ROUND fedrad round=82 clients=[61, 40, 41, 34, 97, 51, 50, 13, 22, 8] diagnostic_accuracy=61.9200% Gamma=0.000000 gate_passed=True fallback=functional_recovery_hungarian global_hash=9d55812cfb9548a67eb1460c47fa4632f22b1bd0e3f904635a3b0c385bb1c57c
ROUND fedrad round=83 clients=[87, 54, 63, 83, 96, 26, 0, 59, 69, 14] diagnostic_accuracy=61.2300% Gamma=0.000000 gate_passed=True fallback=functional_recovery_hungarian global_hash=6ba192cb7d0be46a5ea4aed452d09779cc5fbf8e962eeee5cf09fe82bef4043b
ROUND fedrad round=84 clients=[58, 47, 83, 36, 8, 2, 56, 49, 10, 38] diagnostic_accuracy=51.0900% Gamma=0.000000 gate_passed=True fallback=functional_recovery_hungarian global_hash=a4ef8ac01caecb05af26f6f84fe3102c864fad2d3f340fb3058c0b68c979b71a
ROUND fedrad round=85 clients=[89, 90, 81, 54, 59, 4, 53, 47, 52, 19] diagnostic_accuracy=64.4200% Gamma=0.000000 gate_passed=True fallback=functional_recovery_hungarian global_hash=f4d01027f2e755057e8c24df65f156e7aa69162c6b28abc484de2925508b5989
ROUND fedrad round=86 clients=[24, 13, 81, 73, 19, 55, 40, 76, 57, 96] diagnostic_accuracy=57.3100% Gamma=0.000000 gate_passed=True fallback=functional_recovery_hungarian global_hash=382ef45c2e84f09fa16f857c5df727a31062a5b0ba9c9ba1f7cf3b99542de0cc
ROUND fedrad round=87 clients=[31, 75, 94, 20, 87, 26, 29, 70, 2, 50] diagnostic_accuracy=58.0000% Gamma=0.000000 gate_passed=True fallback=functional_recovery_hungarian global_hash=f823f6cc0df008a2574e4fbc482dd37a0f71fbde20f0943ae424988dff57b096
ROUND fedrad round=88 clients=[0, 9, 46, 37, 72, 83, 73, 16, 55, 27] diagnostic_accuracy=56.0700% Gamma=0.000000 gate_passed=True fallback=functional_recovery_hungarian global_hash=7bb4d06b300654ebd24dcbe85be4b5096bd59fb975b52e73e247850d07fdeb25
ROUND fedrad round=89 clients=[80, 29, 9, 50, 26, 81, 48, 82, 37, 15] diagnostic_accuracy=53.6200% Gamma=0.000000 gate_passed=True fallback=functional_recovery_hungarian global_hash=c9778fd7bd27315b07f6d06bace1de6aa55e75d6dbaa7d9474c77af5489f928b
ROUND fedrad round=90 clients=[82, 6, 87, 74, 29, 50, 62, 67, 12, 83] diagnostic_accuracy=68.5100% Gamma=0.000000 gate_passed=True fallback=functional_recovery_hungarian global_hash=2a1b5c57d5412a2591f7cda162216e21cc4b0d5c729b926ac4dbd11882d5482c
ROUND fedrad round=91 clients=[36, 75, 89, 43, 12, 21, 95, 72, 24, 63] diagnostic_accuracy=55.1700% Gamma=0.000000 gate_passed=True fallback=functional_recovery_hungarian global_hash=892cb73d9eb8f3aa17c1639fccec2466957ac418b2e5210536462b33c29c9c4b
ROUND fedrad round=92 clients=[34, 15, 31, 94, 46, 70, 19, 80, 6, 88] diagnostic_accuracy=62.5100% Gamma=0.000000 gate_passed=True fallback=functional_recovery_hungarian global_hash=dff3e12eedb3ef67a4826e94b34b32c8d085a3fcd013676a1fb1c0bc5310e3e6
ROUND fedrad round=93 clients=[70, 92, 72, 77, 23, 53, 1, 12, 97, 93] diagnostic_accuracy=59.4100% Gamma=0.000000 gate_passed=True fallback=functional_recovery_hungarian global_hash=fbe851df01289c8eefda957697f74f1426d053074f36e8dad930a3901041f2ac
ROUND fedrad round=94 clients=[13, 38, 36, 14, 57, 77, 66, 73, 3, 0] diagnostic_accuracy=53.8000% Gamma=0.000000 gate_passed=True fallback=functional_recovery_hungarian global_hash=bf2fb69996d2019ce8c2754be1b8eeef01212e30158db43a16e039f50ed47c65
ROUND fedrad round=95 clients=[13, 19, 10, 24, 76, 57, 88, 23, 61, 31] diagnostic_accuracy=61.0200% Gamma=0.000000 gate_passed=True fallback=functional_recovery_hungarian global_hash=f0d2e9aa03f86c6c68cdcdb04991d153cb9e3c3ce7021d844314846e7d218725
ROUND fedrad round=96 clients=[18, 45, 94, 24, 56, 67, 10, 14, 13, 9] diagnostic_accuracy=66.3000% Gamma=0.000000 gate_passed=True fallback=functional_recovery_hungarian global_hash=f40c84a94bf9513d4d0d755669125f74219cd1f7f5d6c0c9e9716a4937da75a2
ROUND fedrad round=97 clients=[13, 48, 73, 93, 70, 1, 43, 77, 76, 88] diagnostic_accuracy=60.2100% Gamma=0.000000 gate_passed=True fallback=functional_recovery_hungarian global_hash=8b36e191e5363202d7911bb0e00c6c19983839a7e5db4cc588475b7514970857
ROUND fedrad round=98 clients=[21, 45, 83, 68, 75, 65, 96, 1, 77, 73] diagnostic_accuracy=64.9700% Gamma=0.000000 gate_passed=True fallback=functional_recovery_hungarian global_hash=2b690913b4f2dff18b4955ed165f33f3a81acd8e1175d262da06f1ec01d6b110
ROUND fedrad round=99 clients=[81, 84, 60, 18, 45, 47, 94, 83, 76, 22] diagnostic_accuracy=58.2200% Gamma=0.000000 gate_passed=True fallback=functional_recovery_hungarian global_hash=b79061561194b53ba7160e6f4912c31cac1b2abcf35dd09d6cd77c9e35b6ea6c
ROUND fedrad round=100 clients=[21, 69, 47, 34, 65, 81, 93, 44, 30, 84] diagnostic_accuracy=57.3500% Gamma=0.000000 gate_passed=True fallback=functional_recovery_hungarian global_hash=41275fbf814983026710109d370aa2269e39279f674c3b35dbbeee76840fd5a3
ROUND fedrad round=101 clients=[22, 38, 77, 15, 11, 61, 37, 34, 87, 3] diagnostic_accuracy=63.6300% Gamma=0.000000 gate_passed=True fallback=functional_recovery_hungarian global_hash=37fef27dddd6f56814152cbbee0411059d22bb97d96e286d9a7cabbb41e9f9a7
ROUND fedrad round=102 clients=[96, 9, 26, 58, 69, 44, 13, 93, 61, 43] diagnostic_accuracy=60.3200% Gamma=0.000000 gate_passed=True fallback=functional_recovery_hungarian global_hash=02e19410c531df083d37b37e06bf37bc624c73724d29e3e3e2271d2df0e05a66
ROUND fedrad round=103 clients=[13, 34, 27, 16, 72, 98, 14, 19, 9, 46] diagnostic_accuracy=56.8400% Gamma=0.000000 gate_passed=True fallback=functional_recovery_hungarian global_hash=b5ec8dc23c9350c7a6b7631f8948be8ec5658b21ca6a617323614a66940d190c
ROUND fedrad round=104 clients=[29, 72, 81, 80, 68, 85, 14, 0, 93, 52] diagnostic_accuracy=65.8300% Gamma=0.000000 gate_passed=True fallback=functional_recovery_hungarian global_hash=7c4e49d872fef1ff0785c3977f142d76705c7bb417885bd271e01976b4a58c2c
ROUND fedrad round=105 clients=[17, 69, 35, 86, 83, 84, 23, 56, 89, 60] diagnostic_accuracy=61.0500% Gamma=0.000000 gate_passed=True fallback=functional_recovery_hungarian global_hash=5c9a82750536e177b3daa06d3d03fb4f8357575c719703d1fe9fb7cc4a6b3db7
ROUND fedrad round=106 clients=[94, 79, 36, 8, 19, 16, 13, 30, 25, 3] diagnostic_accuracy=49.1400% Gamma=0.000000 gate_passed=True fallback=functional_recovery_hungarian global_hash=b7ca7f886138c9275f36ac5562c274d93d9ef515813e5528f776bed11c966f0e
ROUND fedrad round=107 clients=[45, 82, 32, 52, 17, 96, 6, 57, 67, 74] diagnostic_accuracy=60.0800% Gamma=0.000000 gate_passed=True fallback=functional_recovery_hungarian global_hash=177c5ed2d287da1ace2b3c7ef61845e33b2bc94ebd2c4a53d131a71aebfa4063
ROUND fedrad round=108 clients=[61, 20, 59, 99, 39, 42, 73, 53, 45, 8] diagnostic_accuracy=69.5800% Gamma=0.000000 gate_passed=True fallback=functional_recovery_hungarian global_hash=8f652dc8b6bdd0d026d8f3b2ff50f2927b15199839327f460627a29ac3fdaea1
ROUND fedrad round=109 clients=[60, 38, 5, 54, 66, 33, 80, 83, 9, 4] diagnostic_accuracy=60.1600% Gamma=0.000000 gate_passed=True fallback=functional_recovery_hungarian global_hash=4974b792da53caa2f16684f166d329b2af73d4346202b553b4d286318b08b2d6
ROUND fedrad round=110 clients=[39, 44, 62, 4, 42, 25, 0, 45, 29, 93] diagnostic_accuracy=69.7000% Gamma=0.000000 gate_passed=True fallback=functional_recovery_hungarian global_hash=01a8c4aea82f65bb9d3678cf6e5239ffc6b49363d459bed7961f4485da339bef
ROUND fedrad round=111 clients=[96, 54, 19, 97, 92, 31, 81, 2, 24, 9] diagnostic_accuracy=70.2000% Gamma=0.000000 gate_passed=True fallback=functional_recovery_hungarian global_hash=3849c93bd89692e1264cb802c809789f3cd82895c89349eaedaee1a87e42210f
ROUND fedrad round=112 clients=[9, 19, 7, 49, 45, 35, 80, 85, 40, 89] diagnostic_accuracy=66.7600% Gamma=0.000000 gate_passed=True fallback=functional_recovery_hungarian global_hash=0841e05fc551152a475782cae6b9c23eb1a6e8eaca78a1225e1792c378b90ae0
ROUND fedrad round=113 clients=[73, 66, 18, 74, 33, 2, 87, 29, 98, 91] diagnostic_accuracy=63.2900% Gamma=0.000000 gate_passed=True fallback=functional_recovery_hungarian global_hash=3def0f9acf82779ce2a75fa8493559c9d3b41df85d2695ad4da16203b72c9c0a
ROUND fedrad round=114 clients=[40, 31, 27, 50, 71, 81, 99, 97, 73, 49] diagnostic_accuracy=59.1100% Gamma=0.000000 gate_passed=True fallback=functional_recovery_hungarian global_hash=6b7028416a6eb68b8bafcf67150e38695721bb884563edeeba6aa86c675b59fd
ROUND fedrad round=115 clients=[61, 64, 42, 88, 27, 95, 92, 50, 45, 85] diagnostic_accuracy=66.3800% Gamma=0.000000 gate_passed=True fallback=functional_recovery_hungarian global_hash=394bbed8df197bbd271d52d320638de867a387cfca9511ba1f83427a00cd01b5
ROUND fedrad round=116 clients=[27, 8, 49, 32, 15, 35, 70, 59, 31, 30] diagnostic_accuracy=61.7500% Gamma=0.000000 gate_passed=True fallback=functional_recovery_hungarian global_hash=45e9bde9ca94da1add1d30428ce0275af137e5132a62152dbe97401c22f33b9b
ROUND fedrad round=117 clients=[69, 35, 52, 51, 26, 15, 76, 48, 98, 12] diagnostic_accuracy=63.3000% Gamma=0.000000 gate_passed=True fallback=functional_recovery_hungarian global_hash=ea182c8df2965f276889ae98ff4d9feeb79af35a3d810788448ff1d114a333a8
ROUND fedrad round=118 clients=[46, 57, 0, 86, 26, 80, 73, 20, 63, 98] diagnostic_accuracy=65.2700% Gamma=0.000000 gate_passed=True fallback=functional_recovery_hungarian global_hash=629feeb8cfee586a0819a3d8f46ad413a51d19a508e0ee132f06000096fba9bf
ROUND fedrad round=119 clients=[81, 6, 64, 84, 20, 2, 8, 4, 66, 92] diagnostic_accuracy=64.6400% Gamma=0.000000 gate_passed=True fallback=functional_recovery_hungarian global_hash=1c3e35706f901be80981e1b86a1b873fb8b8343ce925e5443bcb66f2b5e05ca9
ROUND fedrad round=120 clients=[61, 34, 64, 11, 96, 18, 82, 52, 72, 92] diagnostic_accuracy=66.8700% Gamma=0.000000 gate_passed=True fallback=functional_recovery_hungarian global_hash=9bcd568df9f2e89a436da4ab4d05174a9acab16ee33b187193ce1ba6b225f243
ROUND fedrad round=121 clients=[93, 68, 94, 13, 36, 11, 5, 1, 40, 7] diagnostic_accuracy=69.5800% Gamma=0.000000 gate_passed=True fallback=functional_recovery_hungarian global_hash=12dfa045287970246c4e5592a80ef44eafefb8ed71bc5d9df1ef4bd94b002d70
ROUND fedrad round=122 clients=[73, 64, 37, 69, 31, 48, 77, 41, 53, 75] diagnostic_accuracy=61.2000% Gamma=0.000000 gate_passed=True fallback=functional_recovery_hungarian global_hash=23f8a29230e5198a68b69b8ed9dfcdae31f06d77be5c3a729e6aa3f42906fcd8
ROUND fedrad round=123 clients=[46, 43, 84, 11, 66, 92, 16, 19, 96, 37] diagnostic_accuracy=55.1500% Gamma=0.000000 gate_passed=True fallback=functional_recovery_hungarian global_hash=e7d648c2dcb39e51623ffcca7fb9a044480e7ea5953745ee0393c157ed60b435
ROUND fedrad round=124 clients=[43, 96, 9, 0, 74, 19, 1, 23, 38, 66] diagnostic_accuracy=64.5300% Gamma=0.000000 gate_passed=True fallback=functional_recovery_hungarian global_hash=dd3f4cf50a6fbd0e7d06a3604fb1998a6ebbfa6ce9374a7e3107f104fbb14a2c
ROUND fedrad round=125 clients=[27, 62, 32, 10, 22, 72, 64, 25, 86, 60] diagnostic_accuracy=62.9000% Gamma=0.000000 gate_passed=True fallback=functional_recovery_hungarian global_hash=53d350b5d8180e176535843d5d194682a6d10b98723bfb19fe7a5286b9cf9814
ROUND fedrad round=126 clients=[84, 7, 64, 76, 15, 46, 27, 47, 40, 69] diagnostic_accuracy=64.1300% Gamma=0.000000 gate_passed=True fallback=functional_recovery_hungarian global_hash=f676dcf49165b69c44a75b171db0cd060f2e4e49f2dfe6fec6e31af1e1efb2ff
ROUND fedrad round=127 clients=[75, 97, 79, 87, 11, 7, 37, 92, 41, 12] diagnostic_accuracy=66.6200% Gamma=0.000000 gate_passed=True fallback=functional_recovery_hungarian global_hash=0e756e28806beadb5b157803f885a22cd13fade11487e0f7cab1721a420bf389
ROUND fedrad round=128 clients=[78, 4, 17, 21, 76, 74, 19, 61, 45, 86] diagnostic_accuracy=71.5000% Gamma=0.000000 gate_passed=True fallback=functional_recovery_hungarian global_hash=f84bcc19557223fefbe4edaf71d49de850601b7fcb5805a396cfb5cb915655a6
ROUND fedrad round=129 clients=[23, 41, 75, 36, 26, 49, 95, 16, 93, 72] diagnostic_accuracy=58.3200% Gamma=0.000000 gate_passed=True fallback=functional_recovery_hungarian global_hash=a7c3a160249e17167c29a8a11be745aea5c48b9b160fce3a7b3101116b1d47c8
ROUND fedrad round=130 clients=[59, 53, 65, 8, 68, 35, 13, 55, 23, 97] diagnostic_accuracy=66.9800% Gamma=0.000000 gate_passed=True fallback=functional_recovery_hungarian global_hash=e941b536ecc1ad16bfe44854d03ed0382d9f001dfc3a54e37206f28fbbe6df3b
ROUND fedrad round=131 clients=[74, 98, 22, 45, 97, 87, 92, 71, 47, 79] diagnostic_accuracy=69.2200% Gamma=0.000000 gate_passed=True fallback=functional_recovery_hungarian global_hash=a1530c87dc17370ee5cccfb44943c298e6664897beea64cec8853659e932ba87
ROUND fedrad round=132 clients=[35, 70, 59, 49, 36, 91, 82, 50, 26, 72] diagnostic_accuracy=50.7800% Gamma=0.000000 gate_passed=True fallback=functional_recovery_hungarian global_hash=8fd68031068b65994156510dd3aede6412038b5765d298feb032bdbd80ebb7a0
ROUND fedrad round=133 clients=[22, 83, 75, 29, 66, 48, 12, 10, 86, 1] diagnostic_accuracy=63.3100% Gamma=0.000000 gate_passed=True fallback=functional_recovery_hungarian global_hash=9be42f067eb4dba4047d029e40b6dada7f33359ca9f4ca473e98533fe88d70a4
ROUND fedrad round=134 clients=[76, 33, 40, 59, 65, 63, 73, 36, 99, 82] diagnostic_accuracy=68.6600% Gamma=0.000000 gate_passed=True fallback=functional_recovery_hungarian global_hash=61f7a76a5317b9cbfe53f818cda3cf6af0b5b0a441507329ca7a7729b8f15f51
ROUND fedrad round=135 clients=[85, 88, 54, 40, 70, 67, 86, 38, 58, 42] diagnostic_accuracy=72.3700% Gamma=0.000000 gate_passed=True fallback=functional_recovery_hungarian global_hash=adcfb9b1b74b332ecf3d9e22a9b328d42ad991aa731e3f0376d546efb38c366a
ROUND fedrad round=136 clients=[89, 56, 12, 90, 94, 86, 19, 78, 92, 59] diagnostic_accuracy=70.0100% Gamma=0.000000 gate_passed=True fallback=functional_recovery_hungarian global_hash=989e9ae4a9876be5785a01c4098ee25fca3791ca9fc937bfb0f6b69ad4200aac
ROUND fedrad round=137 clients=[7, 94, 69, 44, 50, 26, 75, 24, 33, 18] diagnostic_accuracy=63.8900% Gamma=0.000000 gate_passed=True fallback=functional_recovery_hungarian global_hash=4c7ed4b9f0f6697d5d301a2d7386f990ab15c250b02229a302a97485ac2f3d16
ROUND fedrad round=138 clients=[89, 75, 84, 93, 35, 71, 19, 63, 59, 94] diagnostic_accuracy=61.9900% Gamma=0.000000 gate_passed=True fallback=functional_recovery_hungarian global_hash=174365c35d8f738e6498b4857e621d3762d5986fe4c6ba5a22a19467d945fad6
ROUND fedrad round=139 clients=[54, 66, 17, 43, 53, 40, 76, 1, 4, 81] diagnostic_accuracy=69.7800% Gamma=0.000000 gate_passed=True fallback=functional_recovery_hungarian global_hash=9ea82638d77aca637d77f24c9592c8d973a315e6277e0d9c4c588073363d7694
ROUND fedrad round=140 clients=[52, 51, 97, 7, 41, 61, 29, 88, 49, 26] diagnostic_accuracy=67.5600% Gamma=0.000000 gate_passed=True fallback=functional_recovery_hungarian global_hash=71a88c0f77e60f912e66170b7048729dac798b654fad1576022cedb1546c4543
ROUND fedrad round=141 clients=[21, 47, 20, 59, 85, 2, 99, 70, 54, 50] diagnostic_accuracy=67.0200% Gamma=0.000000 gate_passed=True fallback=functional_recovery_hungarian global_hash=b5c7c73d580b1752a68069b4cf0a79cc0a821a73b6415616d36d0f9eaeb1c37b
ROUND fedrad round=142 clients=[65, 98, 79, 6, 58, 92, 19, 37, 33, 75] diagnostic_accuracy=67.2300% Gamma=0.000000 gate_passed=True fallback=functional_recovery_hungarian global_hash=706782eab4a381e754782b7fc07a0c7d85c56f91c2995c4f00f700903c3d4789
ROUND fedrad round=143 clients=[44, 84, 56, 0, 69, 15, 66, 78, 42, 95] diagnostic_accuracy=60.1800% Gamma=0.000000 gate_passed=True fallback=functional_recovery_hungarian global_hash=9f1656cf0198247581902706919a29420184ecd337cf52014f3d2a9e07f854b9
ROUND fedrad round=144 clients=[36, 20, 53, 26, 80, 67, 25, 37, 39, 10] diagnostic_accuracy=59.0900% Gamma=0.000000 gate_passed=True fallback=functional_recovery_hungarian global_hash=b983327c7f6b1ff6eb3fdc93a6423b6daa5b082231c2775c52620c59d351dca7
ROUND fedrad round=145 clients=[54, 62, 65, 69, 82, 46, 64, 70, 59, 11] diagnostic_accuracy=69.4500% Gamma=0.000000 gate_passed=True fallback=functional_recovery_hungarian global_hash=2d109f6bfedfd8fba2bdc38c92fb14e9f94df32184701feb071120fefddb0f8e
ROUND fedrad round=146 clients=[78, 89, 64, 25, 85, 9, 57, 41, 97, 45] diagnostic_accuracy=67.8200% Gamma=0.000000 gate_passed=True fallback=functional_recovery_hungarian global_hash=fcd4ba85cc3b4fa9da682d020c723cb4bec46b0b1adc67dd1b8e94feffdbd428
ROUND fedrad round=147 clients=[32, 8, 70, 41, 12, 19, 88, 20, 98, 33] diagnostic_accuracy=60.1300% Gamma=0.000000 gate_passed=True fallback=functional_recovery_hungarian global_hash=ea7e7f78d73377249aa009cdda99e1145c24104ad0bafc2a65f76279bf0c8a72
ROUND fedrad round=148 clients=[50, 29, 81, 33, 44, 69, 2, 68, 93, 85] diagnostic_accuracy=69.2900% Gamma=0.000000 gate_passed=True fallback=functional_recovery_hungarian global_hash=1dd12930266c4dadb7ec08fffe1a4beb969d19a16a2329fa0eebf4d46d39d934
ROUND fedrad round=149 clients=[5, 84, 70, 73, 31, 62, 69, 13, 86, 74] diagnostic_accuracy=52.5700% Gamma=0.000000 gate_passed=True fallback=functional_recovery_hungarian global_hash=0a1e3180fa82213101e14783806edcae21541dc75a1461b383e9fb4f3574f30d
ROUND fedrad round=150 clients=[69, 9, 41, 83, 76, 63, 34, 67, 36, 87] diagnostic_accuracy=67.6200% Gamma=0.000000 gate_passed=True fallback=functional_recovery_hungarian global_hash=b6c6191e560d92b4ba811e02f24bc0cfd387cc18d84f8505a233d83b1dd76b61
ROUND fedrad round=151 clients=[40, 77, 95, 52, 25, 38, 46, 47, 93, 88] diagnostic_accuracy=64.0500% Gamma=0.000000 gate_passed=True fallback=functional_recovery_hungarian global_hash=53978eac8cecff8ef46836f822df41ddbb55ce91a8bfe11e9bf5c4faf7e15ff5
ROUND fedrad round=152 clients=[14, 22, 87, 6, 15, 36, 37, 44, 48, 38] diagnostic_accuracy=65.3200% Gamma=0.000000 gate_passed=True fallback=functional_recovery_hungarian global_hash=df3dcdbda5a0ad5968839fd1a7ac1319b7f10da12f774e9e0cbf482a1df752e8
ROUND fedrad round=153 clients=[14, 66, 74, 62, 49, 45, 18, 79, 15, 68] diagnostic_accuracy=71.1000% Gamma=0.000000 gate_passed=True fallback=functional_recovery_hungarian global_hash=142f0a6ba40f02a33f0e7e4d95ce3acdc5ca0afe0b8143fa75584f49c1a70102
ROUND fedrad round=154 clients=[92, 32, 77, 87, 27, 13, 14, 47, 22, 73] diagnostic_accuracy=66.6500% Gamma=0.000000 gate_passed=True fallback=functional_recovery_hungarian global_hash=a08b9b6e437fb99cb350d2c63c24a9b8b1857094603aab02e53999366d596d96
ROUND fedrad round=155 clients=[60, 31, 44, 3, 84, 25, 98, 73, 52, 82] diagnostic_accuracy=53.5300% Gamma=0.000000 gate_passed=True fallback=functional_recovery_hungarian global_hash=2cb9a48188f66809701a5a6b9e534665a1bf6860b5765c0b55c50033d55e6058
ROUND fedrad round=156 clients=[66, 38, 74, 49, 46, 45, 12, 0, 81, 23] diagnostic_accuracy=64.5000% Gamma=0.000000 gate_passed=True fallback=functional_recovery_hungarian global_hash=d472e4626b195a2f09f27635ab7d8ca687d3fa969847ff432875cbed230bf900
ROUND fedrad round=157 clients=[6, 14, 56, 8, 37, 71, 68, 53, 88, 65] diagnostic_accuracy=67.8000% Gamma=0.000000 gate_passed=True fallback=functional_recovery_hungarian global_hash=400b82ce7b89b9d812455deec5c1a0454fa9ea199c3f5f2b8e6d9aa7063a84e0
ROUND fedrad round=158 clients=[76, 40, 68, 38, 91, 92, 18, 11, 69, 94] diagnostic_accuracy=69.8000% Gamma=0.000000 gate_passed=True fallback=functional_recovery_hungarian global_hash=45873f9c212e6ef4976d5edce0a1e0ba6490033d0b7d77e3a6104fdce185861e
ROUND fedrad round=159 clients=[0, 23, 91, 83, 98, 64, 90, 32, 84, 36] diagnostic_accuracy=61.7800% Gamma=0.000000 gate_passed=True fallback=functional_recovery_hungarian global_hash=efc7cfcf4e44bdf2ed1162eba5f4c63c2cb114f4e01820253ec086f4b869ef6c
ROUND fedrad round=160 clients=[15, 9, 95, 71, 80, 49, 39, 81, 30, 8] diagnostic_accuracy=72.9600% Gamma=0.000000 gate_passed=True fallback=functional_recovery_hungarian global_hash=a90e82991291c4d7429a306d9204a7ea67e9aeea13ebc3d10aa00fc4664e5808
ROUND fedrad round=161 clients=[29, 87, 67, 36, 35, 96, 15, 61, 24, 62] diagnostic_accuracy=62.0800% Gamma=0.000000 gate_passed=True fallback=functional_recovery_hungarian global_hash=ee0aac6d8295d2d31cc96aafbb7a420fb8959abbc55ddab9986d6052578768a2
ROUND fedrad round=162 clients=[13, 58, 87, 52, 50, 60, 3, 19, 35, 0] diagnostic_accuracy=65.3100% Gamma=0.000000 gate_passed=True fallback=functional_recovery_hungarian global_hash=1d50b3a517606568626550e63c43b68fd1fa55fbd223326a8a327d65ae1698cc
ROUND fedrad round=163 clients=[55, 46, 66, 67, 73, 12, 51, 1, 57, 90] diagnostic_accuracy=69.5400% Gamma=0.000000 gate_passed=True fallback=functional_recovery_hungarian global_hash=3c6fc5227485594a1fd426a241e6118a3c48f66d672006484a37a2b841cd3575
ROUND fedrad round=164 clients=[40, 72, 92, 86, 89, 90, 16, 98, 73, 58] diagnostic_accuracy=73.4900% Gamma=0.000000 gate_passed=True fallback=functional_recovery_hungarian global_hash=b0168c54401580d66e7cc5919b7a90f4893ed8a35fb444d1ed99a6ea57fdb452
ROUND fedrad round=165 clients=[0, 58, 47, 44, 94, 66, 4, 7, 27, 2] diagnostic_accuracy=66.6300% Gamma=0.000000 gate_passed=True fallback=functional_recovery_hungarian global_hash=ac3b9242fed708171c7411b382f6dc6920b2a3e39f42976accd7a77bca5fa15f
ROUND fedrad round=166 clients=[58, 87, 14, 78, 40, 83, 73, 18, 52, 31] diagnostic_accuracy=66.9400% Gamma=0.000000 gate_passed=True fallback=functional_recovery_hungarian global_hash=39312ca4bdd2e541f1eb0cec7849af9e639da524d6a0df392ab0c5da7661d457
ROUND fedrad round=167 clients=[99, 22, 62, 86, 5, 20, 9, 51, 7, 54] diagnostic_accuracy=70.2100% Gamma=0.000000 gate_passed=True fallback=functional_recovery_hungarian global_hash=5ce188ae6396a86e0b4de819f267e6942d014e85d6efbb119dd5836ac1b92f34
ROUND fedrad round=168 clients=[97, 37, 42, 7, 22, 5, 24, 56, 69, 12] diagnostic_accuracy=69.2300% Gamma=0.000000 gate_passed=True fallback=functional_recovery_hungarian global_hash=b6023b939f19eb4c9e16943b736c76ceaccc91d0b0bf6de2786e67197ffa61ff
ROUND fedrad round=169 clients=[96, 22, 76, 44, 59, 78, 12, 68, 94, 87] diagnostic_accuracy=68.9900% Gamma=0.000000 gate_passed=True fallback=functional_recovery_hungarian global_hash=65df29b547f5023a77f1b77278db66ac05f1156ab7335aa6dc60ba88615c9bbd
ROUND fedrad round=170 clients=[45, 7, 65, 19, 95, 16, 35, 23, 83, 88] diagnostic_accuracy=69.0300% Gamma=0.000000 gate_passed=True fallback=functional_recovery_hungarian global_hash=631e801b7a731c46616ad331395170e6d749607183aa7b6415c7c7858e7b14cc
ROUND fedrad round=171 clients=[12, 91, 4, 90, 47, 66, 33, 9, 61, 84] diagnostic_accuracy=69.5600% Gamma=0.000000 gate_passed=True fallback=functional_recovery_hungarian global_hash=2b6a550f82b856c9117a5e6b76fe6147d3c3ca3cdbd4dde9115522945e463e71
ROUND fedrad round=172 clients=[46, 60, 83, 2, 37, 70, 93, 29, 3, 43] diagnostic_accuracy=58.8000% Gamma=0.000000 gate_passed=True fallback=functional_recovery_hungarian global_hash=75c441b5c23d3802969aef055f451e2fe0bfa2f3eef29b734b236caae9723a75
ROUND fedrad round=173 clients=[27, 45, 49, 4, 31, 62, 9, 95, 69, 72] diagnostic_accuracy=68.7200% Gamma=0.000000 gate_passed=True fallback=functional_recovery_hungarian global_hash=69eea2d7aab97225c56d86206203f24a131a195fb698b1b691ba3edd3d4e3a73
ROUND fedrad round=174 clients=[27, 28, 1, 92, 55, 48, 74, 7, 99, 62] diagnostic_accuracy=68.3600% Gamma=0.000000 gate_passed=True fallback=functional_recovery_hungarian global_hash=dc4858df5e5c840290b598657f0878bb35b2d7836927d6fb9ea43c2a83065092
ROUND fedrad round=175 clients=[24, 0, 9, 11, 31, 45, 58, 35, 69, 21] diagnostic_accuracy=73.9400% Gamma=0.000000 gate_passed=True fallback=functional_recovery_hungarian global_hash=a7a9d84931f018843b5193546215d2d6cb1002627804b7aa76b4b1a47313990f
ROUND fedrad round=176 clients=[42, 98, 67, 21, 24, 81, 20, 75, 29, 36] diagnostic_accuracy=67.9500% Gamma=0.000000 gate_passed=True fallback=functional_recovery_hungarian global_hash=c6db4cd9428e4c89ffc8ca67284e98ddf35403fbdfaab73350e72aa82207d30e
ROUND fedrad round=177 clients=[49, 75, 33, 60, 42, 64, 69, 11, 47, 70] diagnostic_accuracy=65.5400% Gamma=0.000000 gate_passed=True fallback=functional_recovery_hungarian global_hash=17da737125367cee92db26afb314bbe45df20bd3c1d745574de865198c7295e0
ROUND fedrad round=178 clients=[96, 60, 16, 70, 73, 40, 11, 24, 87, 93] diagnostic_accuracy=66.0400% Gamma=0.000000 gate_passed=True fallback=functional_recovery_hungarian global_hash=9e62fd99ba039d4b740469fd754f1d6b5d5aa3b755d3e980f2200e2727fd5993
ROUND fedrad round=179 clients=[37, 16, 85, 31, 69, 36, 54, 25, 32, 38] diagnostic_accuracy=65.5800% Gamma=0.000000 gate_passed=True fallback=functional_recovery_hungarian global_hash=152d54d08c829fe9cf4d08f4ef24ce40fc73733b89911e45fd78a3e2b39ce113
ROUND fedrad round=180 clients=[80, 92, 61, 76, 19, 28, 7, 73, 67, 38] diagnostic_accuracy=69.3400% Gamma=0.000000 gate_passed=True fallback=functional_recovery_hungarian global_hash=56f353f74fe3dd62776c3a58abeded95f036de59ef5bc83ea2880da611f74877
ROUND fedrad round=181 clients=[78, 26, 35, 44, 29, 85, 64, 66, 97, 21] diagnostic_accuracy=65.5800% Gamma=0.000000 gate_passed=True fallback=functional_recovery_hungarian global_hash=9423eb7f0931dc8c979a226dd2c5e7dc6eaa7c2f9dd8d18e835ef45bc7610a9c
ROUND fedrad round=182 clients=[78, 73, 10, 52, 54, 24, 44, 70, 99, 90] diagnostic_accuracy=66.5800% Gamma=0.000000 gate_passed=True fallback=functional_recovery_hungarian global_hash=be5bbec69a4bc1b977a7704a92ff5d24891059ab3e7f7abf7483dd1f2f88d8e6
ROUND fedrad round=183 clients=[96, 38, 1, 4, 36, 19, 77, 52, 41, 49] diagnostic_accuracy=70.1200% Gamma=0.000000 gate_passed=True fallback=functional_recovery_hungarian global_hash=31376b56d2b11997e89d28e839c4b182138ba3e5bb354d0bee67b71e87e2d0e9
ROUND fedrad round=184 clients=[87, 55, 49, 7, 51, 67, 40, 21, 34, 0] diagnostic_accuracy=72.9000% Gamma=0.000000 gate_passed=True fallback=functional_recovery_hungarian global_hash=4e98bf55620789e0c5b870b574876a3043e5bd8bc9545ca39fd86ee577e0932d
ROUND fedrad round=185 clients=[74, 63, 39, 14, 96, 82, 21, 45, 88, 13] diagnostic_accuracy=68.1800% Gamma=0.000000 gate_passed=True fallback=functional_recovery_hungarian global_hash=7c11b42e2c9f8a857957c1206edb19c03d59902274f4f49d1cf6f4047e824956
ROUND fedrad round=186 clients=[1, 26, 23, 59, 22, 57, 27, 60, 18, 69] diagnostic_accuracy=66.4700% Gamma=0.000000 gate_passed=True fallback=functional_recovery_hungarian global_hash=e38d9072ea37f19154649328f86ea9d5dc6dcb1b30e2f8acba89bf9517787b2c
ROUND fedrad round=187 clients=[34, 87, 43, 64, 27, 92, 78, 55, 68, 7] diagnostic_accuracy=70.1100% Gamma=0.000000 gate_passed=True fallback=functional_recovery_hungarian global_hash=5adf62ebf3d3f806002f2316f17a777ca31ca20c29c638c340b7530e9776d41a
ROUND fedrad round=188 clients=[67, 20, 34, 69, 85, 14, 86, 81, 36, 76] diagnostic_accuracy=73.3000% Gamma=0.000000 gate_passed=True fallback=functional_recovery_hungarian global_hash=1b43ffb237ecdf1102d27e5be1bcfaf46687d0138f7f667357eea77e9749a4c5
ROUND fedrad round=189 clients=[57, 7, 53, 49, 74, 65, 76, 29, 78, 80] diagnostic_accuracy=71.7300% Gamma=0.000000 gate_passed=True fallback=functional_recovery_hungarian global_hash=f4b057e445607f148e4e2152a611e4533947a9d1ae1edbe7cb508635147ac81a
ROUND fedrad round=190 clients=[71, 25, 7, 77, 39, 51, 87, 5, 45, 11] diagnostic_accuracy=64.4600% Gamma=0.000000 gate_passed=True fallback=functional_recovery_hungarian global_hash=b93cd44e91e50cae03b2b78dfbde5618939cb3f3c4a22713a4a0bc33eeb11b46
ROUND fedrad round=191 clients=[60, 21, 34, 0, 98, 92, 44, 65, 66, 3] diagnostic_accuracy=62.9700% Gamma=0.000000 gate_passed=True fallback=functional_recovery_hungarian global_hash=103f2aaf6be061aa50b8b131bf23f4c10688d8f2a6bc2af8ef066e9175ab668f
ROUND fedrad round=192 clients=[36, 59, 66, 20, 0, 16, 86, 71, 90, 56] diagnostic_accuracy=74.0000% Gamma=0.000000 gate_passed=True fallback=functional_recovery_hungarian global_hash=259a24a8787c1357b95581e9c53781035cb3427f9b9b1c99728d561b5d0f5bd8
ROUND fedrad round=193 clients=[19, 22, 51, 45, 91, 26, 14, 83, 15, 67] diagnostic_accuracy=72.4200% Gamma=0.000000 gate_passed=True fallback=functional_recovery_hungarian global_hash=49070bad22e1cb6b5178c29094024a8ebeda382b7c1183775a5569823441c626
ROUND fedrad round=194 clients=[62, 14, 3, 92, 78, 33, 89, 48, 70, 31] diagnostic_accuracy=67.6900% Gamma=0.000000 gate_passed=True fallback=functional_recovery_hungarian global_hash=21cfbc522d4b86eb3dbc8936a021e94144d010024458893d514c90a1c87eff20
ROUND fedrad round=195 clients=[37, 10, 88, 63, 53, 68, 2, 52, 26, 59] diagnostic_accuracy=66.8200% Gamma=0.000000 gate_passed=True fallback=functional_recovery_hungarian global_hash=495d41cd188f1ee976340f51dc980a0c0a53fb1d31b0f967ad0966a913f31c24
ROUND fedrad round=196 clients=[59, 71, 85, 49, 20, 10, 3, 86, 88, 33] diagnostic_accuracy=60.9300% Gamma=0.000000 gate_passed=True fallback=functional_recovery_hungarian global_hash=7130aadafb3388af5b98c56da0d8bed98419e15ac13b6164cc7cb249259e490c
ROUND fedrad round=197 clients=[9, 0, 18, 66, 44, 17, 92, 95, 64, 96] diagnostic_accuracy=69.1900% Gamma=0.000000 gate_passed=True fallback=functional_recovery_hungarian global_hash=cd9bb98b888a232bdec9a4a24de0af7f70ef90f1e976220dc5508e6105b73de5
ROUND fedrad round=198 clients=[70, 58, 24, 57, 32, 19, 43, 65, 5, 88] diagnostic_accuracy=63.2300% Gamma=0.000000 gate_passed=True fallback=functional_recovery_hungarian global_hash=bb167d62b9dcaa2b05ee4ebd9a67a9e7d4441d8f79c7084aa51d3431f4e2bb2a
ROUND fedrad round=199 clients=[61, 75, 68, 2, 6, 26, 1, 56, 78, 74] diagnostic_accuracy=69.7900% Gamma=0.000000 gate_passed=True fallback=functional_recovery_hungarian global_hash=a7ece4b1473b670405c50205ed582d632845511e466cda4ec03cf1066863456b
ROUND fedrad round=200 clients=[8, 57, 22, 90, 46, 9, 56, 99, 89, 4] diagnostic_accuracy=72.5500% Gamma=0.000000 gate_passed=True fallback=functional_recovery_hungarian global_hash=eba154ce5a39a021cda375194220c376621a9c55b164e90a2a87ec4addbfe57e
FINAL_STATE_HASH eba154ce5a39a021cda375194220c376621a9c55b164e90a2a87ec4addbfe57e
