Run directory: C:\Users\admin\Desktop\need_do\new_paper_four\FedPhoenix-new\results\reliability_aware_functional_recovery_2of64\functional_recovery_seed1_20260906_232835_523355_m2_one_se_lcb_retry_seed1_2of64_200r
Partition fingerprint: f8fcaa0f17c5d2078c5d24ece11b3f8cfcb82553733fb972155b7452d87a8fd0; device=cuda:0
ROUND fedrad round=1 clients=[80, 84, 33, 81, 93, 17, 36, 82, 69, 65] diagnostic_accuracy=10.0000% Gamma=0.000000 gate_passed=True fallback=functional_recovery_hungarian global_hash=d2c05b19320a1769929897b2b3411cbd9d351c957fec838d023fc338ee45c570
ROUND fedrad round=2 clients=[44, 96, 1, 35, 26, 11, 38, 82, 87, 3] diagnostic_accuracy=15.5300% Gamma=0.000000 gate_passed=True fallback=functional_recovery_hungarian global_hash=7d50c89eaacda2d4324a95576e4123eb1ebe404ab7f26f1e5b4635bba6de8a1e
ROUND fedrad round=3 clients=[95, 67, 96, 71, 1, 80, 99, 45, 52, 27] diagnostic_accuracy=18.2000% Gamma=0.000000 gate_passed=True fallback=functional_recovery_hungarian global_hash=f138ad4b212019f60abc10e6255ecb6ec17dfe25b8a95b1d3e72b0b4bcef3ded
ROUND fedrad round=4 clients=[40, 10, 96, 66, 89, 32, 95, 55, 25, 5] diagnostic_accuracy=15.0400% Gamma=0.000000 gate_passed=True fallback=functional_recovery_hungarian global_hash=db9155b8c5f4110d260a506f8c64e36bf8c270476b5119b1548c21c7e0c5347d
ROUND fedrad round=5 clients=[89, 99, 45, 96, 72, 9, 74, 88, 1, 38] diagnostic_accuracy=19.9700% Gamma=0.000000 gate_passed=True fallback=functional_recovery_hungarian global_hash=1f7baee9f79113f81bdcfb92be61e624889743cc272e77d0d71111552efccb34
ROUND fedrad round=6 clients=[0, 86, 4, 23, 24, 1, 62, 83, 66, 93] diagnostic_accuracy=21.8700% Gamma=0.000000 gate_passed=True fallback=functional_recovery_hungarian global_hash=42181d155caeef6fdd94745953f364bea00eef8bcd80b731ced220822595e614
ROUND fedrad round=7 clients=[6, 59, 72, 30, 91, 43, 75, 76, 15, 61] diagnostic_accuracy=25.7400% Gamma=0.000000 gate_passed=True fallback=functional_recovery_hungarian global_hash=36539b92a1db3a222458d1643955703ce7915b3ab28ba7f5351c99a20b39cba3
ROUND fedrad round=8 clients=[44, 88, 74, 48, 59, 79, 25, 52, 45, 55] diagnostic_accuracy=21.0500% Gamma=0.000000 gate_passed=True fallback=functional_recovery_hungarian global_hash=886303f300ceaa5b4244c36671efc3f886a30c3d9610cc3d9acb3058d809f324
ROUND fedrad round=9 clients=[3, 60, 35, 33, 22, 66, 45, 68, 67, 75] diagnostic_accuracy=24.4500% Gamma=0.000000 gate_passed=True fallback=functional_recovery_hungarian global_hash=4ca58eeb6e64f2da0ad7ed898663f6494809496629506c0e76699645469f307a
ROUND fedrad round=10 clients=[64, 91, 12, 52, 16, 65, 50, 68, 33, 30] diagnostic_accuracy=27.8100% Gamma=0.000000 gate_passed=True fallback=functional_recovery_hungarian global_hash=470b4a0a006e511c6fc566b672485d637f026450b787195ce5090c5e3914f7ac
ROUND fedrad round=11 clients=[54, 27, 23, 37, 75, 33, 41, 46, 52, 24] diagnostic_accuracy=25.7600% Gamma=0.000000 gate_passed=True fallback=functional_recovery_hungarian global_hash=23248627ec2969472a821411467f85a06a88bfa68435ca8c41f6e5843ee6f94e
ROUND fedrad round=12 clients=[54, 45, 28, 44, 15, 1, 93, 12, 88, 40] diagnostic_accuracy=27.2200% Gamma=0.000000 gate_passed=True fallback=functional_recovery_hungarian global_hash=a6c36bfe2efba98e461e4a80b651b29fce18c43a3b3be39a47c5e113c12f67cd
ROUND fedrad round=13 clients=[70, 75, 5, 68, 36, 79, 72, 78, 57, 44] diagnostic_accuracy=23.7500% Gamma=0.000000 gate_passed=True fallback=functional_recovery_hungarian global_hash=49363c5ffd47cb9121d56edb73105b7fca57f426c7c032df2b09b52dfc623c32
ROUND fedrad round=14 clients=[41, 9, 30, 89, 40, 49, 3, 22, 8, 16] diagnostic_accuracy=28.2200% Gamma=0.000000 gate_passed=True fallback=functional_recovery_hungarian global_hash=6d2a516f133aadec066eb6143098a8e5283beb185a711233ec83dbcc5d7cf774
ROUND fedrad round=15 clients=[82, 28, 69, 81, 56, 71, 85, 27, 37, 66] diagnostic_accuracy=26.1400% Gamma=0.000000 gate_passed=True fallback=functional_recovery_hungarian global_hash=9699a08e7642e12deff1234acd9eca9ea5514493960f3e559700915ff9e41382
ROUND fedrad round=16 clients=[60, 13, 26, 12, 1, 28, 88, 86, 11, 43] diagnostic_accuracy=30.3100% Gamma=0.000000 gate_passed=True fallback=functional_recovery_hungarian global_hash=593857f91820cd19f6a0161ccc9494ca27df412a2e1e391d43db6cbe4fcfdef5
ROUND fedrad round=17 clients=[93, 16, 72, 75, 10, 4, 38, 71, 42, 62] diagnostic_accuracy=29.2400% Gamma=0.000000 gate_passed=True fallback=functional_recovery_hungarian global_hash=8fa5da365cf4cfc1c805cda1cd4f4e4fb076e00f6870bd24225b3dd9b0f2eb70
ROUND fedrad round=18 clients=[36, 47, 1, 64, 57, 97, 29, 6, 67, 92] diagnostic_accuracy=30.6400% Gamma=0.000000 gate_passed=True fallback=functional_recovery_hungarian global_hash=9781b55f5791df1cda2d2f9f323c24eeea8d073b5985c6d8ebb897ba45768983
ROUND fedrad round=19 clients=[48, 87, 17, 57, 22, 81, 4, 51, 94, 63] diagnostic_accuracy=30.0400% Gamma=0.000000 gate_passed=True fallback=functional_recovery_hungarian global_hash=204f39118b9829c761d6a76341e9860de915b707d1cbeb68069155fbe514aa53
ROUND fedrad round=20 clients=[9, 17, 59, 11, 2, 95, 68, 28, 60, 14] diagnostic_accuracy=32.5600% Gamma=0.000000 gate_passed=True fallback=functional_recovery_hungarian global_hash=5345f2a400d503c2f3e03d64065fc5982746f9b502242446c1a58d5bcfb0eca1
ROUND fedrad round=21 clients=[26, 25, 15, 93, 45, 54, 68, 90, 76, 10] diagnostic_accuracy=29.2500% Gamma=0.000000 gate_passed=True fallback=functional_recovery_hungarian global_hash=caf47141522d49f54053788ec267f27d605d603fc4da92ef8b4a80d9aeed3268
ROUND fedrad round=22 clients=[84, 74, 93, 1, 48, 44, 29, 26, 94, 75] diagnostic_accuracy=31.5100% Gamma=0.000000 gate_passed=True fallback=functional_recovery_hungarian global_hash=5f817dadd7e65ba90d11c56b41451c5552e9996ee37976222f52dee32a8ae6cd
ROUND fedrad round=23 clients=[71, 58, 50, 22, 59, 84, 10, 70, 43, 67] diagnostic_accuracy=32.0800% Gamma=0.000000 gate_passed=True fallback=functional_recovery_hungarian global_hash=95e28bac4a9d80468557ef67041bd2b0a292aa4b89dbbe57a2a051713592af92
ROUND fedrad round=24 clients=[70, 54, 33, 75, 31, 58, 17, 6, 3, 51] diagnostic_accuracy=34.4900% Gamma=0.000000 gate_passed=True fallback=functional_recovery_hungarian global_hash=ae4fde93e9879edce2f66f8ad3912ae286302160d1b65590a74d40ddbf2ff759
ROUND fedrad round=25 clients=[42, 87, 33, 36, 30, 84, 78, 98, 71, 75] diagnostic_accuracy=18.2300% Gamma=0.000000 gate_passed=True fallback=functional_recovery_hungarian global_hash=7b176b6d090e44305a1a54bcacd017b93602c60052c9a93d81e9bc4bace5b4ad
ROUND fedrad round=26 clients=[41, 47, 34, 10, 51, 11, 50, 16, 86, 64] diagnostic_accuracy=40.0900% Gamma=0.000000 gate_passed=True fallback=functional_recovery_hungarian global_hash=a3b50bcc56a83004e686597d84ec5d53ff73619a733899c806de85d95d1dddef
ROUND fedrad round=27 clients=[58, 82, 63, 50, 98, 84, 4, 46, 65, 88] diagnostic_accuracy=33.0900% Gamma=0.000000 gate_passed=True fallback=functional_recovery_hungarian global_hash=603992295c39d3ac92f7beccc4f6499aa20d5eaa45bf55c1f5fcce4daa66daa6
ROUND fedrad round=28 clients=[99, 88, 69, 16, 46, 29, 90, 91, 4, 45] diagnostic_accuracy=40.4700% Gamma=0.000000 gate_passed=True fallback=functional_recovery_hungarian global_hash=89662cba29ef39d6e495753af5766fde9da395ce3659010d433f1fb7347daeda
ROUND fedrad round=29 clients=[80, 73, 28, 34, 1, 10, 13, 65, 5, 49] diagnostic_accuracy=39.3800% Gamma=0.000000 gate_passed=True fallback=functional_recovery_hungarian global_hash=5439a75874084c1a436903161f9a2c8394cf108acebeb4f539b4840b70924dc1
ROUND fedrad round=30 clients=[62, 41, 74, 11, 99, 8, 75, 26, 81, 85] diagnostic_accuracy=35.5600% Gamma=0.000000 gate_passed=True fallback=functional_recovery_hungarian global_hash=1bb8efad72716345a8932730acec05e424b2a7a17362a672ea14c69992442a7f
ROUND fedrad round=31 clients=[96, 81, 77, 83, 14, 50, 13, 67, 53, 91] diagnostic_accuracy=46.3100% Gamma=0.000000 gate_passed=True fallback=functional_recovery_hungarian global_hash=e617c39526dd955b0d14856640fe4a1c8d599fc5c08ca4319098614142984ad2
ROUND fedrad round=32 clients=[40, 73, 70, 3, 6, 94, 1, 25, 20, 10] diagnostic_accuracy=38.2600% Gamma=0.000000 gate_passed=True fallback=functional_recovery_hungarian global_hash=25a93082941de11320e706e56bb72b7af5fac1cc6cf9be6c86a0606b65e0ff6d
ROUND fedrad round=33 clients=[45, 16, 51, 88, 17, 78, 36, 44, 21, 62] diagnostic_accuracy=42.9200% Gamma=0.000000 gate_passed=True fallback=functional_recovery_hungarian global_hash=b0b23af276ddd8369570228312febd879498b5ff219960b08669a2f4980c4e22
ROUND fedrad round=34 clients=[92, 43, 97, 61, 58, 67, 1, 98, 30, 75] diagnostic_accuracy=43.1300% Gamma=0.000000 gate_passed=True fallback=functional_recovery_hungarian global_hash=d877051e61e61cca3e079c70623d1bc2a6535fbefdf2d2ebcfc4afd5d5b35027
ROUND fedrad round=35 clients=[31, 89, 17, 66, 92, 23, 96, 9, 35, 20] diagnostic_accuracy=42.3300% Gamma=0.000000 gate_passed=True fallback=functional_recovery_hungarian global_hash=ad38d657f5a13761d8b8b924837fbf08666e38ca504b3fd648002cea5e91ed00
ROUND fedrad round=36 clients=[72, 68, 65, 28, 23, 85, 16, 60, 73, 78] diagnostic_accuracy=48.5200% Gamma=0.000000 gate_passed=True fallback=functional_recovery_hungarian global_hash=73c93557b237d9c298faebcf3d8932e8c61a12b831008570ce20bdf21b824bde
ROUND fedrad round=37 clients=[66, 49, 62, 9, 84, 68, 74, 3, 44, 71] diagnostic_accuracy=28.3500% Gamma=0.000000 gate_passed=True fallback=functional_recovery_hungarian global_hash=ce00923fd3827766a23cd9116d08945dc6fc2a3f8be792e510ffa3f2e4eeb57e
ROUND fedrad round=38 clients=[50, 73, 27, 38, 8, 53, 21, 14, 28, 64] diagnostic_accuracy=48.4300% Gamma=0.000000 gate_passed=True fallback=functional_recovery_hungarian global_hash=fa44071f43dfba3af9d78201e0acf0a1b563bf3128c2a9b899104a179327901c
ROUND fedrad round=39 clients=[48, 87, 40, 59, 3, 10, 75, 35, 49, 89] diagnostic_accuracy=45.5200% Gamma=0.000000 gate_passed=True fallback=functional_recovery_hungarian global_hash=66ab23fb69a032afefeea7e40bd104e364eb42c28e36188a37318f75d52a43df
ROUND fedrad round=40 clients=[83, 93, 34, 60, 90, 45, 42, 41, 91, 36] diagnostic_accuracy=50.0200% Gamma=0.000000 gate_passed=True fallback=functional_recovery_hungarian global_hash=c72b9e80c4084e0c49c66a512a368891469032f361fe6c261d200ab1ac5c8c19
ROUND fedrad round=41 clients=[75, 52, 20, 80, 90, 93, 4, 51, 13, 98] diagnostic_accuracy=42.9900% Gamma=0.000000 gate_passed=True fallback=functional_recovery_hungarian global_hash=6112e693a276493f920f6cf01c37a7d05218a0d312f1a44d0add32ef6e56856c
ROUND fedrad round=42 clients=[98, 79, 17, 10, 3, 12, 29, 26, 54, 58] diagnostic_accuracy=33.8400% Gamma=0.000000 gate_passed=True fallback=functional_recovery_hungarian global_hash=2a226e6d02488eb5c12339c8294b8f0d3182d42a50749db7e6f885c3c797e08d
ROUND fedrad round=43 clients=[32, 15, 47, 9, 7, 16, 24, 57, 71, 28] diagnostic_accuracy=47.2800% Gamma=0.000000 gate_passed=True fallback=functional_recovery_hungarian global_hash=4459fdbdafaf53ea09e7d8cc6937cdf9456d5cc446eaf05ef96cd93192676c41
ROUND fedrad round=44 clients=[76, 67, 81, 35, 44, 49, 32, 99, 69, 51] diagnostic_accuracy=48.0800% Gamma=0.000000 gate_passed=True fallback=functional_recovery_hungarian global_hash=72ffc74ffc5aedea4c4776513212259a49a088289af21ee034a0c8783951b0b5
ROUND fedrad round=45 clients=[42, 4, 95, 71, 84, 22, 61, 5, 10, 28] diagnostic_accuracy=43.3800% Gamma=0.000000 gate_passed=True fallback=functional_recovery_hungarian global_hash=7a8c95061ffcb188df40c86519a65417060faf53b32d1dc8a8b790a36f19c231
ROUND fedrad round=46 clients=[61, 52, 80, 26, 37, 44, 85, 1, 99, 55] diagnostic_accuracy=55.6100% Gamma=0.000000 gate_passed=True fallback=functional_recovery_hungarian global_hash=d504d6db9ca42e792a63374f3cf52f6ae85b79ab0d3f41b29e10f98278f105eb
ROUND fedrad round=47 clients=[23, 10, 75, 28, 19, 22, 43, 13, 98, 85] diagnostic_accuracy=52.4700% Gamma=0.000000 gate_passed=True fallback=functional_recovery_hungarian global_hash=f5f17bee8d475ae9f600fb131a76d134b48e57086efff33321e5e6959d86203a
ROUND fedrad round=48 clients=[18, 1, 96, 63, 59, 71, 88, 39, 97, 68] diagnostic_accuracy=49.1700% Gamma=0.000000 gate_passed=True fallback=functional_recovery_hungarian global_hash=073e5c0ee2bbe372f1e7e8b9710e742ee0dae563a3eebd6742d390ad06158b49
ROUND fedrad round=49 clients=[44, 11, 93, 47, 54, 9, 81, 94, 45, 65] diagnostic_accuracy=56.3100% Gamma=0.000000 gate_passed=True fallback=functional_recovery_hungarian global_hash=adf449b64baf585ebb31f64bd5a4f7c440ea0abd951964224aabdb1713c972ec
ROUND fedrad round=50 clients=[48, 43, 51, 76, 99, 39, 38, 73, 89, 80] diagnostic_accuracy=49.6600% Gamma=0.000000 gate_passed=True fallback=functional_recovery_hungarian global_hash=68f8c3b1dcb61856fa0780b94a1e722f3aa803b4d723e093ecd33840a9db7b85
ROUND fedrad round=51 clients=[34, 16, 99, 17, 62, 58, 96, 29, 90, 30] diagnostic_accuracy=56.6800% Gamma=0.000000 gate_passed=True fallback=functional_recovery_hungarian global_hash=fc2c31c8cc93a4b3c2f1739b351efac3122aecd52a083aa39c0daa2a40f6e7e2
ROUND fedrad round=52 clients=[8, 59, 78, 95, 25, 35, 99, 86, 54, 64] diagnostic_accuracy=56.6100% Gamma=0.000000 gate_passed=True fallback=functional_recovery_hungarian global_hash=1dfbf3b866be25ce41ccc95fd4e44a1d1641a2e7953a19dc1e9239e83838371c
ROUND fedrad round=53 clients=[87, 42, 55, 74, 37, 10, 26, 23, 57, 62] diagnostic_accuracy=48.9100% Gamma=0.000000 gate_passed=True fallback=functional_recovery_hungarian global_hash=043cc74e48f428462a8a19151c1b0b88a82c96e47c345f85e064fb97d1a915e3
ROUND fedrad round=54 clients=[84, 2, 76, 48, 68, 40, 92, 8, 42, 46] diagnostic_accuracy=54.1500% Gamma=0.000000 gate_passed=True fallback=functional_recovery_hungarian global_hash=c3cee2736d1c3c77285bdd736b13ee0eb31aed37804c60b399b62a65cd8de80e
ROUND fedrad round=55 clients=[91, 70, 16, 58, 10, 35, 31, 86, 62, 54] diagnostic_accuracy=55.2000% Gamma=0.000000 gate_passed=True fallback=functional_recovery_hungarian global_hash=8b8ce27604bb1b4e55399f9338f2983f2a0755c4adcbd270c5cfeb91e0bfdae1
ROUND fedrad round=56 clients=[32, 41, 20, 75, 69, 62, 74, 38, 80, 58] diagnostic_accuracy=47.5800% Gamma=0.000000 gate_passed=True fallback=functional_recovery_hungarian global_hash=389f644cf6348ead6b0932d70477e2d9205258a2956c2e521f1b0af80b76a4b0
ROUND fedrad round=57 clients=[89, 0, 84, 16, 97, 67, 41, 38, 59, 60] diagnostic_accuracy=51.0200% Gamma=0.000000 gate_passed=True fallback=functional_recovery_hungarian global_hash=5c5a9bb5d4d42f5bc72a24817a55d4a6e9394a7fdef23364dc49bae7814eaf4a
ROUND fedrad round=58 clients=[59, 21, 34, 35, 95, 41, 9, 12, 47, 42] diagnostic_accuracy=51.4000% Gamma=0.000000 gate_passed=True fallback=functional_recovery_hungarian global_hash=ed0dae7718fc94ed1d314f9d17b02c28087676600addd38101e3a0e55b79293f
ROUND fedrad round=59 clients=[88, 78, 75, 43, 57, 63, 34, 79, 17, 93] diagnostic_accuracy=52.8100% Gamma=0.000000 gate_passed=True fallback=functional_recovery_hungarian global_hash=6dd45195c899c9948efab143374a6ee19c7488c55c69369e16f8ab66720d6d46
ROUND fedrad round=60 clients=[76, 35, 9, 75, 32, 97, 53, 72, 27, 91] diagnostic_accuracy=51.4900% Gamma=0.000000 gate_passed=True fallback=functional_recovery_hungarian global_hash=5c8f74a25885c62c55be26bb189a60eb9e289d38df93230242fb9bb9ddc85303
ROUND fedrad round=61 clients=[60, 14, 9, 43, 15, 68, 7, 44, 65, 89] diagnostic_accuracy=59.7300% Gamma=0.000000 gate_passed=True fallback=functional_recovery_hungarian global_hash=2d92a2d697309cff9155e581b01ef6130c16f36945239318213b7d58dd42dd39
ROUND fedrad round=62 clients=[56, 67, 28, 93, 30, 71, 78, 48, 25, 19] diagnostic_accuracy=57.9300% Gamma=0.000000 gate_passed=True fallback=functional_recovery_hungarian global_hash=9b9593e7f20760ff78a6bc46aa2eb7e850d8fd5b7ec9145b2e7010a4bb6daf55
ROUND fedrad round=63 clients=[61, 18, 63, 89, 0, 99, 42, 76, 81, 9] diagnostic_accuracy=53.5700% Gamma=0.000000 gate_passed=True fallback=functional_recovery_hungarian global_hash=6bf0227c65376e6f856c8c7c9f94a36b556d1ce34e9bae07dc2fbd71999e4c23
ROUND fedrad round=64 clients=[14, 22, 8, 93, 29, 90, 73, 28, 57, 58] diagnostic_accuracy=57.7100% Gamma=0.000000 gate_passed=True fallback=functional_recovery_hungarian global_hash=b3fe21398562fab4bf00af573031ba3e6b29f0ffd356fe6dfa5c7fa1c5dea0c8
ROUND fedrad round=65 clients=[16, 90, 78, 23, 55, 61, 31, 0, 11, 82] diagnostic_accuracy=60.7900% Gamma=0.000000 gate_passed=True fallback=functional_recovery_hungarian global_hash=6af8e324cf096da65f62bc0385d2a61c9a71d33d2c57b126ebee684699f0c9ec
ROUND fedrad round=66 clients=[28, 65, 16, 72, 11, 36, 19, 51, 81, 53] diagnostic_accuracy=59.4500% Gamma=0.000000 gate_passed=True fallback=functional_recovery_hungarian global_hash=75fc80d1ec24ef0ddfbe2ecaf795c11115d62fbd6a0ba79b1830591b40781918
ROUND fedrad round=67 clients=[53, 63, 96, 28, 78, 90, 58, 73, 34, 4] diagnostic_accuracy=58.3800% Gamma=0.000000 gate_passed=True fallback=functional_recovery_hungarian global_hash=6f02c9c87592728985c3eef0a85e27d63d80fe032cf6a8dab75055666bb49be2
ROUND fedrad round=68 clients=[38, 57, 22, 41, 70, 39, 10, 5, 17, 32] diagnostic_accuracy=56.7200% Gamma=0.000000 gate_passed=True fallback=functional_recovery_hungarian global_hash=fbe8eaa2263d95152371f0b477a6ca5de210a8cfe1a22955b6b5c5ce9da63d82
ROUND fedrad round=69 clients=[60, 67, 48, 59, 46, 94, 22, 29, 53, 97] diagnostic_accuracy=61.1300% Gamma=0.000000 gate_passed=True fallback=functional_recovery_hungarian global_hash=a5beb89c7d7cafa6c9e2c91fe0d848a4133afcab1856123402eef51697e1620a
ROUND fedrad round=70 clients=[61, 33, 76, 48, 37, 54, 38, 13, 8, 39] diagnostic_accuracy=52.9600% Gamma=0.000000 gate_passed=True fallback=functional_recovery_hungarian global_hash=86d6d45ddc22405ebc9e685be6493aeb9995eefad4b50702311f1f0e319a56b0
ROUND fedrad round=71 clients=[31, 88, 91, 25, 50, 95, 67, 45, 80, 70] diagnostic_accuracy=58.6700% Gamma=0.000000 gate_passed=True fallback=functional_recovery_hungarian global_hash=1bf9fc6f7d7176488a939315fbdb052b14e91d1facbd8fe929e519f7178cfed0
ROUND fedrad round=72 clients=[3, 23, 17, 94, 61, 43, 63, 91, 37, 84] diagnostic_accuracy=48.0500% Gamma=0.000000 gate_passed=True fallback=functional_recovery_hungarian global_hash=6e12c42bad6e1d9cce3084716da77ba3f9a79cb6f0a3a240d30eadab400314fd
ROUND fedrad round=73 clients=[11, 73, 78, 47, 45, 83, 36, 75, 91, 57] diagnostic_accuracy=61.7100% Gamma=0.000000 gate_passed=True fallback=functional_recovery_hungarian global_hash=467715edefab7e226e08a54ec11c0c641a36b7902424da9f2408fdaf71a61c8e
ROUND fedrad round=74 clients=[46, 54, 66, 62, 96, 49, 24, 75, 60, 52] diagnostic_accuracy=56.7000% Gamma=0.000000 gate_passed=True fallback=functional_recovery_hungarian global_hash=8e1951abc401b22eaf54cd37299b757d8793784541cd73a9998d1777fd1b236d
ROUND fedrad round=75 clients=[75, 51, 39, 89, 14, 54, 41, 30, 24, 80] diagnostic_accuracy=57.1200% Gamma=0.000000 gate_passed=True fallback=functional_recovery_hungarian global_hash=0cc3ca8dd5a9deeee8757a6db4d9f9f9d52021a20fc52acf55c5bf0a888466ef
ROUND fedrad round=76 clients=[67, 90, 45, 78, 32, 86, 50, 55, 33, 60] diagnostic_accuracy=65.3500% Gamma=0.000000 gate_passed=True fallback=functional_recovery_hungarian global_hash=3937db0e5e3d030ab158182f14ba08719d855a181a10163e5331710c6fed2a0f
ROUND fedrad round=77 clients=[4, 16, 51, 33, 89, 30, 13, 77, 43, 85] diagnostic_accuracy=54.7300% Gamma=0.000000 gate_passed=True fallback=functional_recovery_hungarian global_hash=0ccad8134d3257e96a487a9404045e82c644c69e1d2d8307659ef703e2fd201e
ROUND fedrad round=78 clients=[97, 76, 96, 72, 42, 17, 33, 51, 24, 36] diagnostic_accuracy=59.7900% Gamma=0.000000 gate_passed=True fallback=functional_recovery_hungarian global_hash=2b8509ee0098e5b1545e66fa6484fad7b69217cdef0b92fd9f3cfff80110c91a
ROUND fedrad round=79 clients=[22, 47, 61, 27, 50, 96, 89, 97, 85, 30] diagnostic_accuracy=60.8700% Gamma=0.000000 gate_passed=True fallback=functional_recovery_hungarian global_hash=34299d8f0b36c7863bbe8f169e6aa1ce5c279d0b4c7a507390cb21dfa8f5060c
ROUND fedrad round=80 clients=[44, 70, 23, 38, 74, 21, 82, 4, 88, 98] diagnostic_accuracy=57.0900% Gamma=0.000000 gate_passed=True fallback=functional_recovery_hungarian global_hash=8fa0b83ff246fa11dc1127e6f6569f1e49d28d77b518f3f0c1a6a16acf7c00bf
ROUND fedrad round=81 clients=[90, 72, 65, 50, 85, 56, 4, 80, 31, 17] diagnostic_accuracy=57.9500% Gamma=0.000000 gate_passed=True fallback=functional_recovery_hungarian global_hash=ab6795a90226a316c798c65dd7528fceb5a0ba01360f05e4dece636c8a599929
ROUND fedrad round=82 clients=[61, 40, 41, 34, 97, 51, 50, 13, 22, 8] diagnostic_accuracy=60.8300% Gamma=0.000000 gate_passed=True fallback=functional_recovery_hungarian global_hash=8083cbe57fc362bcac2c4a42f3ac545e4d9bd05b4c88fc9cae13e55d543fade6
ROUND fedrad round=83 clients=[87, 54, 63, 83, 96, 26, 0, 59, 69, 14] diagnostic_accuracy=62.4100% Gamma=0.000000 gate_passed=True fallback=functional_recovery_hungarian global_hash=c2ec17f18aa26bd28ce6e434447ceb294305191467625b04910899393eec53ab
ROUND fedrad round=84 clients=[58, 47, 83, 36, 8, 2, 56, 49, 10, 38] diagnostic_accuracy=55.2300% Gamma=0.000000 gate_passed=True fallback=functional_recovery_hungarian global_hash=4562a1133f14707efeabfaa0a970a3de688fbd3b753a79d3e1d1fa0b9d5c1640
ROUND fedrad round=85 clients=[89, 90, 81, 54, 59, 4, 53, 47, 52, 19] diagnostic_accuracy=64.3400% Gamma=0.000000 gate_passed=True fallback=functional_recovery_hungarian global_hash=840315065111abb669811717574178dbabce2c9039460c70261347eb05fd8664
ROUND fedrad round=86 clients=[24, 13, 81, 73, 19, 55, 40, 76, 57, 96] diagnostic_accuracy=60.8400% Gamma=0.000000 gate_passed=True fallback=functional_recovery_hungarian global_hash=cc21331423783c33b56a368bc6e757bb87b6172ecaddb97d52603d3cbe84cb05
ROUND fedrad round=87 clients=[31, 75, 94, 20, 87, 26, 29, 70, 2, 50] diagnostic_accuracy=58.0200% Gamma=0.000000 gate_passed=True fallback=functional_recovery_hungarian global_hash=ff6f662442e93d2e2816413bfa9a086de75786db16a28dd5a264bb2885fbc6a4
ROUND fedrad round=88 clients=[0, 9, 46, 37, 72, 83, 73, 16, 55, 27] diagnostic_accuracy=56.4100% Gamma=0.000000 gate_passed=True fallback=functional_recovery_hungarian global_hash=7877400183599baec0098582bfe90726c5dda9385cf917fd49ce476998eeaa0c
ROUND fedrad round=89 clients=[80, 29, 9, 50, 26, 81, 48, 82, 37, 15] diagnostic_accuracy=55.3600% Gamma=0.000000 gate_passed=True fallback=functional_recovery_hungarian global_hash=8fb6fcfffd99672a51f25ed1aed3d040fc91152454a1e5883d927eede2738c18
ROUND fedrad round=90 clients=[82, 6, 87, 74, 29, 50, 62, 67, 12, 83] diagnostic_accuracy=68.5700% Gamma=0.000000 gate_passed=True fallback=functional_recovery_hungarian global_hash=e9954a2566af469d7613e3b88a31fa595d5ac05ac71a0caf1e81e92b66ce6700
ROUND fedrad round=91 clients=[36, 75, 89, 43, 12, 21, 95, 72, 24, 63] diagnostic_accuracy=55.0900% Gamma=0.000000 gate_passed=True fallback=functional_recovery_hungarian global_hash=6b6319d2906bd15023e79bbc8ed9ff7df6bcecd5cb86001d20eff68cf637971c
ROUND fedrad round=92 clients=[34, 15, 31, 94, 46, 70, 19, 80, 6, 88] diagnostic_accuracy=63.5900% Gamma=0.000000 gate_passed=True fallback=functional_recovery_hungarian global_hash=66fa17fd795c710a15bfaa621df6845084547b77fc8b4e0676c91f0ca2c32093
ROUND fedrad round=93 clients=[70, 92, 72, 77, 23, 53, 1, 12, 97, 93] diagnostic_accuracy=58.5200% Gamma=0.000000 gate_passed=True fallback=functional_recovery_hungarian global_hash=c60ac7ea281214f04a8090184ebd69575d8321d63922c5828d6056a9d76ba05d
ROUND fedrad round=94 clients=[13, 38, 36, 14, 57, 77, 66, 73, 3, 0] diagnostic_accuracy=55.2000% Gamma=0.000000 gate_passed=True fallback=functional_recovery_hungarian global_hash=430bd0844e06e59944660feceaf1f2c03bcf943ca989c29d105b541f82e0dd21
ROUND fedrad round=95 clients=[13, 19, 10, 24, 76, 57, 88, 23, 61, 31] diagnostic_accuracy=58.2500% Gamma=0.000000 gate_passed=True fallback=functional_recovery_hungarian global_hash=0fddcde9735262716f9ecfbe5619881231b180900f377c5062dbce9f4e933746
ROUND fedrad round=96 clients=[18, 45, 94, 24, 56, 67, 10, 14, 13, 9] diagnostic_accuracy=65.3300% Gamma=0.000000 gate_passed=True fallback=functional_recovery_hungarian global_hash=4c7a4ad5b8a46b5772d61f6d1304720a37be48810abda881d955ba26390061c5
ROUND fedrad round=97 clients=[13, 48, 73, 93, 70, 1, 43, 77, 76, 88] diagnostic_accuracy=62.0400% Gamma=0.000000 gate_passed=True fallback=functional_recovery_hungarian global_hash=8a5817d5f04314089e4989f00ff4cff4817dd1c48dc7bcebe191fa87cfca9497
ROUND fedrad round=98 clients=[21, 45, 83, 68, 75, 65, 96, 1, 77, 73] diagnostic_accuracy=64.6400% Gamma=0.000000 gate_passed=True fallback=functional_recovery_hungarian global_hash=7ba8711df2f58a0c19b92347bfeb0cb478cbcee06e0b84762713f05b360e8653
ROUND fedrad round=99 clients=[81, 84, 60, 18, 45, 47, 94, 83, 76, 22] diagnostic_accuracy=56.8100% Gamma=0.000000 gate_passed=True fallback=functional_recovery_hungarian global_hash=46100080bceb8f7b13275b69621085ffc260722ae86a9e5dbdd922508814244c
ROUND fedrad round=100 clients=[21, 69, 47, 34, 65, 81, 93, 44, 30, 84] diagnostic_accuracy=58.2500% Gamma=0.000000 gate_passed=True fallback=functional_recovery_hungarian global_hash=ff135d0dc66698b7f66eeafa4709a16f27505b3ee498de0830a1aeadb93ea3df
ROUND fedrad round=101 clients=[22, 38, 77, 15, 11, 61, 37, 34, 87, 3] diagnostic_accuracy=63.3400% Gamma=0.000000 gate_passed=True fallback=functional_recovery_hungarian global_hash=e396b8d4da3f7115d56809a99b34e0293c4706451ca572c7e84c89bca51693d2
ROUND fedrad round=102 clients=[96, 9, 26, 58, 69, 44, 13, 93, 61, 43] diagnostic_accuracy=60.4400% Gamma=0.000000 gate_passed=True fallback=functional_recovery_hungarian global_hash=f3e1a87a737246c6a2af5754c34347438b689ac3575f1ba65b02670c995d8b7f
ROUND fedrad round=103 clients=[13, 34, 27, 16, 72, 98, 14, 19, 9, 46] diagnostic_accuracy=58.2400% Gamma=0.000000 gate_passed=True fallback=functional_recovery_hungarian global_hash=a57a5ae97bae5a7173b70845e61b4e9bcafd3ac12dc2b904a85d18208a4c27f7
ROUND fedrad round=104 clients=[29, 72, 81, 80, 68, 85, 14, 0, 93, 52] diagnostic_accuracy=67.0000% Gamma=0.000000 gate_passed=True fallback=functional_recovery_hungarian global_hash=7e69f93fd85c5eba4f9b08fcd4ab8e0456a920043bf716b932dad3a35e3b86f5
ROUND fedrad round=105 clients=[17, 69, 35, 86, 83, 84, 23, 56, 89, 60] diagnostic_accuracy=61.4600% Gamma=0.000000 gate_passed=True fallback=functional_recovery_hungarian global_hash=c68f7e09097594737c4360c735f172fda8f46e58517485c18e5c5d05b95e233f
ROUND fedrad round=106 clients=[94, 79, 36, 8, 19, 16, 13, 30, 25, 3] diagnostic_accuracy=49.4700% Gamma=0.000000 gate_passed=True fallback=functional_recovery_hungarian global_hash=5b363cf267021cb0d128dc29dbd4cfa008ab9c550944c9ac5ca350c19bc6046e
ROUND fedrad round=107 clients=[45, 82, 32, 52, 17, 96, 6, 57, 67, 74] diagnostic_accuracy=61.6800% Gamma=0.000000 gate_passed=True fallback=functional_recovery_hungarian global_hash=ddc575eea2e0f99814c67311632654a431fd7580cac1526fd662c4cd2c17ef14
ROUND fedrad round=108 clients=[61, 20, 59, 99, 39, 42, 73, 53, 45, 8] diagnostic_accuracy=69.8500% Gamma=0.000000 gate_passed=True fallback=functional_recovery_hungarian global_hash=6d3025f86bddaec0726d90b7fd360266e93c858c832da8b9ced494c6f5210541
ROUND fedrad round=109 clients=[60, 38, 5, 54, 66, 33, 80, 83, 9, 4] diagnostic_accuracy=60.7300% Gamma=0.000000 gate_passed=True fallback=functional_recovery_hungarian global_hash=aaa3b283f28be6fa3b4636b098d86a1813b05c63efc1ad7c2ec028696ebd58ae
ROUND fedrad round=110 clients=[39, 44, 62, 4, 42, 25, 0, 45, 29, 93] diagnostic_accuracy=69.7500% Gamma=0.000000 gate_passed=True fallback=functional_recovery_hungarian global_hash=69b993cdd4546dfb1a8a5f6f7d6791b721f0279e1dd8df2afe3219ab3a68cb0e
ROUND fedrad round=111 clients=[96, 54, 19, 97, 92, 31, 81, 2, 24, 9] diagnostic_accuracy=69.6300% Gamma=0.000000 gate_passed=True fallback=functional_recovery_hungarian global_hash=0ef13e8289c5ceaecd5aab464cfb904c3dcc859be9b22e45f38c60046a16c14d
ROUND fedrad round=112 clients=[9, 19, 7, 49, 45, 35, 80, 85, 40, 89] diagnostic_accuracy=66.9500% Gamma=0.000000 gate_passed=True fallback=functional_recovery_hungarian global_hash=c52ee369cf0acfc3f038dff584a89aa652331747ce2442b1cfd012b280abd40e
ROUND fedrad round=113 clients=[73, 66, 18, 74, 33, 2, 87, 29, 98, 91] diagnostic_accuracy=63.0100% Gamma=0.000000 gate_passed=True fallback=functional_recovery_hungarian global_hash=8a9d657d15586ed32f98a62982e539a9b9883ec54f0d99cd3b9e93e969234eb3
ROUND fedrad round=114 clients=[40, 31, 27, 50, 71, 81, 99, 97, 73, 49] diagnostic_accuracy=57.7100% Gamma=0.000000 gate_passed=True fallback=functional_recovery_hungarian global_hash=a092669915770ee7fed4cf87650022cb9c3b46bbe9d2d9941e85866a38f1300d
ROUND fedrad round=115 clients=[61, 64, 42, 88, 27, 95, 92, 50, 45, 85] diagnostic_accuracy=66.1400% Gamma=0.000000 gate_passed=True fallback=functional_recovery_hungarian global_hash=d665b42a67f9b6b17be9f934f2f23181fa62af7ad4ae5bb5aef365b46367b14f
ROUND fedrad round=116 clients=[27, 8, 49, 32, 15, 35, 70, 59, 31, 30] diagnostic_accuracy=58.8400% Gamma=0.000000 gate_passed=True fallback=functional_recovery_hungarian global_hash=1cd56eb362c813719d76479ffba99e8bf0c7e42c23a6527eb83b4bb72515dffe
ROUND fedrad round=117 clients=[69, 35, 52, 51, 26, 15, 76, 48, 98, 12] diagnostic_accuracy=63.1800% Gamma=0.000000 gate_passed=True fallback=functional_recovery_hungarian global_hash=70d2a843fdb4ce9187f3e3d3cba9ce9a0b902619e181fce05643cf24bd13751f
ROUND fedrad round=118 clients=[46, 57, 0, 86, 26, 80, 73, 20, 63, 98] diagnostic_accuracy=63.8100% Gamma=0.000000 gate_passed=True fallback=functional_recovery_hungarian global_hash=29222541fdfcd7b4c307733faab4913f578b48741bd0fa35e6bbfc3f2836748c
ROUND fedrad round=119 clients=[81, 6, 64, 84, 20, 2, 8, 4, 66, 92] diagnostic_accuracy=63.2100% Gamma=0.000000 gate_passed=True fallback=functional_recovery_hungarian global_hash=9c9cf10710eb7df413a0061f6863c403bf2a01cee03e86e0c99f8fed93335088
ROUND fedrad round=120 clients=[61, 34, 64, 11, 96, 18, 82, 52, 72, 92] diagnostic_accuracy=66.0100% Gamma=0.000000 gate_passed=True fallback=functional_recovery_hungarian global_hash=fe39452c995fc56e9e278cc6d7e6d5fa9368602a511e5a7a276f52da9bb4b6fc
ROUND fedrad round=121 clients=[93, 68, 94, 13, 36, 11, 5, 1, 40, 7] diagnostic_accuracy=68.3300% Gamma=0.000000 gate_passed=True fallback=functional_recovery_hungarian global_hash=96fc2478591eafceadfb98df398ed2f0592b38e5a3805c6d26fe57e01a9aa849
ROUND fedrad round=122 clients=[73, 64, 37, 69, 31, 48, 77, 41, 53, 75] diagnostic_accuracy=60.9900% Gamma=0.000000 gate_passed=True fallback=functional_recovery_hungarian global_hash=f2232b0a56ec575ad790cd03d9c292b473ee41b00d71ddb76aa8022948df4941
ROUND fedrad round=123 clients=[46, 43, 84, 11, 66, 92, 16, 19, 96, 37] diagnostic_accuracy=59.2300% Gamma=0.000000 gate_passed=True fallback=functional_recovery_hungarian global_hash=e55a074b7b97a218479f008eb4550b30ec48ab738e7573927840aa66948b0ccd
ROUND fedrad round=124 clients=[43, 96, 9, 0, 74, 19, 1, 23, 38, 66] diagnostic_accuracy=64.8500% Gamma=0.000000 gate_passed=True fallback=functional_recovery_hungarian global_hash=988a2959a2b8bd3879bd5aa07e66d75d714558607cb59f0e129770288c142def
ROUND fedrad round=125 clients=[27, 62, 32, 10, 22, 72, 64, 25, 86, 60] diagnostic_accuracy=60.1300% Gamma=0.000000 gate_passed=True fallback=functional_recovery_hungarian global_hash=529959cc20501b27642738771787069f893a2613dc164407e4eb9e9a26364e41
ROUND fedrad round=126 clients=[84, 7, 64, 76, 15, 46, 27, 47, 40, 69] diagnostic_accuracy=60.4200% Gamma=0.000000 gate_passed=True fallback=functional_recovery_hungarian global_hash=984608ad258b7a5ad4efe9e6ba1e04ef49259247648db170f618b58036215ed0
ROUND fedrad round=127 clients=[75, 97, 79, 87, 11, 7, 37, 92, 41, 12] diagnostic_accuracy=65.3800% Gamma=0.000000 gate_passed=True fallback=functional_recovery_hungarian global_hash=2257579eb9319d72779730eb1471d8cea85355ba4c752e98aff4fe18b165014a
ROUND fedrad round=128 clients=[78, 4, 17, 21, 76, 74, 19, 61, 45, 86] diagnostic_accuracy=71.9800% Gamma=0.000000 gate_passed=True fallback=functional_recovery_hungarian global_hash=e930c964f8b2208f18bea2ba1c586681141196f5bd92e8b024280d38965f97a3
ROUND fedrad round=129 clients=[23, 41, 75, 36, 26, 49, 95, 16, 93, 72] diagnostic_accuracy=58.0200% Gamma=0.000000 gate_passed=True fallback=functional_recovery_hungarian global_hash=17ff374d32265ac11ad255dbb54fb3b2efacf858620eaefbf309ddde8478934b
ROUND fedrad round=130 clients=[59, 53, 65, 8, 68, 35, 13, 55, 23, 97] diagnostic_accuracy=68.1100% Gamma=0.000000 gate_passed=True fallback=functional_recovery_hungarian global_hash=04897c1ed17875707dddb22b0c6a124aa6258e61e6e2a4260d49183ca73519aa
ROUND fedrad round=131 clients=[74, 98, 22, 45, 97, 87, 92, 71, 47, 79] diagnostic_accuracy=67.8600% Gamma=0.000000 gate_passed=True fallback=functional_recovery_hungarian global_hash=8a393be12db9e05ddaac6fd8c49a5dd10a4411d79d67216c41b90e908fd0fa32
ROUND fedrad round=132 clients=[35, 70, 59, 49, 36, 91, 82, 50, 26, 72] diagnostic_accuracy=50.3600% Gamma=0.000000 gate_passed=True fallback=functional_recovery_hungarian global_hash=ae15728fa479294b5297ac771ffd75309e7557dab12c92cecaebce84f00462b5
ROUND fedrad round=133 clients=[22, 83, 75, 29, 66, 48, 12, 10, 86, 1] diagnostic_accuracy=64.3900% Gamma=0.000000 gate_passed=True fallback=functional_recovery_hungarian global_hash=82b8575cbccbfaf60ab2f706a5b5c06cb3d245eb98e108a282f547c923654006
ROUND fedrad round=134 clients=[76, 33, 40, 59, 65, 63, 73, 36, 99, 82] diagnostic_accuracy=68.3100% Gamma=0.000000 gate_passed=True fallback=functional_recovery_hungarian global_hash=2331bd387162b09790d05fbb8f7629c6a5f44038eedf8b225758a154fd1de78d
ROUND fedrad round=135 clients=[85, 88, 54, 40, 70, 67, 86, 38, 58, 42] diagnostic_accuracy=73.4200% Gamma=0.000000 gate_passed=True fallback=functional_recovery_hungarian global_hash=6e1934a192c34db68955690ddb74a8050c5428babe73e798231093570e0eed3f
ROUND fedrad round=136 clients=[89, 56, 12, 90, 94, 86, 19, 78, 92, 59] diagnostic_accuracy=69.0500% Gamma=0.000000 gate_passed=True fallback=functional_recovery_hungarian global_hash=e973d822aa7d4ed284317dd7a87f3a8683e28cb1a005866209f3bd61d701ca78
ROUND fedrad round=137 clients=[7, 94, 69, 44, 50, 26, 75, 24, 33, 18] diagnostic_accuracy=63.7700% Gamma=0.000000 gate_passed=True fallback=functional_recovery_hungarian global_hash=e1e3f52d9dd11771f2166651758cdd6f600e66fdee31b483770221ed1a99461a
ROUND fedrad round=138 clients=[89, 75, 84, 93, 35, 71, 19, 63, 59, 94] diagnostic_accuracy=60.5200% Gamma=0.000000 gate_passed=True fallback=functional_recovery_hungarian global_hash=a415f83477766f3ce7814d209346ba39daa18df6af15b8ac99baaba8e3407261
ROUND fedrad round=139 clients=[54, 66, 17, 43, 53, 40, 76, 1, 4, 81] diagnostic_accuracy=71.1700% Gamma=0.000000 gate_passed=True fallback=functional_recovery_hungarian global_hash=7a58f7e027f9376776c1f2aba2e2784cc3f3d43adf897aedf014092ecd3af121
ROUND fedrad round=140 clients=[52, 51, 97, 7, 41, 61, 29, 88, 49, 26] diagnostic_accuracy=68.3200% Gamma=0.000000 gate_passed=True fallback=functional_recovery_hungarian global_hash=7d6584aaff1e2ec2b6091e9eb9ea1d44e9a163fb18fd05ee7895ab55271231a2
ROUND fedrad round=141 clients=[21, 47, 20, 59, 85, 2, 99, 70, 54, 50] diagnostic_accuracy=68.2700% Gamma=0.000000 gate_passed=True fallback=functional_recovery_hungarian global_hash=5ccf662dc57259baf77c33e42e2351dc5a24f9f442a433d98c8d5c0a685efba7
ROUND fedrad round=142 clients=[65, 98, 79, 6, 58, 92, 19, 37, 33, 75] diagnostic_accuracy=67.4400% Gamma=0.000000 gate_passed=True fallback=functional_recovery_hungarian global_hash=6b5bca06efb742d0a17f36f64de9837a6bf9490611a24e9b104ab5dd1b4bdc43
ROUND fedrad round=143 clients=[44, 84, 56, 0, 69, 15, 66, 78, 42, 95] diagnostic_accuracy=59.5800% Gamma=0.000000 gate_passed=True fallback=functional_recovery_hungarian global_hash=68a13e1a8b216d92e84e73ffe403247d63fd6422457697dab54e5015ccaed2ae
ROUND fedrad round=144 clients=[36, 20, 53, 26, 80, 67, 25, 37, 39, 10] diagnostic_accuracy=58.2300% Gamma=0.000000 gate_passed=True fallback=functional_recovery_hungarian global_hash=3ae71715dacc68ad905900f4f72c27ffd5944c4e5547945aba6541e9d5558454
ROUND fedrad round=145 clients=[54, 62, 65, 69, 82, 46, 64, 70, 59, 11] diagnostic_accuracy=69.1400% Gamma=0.000000 gate_passed=True fallback=functional_recovery_hungarian global_hash=d577ae5eed64206137ef2b67896398e5a54a6f1375fbb5e2b2c05bb6333faa7e
ROUND fedrad round=146 clients=[78, 89, 64, 25, 85, 9, 57, 41, 97, 45] diagnostic_accuracy=67.9200% Gamma=0.000000 gate_passed=True fallback=functional_recovery_hungarian global_hash=67d42915b70c75d839e49cbe3c41a70aefe32790cdd4ce41fc6c77e7747d719e
ROUND fedrad round=147 clients=[32, 8, 70, 41, 12, 19, 88, 20, 98, 33] diagnostic_accuracy=59.1400% Gamma=0.000000 gate_passed=True fallback=functional_recovery_hungarian global_hash=8494305de02425ee500778b076d47ed336651c05c87c326bdbf92523f57abd2f
ROUND fedrad round=148 clients=[50, 29, 81, 33, 44, 69, 2, 68, 93, 85] diagnostic_accuracy=68.9300% Gamma=0.000000 gate_passed=True fallback=functional_recovery_hungarian global_hash=97656c9ac89f11b97226e0fc9f7468bd0f6a5c098f604b92e76004021ee5d2c0
ROUND fedrad round=149 clients=[5, 84, 70, 73, 31, 62, 69, 13, 86, 74] diagnostic_accuracy=47.3800% Gamma=0.000000 gate_passed=True fallback=functional_recovery_hungarian global_hash=20f0c1e44a831eadb281840c62b1e993291a4922f930b6a20a7044909964072c
ROUND fedrad round=150 clients=[69, 9, 41, 83, 76, 63, 34, 67, 36, 87] diagnostic_accuracy=66.1300% Gamma=0.000000 gate_passed=True fallback=functional_recovery_hungarian global_hash=959f09cfb42b6f00d124640c787abc7baf5ca5d3bcf61c36a48af23c7444e0ca
ROUND fedrad round=151 clients=[40, 77, 95, 52, 25, 38, 46, 47, 93, 88] diagnostic_accuracy=64.1100% Gamma=0.000000 gate_passed=True fallback=functional_recovery_hungarian global_hash=f0452b4c7162c2512099103428d4fa64b8dccc7b488482a000791444eada3d01
ROUND fedrad round=152 clients=[14, 22, 87, 6, 15, 36, 37, 44, 48, 38] diagnostic_accuracy=64.6100% Gamma=0.000000 gate_passed=True fallback=functional_recovery_hungarian global_hash=312779a4e8281e22a4740e5b18e1fd4a0fbb974adcfb699915549a38e7679602
ROUND fedrad round=153 clients=[14, 66, 74, 62, 49, 45, 18, 79, 15, 68] diagnostic_accuracy=71.2800% Gamma=0.000000 gate_passed=True fallback=functional_recovery_hungarian global_hash=4ea66b038a59303130140bb41ca797033f03f5549860b7b1d802a9b85db66a7e
ROUND fedrad round=154 clients=[92, 32, 77, 87, 27, 13, 14, 47, 22, 73] diagnostic_accuracy=65.4700% Gamma=0.000000 gate_passed=True fallback=functional_recovery_hungarian global_hash=7a0ae29f8b060e2e1524f1391f82c2731800ab4ed938fdb3f9aedf5a37f871b8
ROUND fedrad round=155 clients=[60, 31, 44, 3, 84, 25, 98, 73, 52, 82] diagnostic_accuracy=56.6600% Gamma=0.000000 gate_passed=True fallback=functional_recovery_hungarian global_hash=4674b4ba1b2888fe30567e0fdd0d87b1a5442d7dd48143ec878b9d756cd5d9ae
ROUND fedrad round=156 clients=[66, 38, 74, 49, 46, 45, 12, 0, 81, 23] diagnostic_accuracy=65.0400% Gamma=0.000000 gate_passed=True fallback=functional_recovery_hungarian global_hash=2e2a2008998e2d2498a09dcabb0e2290fb1acb52c4580ca5d689f2259ddb4c04
ROUND fedrad round=157 clients=[6, 14, 56, 8, 37, 71, 68, 53, 88, 65] diagnostic_accuracy=68.2100% Gamma=0.000000 gate_passed=True fallback=functional_recovery_hungarian global_hash=ae08a44c66492e14e159083638b8861718a591bf63a9218c515b600ec46de719
ROUND fedrad round=158 clients=[76, 40, 68, 38, 91, 92, 18, 11, 69, 94] diagnostic_accuracy=71.2500% Gamma=0.000000 gate_passed=True fallback=functional_recovery_hungarian global_hash=3013da4a82b696fd643c3222671516293e72072aa6b188ee57b75ec7b83a0950
ROUND fedrad round=159 clients=[0, 23, 91, 83, 98, 64, 90, 32, 84, 36] diagnostic_accuracy=63.4600% Gamma=0.000000 gate_passed=True fallback=functional_recovery_hungarian global_hash=1b890b908cb71c03a079ec4ee6da580f2a506bdf73a05a0168239399782880f8
ROUND fedrad round=160 clients=[15, 9, 95, 71, 80, 49, 39, 81, 30, 8] diagnostic_accuracy=68.4100% Gamma=0.000000 gate_passed=True fallback=functional_recovery_hungarian global_hash=357af9ebd6d96576c7f822891a3cdb61bbdf431c19b385321dca87bf15684b6c
ROUND fedrad round=161 clients=[29, 87, 67, 36, 35, 96, 15, 61, 24, 62] diagnostic_accuracy=61.9800% Gamma=0.000000 gate_passed=True fallback=functional_recovery_hungarian global_hash=84dff709f9070198479de9a9b400a8d61b7ac1cf789b4591554048f7e0525eb2
ROUND fedrad round=162 clients=[13, 58, 87, 52, 50, 60, 3, 19, 35, 0] diagnostic_accuracy=65.4000% Gamma=0.000000 gate_passed=True fallback=functional_recovery_hungarian global_hash=ae6bca82e6623b04a8136d34aa62adc9844c6aed404f79f347bd5befe1641162
ROUND fedrad round=163 clients=[55, 46, 66, 67, 73, 12, 51, 1, 57, 90] diagnostic_accuracy=69.6100% Gamma=0.000000 gate_passed=True fallback=functional_recovery_hungarian global_hash=efdc1f895fa37d7a807660b6e3373ba1bde17e93b68f5ede78c1da2e2a4a149e
ROUND fedrad round=164 clients=[40, 72, 92, 86, 89, 90, 16, 98, 73, 58] diagnostic_accuracy=73.3300% Gamma=0.000000 gate_passed=True fallback=functional_recovery_hungarian global_hash=a1c39f407792d34541b4918d9e3eee2a6ef8eef554c4efa45fe9ef46b8efc9fb
ROUND fedrad round=165 clients=[0, 58, 47, 44, 94, 66, 4, 7, 27, 2] diagnostic_accuracy=68.1300% Gamma=0.000000 gate_passed=True fallback=functional_recovery_hungarian global_hash=28725c4c1f5431e8763ffabc94996091f8dc427bf5a33dc267111a0962e0083a
ROUND fedrad round=166 clients=[58, 87, 14, 78, 40, 83, 73, 18, 52, 31] diagnostic_accuracy=67.0600% Gamma=0.000000 gate_passed=True fallback=functional_recovery_hungarian global_hash=d34870423b6b630e9579b0175b583fdbb95e3354810fe4bbfa6f3e0dd881a391
ROUND fedrad round=167 clients=[99, 22, 62, 86, 5, 20, 9, 51, 7, 54] diagnostic_accuracy=69.6500% Gamma=0.000000 gate_passed=True fallback=functional_recovery_hungarian global_hash=e147a40da1ac7f9d71518a387aecdd2c16b7adcf7061f38722a6ecb1273f5024
ROUND fedrad round=168 clients=[97, 37, 42, 7, 22, 5, 24, 56, 69, 12] diagnostic_accuracy=70.0100% Gamma=0.000000 gate_passed=True fallback=functional_recovery_hungarian global_hash=c50456bbbd9c0732699c80cbb364563a60890a90ff004e975c4022897a0102c6
ROUND fedrad round=169 clients=[96, 22, 76, 44, 59, 78, 12, 68, 94, 87] diagnostic_accuracy=69.2500% Gamma=0.000000 gate_passed=True fallback=functional_recovery_hungarian global_hash=7db5eec2bd254fa6c0946e7bdf6798be155986b40e01bb1345857af0fbc36f41
ROUND fedrad round=170 clients=[45, 7, 65, 19, 95, 16, 35, 23, 83, 88] diagnostic_accuracy=68.4300% Gamma=0.000000 gate_passed=True fallback=functional_recovery_hungarian global_hash=c08b7103951249e1b4e2a679d3519512064f6af2fdf08e40efbf91b14a5472f4
ROUND fedrad round=171 clients=[12, 91, 4, 90, 47, 66, 33, 9, 61, 84] diagnostic_accuracy=67.9100% Gamma=0.000000 gate_passed=True fallback=functional_recovery_hungarian global_hash=2dd6f41a99ff67903638e5a4e6f352198aed17c10e5879796602dc823d1a9157
ROUND fedrad round=172 clients=[46, 60, 83, 2, 37, 70, 93, 29, 3, 43] diagnostic_accuracy=55.4300% Gamma=0.000000 gate_passed=True fallback=functional_recovery_hungarian global_hash=09c326765495e040ea58065be6cb5c3c3f3744c9f442399061bec428947ca5ef
ROUND fedrad round=173 clients=[27, 45, 49, 4, 31, 62, 9, 95, 69, 72] diagnostic_accuracy=67.6300% Gamma=0.000000 gate_passed=True fallback=functional_recovery_hungarian global_hash=b2d0e4855d52440218276f16671a11bb96ca4ee8950a8d81d4057dc50287c21a
ROUND fedrad round=174 clients=[27, 28, 1, 92, 55, 48, 74, 7, 99, 62] diagnostic_accuracy=67.7000% Gamma=0.000000 gate_passed=True fallback=functional_recovery_hungarian global_hash=db7c22d5fc63852231fd39f1b9692bfa528e59e077b2888ddbabbb22fa2634f3
ROUND fedrad round=175 clients=[24, 0, 9, 11, 31, 45, 58, 35, 69, 21] diagnostic_accuracy=73.8800% Gamma=0.000000 gate_passed=True fallback=functional_recovery_hungarian global_hash=016e55a8877e5979f2901cb563a6b33e68dac4a3b7cdea207df3e39d6cdf1293
ROUND fedrad round=176 clients=[42, 98, 67, 21, 24, 81, 20, 75, 29, 36] diagnostic_accuracy=69.5600% Gamma=0.000000 gate_passed=True fallback=functional_recovery_hungarian global_hash=e3373620f5fc8ed232f06db64db3eca587e99dac4c0957be8624a5e5362e3269
ROUND fedrad round=177 clients=[49, 75, 33, 60, 42, 64, 69, 11, 47, 70] diagnostic_accuracy=67.7600% Gamma=0.000000 gate_passed=True fallback=functional_recovery_hungarian global_hash=a3c98fad83f66e9c7be6896b02cdad79fd6f965e68afe79c93a16b05d85bc1c3
ROUND fedrad round=178 clients=[96, 60, 16, 70, 73, 40, 11, 24, 87, 93] diagnostic_accuracy=66.6400% Gamma=0.000000 gate_passed=True fallback=functional_recovery_hungarian global_hash=2030e021b5cf67dee2949b4c42d541cc3bcca0935e832d5f9204e52d54fd6ae4
ROUND fedrad round=179 clients=[37, 16, 85, 31, 69, 36, 54, 25, 32, 38] diagnostic_accuracy=67.1000% Gamma=0.000000 gate_passed=True fallback=functional_recovery_hungarian global_hash=3dabafcd3b1b2126bad191c86816b3c805e7f8ad2c4ead39db6434234bf36faa
ROUND fedrad round=180 clients=[80, 92, 61, 76, 19, 28, 7, 73, 67, 38] diagnostic_accuracy=68.8300% Gamma=0.000000 gate_passed=True fallback=functional_recovery_hungarian global_hash=f96b3a7af3fc3b474d105071026d9f0af7cd15fa26207e19887d964bb3f0a756
ROUND fedrad round=181 clients=[78, 26, 35, 44, 29, 85, 64, 66, 97, 21] diagnostic_accuracy=65.0900% Gamma=0.000000 gate_passed=True fallback=functional_recovery_hungarian global_hash=e8b906f0ea3bf6c61032a5ac742fe395759c1ab892bed9fcc3301fce5521eff4
ROUND fedrad round=182 clients=[78, 73, 10, 52, 54, 24, 44, 70, 99, 90] diagnostic_accuracy=66.2800% Gamma=0.000000 gate_passed=True fallback=functional_recovery_hungarian global_hash=4802eb84d49c8d5c063a83532189233b6886a652f25a926ff0adc01452d17e80
ROUND fedrad round=183 clients=[96, 38, 1, 4, 36, 19, 77, 52, 41, 49] diagnostic_accuracy=70.4600% Gamma=0.000000 gate_passed=True fallback=functional_recovery_hungarian global_hash=63e206f9908c748d4594d44b73e49280975a1244dd03e461dcb3e0369a4d74c0
ROUND fedrad round=184 clients=[87, 55, 49, 7, 51, 67, 40, 21, 34, 0] diagnostic_accuracy=72.1500% Gamma=0.000000 gate_passed=True fallback=functional_recovery_hungarian global_hash=337ea33642e6fd7d28e0fea964b36334f9c18b54fcc73f5fd1de13d7729ce864
ROUND fedrad round=185 clients=[74, 63, 39, 14, 96, 82, 21, 45, 88, 13] diagnostic_accuracy=68.6600% Gamma=0.000000 gate_passed=True fallback=functional_recovery_hungarian global_hash=91a272f04874fd4ab58b08cc8015eec2342add16d6833ec34b34674e377b514b
ROUND fedrad round=186 clients=[1, 26, 23, 59, 22, 57, 27, 60, 18, 69] diagnostic_accuracy=66.1400% Gamma=0.000000 gate_passed=True fallback=functional_recovery_hungarian global_hash=fd29d42ef512a7f4a6e5ad3cf8d545dba0e66080e61ca759f875c321063a88c1
ROUND fedrad round=187 clients=[34, 87, 43, 64, 27, 92, 78, 55, 68, 7] diagnostic_accuracy=69.7400% Gamma=0.000000 gate_passed=True fallback=functional_recovery_hungarian global_hash=3c2ab4309f0c7899af4e41b2a3d688842501dbb5d1e6a8a2051eef2b31637942
ROUND fedrad round=188 clients=[67, 20, 34, 69, 85, 14, 86, 81, 36, 76] diagnostic_accuracy=72.7500% Gamma=0.000000 gate_passed=True fallback=functional_recovery_hungarian global_hash=f3a98fab65569511de5b771806a7ce7bd7b02f5c977388173f45a0ef8d7b0d7d
ROUND fedrad round=189 clients=[57, 7, 53, 49, 74, 65, 76, 29, 78, 80] diagnostic_accuracy=71.8500% Gamma=0.000000 gate_passed=True fallback=functional_recovery_hungarian global_hash=8e4dd4192ea3ae9d7fc343a3d15283f92aaeb95dde96c5a0b9be1a5297f0e846
ROUND fedrad round=190 clients=[71, 25, 7, 77, 39, 51, 87, 5, 45, 11] diagnostic_accuracy=61.8800% Gamma=0.000000 gate_passed=True fallback=functional_recovery_hungarian global_hash=2e31343d7a0347ee7ad001076e8a0346d5c431a20287a1785419004bf15531a0
ROUND fedrad round=191 clients=[60, 21, 34, 0, 98, 92, 44, 65, 66, 3] diagnostic_accuracy=70.3900% Gamma=0.000000 gate_passed=True fallback=functional_recovery_hungarian global_hash=da8b6d25b3ef9479eb15f2b5f0827818e437e7f3459bfcbf0a5371c37fce7d07
ROUND fedrad round=192 clients=[36, 59, 66, 20, 0, 16, 86, 71, 90, 56] diagnostic_accuracy=73.7000% Gamma=0.000000 gate_passed=True fallback=functional_recovery_hungarian global_hash=9acade3b49bb0656b1d5279668e1c385e415564ee01a1f9367b8b778e0d737db
ROUND fedrad round=193 clients=[19, 22, 51, 45, 91, 26, 14, 83, 15, 67] diagnostic_accuracy=71.3200% Gamma=0.000000 gate_passed=True fallback=functional_recovery_hungarian global_hash=8f137c48ec6aab4625a54a5569ca91dfe6b084e99c92a48fcedf203e3a8be00b
ROUND fedrad round=194 clients=[62, 14, 3, 92, 78, 33, 89, 48, 70, 31] diagnostic_accuracy=66.6800% Gamma=0.000000 gate_passed=True fallback=functional_recovery_hungarian global_hash=59c45b427db3c76e96bce4a6dbbc8b0eb16c883da862cb6b941c53d748a328ba
ROUND fedrad round=195 clients=[37, 10, 88, 63, 53, 68, 2, 52, 26, 59] diagnostic_accuracy=67.2400% Gamma=0.000000 gate_passed=True fallback=functional_recovery_hungarian global_hash=87895aea11b3f846b4e48affe5f065acf0b3d10655ce60e1bd226955ee10c47e
ROUND fedrad round=196 clients=[59, 71, 85, 49, 20, 10, 3, 86, 88, 33] diagnostic_accuracy=66.2200% Gamma=0.000000 gate_passed=True fallback=functional_recovery_hungarian global_hash=397485c5d56562eea6e28f948bbc0f7fb20410359df5716ce7870f11c63d5ef7
ROUND fedrad round=197 clients=[9, 0, 18, 66, 44, 17, 92, 95, 64, 96] diagnostic_accuracy=69.8300% Gamma=0.000000 gate_passed=True fallback=functional_recovery_hungarian global_hash=cdafa60f211ac1746861381aba5508bdc81f8ae42513dae358c5c822ab5bd3f8
ROUND fedrad round=198 clients=[70, 58, 24, 57, 32, 19, 43, 65, 5, 88] diagnostic_accuracy=61.1800% Gamma=0.000000 gate_passed=True fallback=functional_recovery_hungarian global_hash=53d95237724a99296daff738f2ab8e341ea63b752edcd63c0cbf1aa1a5faef1a
ROUND fedrad round=199 clients=[61, 75, 68, 2, 6, 26, 1, 56, 78, 74] diagnostic_accuracy=70.0100% Gamma=0.000000 gate_passed=True fallback=functional_recovery_hungarian global_hash=f1a242e2040c6c43f54182e67fe33ff290fba3cd93b227c9eac55a94f1f9cf93
ROUND fedrad round=200 clients=[8, 57, 22, 90, 46, 9, 56, 99, 89, 4] diagnostic_accuracy=71.9300% Gamma=0.000000 gate_passed=True fallback=functional_recovery_hungarian global_hash=aba7b8e500f2bef053b2f34f2f1adf036c48c15f721c3c01c2535fe428c4a4df
FINAL_STATE_HASH aba7b8e500f2bef053b2f34f2f1adf036c48c15f721c3c01c2535fe428c4a4df
