Run directory: C:\Users\admin\Desktop\need_do\new_paper_four\FedPhoenix-new\results\support_coverage_functional_recovery_2of64\20260908_131740\fresh\functional_recovery_seed1_20260908_131745_128029_m2_steps5_fresh_seed1_200r
Partition fingerprint: f8fcaa0f17c5d2078c5d24ece11b3f8cfcb82553733fb972155b7452d87a8fd0; device=cuda:0
ROUND fedrad round=1 clients=[80, 84, 33, 81, 93, 17, 36, 82, 69, 65] diagnostic_accuracy=10.0000% Gamma=0.000000 gate_passed=True fallback=functional_recovery_hungarian global_hash=6d60befae3c0f35197a39a0d40e0affb9352c688fed03a3852f2450dd59fe88e
ROUND fedrad round=2 clients=[44, 96, 1, 35, 26, 11, 38, 82, 87, 3] diagnostic_accuracy=16.2500% Gamma=0.000000 gate_passed=True fallback=functional_recovery_hungarian global_hash=55ed93d5287a555da59e78bd5d2bf4849ac1e46a2a51705ca47ce3dbc19a7409
ROUND fedrad round=3 clients=[95, 67, 96, 71, 1, 80, 99, 45, 52, 27] diagnostic_accuracy=18.0200% Gamma=0.000000 gate_passed=True fallback=functional_recovery_hungarian global_hash=89d3b3c9e252c166dce0387dfe7cfb03df7c863e9936ba0853bfa68884dbd111
ROUND fedrad round=4 clients=[40, 10, 96, 66, 89, 32, 95, 55, 25, 5] diagnostic_accuracy=15.0500% Gamma=0.000000 gate_passed=True fallback=functional_recovery_hungarian global_hash=080a7c50a5e93e4fd96fa8c6301bf6fa2cc6ab6a0705b3daef45f5c8f26dc842
ROUND fedrad round=5 clients=[89, 99, 45, 96, 72, 9, 74, 88, 1, 38] diagnostic_accuracy=19.9700% Gamma=0.000000 gate_passed=True fallback=functional_recovery_hungarian global_hash=272cfb53ff37f2b4aff4085300e1f187a51aba57ed4c635aa8b405acd75b34dc
ROUND fedrad round=6 clients=[0, 86, 4, 23, 24, 1, 62, 83, 66, 93] diagnostic_accuracy=22.6200% Gamma=0.000000 gate_passed=True fallback=functional_recovery_hungarian global_hash=f72c70bf6f1d832869e1369fd99dbd0971d97e0062d4b7419cf4fea1d1154381
ROUND fedrad round=7 clients=[6, 59, 72, 30, 91, 43, 75, 76, 15, 61] diagnostic_accuracy=23.7000% Gamma=0.000000 gate_passed=True fallback=functional_recovery_hungarian global_hash=10a4271c9f7043c91e0c5a330b5aae6280c00ab237522b945ef98ca46b9b2188
ROUND fedrad round=8 clients=[44, 88, 74, 48, 59, 79, 25, 52, 45, 55] diagnostic_accuracy=20.5300% Gamma=0.000000 gate_passed=True fallback=functional_recovery_hungarian global_hash=a164d4f79bca07a024e4f2de189fb4d481d99bf1389782028d2b861976b6e148
ROUND fedrad round=9 clients=[3, 60, 35, 33, 22, 66, 45, 68, 67, 75] diagnostic_accuracy=26.8200% Gamma=0.000000 gate_passed=True fallback=functional_recovery_hungarian global_hash=b8ae8733ec12d75b309d1ae6f2c57408efff81e34e17250e80f51add136b74a4
ROUND fedrad round=10 clients=[64, 91, 12, 52, 16, 65, 50, 68, 33, 30] diagnostic_accuracy=27.3100% Gamma=0.000000 gate_passed=True fallback=functional_recovery_hungarian global_hash=cd0d6c3e95914948f7aadc743a63561acfd1be73a4c085a8c7544a1e2b6b38c8
ROUND fedrad round=11 clients=[54, 27, 23, 37, 75, 33, 41, 46, 52, 24] diagnostic_accuracy=26.4500% Gamma=0.000000 gate_passed=True fallback=functional_recovery_hungarian global_hash=d560c53b0d0040d825247a7736d241dbcb45b4e6419f76caec37251ae290e79b
ROUND fedrad round=12 clients=[54, 45, 28, 44, 15, 1, 93, 12, 88, 40] diagnostic_accuracy=27.0000% Gamma=0.000000 gate_passed=True fallback=functional_recovery_hungarian global_hash=9203588280cf152197822ceb4025052fca9f356aa4d08c9b4bc3dc42a8315af6
ROUND fedrad round=13 clients=[70, 75, 5, 68, 36, 79, 72, 78, 57, 44] diagnostic_accuracy=27.9600% Gamma=0.000000 gate_passed=True fallback=functional_recovery_hungarian global_hash=937a11baacd4f0f7035b46fc2420729c7e3fd10c23dbc8015ba17e302b64aecf
ROUND fedrad round=14 clients=[41, 9, 30, 89, 40, 49, 3, 22, 8, 16] diagnostic_accuracy=29.8500% Gamma=0.000000 gate_passed=True fallback=functional_recovery_hungarian global_hash=44c315d4ee1120fd325dcc2b778cc4f2324686b6136f597e2c8475ab8e480411
ROUND fedrad round=15 clients=[82, 28, 69, 81, 56, 71, 85, 27, 37, 66] diagnostic_accuracy=28.0400% Gamma=0.000000 gate_passed=True fallback=functional_recovery_hungarian global_hash=89180541bf3bffe143e954dbe659fe46057e17e8281bddff3d2a3c429b9d1dec
ROUND fedrad round=16 clients=[60, 13, 26, 12, 1, 28, 88, 86, 11, 43] diagnostic_accuracy=31.3400% Gamma=0.000000 gate_passed=True fallback=functional_recovery_hungarian global_hash=a0975e2aac97e59467a8e36867325584525ce90ff4193b49ce8aa2dbda733e66
ROUND fedrad round=17 clients=[93, 16, 72, 75, 10, 4, 38, 71, 42, 62] diagnostic_accuracy=29.5400% Gamma=0.000000 gate_passed=True fallback=functional_recovery_hungarian global_hash=81dec33019d97288084e4b190e34c8da48ebb306a408267f322d8c0dc8c56c39
ROUND fedrad round=18 clients=[36, 47, 1, 64, 57, 97, 29, 6, 67, 92] diagnostic_accuracy=32.6200% Gamma=0.000000 gate_passed=True fallback=functional_recovery_hungarian global_hash=9dccd99013cf8820a5671e91ceedbd416912e7a75e58f1140daed756d7a62c01
ROUND fedrad round=19 clients=[48, 87, 17, 57, 22, 81, 4, 51, 94, 63] diagnostic_accuracy=34.8100% Gamma=0.000000 gate_passed=True fallback=functional_recovery_hungarian global_hash=0a69a154eb74208d2d1422aa85d71624813a254668f11e267806aede9ff6b38b
ROUND fedrad round=20 clients=[9, 17, 59, 11, 2, 95, 68, 28, 60, 14] diagnostic_accuracy=33.5600% Gamma=0.000000 gate_passed=True fallback=functional_recovery_hungarian global_hash=84fc0a29eee5454ec45b736a91b0231a852bd4b2f244ce44b61fa3a10e793e11
ROUND fedrad round=21 clients=[26, 25, 15, 93, 45, 54, 68, 90, 76, 10] diagnostic_accuracy=28.5400% Gamma=0.000000 gate_passed=True fallback=functional_recovery_hungarian global_hash=28f1f37114bd1b90e4960acae43b5125458cff6b18ab4e14a9d2900094290cb8
ROUND fedrad round=22 clients=[84, 74, 93, 1, 48, 44, 29, 26, 94, 75] diagnostic_accuracy=32.7400% Gamma=0.000000 gate_passed=True fallback=functional_recovery_hungarian global_hash=be6683d78ffa1119a9906bcbbdf169e39392ad6e1391017e1aeb6578a0ca7be5
ROUND fedrad round=23 clients=[71, 58, 50, 22, 59, 84, 10, 70, 43, 67] diagnostic_accuracy=32.6000% Gamma=0.000000 gate_passed=True fallback=functional_recovery_hungarian global_hash=b9aa1aec449553a134b93a5e65b7f09c57a4fa0ec217a57548ececa60463dc93
ROUND fedrad round=24 clients=[70, 54, 33, 75, 31, 58, 17, 6, 3, 51] diagnostic_accuracy=33.9100% Gamma=0.000000 gate_passed=True fallback=functional_recovery_hungarian global_hash=71d288a657a66496cf768ba6f60b3b0e26d814bc01ba3d3b651329455d30e997
ROUND fedrad round=25 clients=[42, 87, 33, 36, 30, 84, 78, 98, 71, 75] diagnostic_accuracy=18.6400% Gamma=0.000000 gate_passed=True fallback=functional_recovery_hungarian global_hash=b65397675423ee3192d2c4b40cd151183730c28c1a1f50af191a6da06fdec090
ROUND fedrad round=26 clients=[41, 47, 34, 10, 51, 11, 50, 16, 86, 64] diagnostic_accuracy=38.8000% Gamma=0.000000 gate_passed=True fallback=functional_recovery_hungarian global_hash=f0bd45c649a17d210040aea78b9276356161c79288b4907301e7ebbc43d721a9
ROUND fedrad round=27 clients=[58, 82, 63, 50, 98, 84, 4, 46, 65, 88] diagnostic_accuracy=33.5900% Gamma=0.000000 gate_passed=True fallback=functional_recovery_hungarian global_hash=b85c173bb6327e967076dc6199cf9336b6361c82005660c92d4f2f693690b397
ROUND fedrad round=28 clients=[99, 88, 69, 16, 46, 29, 90, 91, 4, 45] diagnostic_accuracy=39.3900% Gamma=0.000000 gate_passed=True fallback=functional_recovery_hungarian global_hash=7c6363418b79a160ed5e995c35ffc6a3c813acfe0449e2bbf6cf07976441989b
ROUND fedrad round=29 clients=[80, 73, 28, 34, 1, 10, 13, 65, 5, 49] diagnostic_accuracy=41.3600% Gamma=0.000000 gate_passed=True fallback=functional_recovery_hungarian global_hash=9c1ab6714eecb5a6a7292ec6a6453a929ceea5aebb9ff4c877ec48e9ec57a849
ROUND fedrad round=30 clients=[62, 41, 74, 11, 99, 8, 75, 26, 81, 85] diagnostic_accuracy=37.7400% Gamma=0.000000 gate_passed=True fallback=functional_recovery_hungarian global_hash=56a2593fb1d00405619abdd3326bc4325a426e05931ef0a3a9a42e12bf6522ce
ROUND fedrad round=31 clients=[96, 81, 77, 83, 14, 50, 13, 67, 53, 91] diagnostic_accuracy=46.9700% Gamma=0.000000 gate_passed=True fallback=functional_recovery_hungarian global_hash=9eacfd079e61550bdb3a908c9c034677750a005f939454048050e7ce1a76a426
ROUND fedrad round=32 clients=[40, 73, 70, 3, 6, 94, 1, 25, 20, 10] diagnostic_accuracy=38.8300% Gamma=0.000000 gate_passed=True fallback=functional_recovery_hungarian global_hash=024b1ca67f9101d5d197cf9de09bab7fae18d97098cb65a53145fda1472de978
ROUND fedrad round=33 clients=[45, 16, 51, 88, 17, 78, 36, 44, 21, 62] diagnostic_accuracy=42.7100% Gamma=0.000000 gate_passed=True fallback=functional_recovery_hungarian global_hash=799010801c64ce2b43a7eda8fa531cf003fcdc8a9321864074e99dcf19c45642
ROUND fedrad round=34 clients=[92, 43, 97, 61, 58, 67, 1, 98, 30, 75] diagnostic_accuracy=43.3500% Gamma=0.000000 gate_passed=True fallback=functional_recovery_hungarian global_hash=31e635bd1b3a9d77168584a75d29924f63ed35dc7e4e56b591b349879b3cbf2d
ROUND fedrad round=35 clients=[31, 89, 17, 66, 92, 23, 96, 9, 35, 20] diagnostic_accuracy=42.5100% Gamma=0.000000 gate_passed=True fallback=functional_recovery_hungarian global_hash=ea27ef91581b9ae803075d244d1f4f5085f75e6113aa10d26cd237553dc49c3f
ROUND fedrad round=36 clients=[72, 68, 65, 28, 23, 85, 16, 60, 73, 78] diagnostic_accuracy=48.2700% Gamma=0.000000 gate_passed=True fallback=functional_recovery_hungarian global_hash=dcd0427f40322d435869bd6a8a9e0ecfebf9da9b434a2d1b56cb09f6fc6ef7b4
ROUND fedrad round=37 clients=[66, 49, 62, 9, 84, 68, 74, 3, 44, 71] diagnostic_accuracy=30.1600% Gamma=0.000000 gate_passed=True fallback=functional_recovery_hungarian global_hash=041829469637d47c431fe7d091fd60a2585eebdca011177ef3c758474f581e21
ROUND fedrad round=38 clients=[50, 73, 27, 38, 8, 53, 21, 14, 28, 64] diagnostic_accuracy=47.9600% Gamma=0.000000 gate_passed=True fallback=functional_recovery_hungarian global_hash=22ccca4e057efa6dac445032fb90df4d278ed3496a11738e44071d816f78ba3b
ROUND fedrad round=39 clients=[48, 87, 40, 59, 3, 10, 75, 35, 49, 89] diagnostic_accuracy=44.9800% Gamma=0.000000 gate_passed=True fallback=functional_recovery_hungarian global_hash=e416497861dbc6ce6150c8a55f390be94ce94fff8e1b7c14bf9bd2d4604116e6
ROUND fedrad round=40 clients=[83, 93, 34, 60, 90, 45, 42, 41, 91, 36] diagnostic_accuracy=49.3500% Gamma=0.000000 gate_passed=True fallback=functional_recovery_hungarian global_hash=eee5d5fb77d975a015abbd7c85d3e5934cd5e77f0e1c74edfa3b3ceb2d7b164c
ROUND fedrad round=41 clients=[75, 52, 20, 80, 90, 93, 4, 51, 13, 98] diagnostic_accuracy=41.8800% Gamma=0.000000 gate_passed=True fallback=functional_recovery_hungarian global_hash=cc2627279fdd245487a571d23d270003efb16e6543a1fcd34d665d6c44fdd038
ROUND fedrad round=42 clients=[98, 79, 17, 10, 3, 12, 29, 26, 54, 58] diagnostic_accuracy=38.5400% Gamma=0.000000 gate_passed=True fallback=functional_recovery_hungarian global_hash=694e44124917d67fbc6214504d970d46cb4d3d3179925215714d50b3d3f37d09
ROUND fedrad round=43 clients=[32, 15, 47, 9, 7, 16, 24, 57, 71, 28] diagnostic_accuracy=44.7900% Gamma=0.000000 gate_passed=True fallback=functional_recovery_hungarian global_hash=ad9d08dd4aa7ed560780978f844880917178a144fd0d417a9ec89e3d88e7df14
ROUND fedrad round=44 clients=[76, 67, 81, 35, 44, 49, 32, 99, 69, 51] diagnostic_accuracy=48.4300% Gamma=0.000000 gate_passed=True fallback=functional_recovery_hungarian global_hash=704131a99f305fdc6c3544bfc6ddb980090ed2b9a4a5e98fff184d72e5b8b940
ROUND fedrad round=45 clients=[42, 4, 95, 71, 84, 22, 61, 5, 10, 28] diagnostic_accuracy=43.2800% Gamma=0.000000 gate_passed=True fallback=functional_recovery_hungarian global_hash=97e695b89aeb47017f4950d758a539bea273a190ac5c850879cb353ebcbb6fd3
ROUND fedrad round=46 clients=[61, 52, 80, 26, 37, 44, 85, 1, 99, 55] diagnostic_accuracy=54.3600% Gamma=0.000000 gate_passed=True fallback=functional_recovery_hungarian global_hash=62c00ccc1917bcef567aa8bab60bd9d9f9f285d7ca9308139674eb45bb5ec8a2
ROUND fedrad round=47 clients=[23, 10, 75, 28, 19, 22, 43, 13, 98, 85] diagnostic_accuracy=50.5400% Gamma=0.000000 gate_passed=True fallback=functional_recovery_hungarian global_hash=f92fa3a04c6fb5f14346f3d36f13c59f14a673277e41af3e7f330362a17dc8b4
ROUND fedrad round=48 clients=[18, 1, 96, 63, 59, 71, 88, 39, 97, 68] diagnostic_accuracy=48.0900% Gamma=0.000000 gate_passed=True fallback=functional_recovery_hungarian global_hash=130640a227cd82cd0359bc7555be684b49f04700b94b54640269616f54c82ccf
ROUND fedrad round=49 clients=[44, 11, 93, 47, 54, 9, 81, 94, 45, 65] diagnostic_accuracy=56.6500% Gamma=0.000000 gate_passed=True fallback=functional_recovery_hungarian global_hash=0dd8db470209b3105abbd2e9235ab99a7bbb719de445589544f4ea09eff79d6d
ROUND fedrad round=50 clients=[48, 43, 51, 76, 99, 39, 38, 73, 89, 80] diagnostic_accuracy=54.5500% Gamma=0.000000 gate_passed=True fallback=functional_recovery_hungarian global_hash=3cc17ab75fc9b837a1e197862cf5f98034d05e6ba0d8bda45b5651177596bbcb
ROUND fedrad round=51 clients=[34, 16, 99, 17, 62, 58, 96, 29, 90, 30] diagnostic_accuracy=54.2600% Gamma=0.000000 gate_passed=True fallback=functional_recovery_hungarian global_hash=ba624dde7bfbfe909eceba37d85d8a089e22c63f08a562cc63092dee715dda98
ROUND fedrad round=52 clients=[8, 59, 78, 95, 25, 35, 99, 86, 54, 64] diagnostic_accuracy=57.6100% Gamma=0.000000 gate_passed=True fallback=functional_recovery_hungarian global_hash=be09ed204cace5cd8479cfd7e9c4f94e263def585e8876cc6ab75cad73382428
ROUND fedrad round=53 clients=[87, 42, 55, 74, 37, 10, 26, 23, 57, 62] diagnostic_accuracy=50.3400% Gamma=0.000000 gate_passed=True fallback=functional_recovery_hungarian global_hash=4b2e3381d1089219e1546140b60c43a303079052cd4b69a788d17fce371d6ce0
ROUND fedrad round=54 clients=[84, 2, 76, 48, 68, 40, 92, 8, 42, 46] diagnostic_accuracy=55.0900% Gamma=0.000000 gate_passed=True fallback=functional_recovery_hungarian global_hash=1604e0c1b85b4b471a7cd26b3bc40ae6228a3054236da1ac89d24c8834eae6ac
ROUND fedrad round=55 clients=[91, 70, 16, 58, 10, 35, 31, 86, 62, 54] diagnostic_accuracy=56.1100% Gamma=0.000000 gate_passed=True fallback=functional_recovery_hungarian global_hash=0d036722ebe1c6a20d154fd768cbe009c07246f4de36253be3c4eb8d2531096d
ROUND fedrad round=56 clients=[32, 41, 20, 75, 69, 62, 74, 38, 80, 58] diagnostic_accuracy=45.1100% Gamma=0.000000 gate_passed=True fallback=functional_recovery_hungarian global_hash=bf219b51eb20df38c8127b9a878c86d94943fc5449ada2ae2b026298572c90eb
ROUND fedrad round=57 clients=[89, 0, 84, 16, 97, 67, 41, 38, 59, 60] diagnostic_accuracy=50.1700% Gamma=0.000000 gate_passed=True fallback=functional_recovery_hungarian global_hash=0d2ac62dfb0eb7043979e83d7378ce23d54727df26f958313876c5cce88666e7
ROUND fedrad round=58 clients=[59, 21, 34, 35, 95, 41, 9, 12, 47, 42] diagnostic_accuracy=53.7800% Gamma=0.000000 gate_passed=True fallback=functional_recovery_hungarian global_hash=f182ff81973b16ecdc7444b4d563291ec12c041dbc9e78e412be7336a5ae4a42
ROUND fedrad round=59 clients=[88, 78, 75, 43, 57, 63, 34, 79, 17, 93] diagnostic_accuracy=53.7700% Gamma=0.000000 gate_passed=True fallback=functional_recovery_hungarian global_hash=1225849e13a4e4b26939f4f77090882b2ce8c1c4d609a26e8bfe22f170a9e13f
ROUND fedrad round=60 clients=[76, 35, 9, 75, 32, 97, 53, 72, 27, 91] diagnostic_accuracy=49.2500% Gamma=0.000000 gate_passed=True fallback=functional_recovery_hungarian global_hash=2d7d9425cf6f2b5012578afbe349ccb06d6b880f2c36de722eed50547f5f9c36
ROUND fedrad round=61 clients=[60, 14, 9, 43, 15, 68, 7, 44, 65, 89] diagnostic_accuracy=59.6800% Gamma=0.000000 gate_passed=True fallback=functional_recovery_hungarian global_hash=e52a8721ec530129a24df901c1b5919095ff008d59c9067eb93d6540193f88df
ROUND fedrad round=62 clients=[56, 67, 28, 93, 30, 71, 78, 48, 25, 19] diagnostic_accuracy=59.1300% Gamma=0.000000 gate_passed=True fallback=functional_recovery_hungarian global_hash=fdc4646736fb9b3f93c0dacce70a78f33fb5d75b4e06a9dca887ae7f9bee800c
ROUND fedrad round=63 clients=[61, 18, 63, 89, 0, 99, 42, 76, 81, 9] diagnostic_accuracy=53.6500% Gamma=0.000000 gate_passed=True fallback=functional_recovery_hungarian global_hash=1d94a4ec3087acdd9f80c29ceb2d84230235681ecd0372619075678e9afc2582
ROUND fedrad round=64 clients=[14, 22, 8, 93, 29, 90, 73, 28, 57, 58] diagnostic_accuracy=58.9100% Gamma=0.000000 gate_passed=True fallback=functional_recovery_hungarian global_hash=589ff1af59f728377869ce8574987f414fcfce1195e8bb26d084245e0dd8221d
ROUND fedrad round=65 clients=[16, 90, 78, 23, 55, 61, 31, 0, 11, 82] diagnostic_accuracy=59.6700% Gamma=0.000000 gate_passed=True fallback=functional_recovery_hungarian global_hash=a2ff210870e1cb6439b7fd4f84dae8330c0e2b9c071c135eca95be50022fac84
ROUND fedrad round=66 clients=[28, 65, 16, 72, 11, 36, 19, 51, 81, 53] diagnostic_accuracy=59.9200% Gamma=0.000000 gate_passed=True fallback=functional_recovery_hungarian global_hash=f0fd6a9fe6e1a24d918083e8faedf5de1a509928c51935660de1e11278877c1a
ROUND fedrad round=67 clients=[53, 63, 96, 28, 78, 90, 58, 73, 34, 4] diagnostic_accuracy=57.1900% Gamma=0.000000 gate_passed=True fallback=functional_recovery_hungarian global_hash=6c3ce05e2b8168eeba8319b836b071d515a8116f7b7624d1255970550b71d1f5
ROUND fedrad round=68 clients=[38, 57, 22, 41, 70, 39, 10, 5, 17, 32] diagnostic_accuracy=55.7400% Gamma=0.000000 gate_passed=True fallback=functional_recovery_hungarian global_hash=1e5880792cb34e926518eb37c0197475795db64727a7048317a4e2f0fb6d01dd
ROUND fedrad round=69 clients=[60, 67, 48, 59, 46, 94, 22, 29, 53, 97] diagnostic_accuracy=61.4900% Gamma=0.000000 gate_passed=True fallback=functional_recovery_hungarian global_hash=c51471037a72b66b1e6a84b97148ffe6e4a90eedaabd3f75d1c162ab1911f725
ROUND fedrad round=70 clients=[61, 33, 76, 48, 37, 54, 38, 13, 8, 39] diagnostic_accuracy=52.4900% Gamma=0.000000 gate_passed=True fallback=functional_recovery_hungarian global_hash=000711c7d5821272d63117857e4e7bbfade3e18ec8ee71466274d695358304e0
ROUND fedrad round=71 clients=[31, 88, 91, 25, 50, 95, 67, 45, 80, 70] diagnostic_accuracy=58.2200% Gamma=0.000000 gate_passed=True fallback=functional_recovery_hungarian global_hash=e0c29b9cfa32f295fbedf08025972be0f177bfe79dc5bff9f4f42072e686b339
ROUND fedrad round=72 clients=[3, 23, 17, 94, 61, 43, 63, 91, 37, 84] diagnostic_accuracy=48.5900% Gamma=0.000000 gate_passed=True fallback=functional_recovery_hungarian global_hash=20a4d817e5cd035f02bf5bfca8ffbde295c3b0dac8fedf3cf541b183a1f09412
ROUND fedrad round=73 clients=[11, 73, 78, 47, 45, 83, 36, 75, 91, 57] diagnostic_accuracy=62.5900% Gamma=0.000000 gate_passed=True fallback=functional_recovery_hungarian global_hash=60ffa1593cd19d2bd7acd0e515e461346298da353f0f78fa7034673b2ebc62b9
ROUND fedrad round=74 clients=[46, 54, 66, 62, 96, 49, 24, 75, 60, 52] diagnostic_accuracy=57.2100% Gamma=0.000000 gate_passed=True fallback=functional_recovery_hungarian global_hash=d964e2200a43d121c97a8e5af4757609bb4cb8dbd687339bf9908e93bc3381f3
ROUND fedrad round=75 clients=[75, 51, 39, 89, 14, 54, 41, 30, 24, 80] diagnostic_accuracy=53.7000% Gamma=0.000000 gate_passed=True fallback=functional_recovery_hungarian global_hash=48a95202a426ea3b83443d38e07935bcfbdbfdad0efcc47192e3b74f6e8f61a3
ROUND fedrad round=76 clients=[67, 90, 45, 78, 32, 86, 50, 55, 33, 60] diagnostic_accuracy=64.1500% Gamma=0.000000 gate_passed=True fallback=functional_recovery_hungarian global_hash=e753216536d37e9627e4c3a92623e169b2f5e1a98ddcfb5a3ec636debfbdcbb6
ROUND fedrad round=77 clients=[4, 16, 51, 33, 89, 30, 13, 77, 43, 85] diagnostic_accuracy=61.1600% Gamma=0.000000 gate_passed=True fallback=functional_recovery_hungarian global_hash=ab93d83625f43f51416cc329a8c4c6a273b052c249240e21cc9a59705cefae8b
ROUND fedrad round=78 clients=[97, 76, 96, 72, 42, 17, 33, 51, 24, 36] diagnostic_accuracy=61.4100% Gamma=0.000000 gate_passed=True fallback=functional_recovery_hungarian global_hash=9c27c2be363d013fe24fc99cf33e7b660ccf26a20d1e544a74d0aa1fe0373ff2
ROUND fedrad round=79 clients=[22, 47, 61, 27, 50, 96, 89, 97, 85, 30] diagnostic_accuracy=62.5000% Gamma=0.000000 gate_passed=True fallback=functional_recovery_hungarian global_hash=9eef4ad833e1c549b0e0f34fdb2c12f0efb3c08204bba2dce08b84945840d838
ROUND fedrad round=80 clients=[44, 70, 23, 38, 74, 21, 82, 4, 88, 98] diagnostic_accuracy=57.2600% Gamma=0.000000 gate_passed=True fallback=functional_recovery_hungarian global_hash=c09f8ebd353822d9100c5ad66a49e114c964312dd22347895be5cf7053442ff4
ROUND fedrad round=81 clients=[90, 72, 65, 50, 85, 56, 4, 80, 31, 17] diagnostic_accuracy=58.1800% Gamma=0.000000 gate_passed=True fallback=functional_recovery_hungarian global_hash=a4b41c34409e3c907a462fb343747be4feca9e4b2d6c9f58ca825e2ede70fefd
ROUND fedrad round=82 clients=[61, 40, 41, 34, 97, 51, 50, 13, 22, 8] diagnostic_accuracy=63.9200% Gamma=0.000000 gate_passed=True fallback=functional_recovery_hungarian global_hash=a00757073e7ce353bdfabea7ba2d4a138cc2ab21b34a3f19858a4a98af82935d
ROUND fedrad round=83 clients=[87, 54, 63, 83, 96, 26, 0, 59, 69, 14] diagnostic_accuracy=60.8000% Gamma=0.000000 gate_passed=True fallback=functional_recovery_hungarian global_hash=f52ecbd909d55c79578bbf03405fee4612e26753845168e8af35fd9b4dfe2a71
ROUND fedrad round=84 clients=[58, 47, 83, 36, 8, 2, 56, 49, 10, 38] diagnostic_accuracy=54.9300% Gamma=0.000000 gate_passed=True fallback=functional_recovery_hungarian global_hash=7680f351c42bb8fd82da463a717a79de8395240ed89629c810e3ace3fd378516
ROUND fedrad round=85 clients=[89, 90, 81, 54, 59, 4, 53, 47, 52, 19] diagnostic_accuracy=65.4300% Gamma=0.000000 gate_passed=True fallback=functional_recovery_hungarian global_hash=ea090ad3abb8e7ec74816c3de7ceea2f04117f94b44466aa5d17bb49796eedd0
ROUND fedrad round=86 clients=[24, 13, 81, 73, 19, 55, 40, 76, 57, 96] diagnostic_accuracy=61.6400% Gamma=0.000000 gate_passed=True fallback=functional_recovery_hungarian global_hash=64083cbc23017a978e91952ec4a0ddd63405dcf12131fbf87cfa41dc137bf54f
ROUND fedrad round=87 clients=[31, 75, 94, 20, 87, 26, 29, 70, 2, 50] diagnostic_accuracy=57.8900% Gamma=0.000000 gate_passed=True fallback=functional_recovery_hungarian global_hash=6f581b70f85c82ad1b18fa041d8222487c278fd4d336d0a26120ca6c2d292e18
ROUND fedrad round=88 clients=[0, 9, 46, 37, 72, 83, 73, 16, 55, 27] diagnostic_accuracy=56.8800% Gamma=0.000000 gate_passed=True fallback=functional_recovery_hungarian global_hash=541bfddc6cbbd4912b1da3c4a770d20dfad3a327c3f9deb3eae1a4415fd36004
ROUND fedrad round=89 clients=[80, 29, 9, 50, 26, 81, 48, 82, 37, 15] diagnostic_accuracy=54.5600% Gamma=0.000000 gate_passed=True fallback=functional_recovery_hungarian global_hash=f0d6dd13997afda141d5ac7de09fc1340bd67e52baeabf7eff8f9c1c70b8eaaa
ROUND fedrad round=90 clients=[82, 6, 87, 74, 29, 50, 62, 67, 12, 83] diagnostic_accuracy=68.5300% Gamma=0.000000 gate_passed=True fallback=functional_recovery_hungarian global_hash=6dfa1abafa5ca177fb9b6c0223c5f072e273d6554cc79915ccd85db7188b6e6e
ROUND fedrad round=91 clients=[36, 75, 89, 43, 12, 21, 95, 72, 24, 63] diagnostic_accuracy=55.1500% Gamma=0.000000 gate_passed=True fallback=functional_recovery_hungarian global_hash=e7b53c2256b9693cff41b67e5616b48bab7d529e7ebde020d1be5d11d1a35dc7
ROUND fedrad round=92 clients=[34, 15, 31, 94, 46, 70, 19, 80, 6, 88] diagnostic_accuracy=61.8200% Gamma=0.000000 gate_passed=True fallback=functional_recovery_hungarian global_hash=d62c7c0fed42a404c7ae9953e0b338a040ede2a14b2fb2e55d4bfec576525a2c
ROUND fedrad round=93 clients=[70, 92, 72, 77, 23, 53, 1, 12, 97, 93] diagnostic_accuracy=58.3700% Gamma=0.000000 gate_passed=True fallback=functional_recovery_hungarian global_hash=356e9825f61a5216e202f8634286f269439513b4de82cb36ecb11dd41c5cc406
ROUND fedrad round=94 clients=[13, 38, 36, 14, 57, 77, 66, 73, 3, 0] diagnostic_accuracy=58.3400% Gamma=0.000000 gate_passed=True fallback=functional_recovery_hungarian global_hash=c21b88dca5548799c2f5317a2b9465a588b7df4755cc9e55496df157d79509e6
ROUND fedrad round=95 clients=[13, 19, 10, 24, 76, 57, 88, 23, 61, 31] diagnostic_accuracy=58.8600% Gamma=0.000000 gate_passed=True fallback=functional_recovery_hungarian global_hash=b7e1edd24b5925434b4a29c03269c87ed801e043ac3cac879c504611f536d419
ROUND fedrad round=96 clients=[18, 45, 94, 24, 56, 67, 10, 14, 13, 9] diagnostic_accuracy=65.8800% Gamma=0.000000 gate_passed=True fallback=functional_recovery_hungarian global_hash=64f4d9737a4e621a0c4349a4c2396d26280cbcdf5957776e4ff7563824473855
ROUND fedrad round=97 clients=[13, 48, 73, 93, 70, 1, 43, 77, 76, 88] diagnostic_accuracy=62.5500% Gamma=0.000000 gate_passed=True fallback=functional_recovery_hungarian global_hash=bef431b926be9b5cd7047aaa4b980cfbd1372d98b4c3a004d6c2ec98cc35ed16
ROUND fedrad round=98 clients=[21, 45, 83, 68, 75, 65, 96, 1, 77, 73] diagnostic_accuracy=65.9600% Gamma=0.000000 gate_passed=True fallback=functional_recovery_hungarian global_hash=64087181db23cbf39c714f85af1ed16789588b65547077abfddc133f8eb6dbd3
ROUND fedrad round=99 clients=[81, 84, 60, 18, 45, 47, 94, 83, 76, 22] diagnostic_accuracy=56.3400% Gamma=0.000000 gate_passed=True fallback=functional_recovery_hungarian global_hash=2cc155171adb7bea0cf2c067a2d5f2fb9f383cbc55b179e0a26a7629629d1c57
ROUND fedrad round=100 clients=[21, 69, 47, 34, 65, 81, 93, 44, 30, 84] diagnostic_accuracy=59.1700% Gamma=0.000000 gate_passed=True fallback=functional_recovery_hungarian global_hash=ebba4b902b0ebeb3c0b7ecd6790426924c55e714922b0b8feaf2f1e38015ef8f
ROUND fedrad round=101 clients=[22, 38, 77, 15, 11, 61, 37, 34, 87, 3] diagnostic_accuracy=66.2600% Gamma=0.000000 gate_passed=True fallback=functional_recovery_hungarian global_hash=22309c81551d2468449813c4dfa5ef89bfef1000ce2f6132fc49213f3e8c4879
ROUND fedrad round=102 clients=[96, 9, 26, 58, 69, 44, 13, 93, 61, 43] diagnostic_accuracy=60.1500% Gamma=0.000000 gate_passed=True fallback=functional_recovery_hungarian global_hash=e7d392a748889ed924d90594d453dec5d9519e1ddf8b10fb3b640b1d6669cb2d
ROUND fedrad round=103 clients=[13, 34, 27, 16, 72, 98, 14, 19, 9, 46] diagnostic_accuracy=58.5500% Gamma=0.000000 gate_passed=True fallback=functional_recovery_hungarian global_hash=ccbc27c40dc84f89a36d51882d5d6cc72b4b0886319599b8f7ad999fbb2c6cb3
ROUND fedrad round=104 clients=[29, 72, 81, 80, 68, 85, 14, 0, 93, 52] diagnostic_accuracy=66.7500% Gamma=0.000000 gate_passed=True fallback=functional_recovery_hungarian global_hash=84585bf91bf19ae32dab8b28ca7a524ffd3c11d16c9873ebce5399337e2a307c
ROUND fedrad round=105 clients=[17, 69, 35, 86, 83, 84, 23, 56, 89, 60] diagnostic_accuracy=62.9500% Gamma=0.000000 gate_passed=True fallback=functional_recovery_hungarian global_hash=47470fd629d0603fd2a78fed28f1add0c9170b2f7b10fabc0aff3c6931cb5df3
ROUND fedrad round=106 clients=[94, 79, 36, 8, 19, 16, 13, 30, 25, 3] diagnostic_accuracy=46.1300% Gamma=0.000000 gate_passed=True fallback=functional_recovery_hungarian global_hash=7b5abe7a5719376ac12d21b99876672e2f06518ea16fe9fd71e2a0da33d57422
ROUND fedrad round=107 clients=[45, 82, 32, 52, 17, 96, 6, 57, 67, 74] diagnostic_accuracy=61.7900% Gamma=0.000000 gate_passed=True fallback=functional_recovery_hungarian global_hash=186349c293f0586066d8def51f1aa963fd119a57857d717638cc33c8cf2ca917
ROUND fedrad round=108 clients=[61, 20, 59, 99, 39, 42, 73, 53, 45, 8] diagnostic_accuracy=68.7500% Gamma=0.000000 gate_passed=True fallback=functional_recovery_hungarian global_hash=03767c3572c6e12125bab617cc053f535eed691dbf381bfe6ef67bf00d8fc942
ROUND fedrad round=109 clients=[60, 38, 5, 54, 66, 33, 80, 83, 9, 4] diagnostic_accuracy=61.5000% Gamma=0.000000 gate_passed=True fallback=functional_recovery_hungarian global_hash=7f5191a7e2e3dbd5056ff3d5ced8ee4738bf8c3964f0db08b5e0f184dd768a06
ROUND fedrad round=110 clients=[39, 44, 62, 4, 42, 25, 0, 45, 29, 93] diagnostic_accuracy=69.6800% Gamma=0.000000 gate_passed=True fallback=functional_recovery_hungarian global_hash=2b23b3b3b8483faafee5109ac88082d067b40f14c758b23e5593fb703e50cf45
ROUND fedrad round=111 clients=[96, 54, 19, 97, 92, 31, 81, 2, 24, 9] diagnostic_accuracy=69.7200% Gamma=0.000000 gate_passed=True fallback=functional_recovery_hungarian global_hash=908f7ff10761cfaa7e75477bffa0b04365b5d471340e506953e88eab2db8fe33
ROUND fedrad round=112 clients=[9, 19, 7, 49, 45, 35, 80, 85, 40, 89] diagnostic_accuracy=66.6900% Gamma=0.000000 gate_passed=True fallback=functional_recovery_hungarian global_hash=0378274f6bcb0ce35c45978f46db845531ac522c0fb72cfc32daca814170bff5
ROUND fedrad round=113 clients=[73, 66, 18, 74, 33, 2, 87, 29, 98, 91] diagnostic_accuracy=63.2700% Gamma=0.000000 gate_passed=True fallback=functional_recovery_hungarian global_hash=d530937beb492c81694b3f286cef0b109ffca49352a67e5cc2761edb0df8c982
ROUND fedrad round=114 clients=[40, 31, 27, 50, 71, 81, 99, 97, 73, 49] diagnostic_accuracy=58.1000% Gamma=0.000000 gate_passed=True fallback=functional_recovery_hungarian global_hash=f4f5f9425523ed722e1aa96477de0cee31e59453072694128a5a9b1096c79334
ROUND fedrad round=115 clients=[61, 64, 42, 88, 27, 95, 92, 50, 45, 85] diagnostic_accuracy=66.9300% Gamma=0.000000 gate_passed=True fallback=functional_recovery_hungarian global_hash=5542723b58365ea690f1686099b2a9cd8569ca4d4e8cc25614eac89f8fd929d0
ROUND fedrad round=116 clients=[27, 8, 49, 32, 15, 35, 70, 59, 31, 30] diagnostic_accuracy=59.4800% Gamma=0.000000 gate_passed=True fallback=functional_recovery_hungarian global_hash=e1983eefdc14e539130c6668381ee7a50fc00ffa3f95edeff9d5bf7a40d3c59b
ROUND fedrad round=117 clients=[69, 35, 52, 51, 26, 15, 76, 48, 98, 12] diagnostic_accuracy=64.4600% Gamma=0.000000 gate_passed=True fallback=functional_recovery_hungarian global_hash=86f5ca1e10d487a398dc08567c20dd18997808b6c14b9b48910b776e7704e296
ROUND fedrad round=118 clients=[46, 57, 0, 86, 26, 80, 73, 20, 63, 98] diagnostic_accuracy=64.6600% Gamma=0.000000 gate_passed=True fallback=functional_recovery_hungarian global_hash=713b2eb120ca47a6383c1caf105df47106352b13fd9e50694c29022fa7747a23
ROUND fedrad round=119 clients=[81, 6, 64, 84, 20, 2, 8, 4, 66, 92] diagnostic_accuracy=63.0400% Gamma=0.000000 gate_passed=True fallback=functional_recovery_hungarian global_hash=f6ef8baedcb78307821185214a594041628cf39bafee5b8403fbd19a2447f76a
ROUND fedrad round=120 clients=[61, 34, 64, 11, 96, 18, 82, 52, 72, 92] diagnostic_accuracy=66.9000% Gamma=0.000000 gate_passed=True fallback=functional_recovery_hungarian global_hash=3ab12fe9532fa0bfd3c67c095da184c1f19d7158f727a36d280a3530629471ce
ROUND fedrad round=121 clients=[93, 68, 94, 13, 36, 11, 5, 1, 40, 7] diagnostic_accuracy=68.4200% Gamma=0.000000 gate_passed=True fallback=functional_recovery_hungarian global_hash=9a646fb46476748c248efb69133a6397775b18078ea889ee0f7780c61561c4ce
ROUND fedrad round=122 clients=[73, 64, 37, 69, 31, 48, 77, 41, 53, 75] diagnostic_accuracy=61.0000% Gamma=0.000000 gate_passed=True fallback=functional_recovery_hungarian global_hash=a3b55baa5a21a85569d93291acb6e99bb76e880c12975a5881dcdc80c5135749
ROUND fedrad round=123 clients=[46, 43, 84, 11, 66, 92, 16, 19, 96, 37] diagnostic_accuracy=59.9500% Gamma=0.000000 gate_passed=True fallback=functional_recovery_hungarian global_hash=0e926ddb314e52c90edd782be213577c40eb22eb10abba5b79f55173c359e93e
ROUND fedrad round=124 clients=[43, 96, 9, 0, 74, 19, 1, 23, 38, 66] diagnostic_accuracy=64.9200% Gamma=0.000000 gate_passed=True fallback=functional_recovery_hungarian global_hash=82bef3ba4db4a98fc27553be04f8b8c99c64ddf8c6928314bd951f940da6a46c
ROUND fedrad round=125 clients=[27, 62, 32, 10, 22, 72, 64, 25, 86, 60] diagnostic_accuracy=61.6000% Gamma=0.000000 gate_passed=True fallback=functional_recovery_hungarian global_hash=daec5f4e8fe3e2f73526edd6bfaeeb2d6623af39261ee0106c751fe880c89730
ROUND fedrad round=126 clients=[84, 7, 64, 76, 15, 46, 27, 47, 40, 69] diagnostic_accuracy=65.0300% Gamma=0.000000 gate_passed=True fallback=functional_recovery_hungarian global_hash=92515c41b735c06ea57db1541359177a9c5a9885a0420e58b924723abc54f823
ROUND fedrad round=127 clients=[75, 97, 79, 87, 11, 7, 37, 92, 41, 12] diagnostic_accuracy=65.8100% Gamma=0.000000 gate_passed=True fallback=functional_recovery_hungarian global_hash=cf7015d32218d6a88848ba12a7f0e24fd07472e969d780beaf0295f3b329c31d
ROUND fedrad round=128 clients=[78, 4, 17, 21, 76, 74, 19, 61, 45, 86] diagnostic_accuracy=71.3900% Gamma=0.000000 gate_passed=True fallback=functional_recovery_hungarian global_hash=2b35184f64ef6214dc9843897985a3673f5a364d41e5af974ef3034babf2350b
ROUND fedrad round=129 clients=[23, 41, 75, 36, 26, 49, 95, 16, 93, 72] diagnostic_accuracy=58.4700% Gamma=0.000000 gate_passed=True fallback=functional_recovery_hungarian global_hash=b1147ba35894004014b4f782e096e3463223fa0bce2be83e068c64cd0870ce8e
ROUND fedrad round=130 clients=[59, 53, 65, 8, 68, 35, 13, 55, 23, 97] diagnostic_accuracy=66.8300% Gamma=0.000000 gate_passed=True fallback=functional_recovery_hungarian global_hash=8b41917b9cd155a21dcbb08eaa863903164e205989ad78614e4e88a1b87d1008
ROUND fedrad round=131 clients=[74, 98, 22, 45, 97, 87, 92, 71, 47, 79] diagnostic_accuracy=69.6200% Gamma=0.000000 gate_passed=True fallback=functional_recovery_hungarian global_hash=ce4aff952f071ff7deeece23cafb646502ade54a76bddd3c9a2803487e3c705d
ROUND fedrad round=132 clients=[35, 70, 59, 49, 36, 91, 82, 50, 26, 72] diagnostic_accuracy=51.0300% Gamma=0.000000 gate_passed=True fallback=functional_recovery_hungarian global_hash=3b8228077165897cf38bdb7502b0d89ccc0f9f8f2c804ef1c98ddb42b491493e
ROUND fedrad round=133 clients=[22, 83, 75, 29, 66, 48, 12, 10, 86, 1] diagnostic_accuracy=63.5600% Gamma=0.000000 gate_passed=True fallback=functional_recovery_hungarian global_hash=25eae9ed6f2ca8b422520fff7a458f5a3e3aca19ba9d0b3374ad93bf8c547f85
ROUND fedrad round=134 clients=[76, 33, 40, 59, 65, 63, 73, 36, 99, 82] diagnostic_accuracy=68.9700% Gamma=0.000000 gate_passed=True fallback=functional_recovery_hungarian global_hash=22b6c2f0d5a97c918d94cc4690cd61f915ede35b3aaab3d76b75000df3a1bc12
ROUND fedrad round=135 clients=[85, 88, 54, 40, 70, 67, 86, 38, 58, 42] diagnostic_accuracy=72.9100% Gamma=0.000000 gate_passed=True fallback=functional_recovery_hungarian global_hash=ab30f8e8823ca84f3dbe72e7596f0ac49a490f1a305df958eaa58034ee507b34
ROUND fedrad round=136 clients=[89, 56, 12, 90, 94, 86, 19, 78, 92, 59] diagnostic_accuracy=69.8900% Gamma=0.000000 gate_passed=True fallback=functional_recovery_hungarian global_hash=046e69206fcef39d612654358878316b539fbfbf5051b08a64a55aa414fda843
ROUND fedrad round=137 clients=[7, 94, 69, 44, 50, 26, 75, 24, 33, 18] diagnostic_accuracy=64.0600% Gamma=0.000000 gate_passed=True fallback=functional_recovery_hungarian global_hash=c4023317fb389ff280da0a8cc12f332e5bf4b9a99169b6b22a884fe2e2eeda72
ROUND fedrad round=138 clients=[89, 75, 84, 93, 35, 71, 19, 63, 59, 94] diagnostic_accuracy=61.3100% Gamma=0.000000 gate_passed=True fallback=functional_recovery_hungarian global_hash=21cd82966bf50a2e68bbad71a7ddd15a8be4219f0be7ce1f36f7c12d4303e65d
ROUND fedrad round=139 clients=[54, 66, 17, 43, 53, 40, 76, 1, 4, 81] diagnostic_accuracy=71.0600% Gamma=0.000000 gate_passed=True fallback=functional_recovery_hungarian global_hash=faaf56e5f70017f916020a30354a8413db9f7b4eeff9598301cbe29dad6b2896
ROUND fedrad round=140 clients=[52, 51, 97, 7, 41, 61, 29, 88, 49, 26] diagnostic_accuracy=68.4500% Gamma=0.000000 gate_passed=True fallback=functional_recovery_hungarian global_hash=845d662e9268ec0125b71f6c0d8ac248a3933c962c02319310ed9fb501c888fb
ROUND fedrad round=141 clients=[21, 47, 20, 59, 85, 2, 99, 70, 54, 50] diagnostic_accuracy=68.8600% Gamma=0.000000 gate_passed=True fallback=functional_recovery_hungarian global_hash=b0b4db4249f5726d306272e8613007e287f0dbad26bd32dd4c7acd2d1577ae8e
ROUND fedrad round=142 clients=[65, 98, 79, 6, 58, 92, 19, 37, 33, 75] diagnostic_accuracy=67.3000% Gamma=0.000000 gate_passed=True fallback=functional_recovery_hungarian global_hash=d32641456942767a04016aa02874f4de4988f33eec98e725cee1a7757958a65b
ROUND fedrad round=143 clients=[44, 84, 56, 0, 69, 15, 66, 78, 42, 95] diagnostic_accuracy=58.6200% Gamma=0.000000 gate_passed=True fallback=functional_recovery_hungarian global_hash=e47414c63b8a6415c950271a88e4d4a6684aa2b580bd1b2f9d3772853f276eeb
ROUND fedrad round=144 clients=[36, 20, 53, 26, 80, 67, 25, 37, 39, 10] diagnostic_accuracy=61.5500% Gamma=0.000000 gate_passed=True fallback=functional_recovery_hungarian global_hash=985367cf4b820a1efc49cb8dd3a7765c215725d56c5e54cd444d356a56001cc6
ROUND fedrad round=145 clients=[54, 62, 65, 69, 82, 46, 64, 70, 59, 11] diagnostic_accuracy=69.7600% Gamma=0.000000 gate_passed=True fallback=functional_recovery_hungarian global_hash=d86b1fa4383b2850aa7eed27f6741572b3b21d334e4bccfb11c07000693d5a51
ROUND fedrad round=146 clients=[78, 89, 64, 25, 85, 9, 57, 41, 97, 45] diagnostic_accuracy=66.4600% Gamma=0.000000 gate_passed=True fallback=functional_recovery_hungarian global_hash=1f397e034c298f98294e8c9f50af571677a127bda4454067c29b48ec105da626
ROUND fedrad round=147 clients=[32, 8, 70, 41, 12, 19, 88, 20, 98, 33] diagnostic_accuracy=57.0400% Gamma=0.000000 gate_passed=True fallback=functional_recovery_hungarian global_hash=0673391d2db4b690bbac2dbff7e4a405969e33312e25b78757b84a392601b161
ROUND fedrad round=148 clients=[50, 29, 81, 33, 44, 69, 2, 68, 93, 85] diagnostic_accuracy=68.7700% Gamma=0.000000 gate_passed=True fallback=functional_recovery_hungarian global_hash=b93e29c93639e9c3b8c03adb2a944b99d1c2bd64a06dd76c1128f943bb4bd045
ROUND fedrad round=149 clients=[5, 84, 70, 73, 31, 62, 69, 13, 86, 74] diagnostic_accuracy=53.0600% Gamma=0.000000 gate_passed=True fallback=functional_recovery_hungarian global_hash=34388a54fa01ab4422dbadc845aba44f5ce6e10775fa2d82323ad6b387062c7d
ROUND fedrad round=150 clients=[69, 9, 41, 83, 76, 63, 34, 67, 36, 87] diagnostic_accuracy=67.4200% Gamma=0.000000 gate_passed=True fallback=functional_recovery_hungarian global_hash=fa6b2a11af7cfb73711bf58751a3c72d7d91d1f25a290eef25aa47fb84f313e0
ROUND fedrad round=151 clients=[40, 77, 95, 52, 25, 38, 46, 47, 93, 88] diagnostic_accuracy=64.3700% Gamma=0.000000 gate_passed=True fallback=functional_recovery_hungarian global_hash=bd965983ccc069a563a813fd308f247c66ad7a29d67ec4160f31071829030568
ROUND fedrad round=152 clients=[14, 22, 87, 6, 15, 36, 37, 44, 48, 38] diagnostic_accuracy=65.9200% Gamma=0.000000 gate_passed=True fallback=functional_recovery_hungarian global_hash=332df2e7d2e8b8c7583544aae967f652c37f0b2a62776798fc7e4759da2e4e61
ROUND fedrad round=153 clients=[14, 66, 74, 62, 49, 45, 18, 79, 15, 68] diagnostic_accuracy=71.2200% Gamma=0.000000 gate_passed=True fallback=functional_recovery_hungarian global_hash=bc07f184bc21384e633068c3964e583bcac0a170ca5b61ed535fd04a863eef0d
ROUND fedrad round=154 clients=[92, 32, 77, 87, 27, 13, 14, 47, 22, 73] diagnostic_accuracy=66.0800% Gamma=0.000000 gate_passed=True fallback=functional_recovery_hungarian global_hash=4d091ff21894e0e3ccc35f52980cf586c0edb7646853956175b812e844969253
ROUND fedrad round=155 clients=[60, 31, 44, 3, 84, 25, 98, 73, 52, 82] diagnostic_accuracy=55.6800% Gamma=0.000000 gate_passed=True fallback=functional_recovery_hungarian global_hash=779b0c4427ba73cce375a43bd9b1a1f9b0db87f53a7aca40973dbca89895f77b
ROUND fedrad round=156 clients=[66, 38, 74, 49, 46, 45, 12, 0, 81, 23] diagnostic_accuracy=64.4900% Gamma=0.000000 gate_passed=True fallback=functional_recovery_hungarian global_hash=3bc83faf847ae48e41d364aa1fab3f9dadce653f4fa247330bc76b089efb3449
ROUND fedrad round=157 clients=[6, 14, 56, 8, 37, 71, 68, 53, 88, 65] diagnostic_accuracy=68.1900% Gamma=0.000000 gate_passed=True fallback=functional_recovery_hungarian global_hash=dbd5c91356d9b40135f79045d174c22fcf0664ea5b9c3ed41bb01f46782433ac
ROUND fedrad round=158 clients=[76, 40, 68, 38, 91, 92, 18, 11, 69, 94] diagnostic_accuracy=72.1100% Gamma=0.000000 gate_passed=True fallback=functional_recovery_hungarian global_hash=a25975ff51a8d247f283c77ff90c3021fb8a493499a4c94271f191cb6c982450
ROUND fedrad round=159 clients=[0, 23, 91, 83, 98, 64, 90, 32, 84, 36] diagnostic_accuracy=63.6100% Gamma=0.000000 gate_passed=True fallback=functional_recovery_hungarian global_hash=698b4fbd404acf4d2cdc9e280c9852c54c3cfaeee428089f63a31dbca896b31d
ROUND fedrad round=160 clients=[15, 9, 95, 71, 80, 49, 39, 81, 30, 8] diagnostic_accuracy=68.9800% Gamma=0.000000 gate_passed=True fallback=functional_recovery_hungarian global_hash=5562ada5c26c7456e733131838685472eab866cf60db8595cebef722f26306ec
ROUND fedrad round=161 clients=[29, 87, 67, 36, 35, 96, 15, 61, 24, 62] diagnostic_accuracy=62.8500% Gamma=0.000000 gate_passed=True fallback=functional_recovery_hungarian global_hash=6c67abbbacc9838f325bca2d2489c84a7ba736fcdba058de2395095fc74cd8f8
ROUND fedrad round=162 clients=[13, 58, 87, 52, 50, 60, 3, 19, 35, 0] diagnostic_accuracy=65.0500% Gamma=0.000000 gate_passed=True fallback=functional_recovery_hungarian global_hash=55cd7f4db38aa6445d86b620bc22956604edee17d11f4f014aaad28c950263b9
ROUND fedrad round=163 clients=[55, 46, 66, 67, 73, 12, 51, 1, 57, 90] diagnostic_accuracy=70.6800% Gamma=0.000000 gate_passed=True fallback=functional_recovery_hungarian global_hash=b4b052d79d0fd5d2e31b755c4da4aea689f40fc554dfdd154baeb7afcc6abe9a
ROUND fedrad round=164 clients=[40, 72, 92, 86, 89, 90, 16, 98, 73, 58] diagnostic_accuracy=73.9200% Gamma=0.000000 gate_passed=True fallback=functional_recovery_hungarian global_hash=c24e97a581d9219640e2fab3413ed3f71d06b5495520d755c1cb98a6791937ac
ROUND fedrad round=165 clients=[0, 58, 47, 44, 94, 66, 4, 7, 27, 2] diagnostic_accuracy=67.7700% Gamma=0.000000 gate_passed=True fallback=functional_recovery_hungarian global_hash=7a6e5ac76dc752988e4e35acfea2758fc0a10fac944044d64b3dafd1f640cede
ROUND fedrad round=166 clients=[58, 87, 14, 78, 40, 83, 73, 18, 52, 31] diagnostic_accuracy=67.2700% Gamma=0.000000 gate_passed=True fallback=functional_recovery_hungarian global_hash=0c0a469ae53a189304e7a0feecc958f178f6128ade51ca6cb28bd86a880187ef
ROUND fedrad round=167 clients=[99, 22, 62, 86, 5, 20, 9, 51, 7, 54] diagnostic_accuracy=70.6400% Gamma=0.000000 gate_passed=True fallback=functional_recovery_hungarian global_hash=7a9210300d2ea4fd77f87da81fa362c28ec03a420d4b7b6a8270027562b91d99
ROUND fedrad round=168 clients=[97, 37, 42, 7, 22, 5, 24, 56, 69, 12] diagnostic_accuracy=69.3300% Gamma=0.000000 gate_passed=True fallback=functional_recovery_hungarian global_hash=59c2d1ea95b3a24e4db68d16d3e5a4bed7286eeb38718d334c307b3ad2b58b55
ROUND fedrad round=169 clients=[96, 22, 76, 44, 59, 78, 12, 68, 94, 87] diagnostic_accuracy=69.1400% Gamma=0.000000 gate_passed=True fallback=functional_recovery_hungarian global_hash=b9898874463efd6ac1c947a1b95dda4211b7496274d88f5cc814d054f224f800
ROUND fedrad round=170 clients=[45, 7, 65, 19, 95, 16, 35, 23, 83, 88] diagnostic_accuracy=69.3200% Gamma=0.000000 gate_passed=True fallback=functional_recovery_hungarian global_hash=e5a59212628bc9d4a34c106d02ab4ce76fc6491b41ef96374e7428f8d2a60d98
ROUND fedrad round=171 clients=[12, 91, 4, 90, 47, 66, 33, 9, 61, 84] diagnostic_accuracy=69.1400% Gamma=0.000000 gate_passed=True fallback=functional_recovery_hungarian global_hash=e8a18780d291d931e5c06a16cf64de9ac10ce60c675ca825d167a1263cc1ed9a
ROUND fedrad round=172 clients=[46, 60, 83, 2, 37, 70, 93, 29, 3, 43] diagnostic_accuracy=58.5100% Gamma=0.000000 gate_passed=True fallback=functional_recovery_hungarian global_hash=b7e3caeb4b06e561bd98d05ed857ee69dc6be5bdbdc4c3eacf2b38792e35e309
ROUND fedrad round=173 clients=[27, 45, 49, 4, 31, 62, 9, 95, 69, 72] diagnostic_accuracy=68.1300% Gamma=0.000000 gate_passed=True fallback=functional_recovery_hungarian global_hash=f431a2650330b91d16c96ff1cdd5522330f65299e7f5ef2c771b52ca9f046635
ROUND fedrad round=174 clients=[27, 28, 1, 92, 55, 48, 74, 7, 99, 62] diagnostic_accuracy=67.2600% Gamma=0.000000 gate_passed=True fallback=functional_recovery_hungarian global_hash=4d4feec6e69c0e20442ff55af6d0a33553363a6060e902eb18f6462a0a710e39
ROUND fedrad round=175 clients=[24, 0, 9, 11, 31, 45, 58, 35, 69, 21] diagnostic_accuracy=73.4000% Gamma=0.000000 gate_passed=True fallback=functional_recovery_hungarian global_hash=f748cd6cf3a894035a06aee6de59ebe5675fdcfbc465725a5d1ddba85a51b4db
ROUND fedrad round=176 clients=[42, 98, 67, 21, 24, 81, 20, 75, 29, 36] diagnostic_accuracy=68.8700% Gamma=0.000000 gate_passed=True fallback=functional_recovery_hungarian global_hash=4a4c629e2d070ef21d2444a517bf90d0793d7bfcd24aec178c1ef29b50433ea8
ROUND fedrad round=177 clients=[49, 75, 33, 60, 42, 64, 69, 11, 47, 70] diagnostic_accuracy=66.4800% Gamma=0.000000 gate_passed=True fallback=functional_recovery_hungarian global_hash=c75b629376b77b35c2945bf71b364d64b27d2c41fe613301742874b1cf194d22
ROUND fedrad round=178 clients=[96, 60, 16, 70, 73, 40, 11, 24, 87, 93] diagnostic_accuracy=65.0700% Gamma=0.000000 gate_passed=True fallback=functional_recovery_hungarian global_hash=ff2ce5ca76bcd6cb5de9835a684f0b481fbcf89913df525ebb79cf08c1327421
ROUND fedrad round=179 clients=[37, 16, 85, 31, 69, 36, 54, 25, 32, 38] diagnostic_accuracy=66.3300% Gamma=0.000000 gate_passed=True fallback=functional_recovery_hungarian global_hash=b540846e63bf234ff30b7092d92c876f48684cb5242d456a48cc6829d0372ea5
ROUND fedrad round=180 clients=[80, 92, 61, 76, 19, 28, 7, 73, 67, 38] diagnostic_accuracy=70.8700% Gamma=0.000000 gate_passed=True fallback=functional_recovery_hungarian global_hash=712f685b3fd75b5456698a410ea27b99e629868875158c3f411cabcfd1c2fb3f
ROUND fedrad round=181 clients=[78, 26, 35, 44, 29, 85, 64, 66, 97, 21] diagnostic_accuracy=65.8900% Gamma=0.000000 gate_passed=True fallback=functional_recovery_hungarian global_hash=6b9a739ee24a8fade94e327ed720d42baedb06dae37f6802591f6f4c3f41304e
ROUND fedrad round=182 clients=[78, 73, 10, 52, 54, 24, 44, 70, 99, 90] diagnostic_accuracy=67.2400% Gamma=0.000000 gate_passed=True fallback=functional_recovery_hungarian global_hash=9e6aaa73ec01a28d07edfc36c05c66919ba9329a856e15f2c4b5b19ceb845327
ROUND fedrad round=183 clients=[96, 38, 1, 4, 36, 19, 77, 52, 41, 49] diagnostic_accuracy=71.3900% Gamma=0.000000 gate_passed=True fallback=functional_recovery_hungarian global_hash=b6b327f59aebdf5b720ff98106ed532a45b2b32d5cac83a3bfdb4a4e5157cbfc
ROUND fedrad round=184 clients=[87, 55, 49, 7, 51, 67, 40, 21, 34, 0] diagnostic_accuracy=73.3000% Gamma=0.000000 gate_passed=True fallback=functional_recovery_hungarian global_hash=5925614ee2f8571be3eec29a3928c6bb691ba32884465b2f7820ea76efb0a859
ROUND fedrad round=185 clients=[74, 63, 39, 14, 96, 82, 21, 45, 88, 13] diagnostic_accuracy=67.3700% Gamma=0.000000 gate_passed=True fallback=functional_recovery_hungarian global_hash=dae24b1c6f74be0b31ce7e96f11324bf2ca473091438f6c385157a52ed062907
ROUND fedrad round=186 clients=[1, 26, 23, 59, 22, 57, 27, 60, 18, 69] diagnostic_accuracy=66.8700% Gamma=0.000000 gate_passed=True fallback=functional_recovery_hungarian global_hash=f736abb7e3d23bc6217a9c37daa1f19f8e625015e300cb413437d7b85399574b
ROUND fedrad round=187 clients=[34, 87, 43, 64, 27, 92, 78, 55, 68, 7] diagnostic_accuracy=71.3500% Gamma=0.000000 gate_passed=True fallback=functional_recovery_hungarian global_hash=0b2a3c8af09aa33bde913d1ca786a775774c0edd78ca88d749e06dea6bfc71e7
ROUND fedrad round=188 clients=[67, 20, 34, 69, 85, 14, 86, 81, 36, 76] diagnostic_accuracy=73.1900% Gamma=0.000000 gate_passed=True fallback=functional_recovery_hungarian global_hash=4e1bbecac8d2ed4ec4b13fb1d768dbdb5aa817ac805ef96f266f588d26c6eda9
ROUND fedrad round=189 clients=[57, 7, 53, 49, 74, 65, 76, 29, 78, 80] diagnostic_accuracy=71.8900% Gamma=0.000000 gate_passed=True fallback=functional_recovery_hungarian global_hash=c698120d5eeda0c61a0dd4e1610b460f66e57d0c85c379534a3eaf83ef5c0f5a
ROUND fedrad round=190 clients=[71, 25, 7, 77, 39, 51, 87, 5, 45, 11] diagnostic_accuracy=65.0700% Gamma=0.000000 gate_passed=True fallback=functional_recovery_hungarian global_hash=faeff3ab9fb8da20bc2eb64048f5b8ecb01c599dd5caf50504db862b1b14e4d5
ROUND fedrad round=191 clients=[60, 21, 34, 0, 98, 92, 44, 65, 66, 3] diagnostic_accuracy=69.0200% Gamma=0.000000 gate_passed=True fallback=functional_recovery_hungarian global_hash=2b35a9a25dcec57a75de89a320901524ba9cce93d81cdaa5b11d438ee087b2a0
ROUND fedrad round=192 clients=[36, 59, 66, 20, 0, 16, 86, 71, 90, 56] diagnostic_accuracy=73.1400% Gamma=0.000000 gate_passed=True fallback=functional_recovery_hungarian global_hash=e9650b656555520c2bd502e817c11cc4683f940f395468e2202fcb6913f55f2d
ROUND fedrad round=193 clients=[19, 22, 51, 45, 91, 26, 14, 83, 15, 67] diagnostic_accuracy=72.3100% Gamma=0.000000 gate_passed=True fallback=functional_recovery_hungarian global_hash=60ff9ad7d1cc2dc3f6d44a58563ba44ebb233ad15ec74bd1fd13724a672db7a1
ROUND fedrad round=194 clients=[62, 14, 3, 92, 78, 33, 89, 48, 70, 31] diagnostic_accuracy=66.6700% Gamma=0.000000 gate_passed=True fallback=functional_recovery_hungarian global_hash=eaad20fc5745966346e0425e42bdbc4a9707c897d75dbf98c0652fc8b77e16e4
ROUND fedrad round=195 clients=[37, 10, 88, 63, 53, 68, 2, 52, 26, 59] diagnostic_accuracy=66.5100% Gamma=0.000000 gate_passed=True fallback=functional_recovery_hungarian global_hash=9b03feb382b0cf6068ed3a2714c882f69f8caca314ad0affcc5585770ddba265
ROUND fedrad round=196 clients=[59, 71, 85, 49, 20, 10, 3, 86, 88, 33] diagnostic_accuracy=59.3000% Gamma=0.000000 gate_passed=True fallback=functional_recovery_hungarian global_hash=9320591cb58cee477885c1fbd8a11e8f2c5fb6c877c41b911645acbd9289303d
ROUND fedrad round=197 clients=[9, 0, 18, 66, 44, 17, 92, 95, 64, 96] diagnostic_accuracy=70.1900% Gamma=0.000000 gate_passed=True fallback=functional_recovery_hungarian global_hash=2b6d8514c52acf64b3736465b86f2bd6d623cfbcee3a1a279065607f63cd8eec
ROUND fedrad round=198 clients=[70, 58, 24, 57, 32, 19, 43, 65, 5, 88] diagnostic_accuracy=60.0500% Gamma=0.000000 gate_passed=True fallback=functional_recovery_hungarian global_hash=bcae827134cbfff34a17fa7053566b94c1726ec02cc98a2c6113c63e05150f21
ROUND fedrad round=199 clients=[61, 75, 68, 2, 6, 26, 1, 56, 78, 74] diagnostic_accuracy=69.6200% Gamma=0.000000 gate_passed=True fallback=functional_recovery_hungarian global_hash=65296b7cf2449cf00a0f460167adfa1d65f328a9fb910d21a0fe3942f827f581
ROUND fedrad round=200 clients=[8, 57, 22, 90, 46, 9, 56, 99, 89, 4] diagnostic_accuracy=72.1100% Gamma=0.000000 gate_passed=True fallback=functional_recovery_hungarian global_hash=6931e7cb6a59d425683de726e2a6034c74318b96de6bd8c092fe26f98a94d76b
FINAL_STATE_HASH 6931e7cb6a59d425683de726e2a6034c74318b96de6bd8c092fe26f98a94d76b
