Run directory: C:\Users\admin\Desktop\need_do\new_paper_four\FedPhoenix-new\results\consensus_assignment_functional_recovery_2of64\functional_recovery_seed1_20260907_110522_440738_m2_bilateral_gain_seed1_2of64_200r
Partition fingerprint: f8fcaa0f17c5d2078c5d24ece11b3f8cfcb82553733fb972155b7452d87a8fd0; device=cuda:0
ROUND fedrad round=1 clients=[80, 84, 33, 81, 93, 17, 36, 82, 69, 65] diagnostic_accuracy=10.0000% Gamma=0.000000 gate_passed=True fallback=functional_recovery_bilateral_gain global_hash=1d349ba8c434192cf7e20d27f6a30e720c70e83dc87f58da4780dda59aba55e2
ROUND fedrad round=2 clients=[44, 96, 1, 35, 26, 11, 38, 82, 87, 3] diagnostic_accuracy=15.9400% Gamma=0.000000 gate_passed=True fallback=functional_recovery_bilateral_gain global_hash=5f28fe2bb367c41ad2d487b10fa1eaaf58d9c5cd3dd750ef778879f952cd6b62
ROUND fedrad round=3 clients=[95, 67, 96, 71, 1, 80, 99, 45, 52, 27] diagnostic_accuracy=17.9300% Gamma=0.000000 gate_passed=True fallback=functional_recovery_bilateral_gain global_hash=d9d9e031ca1a830434843be2821fcbaa35d158b7414ef5e874c948777382d2b3
ROUND fedrad round=4 clients=[40, 10, 96, 66, 89, 32, 95, 55, 25, 5] diagnostic_accuracy=15.2400% Gamma=0.000000 gate_passed=True fallback=functional_recovery_bilateral_gain global_hash=f2937281499479f664654e7d6d051ac248913b5dae7fe16c745c8908a27cac3f
ROUND fedrad round=5 clients=[89, 99, 45, 96, 72, 9, 74, 88, 1, 38] diagnostic_accuracy=20.8800% Gamma=0.000000 gate_passed=True fallback=functional_recovery_bilateral_gain global_hash=94db9bb3598e3be35619c47982843a19bdd56cb9162a23cdfe4e4591232259e5
ROUND fedrad round=6 clients=[0, 86, 4, 23, 24, 1, 62, 83, 66, 93] diagnostic_accuracy=22.7000% Gamma=0.000000 gate_passed=True fallback=functional_recovery_bilateral_gain global_hash=93dab0156986f34dcf962394cb2a85da84fc9ac88d7623f5b2b2c62a897581e2
ROUND fedrad round=7 clients=[6, 59, 72, 30, 91, 43, 75, 76, 15, 61] diagnostic_accuracy=25.2900% Gamma=0.000000 gate_passed=True fallback=functional_recovery_bilateral_gain global_hash=fbd71ce46b12bbf72f7224c9aa9adebc2b55391cc351c9fcdfd518ea3ab23504
ROUND fedrad round=8 clients=[44, 88, 74, 48, 59, 79, 25, 52, 45, 55] diagnostic_accuracy=22.2400% Gamma=0.000000 gate_passed=True fallback=functional_recovery_bilateral_gain global_hash=0d51df27e7ca58315b56cd7d949f136804c1e9e5c37c7bdddd7929a36cb61360
ROUND fedrad round=9 clients=[3, 60, 35, 33, 22, 66, 45, 68, 67, 75] diagnostic_accuracy=23.8000% Gamma=0.000000 gate_passed=True fallback=functional_recovery_bilateral_gain global_hash=de27716953c0c51655c3aca147094d4480dd659a1711daf8f94e47b441f90f3f
ROUND fedrad round=10 clients=[64, 91, 12, 52, 16, 65, 50, 68, 33, 30] diagnostic_accuracy=27.7000% Gamma=0.000000 gate_passed=True fallback=functional_recovery_bilateral_gain global_hash=95e7f2cafea9f40aba0a98f39ad02fb79915779d836b8e03dd17a4d9c192ba6c
ROUND fedrad round=11 clients=[54, 27, 23, 37, 75, 33, 41, 46, 52, 24] diagnostic_accuracy=25.7200% Gamma=0.000000 gate_passed=True fallback=functional_recovery_bilateral_gain global_hash=9f2bffc0d311406a300e2d323fcf73c526ea90e53c18cf5696a70b50ebf9e7b0
ROUND fedrad round=12 clients=[54, 45, 28, 44, 15, 1, 93, 12, 88, 40] diagnostic_accuracy=28.2000% Gamma=0.000000 gate_passed=True fallback=functional_recovery_bilateral_gain global_hash=781abffc7841029a3a9f3187251035bd624ad5ff76be65dbdee63559a2f09d0d
ROUND fedrad round=13 clients=[70, 75, 5, 68, 36, 79, 72, 78, 57, 44] diagnostic_accuracy=27.6700% Gamma=0.000000 gate_passed=True fallback=functional_recovery_bilateral_gain global_hash=6fbb21bed8947fd7bb7c03bcc81e5ce11d117c69e67b0a0adc1fddc4d70963ce
ROUND fedrad round=14 clients=[41, 9, 30, 89, 40, 49, 3, 22, 8, 16] diagnostic_accuracy=30.2600% Gamma=0.000000 gate_passed=True fallback=functional_recovery_bilateral_gain global_hash=7ca4082e2cbaebd79a8ecbdb086c8b21b92b64f7f8d2417ef755e7f07b3707e4
ROUND fedrad round=15 clients=[82, 28, 69, 81, 56, 71, 85, 27, 37, 66] diagnostic_accuracy=28.7700% Gamma=0.000000 gate_passed=True fallback=functional_recovery_bilateral_gain global_hash=bd3f9dcddaadfc6a4417cc8a285c3d100268aa0c761acbf7448c1c810c9999ed
ROUND fedrad round=16 clients=[60, 13, 26, 12, 1, 28, 88, 86, 11, 43] diagnostic_accuracy=30.6800% Gamma=0.000000 gate_passed=True fallback=functional_recovery_bilateral_gain global_hash=3687b4cd0888bfb7f6a0f797a6375aaeff53e567d5481032ec7b6c1fb99937f0
ROUND fedrad round=17 clients=[93, 16, 72, 75, 10, 4, 38, 71, 42, 62] diagnostic_accuracy=31.2900% Gamma=0.000000 gate_passed=True fallback=functional_recovery_bilateral_gain global_hash=56175dd5853fbe3cdc5faef70070e2f696575e806f62adffd06ce0f513697051
ROUND fedrad round=18 clients=[36, 47, 1, 64, 57, 97, 29, 6, 67, 92] diagnostic_accuracy=34.4400% Gamma=0.000000 gate_passed=True fallback=functional_recovery_bilateral_gain global_hash=68149bfe6abd6222064b99dc8eabaecebc55a89ea46c78f69b2c5c66149f4abe
ROUND fedrad round=19 clients=[48, 87, 17, 57, 22, 81, 4, 51, 94, 63] diagnostic_accuracy=31.9400% Gamma=0.000000 gate_passed=True fallback=functional_recovery_bilateral_gain global_hash=b5040c7468a3b0326bc3172b971a2bc6034814aaab5a33af9ab5d734e0e77391
ROUND fedrad round=20 clients=[9, 17, 59, 11, 2, 95, 68, 28, 60, 14] diagnostic_accuracy=32.8100% Gamma=0.000000 gate_passed=True fallback=functional_recovery_bilateral_gain global_hash=db188fe59ea51230881c5093bb106ba68aaaa1f4ccb147b5d238f61b4ee01487
ROUND fedrad round=21 clients=[26, 25, 15, 93, 45, 54, 68, 90, 76, 10] diagnostic_accuracy=30.5400% Gamma=0.000000 gate_passed=True fallback=functional_recovery_bilateral_gain global_hash=1cad837e2c34b696ca945a6130caffd33d4d8c5c1081341ba34c1fbe1b90c135
ROUND fedrad round=22 clients=[84, 74, 93, 1, 48, 44, 29, 26, 94, 75] diagnostic_accuracy=32.6000% Gamma=0.000000 gate_passed=True fallback=functional_recovery_bilateral_gain global_hash=d65869b5a18829f54cef8d63c41dc9f7a22fc426269f4c90d8e43343f27e9a10
ROUND fedrad round=23 clients=[71, 58, 50, 22, 59, 84, 10, 70, 43, 67] diagnostic_accuracy=33.0500% Gamma=0.000000 gate_passed=True fallback=functional_recovery_bilateral_gain global_hash=923be1e2088bc77bc4e8887ef38903db9989a8c38face0f4691f66c9ce844493
ROUND fedrad round=24 clients=[70, 54, 33, 75, 31, 58, 17, 6, 3, 51] diagnostic_accuracy=36.6100% Gamma=0.000000 gate_passed=True fallback=functional_recovery_bilateral_gain global_hash=40d9d5a85c4ff9a673aeb8d8345e6d4d52072c70c8d269f84da12ed60b7f7fbd
ROUND fedrad round=25 clients=[42, 87, 33, 36, 30, 84, 78, 98, 71, 75] diagnostic_accuracy=17.5800% Gamma=0.000000 gate_passed=True fallback=functional_recovery_bilateral_gain global_hash=9bf8f6733e91e8744851d1e867b5efa9c96c1b40a1884f7b96bbf01602483eb4
ROUND fedrad round=26 clients=[41, 47, 34, 10, 51, 11, 50, 16, 86, 64] diagnostic_accuracy=38.7100% Gamma=0.000000 gate_passed=True fallback=functional_recovery_bilateral_gain global_hash=bc988f045855a5bcd340c2a6cf57415d90de7787e210e133dfa956ef345c45d6
ROUND fedrad round=27 clients=[58, 82, 63, 50, 98, 84, 4, 46, 65, 88] diagnostic_accuracy=31.8100% Gamma=0.000000 gate_passed=True fallback=functional_recovery_bilateral_gain global_hash=28b6c7602d94b3973b76e88f2216da2319ad1af4f2525a615ea2a3a0a2b9bdea
ROUND fedrad round=28 clients=[99, 88, 69, 16, 46, 29, 90, 91, 4, 45] diagnostic_accuracy=39.3600% Gamma=0.000000 gate_passed=True fallback=functional_recovery_bilateral_gain global_hash=658227884a8415fbc427c45b38fb9b51c5924a8947c3e4d2d3097c95f334c33d
ROUND fedrad round=29 clients=[80, 73, 28, 34, 1, 10, 13, 65, 5, 49] diagnostic_accuracy=41.6200% Gamma=0.000000 gate_passed=True fallback=functional_recovery_bilateral_gain global_hash=5a3c1aa4cea29f47cc5b5d0ef7b76de1c3cb547e9ecfcf8d948b2676a14cf2c0
ROUND fedrad round=30 clients=[62, 41, 74, 11, 99, 8, 75, 26, 81, 85] diagnostic_accuracy=37.7700% Gamma=0.000000 gate_passed=True fallback=functional_recovery_bilateral_gain global_hash=5ad740f0ff8442584574b35bf436fc43a00de802fe6af36edf6ade848590bbdd
ROUND fedrad round=31 clients=[96, 81, 77, 83, 14, 50, 13, 67, 53, 91] diagnostic_accuracy=48.7400% Gamma=0.000000 gate_passed=True fallback=functional_recovery_bilateral_gain global_hash=17b42aa585045e9dfe0beb57f55980a33f1ba2628b153f5ba78d90fc531405eb
ROUND fedrad round=32 clients=[40, 73, 70, 3, 6, 94, 1, 25, 20, 10] diagnostic_accuracy=40.8900% Gamma=0.000000 gate_passed=True fallback=functional_recovery_bilateral_gain global_hash=4d3408b6c7807a5ccde9405caa3ae3505d2881e57e33878ad1c9f4e6a55f0fbd
ROUND fedrad round=33 clients=[45, 16, 51, 88, 17, 78, 36, 44, 21, 62] diagnostic_accuracy=43.6700% Gamma=0.000000 gate_passed=True fallback=functional_recovery_bilateral_gain global_hash=05488c78f30012a5e751aa41a6fe0b4947eaf8e4b51111bbe438e00c669a3b83
ROUND fedrad round=34 clients=[92, 43, 97, 61, 58, 67, 1, 98, 30, 75] diagnostic_accuracy=43.0900% Gamma=0.000000 gate_passed=True fallback=functional_recovery_bilateral_gain global_hash=3fda76f1fed6b045f663ed71813d361ed5918dc731aa36a212bd0f927eeb48e9
ROUND fedrad round=35 clients=[31, 89, 17, 66, 92, 23, 96, 9, 35, 20] diagnostic_accuracy=41.3000% Gamma=0.000000 gate_passed=True fallback=functional_recovery_bilateral_gain global_hash=9d37d2c463a8ef3186f21b3a6aceba442c556fe8790fd920e1fe0ff0b83bbb29
ROUND fedrad round=36 clients=[72, 68, 65, 28, 23, 85, 16, 60, 73, 78] diagnostic_accuracy=48.1000% Gamma=0.000000 gate_passed=True fallback=functional_recovery_bilateral_gain global_hash=a2ce7b927b393427d02c0c5e8f80573e5ceb307b4e8db9313f0b6a4c1b2e2ad7
ROUND fedrad round=37 clients=[66, 49, 62, 9, 84, 68, 74, 3, 44, 71] diagnostic_accuracy=24.2600% Gamma=0.000000 gate_passed=True fallback=functional_recovery_bilateral_gain global_hash=71d0170cc562e7fdbd603cf4592744f4f8253431a5302bac92a2a938af50d6c1
ROUND fedrad round=38 clients=[50, 73, 27, 38, 8, 53, 21, 14, 28, 64] diagnostic_accuracy=47.8500% Gamma=0.000000 gate_passed=True fallback=functional_recovery_bilateral_gain global_hash=68f7f8a94fea3ce8350d57a4639662be3e064e7523fa85107b626539e82f8f43
ROUND fedrad round=39 clients=[48, 87, 40, 59, 3, 10, 75, 35, 49, 89] diagnostic_accuracy=44.9000% Gamma=0.000000 gate_passed=True fallback=functional_recovery_bilateral_gain global_hash=56a43016b46ecb690c668bd213a6be2eb0648c54698fe99fd0cfb14395b6c252
ROUND fedrad round=40 clients=[83, 93, 34, 60, 90, 45, 42, 41, 91, 36] diagnostic_accuracy=49.4800% Gamma=0.000000 gate_passed=True fallback=functional_recovery_bilateral_gain global_hash=a61106d9d5ab30b9ec9c591598f2a7ca0c00878cfd1f3ab38ef79b986840c4d6
ROUND fedrad round=41 clients=[75, 52, 20, 80, 90, 93, 4, 51, 13, 98] diagnostic_accuracy=41.6200% Gamma=0.000000 gate_passed=True fallback=functional_recovery_bilateral_gain global_hash=15b9f9e14d767baec37ba19c52bbf027ac5081b1e1fbcc0a19a061966dca43e9
ROUND fedrad round=42 clients=[98, 79, 17, 10, 3, 12, 29, 26, 54, 58] diagnostic_accuracy=35.5600% Gamma=0.000000 gate_passed=True fallback=functional_recovery_bilateral_gain global_hash=a2c65d3fa3fc856213abfffb327c758c8b6507fdd4eaba24cb1221d8b641fa5e
ROUND fedrad round=43 clients=[32, 15, 47, 9, 7, 16, 24, 57, 71, 28] diagnostic_accuracy=45.5900% Gamma=0.000000 gate_passed=True fallback=functional_recovery_bilateral_gain global_hash=d5159f51d5fc106e2d38c3006b120bc62ad3ed2b5944d8fac5238cbf9e25d232
ROUND fedrad round=44 clients=[76, 67, 81, 35, 44, 49, 32, 99, 69, 51] diagnostic_accuracy=47.7300% Gamma=0.000000 gate_passed=True fallback=functional_recovery_bilateral_gain global_hash=586a204f1768578647bc15508c1abcd358468028be26f6b6c049b032555080ee
ROUND fedrad round=45 clients=[42, 4, 95, 71, 84, 22, 61, 5, 10, 28] diagnostic_accuracy=42.4100% Gamma=0.000000 gate_passed=True fallback=functional_recovery_bilateral_gain global_hash=8dc67e151794423d292d8098dd8670079a90a190e8cee65b46ae2f4e8a979094
ROUND fedrad round=46 clients=[61, 52, 80, 26, 37, 44, 85, 1, 99, 55] diagnostic_accuracy=55.9400% Gamma=0.000000 gate_passed=True fallback=functional_recovery_bilateral_gain global_hash=c4468ed3fa306614eb794e91f07a7ed4d4188686cc42505b438cd780f49e8088
ROUND fedrad round=47 clients=[23, 10, 75, 28, 19, 22, 43, 13, 98, 85] diagnostic_accuracy=51.6900% Gamma=0.000000 gate_passed=True fallback=functional_recovery_bilateral_gain global_hash=73caab2d9d10b195f12872b0216acd0dc481039aaa27fc93ce14531e35b8f598
ROUND fedrad round=48 clients=[18, 1, 96, 63, 59, 71, 88, 39, 97, 68] diagnostic_accuracy=49.1100% Gamma=0.000000 gate_passed=True fallback=functional_recovery_bilateral_gain global_hash=d4acdaf61b07e747c0c432195e80f05900afb8d8e9892e959d8bfb5da798ddf3
ROUND fedrad round=49 clients=[44, 11, 93, 47, 54, 9, 81, 94, 45, 65] diagnostic_accuracy=56.2200% Gamma=0.000000 gate_passed=True fallback=functional_recovery_bilateral_gain global_hash=c91a20f86b0f481a0482291626eecdfe0c05e2689291503b7bcb76856f17489b
ROUND fedrad round=50 clients=[48, 43, 51, 76, 99, 39, 38, 73, 89, 80] diagnostic_accuracy=49.1200% Gamma=0.000000 gate_passed=True fallback=functional_recovery_bilateral_gain global_hash=1bb5f2b1d99b285172499896a49f080752b066ca42896222741b3e93daae3112
ROUND fedrad round=51 clients=[34, 16, 99, 17, 62, 58, 96, 29, 90, 30] diagnostic_accuracy=54.8000% Gamma=0.000000 gate_passed=True fallback=functional_recovery_bilateral_gain global_hash=4ad98b9a956918ef831f61f5a8ba0439b4b3f1b09c7e6099b90af262a8db5755
ROUND fedrad round=52 clients=[8, 59, 78, 95, 25, 35, 99, 86, 54, 64] diagnostic_accuracy=57.6800% Gamma=0.000000 gate_passed=True fallback=functional_recovery_bilateral_gain global_hash=12e6941c0ba493e91c580782f2d0311d77eed22f66b2f307a890af77a25ea2bc
ROUND fedrad round=53 clients=[87, 42, 55, 74, 37, 10, 26, 23, 57, 62] diagnostic_accuracy=49.2900% Gamma=0.000000 gate_passed=True fallback=functional_recovery_bilateral_gain global_hash=b0190e78c27e32b2e2acbaf63b0186f072ccca2a54a9d0a9c624369f279659cf
ROUND fedrad round=54 clients=[84, 2, 76, 48, 68, 40, 92, 8, 42, 46] diagnostic_accuracy=56.1400% Gamma=0.000000 gate_passed=True fallback=functional_recovery_bilateral_gain global_hash=8ea8af72ba3c736aaa1865dcd75eaa08627e1fa08226b78e901718fc921d445e
ROUND fedrad round=55 clients=[91, 70, 16, 58, 10, 35, 31, 86, 62, 54] diagnostic_accuracy=56.2400% Gamma=0.000000 gate_passed=True fallback=functional_recovery_bilateral_gain global_hash=87c2d009a04a65f7ba45ccbb7a8246cf584869a3598e1e18c0b2216be089b178
ROUND fedrad round=56 clients=[32, 41, 20, 75, 69, 62, 74, 38, 80, 58] diagnostic_accuracy=47.4400% Gamma=0.000000 gate_passed=True fallback=functional_recovery_bilateral_gain global_hash=a7b0f03539408006eb8bfdd956482cb05481e257a53119c6eb9627c4e2ded631
ROUND fedrad round=57 clients=[89, 0, 84, 16, 97, 67, 41, 38, 59, 60] diagnostic_accuracy=49.8000% Gamma=0.000000 gate_passed=True fallback=functional_recovery_bilateral_gain global_hash=e46961e2c7a001c40281625b2e7e4c2a3f792432530612576b91b7b945f50355
ROUND fedrad round=58 clients=[59, 21, 34, 35, 95, 41, 9, 12, 47, 42] diagnostic_accuracy=51.9200% Gamma=0.000000 gate_passed=True fallback=functional_recovery_bilateral_gain global_hash=6c5fd3fc30de443e876ddd92cb34d0994361b67dcd22b7863a455d4cdd9fc192
ROUND fedrad round=59 clients=[88, 78, 75, 43, 57, 63, 34, 79, 17, 93] diagnostic_accuracy=52.3900% Gamma=0.000000 gate_passed=True fallback=functional_recovery_bilateral_gain global_hash=4991fd3e0452a1197819014c53062bac5f77de802e2bd5e8d83793e5e3a637cd
ROUND fedrad round=60 clients=[76, 35, 9, 75, 32, 97, 53, 72, 27, 91] diagnostic_accuracy=52.2000% Gamma=0.000000 gate_passed=True fallback=functional_recovery_bilateral_gain global_hash=806b72cb17beaf7a3be648c60db078fc1ebc2dec0df90cc3db79ae996869c24c
ROUND fedrad round=61 clients=[60, 14, 9, 43, 15, 68, 7, 44, 65, 89] diagnostic_accuracy=59.4200% Gamma=0.000000 gate_passed=True fallback=functional_recovery_bilateral_gain global_hash=2475722e11ab0778c762c466d406cc6aeec2ae642c84a2f89dc0fec793dbfc9d
ROUND fedrad round=62 clients=[56, 67, 28, 93, 30, 71, 78, 48, 25, 19] diagnostic_accuracy=58.9500% Gamma=0.000000 gate_passed=True fallback=functional_recovery_bilateral_gain global_hash=f869666c63681dd9b9ac84cbe972603e8754ecb4f59bdff67480262410bf5789
ROUND fedrad round=63 clients=[61, 18, 63, 89, 0, 99, 42, 76, 81, 9] diagnostic_accuracy=53.5100% Gamma=0.000000 gate_passed=True fallback=functional_recovery_bilateral_gain global_hash=e1f9fa25813c95a7b417e97ae50b15bbc9fa45d8c944a4c2bba24dafc8e0d367
ROUND fedrad round=64 clients=[14, 22, 8, 93, 29, 90, 73, 28, 57, 58] diagnostic_accuracy=56.6400% Gamma=0.000000 gate_passed=True fallback=functional_recovery_bilateral_gain global_hash=eecfdef74c92407bf15dc5fbc5de6c02c3e8c0be17ed1b15942accfd6b047b89
ROUND fedrad round=65 clients=[16, 90, 78, 23, 55, 61, 31, 0, 11, 82] diagnostic_accuracy=60.5000% Gamma=0.000000 gate_passed=True fallback=functional_recovery_bilateral_gain global_hash=dc6be69d59de677913d4bb6d3878f16221c57b2d5603f7600da7f2e12749214d
ROUND fedrad round=66 clients=[28, 65, 16, 72, 11, 36, 19, 51, 81, 53] diagnostic_accuracy=59.1800% Gamma=0.000000 gate_passed=True fallback=functional_recovery_bilateral_gain global_hash=825e9abaff775d7b6b225d3de7e4517749f3433bb0ad0d280e16c5d828ce0967
ROUND fedrad round=67 clients=[53, 63, 96, 28, 78, 90, 58, 73, 34, 4] diagnostic_accuracy=56.9000% Gamma=0.000000 gate_passed=True fallback=functional_recovery_bilateral_gain global_hash=579c65f7aefc058579fe3d9c36ff2c7fbf5d12dcdd3e60768699b5bee7fef6c8
ROUND fedrad round=68 clients=[38, 57, 22, 41, 70, 39, 10, 5, 17, 32] diagnostic_accuracy=55.5300% Gamma=0.000000 gate_passed=True fallback=functional_recovery_bilateral_gain global_hash=bd9bba3ac1543bcacde7e712b47a013c9735f6dcec5ddd357a8075cff137b229
ROUND fedrad round=69 clients=[60, 67, 48, 59, 46, 94, 22, 29, 53, 97] diagnostic_accuracy=61.8700% Gamma=0.000000 gate_passed=True fallback=functional_recovery_bilateral_gain global_hash=88db059520b6c89e40f3a8c18f10cea546f86934a9c4c227e6a564bf70a7194a
ROUND fedrad round=70 clients=[61, 33, 76, 48, 37, 54, 38, 13, 8, 39] diagnostic_accuracy=52.9900% Gamma=0.000000 gate_passed=True fallback=functional_recovery_bilateral_gain global_hash=ce0bcda7df0ca1fe8fc0fbdf5af01196918b72bf01ded38b851a4b50fc9230ac
ROUND fedrad round=71 clients=[31, 88, 91, 25, 50, 95, 67, 45, 80, 70] diagnostic_accuracy=56.7100% Gamma=0.000000 gate_passed=True fallback=functional_recovery_bilateral_gain global_hash=b02e2e3d2dd712232304b66db5bfe522419f0fa1d400c914f8de824f168ab449
ROUND fedrad round=72 clients=[3, 23, 17, 94, 61, 43, 63, 91, 37, 84] diagnostic_accuracy=43.1000% Gamma=0.000000 gate_passed=True fallback=functional_recovery_bilateral_gain global_hash=8d33a8591c8d2fa3b3a23fadf1ece65a3691ccf9be426b86715496ee19720838
ROUND fedrad round=73 clients=[11, 73, 78, 47, 45, 83, 36, 75, 91, 57] diagnostic_accuracy=60.8800% Gamma=0.000000 gate_passed=True fallback=functional_recovery_bilateral_gain global_hash=030fffb6f64d1cb9287fe2c2c6329fbae7678dcac3f9b26be5206535620bc5c4
ROUND fedrad round=74 clients=[46, 54, 66, 62, 96, 49, 24, 75, 60, 52] diagnostic_accuracy=57.0900% Gamma=0.000000 gate_passed=True fallback=functional_recovery_bilateral_gain global_hash=7e86e993ab5a940862a6da08c71515b88ec29798e45ce112bd2d887a944845be
ROUND fedrad round=75 clients=[75, 51, 39, 89, 14, 54, 41, 30, 24, 80] diagnostic_accuracy=55.1700% Gamma=0.000000 gate_passed=True fallback=functional_recovery_bilateral_gain global_hash=4dd4d7c48dbcf90fa2f921aec11f546d60622897dede2d0d7e76a73b63c4886c
ROUND fedrad round=76 clients=[67, 90, 45, 78, 32, 86, 50, 55, 33, 60] diagnostic_accuracy=62.7200% Gamma=0.000000 gate_passed=True fallback=functional_recovery_bilateral_gain global_hash=d453d7a9c8e272c1786a8021904f6f3c81577694f548ac71c1bede9744e283d1
ROUND fedrad round=77 clients=[4, 16, 51, 33, 89, 30, 13, 77, 43, 85] diagnostic_accuracy=60.5300% Gamma=0.000000 gate_passed=True fallback=functional_recovery_bilateral_gain global_hash=18c6e416c14fd406468a565397a6de13a637d7d8d8fda9215b8af2253e3dad35
ROUND fedrad round=78 clients=[97, 76, 96, 72, 42, 17, 33, 51, 24, 36] diagnostic_accuracy=60.7600% Gamma=0.000000 gate_passed=True fallback=functional_recovery_bilateral_gain global_hash=9524ea04033483330f7c6bfb5e4eae9276e8eb9056ddfea46513b92fc95a592d
ROUND fedrad round=79 clients=[22, 47, 61, 27, 50, 96, 89, 97, 85, 30] diagnostic_accuracy=60.9400% Gamma=0.000000 gate_passed=True fallback=functional_recovery_bilateral_gain global_hash=770796e071c6aef1c405c00a6a297efcac9830f034095df49943e9bc1d0b106f
ROUND fedrad round=80 clients=[44, 70, 23, 38, 74, 21, 82, 4, 88, 98] diagnostic_accuracy=57.0400% Gamma=0.000000 gate_passed=True fallback=functional_recovery_bilateral_gain global_hash=51f2262a9003baaa196eef29e30fbe8c31ee4e319ccf1d75d7e76cdc7df9c0da
ROUND fedrad round=81 clients=[90, 72, 65, 50, 85, 56, 4, 80, 31, 17] diagnostic_accuracy=57.9800% Gamma=0.000000 gate_passed=True fallback=functional_recovery_bilateral_gain global_hash=e2b65921e125216b0f8e3f8be485c4eba7a32b1fa92a5bd81f0dfda6b7e714ec
ROUND fedrad round=82 clients=[61, 40, 41, 34, 97, 51, 50, 13, 22, 8] diagnostic_accuracy=62.7400% Gamma=0.000000 gate_passed=True fallback=functional_recovery_bilateral_gain global_hash=5ca02ebdba94d53238f83a9cf72acd7ad8ba256094679d48fcb7fb66f88748d2
ROUND fedrad round=83 clients=[87, 54, 63, 83, 96, 26, 0, 59, 69, 14] diagnostic_accuracy=62.2600% Gamma=0.000000 gate_passed=True fallback=functional_recovery_bilateral_gain global_hash=8d00cfc1bacfde47981ea47bfdff3e7eab1d6808103b0b3a338935774ab2d8fe
ROUND fedrad round=84 clients=[58, 47, 83, 36, 8, 2, 56, 49, 10, 38] diagnostic_accuracy=54.9000% Gamma=0.000000 gate_passed=True fallback=functional_recovery_bilateral_gain global_hash=af885d46bc124c6da1355a1eaf1864e27d937673f590160646d792727f716061
ROUND fedrad round=85 clients=[89, 90, 81, 54, 59, 4, 53, 47, 52, 19] diagnostic_accuracy=64.1800% Gamma=0.000000 gate_passed=True fallback=functional_recovery_bilateral_gain global_hash=60f5b7f9348f7e8517d1f58028a1e8dd2d469623fdc9791dcdc8f2942cbf28c2
ROUND fedrad round=86 clients=[24, 13, 81, 73, 19, 55, 40, 76, 57, 96] diagnostic_accuracy=60.1100% Gamma=0.000000 gate_passed=True fallback=functional_recovery_bilateral_gain global_hash=5975aa9bb2399d32ade11fa8eb28f1ee4f37730ae21625b317611ca147d81eb5
ROUND fedrad round=87 clients=[31, 75, 94, 20, 87, 26, 29, 70, 2, 50] diagnostic_accuracy=56.9000% Gamma=0.000000 gate_passed=True fallback=functional_recovery_bilateral_gain global_hash=77e473f224bca36bcf287f16dcc4ed691ca4f0c0cd0b38840bba670def1609db
ROUND fedrad round=88 clients=[0, 9, 46, 37, 72, 83, 73, 16, 55, 27] diagnostic_accuracy=55.3100% Gamma=0.000000 gate_passed=True fallback=functional_recovery_bilateral_gain global_hash=e9b09bd941f4f91f4a1cdf7304cde214597d3504ad6d2eb8328e80f5cc5cc0f6
ROUND fedrad round=89 clients=[80, 29, 9, 50, 26, 81, 48, 82, 37, 15] diagnostic_accuracy=54.6300% Gamma=0.000000 gate_passed=True fallback=functional_recovery_bilateral_gain global_hash=65cdb2731733193899b981ac2feeab496305f2155191c27f741942d79ce1f401
ROUND fedrad round=90 clients=[82, 6, 87, 74, 29, 50, 62, 67, 12, 83] diagnostic_accuracy=68.0300% Gamma=0.000000 gate_passed=True fallback=functional_recovery_bilateral_gain global_hash=2361d98a00357dc7a1fbce467555521b91579e4bf6b5f241fd7668d932cb0542
ROUND fedrad round=91 clients=[36, 75, 89, 43, 12, 21, 95, 72, 24, 63] diagnostic_accuracy=54.2800% Gamma=0.000000 gate_passed=True fallback=functional_recovery_bilateral_gain global_hash=25c1b6a4bdb8c620cc63fb6d3761ac8c747876700c113f2c308a68e1a59e3442
ROUND fedrad round=92 clients=[34, 15, 31, 94, 46, 70, 19, 80, 6, 88] diagnostic_accuracy=61.9100% Gamma=0.000000 gate_passed=True fallback=functional_recovery_bilateral_gain global_hash=4190b8c01f497a19c8af62e5df3a95f1cd0a0141b5a5e72c76dab579aaffacb3
ROUND fedrad round=93 clients=[70, 92, 72, 77, 23, 53, 1, 12, 97, 93] diagnostic_accuracy=57.3600% Gamma=0.000000 gate_passed=True fallback=functional_recovery_bilateral_gain global_hash=3f1b460ad5dcfa1b833ce078a471f3d12c10e86ca2366f35d9c73eb53cb1a5d2
ROUND fedrad round=94 clients=[13, 38, 36, 14, 57, 77, 66, 73, 3, 0] diagnostic_accuracy=53.4500% Gamma=0.000000 gate_passed=True fallback=functional_recovery_bilateral_gain global_hash=73e3b53921c238cec0a594730879b8c480923e2a92316654440f2e55e8667ca2
ROUND fedrad round=95 clients=[13, 19, 10, 24, 76, 57, 88, 23, 61, 31] diagnostic_accuracy=61.8100% Gamma=0.000000 gate_passed=True fallback=functional_recovery_bilateral_gain global_hash=539c03081850aff5e740cf4fe999d6e4c10587c45f4f4fab2816276cdba399b3
ROUND fedrad round=96 clients=[18, 45, 94, 24, 56, 67, 10, 14, 13, 9] diagnostic_accuracy=66.1100% Gamma=0.000000 gate_passed=True fallback=functional_recovery_bilateral_gain global_hash=67e973573a22da3120250d3c73443d4ef2211efd8bd0cf09f03f55620f298ca9
ROUND fedrad round=97 clients=[13, 48, 73, 93, 70, 1, 43, 77, 76, 88] diagnostic_accuracy=62.6100% Gamma=0.000000 gate_passed=True fallback=functional_recovery_bilateral_gain global_hash=9641175c6849a6d040ffa9cd0103d3e67709bb5e9fffd197ff5a9253a76f18fd
ROUND fedrad round=98 clients=[21, 45, 83, 68, 75, 65, 96, 1, 77, 73] diagnostic_accuracy=64.2700% Gamma=0.000000 gate_passed=True fallback=functional_recovery_bilateral_gain global_hash=b9d28d53259f93703cb8675cbd1d7bc044d8338fdcb56f7b89a233136694d234
ROUND fedrad round=99 clients=[81, 84, 60, 18, 45, 47, 94, 83, 76, 22] diagnostic_accuracy=58.0500% Gamma=0.000000 gate_passed=True fallback=functional_recovery_bilateral_gain global_hash=c4759aab1f99a8c572cb2060dc8e5ab3c8b9071bf9ca34ecff1dd83b41c4a756
ROUND fedrad round=100 clients=[21, 69, 47, 34, 65, 81, 93, 44, 30, 84] diagnostic_accuracy=56.4200% Gamma=0.000000 gate_passed=True fallback=functional_recovery_bilateral_gain global_hash=81cd5bed3939c46828bab81dca1d46060efbace8436ff25dbc4be058d392b2d2
ROUND fedrad round=101 clients=[22, 38, 77, 15, 11, 61, 37, 34, 87, 3] diagnostic_accuracy=63.6700% Gamma=0.000000 gate_passed=True fallback=functional_recovery_bilateral_gain global_hash=1617b75d42569e2ec269780eb4e468506a15df4c0e9b9fa6cea4bac979f94e7c
ROUND fedrad round=102 clients=[96, 9, 26, 58, 69, 44, 13, 93, 61, 43] diagnostic_accuracy=60.2100% Gamma=0.000000 gate_passed=True fallback=functional_recovery_bilateral_gain global_hash=dd79fc0610366ba576009f099406d142ee82a544e41cf71b73d65cbfa26226d9
ROUND fedrad round=103 clients=[13, 34, 27, 16, 72, 98, 14, 19, 9, 46] diagnostic_accuracy=56.1900% Gamma=0.000000 gate_passed=True fallback=functional_recovery_bilateral_gain global_hash=29ea9ce4b96937b1dc1e325fbf4fb8b70cf7a3ab3fe7141546a1122dc619bd54
ROUND fedrad round=104 clients=[29, 72, 81, 80, 68, 85, 14, 0, 93, 52] diagnostic_accuracy=66.3900% Gamma=0.000000 gate_passed=True fallback=functional_recovery_bilateral_gain global_hash=87f4ed4fda31ebb30facfb6d34172d1bc71adeb78d5164955f7c3b504d89ae6b
ROUND fedrad round=105 clients=[17, 69, 35, 86, 83, 84, 23, 56, 89, 60] diagnostic_accuracy=64.0300% Gamma=0.000000 gate_passed=True fallback=functional_recovery_bilateral_gain global_hash=bd990d0c4f76986ee5213a1a1073675426e43c87e0dbaf84ea62e17a5c3f816a
ROUND fedrad round=106 clients=[94, 79, 36, 8, 19, 16, 13, 30, 25, 3] diagnostic_accuracy=46.5700% Gamma=0.000000 gate_passed=True fallback=functional_recovery_bilateral_gain global_hash=ee1de4cc09e2311c2ca0c2d118b5e61a185ecaa1c9d36f0ea2f95cee3d5ecda6
ROUND fedrad round=107 clients=[45, 82, 32, 52, 17, 96, 6, 57, 67, 74] diagnostic_accuracy=61.4900% Gamma=0.000000 gate_passed=True fallback=functional_recovery_bilateral_gain global_hash=b521d9e24c45b14165ec27296fbfcdae38d401e20e9b010a192eaf6222d14d38
ROUND fedrad round=108 clients=[61, 20, 59, 99, 39, 42, 73, 53, 45, 8] diagnostic_accuracy=69.0200% Gamma=0.000000 gate_passed=True fallback=functional_recovery_bilateral_gain global_hash=e8367cbd4c027d31124f5ac137f0fa4119cd18eff0c1afb9d463e8977d313b02
ROUND fedrad round=109 clients=[60, 38, 5, 54, 66, 33, 80, 83, 9, 4] diagnostic_accuracy=60.8900% Gamma=0.000000 gate_passed=True fallback=functional_recovery_bilateral_gain global_hash=d627bab0f13f1a305091ad75a557756f8ed5f28ba86cdd8fbddf2e786ccdad63
ROUND fedrad round=110 clients=[39, 44, 62, 4, 42, 25, 0, 45, 29, 93] diagnostic_accuracy=67.4100% Gamma=0.000000 gate_passed=True fallback=functional_recovery_bilateral_gain global_hash=5b9ffa54d27fbd7553d793bde71ad68b6d6cf0406c2d281c6ace775d3486d1a7
ROUND fedrad round=111 clients=[96, 54, 19, 97, 92, 31, 81, 2, 24, 9] diagnostic_accuracy=70.2700% Gamma=0.000000 gate_passed=True fallback=functional_recovery_bilateral_gain global_hash=0c747d61540d24ef9ed291d3dae807a31810350482da328ff413c0b10652d69f
ROUND fedrad round=112 clients=[9, 19, 7, 49, 45, 35, 80, 85, 40, 89] diagnostic_accuracy=66.4500% Gamma=0.000000 gate_passed=True fallback=functional_recovery_bilateral_gain global_hash=035cf7c7d959ae1de0576939f7de5b1d0318390d5abf8888110f438ec6299726
ROUND fedrad round=113 clients=[73, 66, 18, 74, 33, 2, 87, 29, 98, 91] diagnostic_accuracy=61.6500% Gamma=0.000000 gate_passed=True fallback=functional_recovery_bilateral_gain global_hash=48d49b3b41fd65835d82d98d9ebaf4fc833caf52db2603ce2087456f4e11899a
ROUND fedrad round=114 clients=[40, 31, 27, 50, 71, 81, 99, 97, 73, 49] diagnostic_accuracy=59.2100% Gamma=0.000000 gate_passed=True fallback=functional_recovery_bilateral_gain global_hash=a295f558133eac47882b33c1b73cb01dbe8afe3a5cb0b2ca92000cc15cd4e6dc
ROUND fedrad round=115 clients=[61, 64, 42, 88, 27, 95, 92, 50, 45, 85] diagnostic_accuracy=66.2100% Gamma=0.000000 gate_passed=True fallback=functional_recovery_bilateral_gain global_hash=d6fd994f2e223f378ccbee21908c93e756b5cd1f7e4906e8938f04210b502199
ROUND fedrad round=116 clients=[27, 8, 49, 32, 15, 35, 70, 59, 31, 30] diagnostic_accuracy=61.4900% Gamma=0.000000 gate_passed=True fallback=functional_recovery_bilateral_gain global_hash=dec808258da168f9928fdaa65458727cf1b97307dbd505fb5ccb413f6b769290
ROUND fedrad round=117 clients=[69, 35, 52, 51, 26, 15, 76, 48, 98, 12] diagnostic_accuracy=63.3700% Gamma=0.000000 gate_passed=True fallback=functional_recovery_bilateral_gain global_hash=eec0f7aa870bee586fea190ec5342333aa3aa5e737a6093fcd41c50023d61ead
ROUND fedrad round=118 clients=[46, 57, 0, 86, 26, 80, 73, 20, 63, 98] diagnostic_accuracy=63.8500% Gamma=0.000000 gate_passed=True fallback=functional_recovery_bilateral_gain global_hash=f74a3aaa73fc3e17a01f3e98874bb80ecf9f0e9ac34eb111a48a6d8f4da48421
ROUND fedrad round=119 clients=[81, 6, 64, 84, 20, 2, 8, 4, 66, 92] diagnostic_accuracy=63.4900% Gamma=0.000000 gate_passed=True fallback=functional_recovery_bilateral_gain global_hash=098e9aa5fd108869794a3a60f0cc57e4956c0b7ed256ed10055475ea13d539c7
ROUND fedrad round=120 clients=[61, 34, 64, 11, 96, 18, 82, 52, 72, 92] diagnostic_accuracy=68.3000% Gamma=0.000000 gate_passed=True fallback=functional_recovery_bilateral_gain global_hash=cf0d3f49e12050d0c265c25fe0b2ea266c6e8c036b274eecd42fda09fe946f6d
ROUND fedrad round=121 clients=[93, 68, 94, 13, 36, 11, 5, 1, 40, 7] diagnostic_accuracy=68.2400% Gamma=0.000000 gate_passed=True fallback=functional_recovery_bilateral_gain global_hash=fbdd5cf4949d43dac7ecb368633b00ef7b96879591b300057256d36adcba3d09
ROUND fedrad round=122 clients=[73, 64, 37, 69, 31, 48, 77, 41, 53, 75] diagnostic_accuracy=61.0500% Gamma=0.000000 gate_passed=True fallback=functional_recovery_bilateral_gain global_hash=2ee5fe8f64ae9a7595a5ab3577ce2639feb4cf7ee7284cce5e78ed44943b01ab
ROUND fedrad round=123 clients=[46, 43, 84, 11, 66, 92, 16, 19, 96, 37] diagnostic_accuracy=57.2400% Gamma=0.000000 gate_passed=True fallback=functional_recovery_bilateral_gain global_hash=abf2d7e8dd543db24a1b652226cc0753b9ecf417a8250951491b72401233e345
ROUND fedrad round=124 clients=[43, 96, 9, 0, 74, 19, 1, 23, 38, 66] diagnostic_accuracy=64.1700% Gamma=0.000000 gate_passed=True fallback=functional_recovery_bilateral_gain global_hash=0128d2126850f11f2c6e75ba6ddc67252baedc1580a0e987f7bcab43c050ad7c
ROUND fedrad round=125 clients=[27, 62, 32, 10, 22, 72, 64, 25, 86, 60] diagnostic_accuracy=61.0700% Gamma=0.000000 gate_passed=True fallback=functional_recovery_bilateral_gain global_hash=9e8323f19c065e54758c0b69dde1325b8f98e52a64b9a657c892eecf06fd99b6
ROUND fedrad round=126 clients=[84, 7, 64, 76, 15, 46, 27, 47, 40, 69] diagnostic_accuracy=64.9700% Gamma=0.000000 gate_passed=True fallback=functional_recovery_bilateral_gain global_hash=d47911d9684c40f7c06b9e9fb2464c85aae9adc9959be67ef4b00f44b046e1ba
ROUND fedrad round=127 clients=[75, 97, 79, 87, 11, 7, 37, 92, 41, 12] diagnostic_accuracy=65.0900% Gamma=0.000000 gate_passed=True fallback=functional_recovery_bilateral_gain global_hash=5a46a6a6ab581e94a303ecb1ee82884cfa04f704850938c07f05aff66c5155e3
ROUND fedrad round=128 clients=[78, 4, 17, 21, 76, 74, 19, 61, 45, 86] diagnostic_accuracy=71.6900% Gamma=0.000000 gate_passed=True fallback=functional_recovery_bilateral_gain global_hash=c76d3baed833563b051077482f79691a0e7324549a1fdbeb8edf9109f0b7882a
ROUND fedrad round=129 clients=[23, 41, 75, 36, 26, 49, 95, 16, 93, 72] diagnostic_accuracy=58.3600% Gamma=0.000000 gate_passed=True fallback=functional_recovery_bilateral_gain global_hash=86ab761142a77a2a194ae846cb8530a3d31ab816de0d1b3a169ade1a9a270874
ROUND fedrad round=130 clients=[59, 53, 65, 8, 68, 35, 13, 55, 23, 97] diagnostic_accuracy=68.2400% Gamma=0.000000 gate_passed=True fallback=functional_recovery_bilateral_gain global_hash=392bdcde5faf85ab74086ee9c1de851e732693df134d4a57d367cc69db0a418e
ROUND fedrad round=131 clients=[74, 98, 22, 45, 97, 87, 92, 71, 47, 79] diagnostic_accuracy=67.5000% Gamma=0.000000 gate_passed=True fallback=functional_recovery_bilateral_gain global_hash=881305a06a21788be212a6224bce6b930fbbb1faf91504b1125b2704f29d4cf4
ROUND fedrad round=132 clients=[35, 70, 59, 49, 36, 91, 82, 50, 26, 72] diagnostic_accuracy=52.5600% Gamma=0.000000 gate_passed=True fallback=functional_recovery_bilateral_gain global_hash=0600a44a80e026570b987a13a0f257dc2cc899a8cc042668f937e48b1074b421
ROUND fedrad round=133 clients=[22, 83, 75, 29, 66, 48, 12, 10, 86, 1] diagnostic_accuracy=63.3600% Gamma=0.000000 gate_passed=True fallback=functional_recovery_bilateral_gain global_hash=2aefa114efb69c6e52869d3b81a46edf7a32aa2f107fab0d2f779aa50423c0ef
ROUND fedrad round=134 clients=[76, 33, 40, 59, 65, 63, 73, 36, 99, 82] diagnostic_accuracy=67.8800% Gamma=0.000000 gate_passed=True fallback=functional_recovery_bilateral_gain global_hash=7b0dadb4255cfcc669bfa1245ba3864406670e2ddc0d86454de9b9e8b3f979b1
ROUND fedrad round=135 clients=[85, 88, 54, 40, 70, 67, 86, 38, 58, 42] diagnostic_accuracy=72.8600% Gamma=0.000000 gate_passed=True fallback=functional_recovery_bilateral_gain global_hash=a2b2e7a64f17b50c30205bb3f0210a6ec1cdab1c23443e334a89b2d1cd0200e1
ROUND fedrad round=136 clients=[89, 56, 12, 90, 94, 86, 19, 78, 92, 59] diagnostic_accuracy=69.7100% Gamma=0.000000 gate_passed=True fallback=functional_recovery_bilateral_gain global_hash=df0b56ac3a0c6028d665a74c234d2377ac5b51ec3fea2c5e8ad407db7e47f7c0
ROUND fedrad round=137 clients=[7, 94, 69, 44, 50, 26, 75, 24, 33, 18] diagnostic_accuracy=63.1600% Gamma=0.000000 gate_passed=True fallback=functional_recovery_bilateral_gain global_hash=4df7f5e4f60bcfc811afe289ec833a640034978b81aa7f3857a441fedfed11b4
ROUND fedrad round=138 clients=[89, 75, 84, 93, 35, 71, 19, 63, 59, 94] diagnostic_accuracy=61.0000% Gamma=0.000000 gate_passed=True fallback=functional_recovery_bilateral_gain global_hash=0e4b595661194cbf262c1cee0767b680de028396ca84eb27bdb93bc9f0c35218
ROUND fedrad round=139 clients=[54, 66, 17, 43, 53, 40, 76, 1, 4, 81] diagnostic_accuracy=71.8600% Gamma=0.000000 gate_passed=True fallback=functional_recovery_bilateral_gain global_hash=f667b4fd3ae9b7dc5f11b4ce8ad471159891720b91d2d70b9bb6dc1b6f5f232c
ROUND fedrad round=140 clients=[52, 51, 97, 7, 41, 61, 29, 88, 49, 26] diagnostic_accuracy=68.1400% Gamma=0.000000 gate_passed=True fallback=functional_recovery_bilateral_gain global_hash=6332171f29ef296d182d75665a78fc1cb154c55dd4ad252af4c05804a870f466
ROUND fedrad round=141 clients=[21, 47, 20, 59, 85, 2, 99, 70, 54, 50] diagnostic_accuracy=67.3500% Gamma=0.000000 gate_passed=True fallback=functional_recovery_bilateral_gain global_hash=b28014a64210774a80dd66f4b3fa2a0d617cfc5358ba376120a2994150d6a6af
ROUND fedrad round=142 clients=[65, 98, 79, 6, 58, 92, 19, 37, 33, 75] diagnostic_accuracy=66.6900% Gamma=0.000000 gate_passed=True fallback=functional_recovery_bilateral_gain global_hash=fa9a27448735a3720dac752606ed0bf6f7ec07dc37645f5222f1a558cb368089
ROUND fedrad round=143 clients=[44, 84, 56, 0, 69, 15, 66, 78, 42, 95] diagnostic_accuracy=56.5300% Gamma=0.000000 gate_passed=True fallback=functional_recovery_bilateral_gain global_hash=74da0bb389771070a220f71e0b6981f3672b6f461aaa793bd967da6c763bc583
ROUND fedrad round=144 clients=[36, 20, 53, 26, 80, 67, 25, 37, 39, 10] diagnostic_accuracy=64.8300% Gamma=0.000000 gate_passed=True fallback=functional_recovery_bilateral_gain global_hash=9055cf9a35f971d000f884d03d56fc3d9ca9a37d0a3481c7e3d2c7340bd323b4
ROUND fedrad round=145 clients=[54, 62, 65, 69, 82, 46, 64, 70, 59, 11] diagnostic_accuracy=68.9900% Gamma=0.000000 gate_passed=True fallback=functional_recovery_bilateral_gain global_hash=fcb20e20bf5c1a3efd4dfa3403657a10510e29675f4ecddd446d4cdf83bb87c9
ROUND fedrad round=146 clients=[78, 89, 64, 25, 85, 9, 57, 41, 97, 45] diagnostic_accuracy=65.8800% Gamma=0.000000 gate_passed=True fallback=functional_recovery_bilateral_gain global_hash=49dcb7e32eaf290c5210466bcc7658377ca56c2c9f2600b584d7ee702b336a80
ROUND fedrad round=147 clients=[32, 8, 70, 41, 12, 19, 88, 20, 98, 33] diagnostic_accuracy=56.1400% Gamma=0.000000 gate_passed=True fallback=functional_recovery_bilateral_gain global_hash=023096e1eb6307ae182a0f3d47f110f695c381034b59acacecbd815da1ba73bd
ROUND fedrad round=148 clients=[50, 29, 81, 33, 44, 69, 2, 68, 93, 85] diagnostic_accuracy=69.5800% Gamma=0.000000 gate_passed=True fallback=functional_recovery_bilateral_gain global_hash=68390ff3bfb7629f27c80a7726dce8113c59715056265f2cfe061d766ea6ed3e
ROUND fedrad round=149 clients=[5, 84, 70, 73, 31, 62, 69, 13, 86, 74] diagnostic_accuracy=49.9800% Gamma=0.000000 gate_passed=True fallback=functional_recovery_bilateral_gain global_hash=afd294395edff3bb32b299c664bd04c271f32b2c2fd5be8cd1a00f7ad208a545
ROUND fedrad round=150 clients=[69, 9, 41, 83, 76, 63, 34, 67, 36, 87] diagnostic_accuracy=65.6100% Gamma=0.000000 gate_passed=True fallback=functional_recovery_bilateral_gain global_hash=08038ff6df236790f81e19d68d763bf5e3803f7eea05bca328bf13c39dfe9281
ROUND fedrad round=151 clients=[40, 77, 95, 52, 25, 38, 46, 47, 93, 88] diagnostic_accuracy=61.7100% Gamma=0.000000 gate_passed=True fallback=functional_recovery_bilateral_gain global_hash=732e2336bc8d8fd53facd4d58179b15fd808c485df0c61bf4f39856af5a272b6
ROUND fedrad round=152 clients=[14, 22, 87, 6, 15, 36, 37, 44, 48, 38] diagnostic_accuracy=63.6400% Gamma=0.000000 gate_passed=True fallback=functional_recovery_bilateral_gain global_hash=8400e71ee3962de25ff8b217b608895ecc1abab0584e48544d8195d5be5a0576
ROUND fedrad round=153 clients=[14, 66, 74, 62, 49, 45, 18, 79, 15, 68] diagnostic_accuracy=70.5800% Gamma=0.000000 gate_passed=True fallback=functional_recovery_bilateral_gain global_hash=6a00204cbaeca389937d72b02f6e1c33ead523bedba9ff72ace370d83c445758
ROUND fedrad round=154 clients=[92, 32, 77, 87, 27, 13, 14, 47, 22, 73] diagnostic_accuracy=66.0800% Gamma=0.000000 gate_passed=True fallback=functional_recovery_bilateral_gain global_hash=3f866616e9229f078d51803e5460566946920003116da7448db5622e65bd2234
ROUND fedrad round=155 clients=[60, 31, 44, 3, 84, 25, 98, 73, 52, 82] diagnostic_accuracy=53.8200% Gamma=0.000000 gate_passed=True fallback=functional_recovery_bilateral_gain global_hash=76b626f2e4ea790973bdb9eb15629a41669f7a7d04a66c8055508636597cd294
ROUND fedrad round=156 clients=[66, 38, 74, 49, 46, 45, 12, 0, 81, 23] diagnostic_accuracy=65.0700% Gamma=0.000000 gate_passed=True fallback=functional_recovery_bilateral_gain global_hash=643940318ad13af91062b45fd7113ab101c2a1b1e56b4e1dd5a4bfb623672b2e
ROUND fedrad round=157 clients=[6, 14, 56, 8, 37, 71, 68, 53, 88, 65] diagnostic_accuracy=68.0200% Gamma=0.000000 gate_passed=True fallback=functional_recovery_bilateral_gain global_hash=817ed9d83a4b0ae616fa914e6561b6bd6f054785d85ba5e64de1c0cdc958c3b7
ROUND fedrad round=158 clients=[76, 40, 68, 38, 91, 92, 18, 11, 69, 94] diagnostic_accuracy=70.7800% Gamma=0.000000 gate_passed=True fallback=functional_recovery_bilateral_gain global_hash=fe0a99419088b0772bbf95755cec3037fefcae75f4a9785669b9db003b7f609b
ROUND fedrad round=159 clients=[0, 23, 91, 83, 98, 64, 90, 32, 84, 36] diagnostic_accuracy=62.8200% Gamma=0.000000 gate_passed=True fallback=functional_recovery_bilateral_gain global_hash=e4a5cf31f64f11fcd47a5233394b6c4322f146d442c78755fd71a358b995d2d0
ROUND fedrad round=160 clients=[15, 9, 95, 71, 80, 49, 39, 81, 30, 8] diagnostic_accuracy=71.9800% Gamma=0.000000 gate_passed=True fallback=functional_recovery_bilateral_gain global_hash=4e3e026352f9799e192efa2cbeff564afcdc8e40f8f60620d0c339ed2a9253a5
ROUND fedrad round=161 clients=[29, 87, 67, 36, 35, 96, 15, 61, 24, 62] diagnostic_accuracy=63.1500% Gamma=0.000000 gate_passed=True fallback=functional_recovery_bilateral_gain global_hash=8aa756a904b2a51bf667a8641d95abdd9a351f32584b10e2245e0052663c7457
ROUND fedrad round=162 clients=[13, 58, 87, 52, 50, 60, 3, 19, 35, 0] diagnostic_accuracy=62.6200% Gamma=0.000000 gate_passed=True fallback=functional_recovery_bilateral_gain global_hash=4aac488ff5b981b5583087d64317738b97c2431c1df8dfcc243eca5d6def4780
ROUND fedrad round=163 clients=[55, 46, 66, 67, 73, 12, 51, 1, 57, 90] diagnostic_accuracy=69.4000% Gamma=0.000000 gate_passed=True fallback=functional_recovery_bilateral_gain global_hash=2e6db4131acb9454342c8a48580ea8e34f7316e6b85dd011b2b27e70af4dc70e
ROUND fedrad round=164 clients=[40, 72, 92, 86, 89, 90, 16, 98, 73, 58] diagnostic_accuracy=72.8700% Gamma=0.000000 gate_passed=True fallback=functional_recovery_bilateral_gain global_hash=703b1cc3361971fc4f030d966c2cf81642c37e31a804d20af54b88d0ddcae329
ROUND fedrad round=165 clients=[0, 58, 47, 44, 94, 66, 4, 7, 27, 2] diagnostic_accuracy=67.4200% Gamma=0.000000 gate_passed=True fallback=functional_recovery_bilateral_gain global_hash=5fdad35dc48eef56849cd4b301d57e18c89ee983710ec52975a38c0d7a6b1897
ROUND fedrad round=166 clients=[58, 87, 14, 78, 40, 83, 73, 18, 52, 31] diagnostic_accuracy=67.2200% Gamma=0.000000 gate_passed=True fallback=functional_recovery_bilateral_gain global_hash=5af8cdcbcb79ccc2d345945fbed641532f8fc12f0788fa1ca7cd9f02e04b46b9
ROUND fedrad round=167 clients=[99, 22, 62, 86, 5, 20, 9, 51, 7, 54] diagnostic_accuracy=69.7100% Gamma=0.000000 gate_passed=True fallback=functional_recovery_bilateral_gain global_hash=7f9ba7c03319a73248ed37784b03fbeb4c63cb1c0e0ef7e5d9b149778c1d49e3
ROUND fedrad round=168 clients=[97, 37, 42, 7, 22, 5, 24, 56, 69, 12] diagnostic_accuracy=68.0200% Gamma=0.000000 gate_passed=True fallback=functional_recovery_bilateral_gain global_hash=29ed7ddb421fdfcf3e14c92a2fcc76cae2d324cb782f5969024718a639dea0ff
ROUND fedrad round=169 clients=[96, 22, 76, 44, 59, 78, 12, 68, 94, 87] diagnostic_accuracy=68.4000% Gamma=0.000000 gate_passed=True fallback=functional_recovery_bilateral_gain global_hash=a1b0cb665f4bc490ae2f60ef765bf75c1d1d0df1fca915efc8e9ef6a187231a2
ROUND fedrad round=170 clients=[45, 7, 65, 19, 95, 16, 35, 23, 83, 88] diagnostic_accuracy=68.7000% Gamma=0.000000 gate_passed=True fallback=functional_recovery_bilateral_gain global_hash=7816b57722177c07f797948603a55d142c3b40a4ee8f9f9964c4bcca0fe9e307
ROUND fedrad round=171 clients=[12, 91, 4, 90, 47, 66, 33, 9, 61, 84] diagnostic_accuracy=68.9500% Gamma=0.000000 gate_passed=True fallback=functional_recovery_bilateral_gain global_hash=f043431e2aa93bc5fc2ab0777c758290ed87a8b10f2bd7ef1468e192a99f4c75
ROUND fedrad round=172 clients=[46, 60, 83, 2, 37, 70, 93, 29, 3, 43] diagnostic_accuracy=59.8200% Gamma=0.000000 gate_passed=True fallback=functional_recovery_bilateral_gain global_hash=6b9bfad84628012cda53240b6b04c9f2feed24ce2ca04af1f34b4a66b3061b5e
ROUND fedrad round=173 clients=[27, 45, 49, 4, 31, 62, 9, 95, 69, 72] diagnostic_accuracy=68.1000% Gamma=0.000000 gate_passed=True fallback=functional_recovery_bilateral_gain global_hash=24725350bee2cfa3c5e43da04629f3c497c06ed2a737c6d677eab5a22cbf2825
ROUND fedrad round=174 clients=[27, 28, 1, 92, 55, 48, 74, 7, 99, 62] diagnostic_accuracy=68.1700% Gamma=0.000000 gate_passed=True fallback=functional_recovery_bilateral_gain global_hash=1ad0d10281168fa4a98cd5ea44067ede132d0c7d4b54db1623d0a3f28be9d4e4
ROUND fedrad round=175 clients=[24, 0, 9, 11, 31, 45, 58, 35, 69, 21] diagnostic_accuracy=73.4800% Gamma=0.000000 gate_passed=True fallback=functional_recovery_bilateral_gain global_hash=7f62bc782b35b3fdc0f23e9283d42dbf0bb5f05a51a6e61b8aa801841c2c3c6d
ROUND fedrad round=176 clients=[42, 98, 67, 21, 24, 81, 20, 75, 29, 36] diagnostic_accuracy=67.6400% Gamma=0.000000 gate_passed=True fallback=functional_recovery_bilateral_gain global_hash=25ec02646a4dfa52cd4a10a4b108c04feb4f50b9978d5a600166637374188ce5
ROUND fedrad round=177 clients=[49, 75, 33, 60, 42, 64, 69, 11, 47, 70] diagnostic_accuracy=65.2000% Gamma=0.000000 gate_passed=True fallback=functional_recovery_bilateral_gain global_hash=218655179d76af47e3860900568804f6386acbd7d25d950e7339958999098fe1
ROUND fedrad round=178 clients=[96, 60, 16, 70, 73, 40, 11, 24, 87, 93] diagnostic_accuracy=65.3700% Gamma=0.000000 gate_passed=True fallback=functional_recovery_bilateral_gain global_hash=37579a82f21211ba68dda7424c8c7a80c4aab8e18c6defab1de15ee854e5f557
ROUND fedrad round=179 clients=[37, 16, 85, 31, 69, 36, 54, 25, 32, 38] diagnostic_accuracy=64.5300% Gamma=0.000000 gate_passed=True fallback=functional_recovery_bilateral_gain global_hash=c47d62b4eab1c6db932db665a4d311609d1f084e527a9ae5ff6c58d4106322e9
ROUND fedrad round=180 clients=[80, 92, 61, 76, 19, 28, 7, 73, 67, 38] diagnostic_accuracy=70.2600% Gamma=0.000000 gate_passed=True fallback=functional_recovery_bilateral_gain global_hash=c49b3bf2d715e5492a90d6e291742c0f96510b7355a551c90ebd3cb9bdd2e8f1
ROUND fedrad round=181 clients=[78, 26, 35, 44, 29, 85, 64, 66, 97, 21] diagnostic_accuracy=65.5000% Gamma=0.000000 gate_passed=True fallback=functional_recovery_bilateral_gain global_hash=0a00039d290f424e7981aff5c0196224c7cf5c6edd94db770abf550ff2f727f4
ROUND fedrad round=182 clients=[78, 73, 10, 52, 54, 24, 44, 70, 99, 90] diagnostic_accuracy=66.0300% Gamma=0.000000 gate_passed=True fallback=functional_recovery_bilateral_gain global_hash=00d8898cf6deeb88a612285ea4f47de1ccc9c13b606189ce6721050f60811091
ROUND fedrad round=183 clients=[96, 38, 1, 4, 36, 19, 77, 52, 41, 49] diagnostic_accuracy=70.0600% Gamma=0.000000 gate_passed=True fallback=functional_recovery_bilateral_gain global_hash=a395a6ea40e9763d19aceea96c7b4484d15d63b9788209438a16e827199f37d3
ROUND fedrad round=184 clients=[87, 55, 49, 7, 51, 67, 40, 21, 34, 0] diagnostic_accuracy=73.4400% Gamma=0.000000 gate_passed=True fallback=functional_recovery_bilateral_gain global_hash=6e925b4111a22d9e3010cdd3929abde4516647c520cfe62ede4a418a8c2e7879
ROUND fedrad round=185 clients=[74, 63, 39, 14, 96, 82, 21, 45, 88, 13] diagnostic_accuracy=67.1100% Gamma=0.000000 gate_passed=True fallback=functional_recovery_bilateral_gain global_hash=4a26862bf482590c57416d3fca43ebe707574fcd4f5b3d24777a1afbd2b4e864
ROUND fedrad round=186 clients=[1, 26, 23, 59, 22, 57, 27, 60, 18, 69] diagnostic_accuracy=65.7900% Gamma=0.000000 gate_passed=True fallback=functional_recovery_bilateral_gain global_hash=c53188460ea7ac4f4575dbbed811e8ae38f48ec368919081574a559a9378ed04
ROUND fedrad round=187 clients=[34, 87, 43, 64, 27, 92, 78, 55, 68, 7] diagnostic_accuracy=68.8200% Gamma=0.000000 gate_passed=True fallback=functional_recovery_bilateral_gain global_hash=70650421c092cf7c546a08b6063fb2c44cb03382d9efac7ed0a77276a0bafefb
ROUND fedrad round=188 clients=[67, 20, 34, 69, 85, 14, 86, 81, 36, 76] diagnostic_accuracy=72.7900% Gamma=0.000000 gate_passed=True fallback=functional_recovery_bilateral_gain global_hash=ec8c623bc797ee7fd3f0681a4557f2b5ace90e9b6d8955dc144f5604db93239a
ROUND fedrad round=189 clients=[57, 7, 53, 49, 74, 65, 76, 29, 78, 80] diagnostic_accuracy=71.3400% Gamma=0.000000 gate_passed=True fallback=functional_recovery_bilateral_gain global_hash=7241863469b5a86b5f2e51d9f027fd0b9195dca79ab6521b8b9b3e59ee2e46fc
ROUND fedrad round=190 clients=[71, 25, 7, 77, 39, 51, 87, 5, 45, 11] diagnostic_accuracy=65.2200% Gamma=0.000000 gate_passed=True fallback=functional_recovery_bilateral_gain global_hash=5c3c2eadda97bd79d9fa1ebd0fe1687b9e0f069eac1a4b3170b5883a2f9e9558
ROUND fedrad round=191 clients=[60, 21, 34, 0, 98, 92, 44, 65, 66, 3] diagnostic_accuracy=69.2800% Gamma=0.000000 gate_passed=True fallback=functional_recovery_bilateral_gain global_hash=d6db6628c3d083be2b6b28b8cf8ccd7b9d127addc8bed5d0aff221f6559b6949
ROUND fedrad round=192 clients=[36, 59, 66, 20, 0, 16, 86, 71, 90, 56] diagnostic_accuracy=73.0900% Gamma=0.000000 gate_passed=True fallback=functional_recovery_bilateral_gain global_hash=42bcc26c6a18ae0c1dbc362bf3bd168ddd794d3d245e234cd7caefde7bcc5541
ROUND fedrad round=193 clients=[19, 22, 51, 45, 91, 26, 14, 83, 15, 67] diagnostic_accuracy=71.8000% Gamma=0.000000 gate_passed=True fallback=functional_recovery_bilateral_gain global_hash=db1e7bb6389a30c91d7ba2eefd3dc12257bb5b40fc3d1b5bd370a5562987c9e0
ROUND fedrad round=194 clients=[62, 14, 3, 92, 78, 33, 89, 48, 70, 31] diagnostic_accuracy=67.8600% Gamma=0.000000 gate_passed=True fallback=functional_recovery_bilateral_gain global_hash=0b616faa05a9f66fcb896175f8acb3b0bc94035193db4863b4fa9bc59e26c20a
ROUND fedrad round=195 clients=[37, 10, 88, 63, 53, 68, 2, 52, 26, 59] diagnostic_accuracy=66.5200% Gamma=0.000000 gate_passed=True fallback=functional_recovery_bilateral_gain global_hash=0182cdb7a2d61b5dfb22ce4908bb930805410f4e39e0c7f5bf31979dff7b702e
ROUND fedrad round=196 clients=[59, 71, 85, 49, 20, 10, 3, 86, 88, 33] diagnostic_accuracy=58.6000% Gamma=0.000000 gate_passed=True fallback=functional_recovery_bilateral_gain global_hash=4591742c13d3da57100de0b5fbc6854e29aca18e9a55cc0fd2ff9c350860cf28
ROUND fedrad round=197 clients=[9, 0, 18, 66, 44, 17, 92, 95, 64, 96] diagnostic_accuracy=69.8600% Gamma=0.000000 gate_passed=True fallback=functional_recovery_bilateral_gain global_hash=1f0853a23a318f7561d048bcfdb8c1e84e62dacfd5d7323f5f40687d9aaaab23
ROUND fedrad round=198 clients=[70, 58, 24, 57, 32, 19, 43, 65, 5, 88] diagnostic_accuracy=61.1200% Gamma=0.000000 gate_passed=True fallback=functional_recovery_bilateral_gain global_hash=9bd94d0c1ad4e2ab3a5225eabb61861061de16ab14e8b2e8994c87f70580e3f8
ROUND fedrad round=199 clients=[61, 75, 68, 2, 6, 26, 1, 56, 78, 74] diagnostic_accuracy=68.2500% Gamma=0.000000 gate_passed=True fallback=functional_recovery_bilateral_gain global_hash=9200e706d983297e2366bc6d15efbe6db0c32994868f68d625795917885d23d0
ROUND fedrad round=200 clients=[8, 57, 22, 90, 46, 9, 56, 99, 89, 4] diagnostic_accuracy=71.1100% Gamma=0.000000 gate_passed=True fallback=functional_recovery_bilateral_gain global_hash=40f9c6b188fdbc6794ade4fdf731d6ac9cf22e59db64ccc566cc778962a88d58
FINAL_STATE_HASH 40f9c6b188fdbc6794ade4fdf731d6ac9cf22e59db64ccc566cc778962a88d58
