Run directory: C:\Users\admin\Desktop\need_do\new_paper_four\FedPhoenix-new\results\consensus_assignment_functional_recovery_2of64\functional_recovery_seed1_20260907_110522_499977_m2_consensus_lock_seed1_2of64_200r
Partition fingerprint: f8fcaa0f17c5d2078c5d24ece11b3f8cfcb82553733fb972155b7452d87a8fd0; device=cuda:0
ROUND fedrad round=1 clients=[80, 84, 33, 81, 93, 17, 36, 82, 69, 65] diagnostic_accuracy=10.0000% Gamma=0.000000 gate_passed=True fallback=functional_recovery_consensus_lock global_hash=c6432dd6d30651954c718691d66b95ead53f9f364bd41132c4908756853390e2
ROUND fedrad round=2 clients=[44, 96, 1, 35, 26, 11, 38, 82, 87, 3] diagnostic_accuracy=16.4400% Gamma=0.000000 gate_passed=True fallback=functional_recovery_consensus_lock global_hash=fc2524de44c1984dc0b6f4a60109f2e29ef5dbdfedbaabff78b92907f5a0c899
ROUND fedrad round=3 clients=[95, 67, 96, 71, 1, 80, 99, 45, 52, 27] diagnostic_accuracy=18.8700% Gamma=0.000000 gate_passed=True fallback=functional_recovery_consensus_lock global_hash=95e7243c66234f6e13e98e7de70b57abfdfa2f0b3e415bf6057ffa97ca184468
ROUND fedrad round=4 clients=[40, 10, 96, 66, 89, 32, 95, 55, 25, 5] diagnostic_accuracy=14.3300% Gamma=0.000000 gate_passed=True fallback=functional_recovery_consensus_lock global_hash=8b2efc7afa818872163a4a24e221ae03c028f6e47a8df449edacec082a769b7e
ROUND fedrad round=5 clients=[89, 99, 45, 96, 72, 9, 74, 88, 1, 38] diagnostic_accuracy=20.4400% Gamma=0.000000 gate_passed=True fallback=functional_recovery_consensus_lock global_hash=dee27d3981be5813a4880915ed6b8c5c28f2e1d1ddffa37196f7b0d62a0c5d96
ROUND fedrad round=6 clients=[0, 86, 4, 23, 24, 1, 62, 83, 66, 93] diagnostic_accuracy=21.9300% Gamma=0.000000 gate_passed=True fallback=functional_recovery_consensus_lock global_hash=b5c16bee831950a571e411ff0a37924e2bc69aea2944ea627824e9dc7dedb2be
ROUND fedrad round=7 clients=[6, 59, 72, 30, 91, 43, 75, 76, 15, 61] diagnostic_accuracy=23.7300% Gamma=0.000000 gate_passed=True fallback=functional_recovery_consensus_lock global_hash=53808fcc9b5bbe9f6826a000ac82a63c848ca32c9dd9d5c1cdeefd28cb3ca3ad
ROUND fedrad round=8 clients=[44, 88, 74, 48, 59, 79, 25, 52, 45, 55] diagnostic_accuracy=19.5000% Gamma=0.000000 gate_passed=True fallback=functional_recovery_consensus_lock global_hash=83c29c629ae4ba17ed3aa68321f2c99193bafceaf1580e4871d1ec4b17ae9a8a
ROUND fedrad round=9 clients=[3, 60, 35, 33, 22, 66, 45, 68, 67, 75] diagnostic_accuracy=23.9400% Gamma=0.000000 gate_passed=True fallback=functional_recovery_consensus_lock global_hash=a04963704c91762102e8538274187caee12560c99e7427315827e55f63a8d767
ROUND fedrad round=10 clients=[64, 91, 12, 52, 16, 65, 50, 68, 33, 30] diagnostic_accuracy=27.2800% Gamma=0.000000 gate_passed=True fallback=functional_recovery_consensus_lock global_hash=7cd393edcd3c8f209d4592eae52bca5c512d222f293a23097b282f4fee0dc88b
ROUND fedrad round=11 clients=[54, 27, 23, 37, 75, 33, 41, 46, 52, 24] diagnostic_accuracy=27.5200% Gamma=0.000000 gate_passed=True fallback=functional_recovery_consensus_lock global_hash=23e18543e18a8dd84ec6083a876101ead45bc045c5e1138b72732772996cab23
ROUND fedrad round=12 clients=[54, 45, 28, 44, 15, 1, 93, 12, 88, 40] diagnostic_accuracy=28.2200% Gamma=0.000000 gate_passed=True fallback=functional_recovery_consensus_lock global_hash=7108c40bea9af0f40abe366baccd15e0dd8c05eeddbf353e1c6a85ae71ef92d6
ROUND fedrad round=13 clients=[70, 75, 5, 68, 36, 79, 72, 78, 57, 44] diagnostic_accuracy=27.1800% Gamma=0.000000 gate_passed=True fallback=functional_recovery_consensus_lock global_hash=3efa5e55cf53bdb7827848016275e3ead1071c25e5f69e4f41b57d5000c322b6
ROUND fedrad round=14 clients=[41, 9, 30, 89, 40, 49, 3, 22, 8, 16] diagnostic_accuracy=29.4800% Gamma=0.000000 gate_passed=True fallback=functional_recovery_consensus_lock global_hash=4bf9b2eed1e58d7f24eca704e845c36f6b920e86059b3d26b8d6e4dff9f7a9a3
ROUND fedrad round=15 clients=[82, 28, 69, 81, 56, 71, 85, 27, 37, 66] diagnostic_accuracy=28.6300% Gamma=0.000000 gate_passed=True fallback=functional_recovery_consensus_lock global_hash=03691bb218fe09ca1b642d744affbb7f8ddc456cdf660034f98932ef2fc04fce
ROUND fedrad round=16 clients=[60, 13, 26, 12, 1, 28, 88, 86, 11, 43] diagnostic_accuracy=30.5000% Gamma=0.000000 gate_passed=True fallback=functional_recovery_consensus_lock global_hash=9cb6779e23e8f7331bdb94e21910fa49d34b5571872753f74041b717c093a94b
ROUND fedrad round=17 clients=[93, 16, 72, 75, 10, 4, 38, 71, 42, 62] diagnostic_accuracy=29.4900% Gamma=0.000000 gate_passed=True fallback=functional_recovery_consensus_lock global_hash=b95d2f4db3fd5dca21791d4e2af4b9ff97f0ded5ddea7a14edb162cec5e248e1
ROUND fedrad round=18 clients=[36, 47, 1, 64, 57, 97, 29, 6, 67, 92] diagnostic_accuracy=34.6100% Gamma=0.000000 gate_passed=True fallback=functional_recovery_consensus_lock global_hash=11d76c38fe6802bbd8ccb1051d19bbf8d3471d7aed3d880f31c4ffe73816bf76
ROUND fedrad round=19 clients=[48, 87, 17, 57, 22, 81, 4, 51, 94, 63] diagnostic_accuracy=31.5300% Gamma=0.000000 gate_passed=True fallback=functional_recovery_consensus_lock global_hash=8f8d958ad0cbb8fccbe929ee8986111f5b6e0f82de32a64c3197dc58df8a50ec
ROUND fedrad round=20 clients=[9, 17, 59, 11, 2, 95, 68, 28, 60, 14] diagnostic_accuracy=32.0900% Gamma=0.000000 gate_passed=True fallback=functional_recovery_consensus_lock global_hash=98908d7e71c2f1a68ae4dbdb087c45ad4701bded542e2d9510a25f2aca306a87
ROUND fedrad round=21 clients=[26, 25, 15, 93, 45, 54, 68, 90, 76, 10] diagnostic_accuracy=27.4600% Gamma=0.000000 gate_passed=True fallback=functional_recovery_consensus_lock global_hash=c104066c0f3001dcf8c3f6b3450bf684e78d6c727ca6fd49937039c2b6366ffd
ROUND fedrad round=22 clients=[84, 74, 93, 1, 48, 44, 29, 26, 94, 75] diagnostic_accuracy=30.8900% Gamma=0.000000 gate_passed=True fallback=functional_recovery_consensus_lock global_hash=68045ddaa16d1368b022a4f13fbaeb70941dd682506e0f99b2d2ef8fe4f8fd20
ROUND fedrad round=23 clients=[71, 58, 50, 22, 59, 84, 10, 70, 43, 67] diagnostic_accuracy=31.6400% Gamma=0.000000 gate_passed=True fallback=functional_recovery_consensus_lock global_hash=2f5bcf8745cd39bd388f8afcd3320e01f223c38534c6449f1060f4db1dc90f49
ROUND fedrad round=24 clients=[70, 54, 33, 75, 31, 58, 17, 6, 3, 51] diagnostic_accuracy=35.6500% Gamma=0.000000 gate_passed=True fallback=functional_recovery_consensus_lock global_hash=8885e83ca6c4e8eae9e3ef669be351ab51e58ba53a54920c9136e53197afc2ab
ROUND fedrad round=25 clients=[42, 87, 33, 36, 30, 84, 78, 98, 71, 75] diagnostic_accuracy=17.2800% Gamma=0.000000 gate_passed=True fallback=functional_recovery_consensus_lock global_hash=d8fda6e08011e2a14ce129841d39dc9beec50b842fd498990a2d5e184fee3ceb
ROUND fedrad round=26 clients=[41, 47, 34, 10, 51, 11, 50, 16, 86, 64] diagnostic_accuracy=39.8800% Gamma=0.000000 gate_passed=True fallback=functional_recovery_consensus_lock global_hash=aa0f5296e30eb214cc74016a7ccd082c4cc5e2fd4cf31a5da0016ceb904f60e3
ROUND fedrad round=27 clients=[58, 82, 63, 50, 98, 84, 4, 46, 65, 88] diagnostic_accuracy=33.4100% Gamma=0.000000 gate_passed=True fallback=functional_recovery_consensus_lock global_hash=a5e4c812383fab49f2743e48850e67826018e26b810625ee6e0627f79e9457fd
ROUND fedrad round=28 clients=[99, 88, 69, 16, 46, 29, 90, 91, 4, 45] diagnostic_accuracy=40.7600% Gamma=0.000000 gate_passed=True fallback=functional_recovery_consensus_lock global_hash=ed48b6afc228e86ec1121e920bde3384e7c6570d863891f89596ba6319410842
ROUND fedrad round=29 clients=[80, 73, 28, 34, 1, 10, 13, 65, 5, 49] diagnostic_accuracy=40.6100% Gamma=0.000000 gate_passed=True fallback=functional_recovery_consensus_lock global_hash=9c30013bd1b814b58e29ac30f46a08f205afaac92425e7e1c6060965bfca39f7
ROUND fedrad round=30 clients=[62, 41, 74, 11, 99, 8, 75, 26, 81, 85] diagnostic_accuracy=36.2800% Gamma=0.000000 gate_passed=True fallback=functional_recovery_consensus_lock global_hash=599d3014e8f015ae739e4a010e65d6b9381eeec7d2e817579249e31e3465f8e5
ROUND fedrad round=31 clients=[96, 81, 77, 83, 14, 50, 13, 67, 53, 91] diagnostic_accuracy=47.0900% Gamma=0.000000 gate_passed=True fallback=functional_recovery_consensus_lock global_hash=1ec9cb19937c37a7475b214372b6c213d4eb1c30c3b7534c802ad4454110b48a
ROUND fedrad round=32 clients=[40, 73, 70, 3, 6, 94, 1, 25, 20, 10] diagnostic_accuracy=36.1800% Gamma=0.000000 gate_passed=True fallback=functional_recovery_consensus_lock global_hash=b41d36c1fcab46dd4390e4e789cf50219f5cc10141b59c2074a430724ecdf97d
ROUND fedrad round=33 clients=[45, 16, 51, 88, 17, 78, 36, 44, 21, 62] diagnostic_accuracy=43.0100% Gamma=0.000000 gate_passed=True fallback=functional_recovery_consensus_lock global_hash=bd539f23f1c53aa1529c1d15d9cf001f9728aab3fe3cd521f8acb100679f1ad8
ROUND fedrad round=34 clients=[92, 43, 97, 61, 58, 67, 1, 98, 30, 75] diagnostic_accuracy=42.4400% Gamma=0.000000 gate_passed=True fallback=functional_recovery_consensus_lock global_hash=290aba000296b48b4f3b98f79487f8f335386e08903a8a7ff4ce2012f0563817
ROUND fedrad round=35 clients=[31, 89, 17, 66, 92, 23, 96, 9, 35, 20] diagnostic_accuracy=41.5200% Gamma=0.000000 gate_passed=True fallback=functional_recovery_consensus_lock global_hash=73d86ce6840e3a0db673d4a9ee39f4c039fc95da0f31945df2b0e946d526fde0
ROUND fedrad round=36 clients=[72, 68, 65, 28, 23, 85, 16, 60, 73, 78] diagnostic_accuracy=49.1500% Gamma=0.000000 gate_passed=True fallback=functional_recovery_consensus_lock global_hash=3d7baa30147a271b2c7a05c03850db61121771882566616830c97e17babe60cd
ROUND fedrad round=37 clients=[66, 49, 62, 9, 84, 68, 74, 3, 44, 71] diagnostic_accuracy=30.1500% Gamma=0.000000 gate_passed=True fallback=functional_recovery_consensus_lock global_hash=0f67084fbc8f0a1d82d86a35d868ec41069c54aeeaaadb8b9f105668dd9d406e
ROUND fedrad round=38 clients=[50, 73, 27, 38, 8, 53, 21, 14, 28, 64] diagnostic_accuracy=46.8400% Gamma=0.000000 gate_passed=True fallback=functional_recovery_consensus_lock global_hash=c40cc2693f1f4ad8a2c25732d8dede3e854b0eb484c355c684b03a837ffb32e7
ROUND fedrad round=39 clients=[48, 87, 40, 59, 3, 10, 75, 35, 49, 89] diagnostic_accuracy=45.0200% Gamma=0.000000 gate_passed=True fallback=functional_recovery_consensus_lock global_hash=c469deac93a2a687f5f6dc69d1027a7afad1304d101ac6d869f1f99db006403f
ROUND fedrad round=40 clients=[83, 93, 34, 60, 90, 45, 42, 41, 91, 36] diagnostic_accuracy=49.0500% Gamma=0.000000 gate_passed=True fallback=functional_recovery_consensus_lock global_hash=0d6cf2638746e23863799caf8ca92e01ce76c1ac9f852d6a09754784893025b6
ROUND fedrad round=41 clients=[75, 52, 20, 80, 90, 93, 4, 51, 13, 98] diagnostic_accuracy=37.6000% Gamma=0.000000 gate_passed=True fallback=functional_recovery_consensus_lock global_hash=35903518e4148c3b26d7c4792e555c060c9fbb66aced40d573ada652ac7ad90f
ROUND fedrad round=42 clients=[98, 79, 17, 10, 3, 12, 29, 26, 54, 58] diagnostic_accuracy=30.9700% Gamma=0.000000 gate_passed=True fallback=functional_recovery_consensus_lock global_hash=b28c13cbafad88939d2b35b03d77ae5c3e0d94131e533ec61cd2d543acc114dd
ROUND fedrad round=43 clients=[32, 15, 47, 9, 7, 16, 24, 57, 71, 28] diagnostic_accuracy=46.7600% Gamma=0.000000 gate_passed=True fallback=functional_recovery_consensus_lock global_hash=9aeae1db80d6bd3a7c8b4e7e5ee211d80e7d13f3e379ae3c2d5203fb341a160e
ROUND fedrad round=44 clients=[76, 67, 81, 35, 44, 49, 32, 99, 69, 51] diagnostic_accuracy=49.1100% Gamma=0.000000 gate_passed=True fallback=functional_recovery_consensus_lock global_hash=4d79b0c912667130c402a038ffad6ef094677175eabeef21d60d1a3f867e0876
ROUND fedrad round=45 clients=[42, 4, 95, 71, 84, 22, 61, 5, 10, 28] diagnostic_accuracy=46.7200% Gamma=0.000000 gate_passed=True fallback=functional_recovery_consensus_lock global_hash=746698528cfe0c653f5ab23d86109dfbe3ffbcbf38e16cd51c49ad5c314f77ae
ROUND fedrad round=46 clients=[61, 52, 80, 26, 37, 44, 85, 1, 99, 55] diagnostic_accuracy=55.2400% Gamma=0.000000 gate_passed=True fallback=functional_recovery_consensus_lock global_hash=e7927fec46225b0499cf0db191d0cd03c3b45bcea6c5683f535f3f07cab0aadf
ROUND fedrad round=47 clients=[23, 10, 75, 28, 19, 22, 43, 13, 98, 85] diagnostic_accuracy=52.0300% Gamma=0.000000 gate_passed=True fallback=functional_recovery_consensus_lock global_hash=d37c21251b57ed05db17a828cd4200867e472769aee5539d00ee3518c886c00c
ROUND fedrad round=48 clients=[18, 1, 96, 63, 59, 71, 88, 39, 97, 68] diagnostic_accuracy=49.7300% Gamma=0.000000 gate_passed=True fallback=functional_recovery_consensus_lock global_hash=0d3d9a4a01aacd8f09c4b3530ce702c19072a1ac47fb6ee42856080039b602bc
ROUND fedrad round=49 clients=[44, 11, 93, 47, 54, 9, 81, 94, 45, 65] diagnostic_accuracy=58.3200% Gamma=0.000000 gate_passed=True fallback=functional_recovery_consensus_lock global_hash=2525dde0163d18dc02c5c146a5594b430e6d83d9e7e71ea2e77c6179b8770c87
ROUND fedrad round=50 clients=[48, 43, 51, 76, 99, 39, 38, 73, 89, 80] diagnostic_accuracy=50.1600% Gamma=0.000000 gate_passed=True fallback=functional_recovery_consensus_lock global_hash=0c59ab7ac8c8342558e42aa2bb3c51ff9ca6e4ddad5bf4d559189ad19a22ddfa
ROUND fedrad round=51 clients=[34, 16, 99, 17, 62, 58, 96, 29, 90, 30] diagnostic_accuracy=57.5300% Gamma=0.000000 gate_passed=True fallback=functional_recovery_consensus_lock global_hash=f23931a6476f63c17491ba55363294add9de560003f3f6559f7385c5282d8621
ROUND fedrad round=52 clients=[8, 59, 78, 95, 25, 35, 99, 86, 54, 64] diagnostic_accuracy=58.6100% Gamma=0.000000 gate_passed=True fallback=functional_recovery_consensus_lock global_hash=6c4d9c13dfefa33e65bb53af3a52a022fde7739a8f174db1a33c451cb795536b
ROUND fedrad round=53 clients=[87, 42, 55, 74, 37, 10, 26, 23, 57, 62] diagnostic_accuracy=50.3100% Gamma=0.000000 gate_passed=True fallback=functional_recovery_consensus_lock global_hash=311ba460346b70be2c5129cd3806e6990af8ccaa3dfef9211306fc4a72510f5d
ROUND fedrad round=54 clients=[84, 2, 76, 48, 68, 40, 92, 8, 42, 46] diagnostic_accuracy=55.1700% Gamma=0.000000 gate_passed=True fallback=functional_recovery_consensus_lock global_hash=f5eaa24691e6565537ba56d0ebfcedc849ee66b641c58d4c6d2a0236e5d1ba47
ROUND fedrad round=55 clients=[91, 70, 16, 58, 10, 35, 31, 86, 62, 54] diagnostic_accuracy=56.4900% Gamma=0.000000 gate_passed=True fallback=functional_recovery_consensus_lock global_hash=d34237d59c3839ac4e9e5d93e7e8fea529519bd13489daa29df5fa0e42f63393
ROUND fedrad round=56 clients=[32, 41, 20, 75, 69, 62, 74, 38, 80, 58] diagnostic_accuracy=47.9000% Gamma=0.000000 gate_passed=True fallback=functional_recovery_consensus_lock global_hash=3a051efc0e6378281ec2bfd575b1927485906ef5e45b44161a4ca8e1e34b6066
ROUND fedrad round=57 clients=[89, 0, 84, 16, 97, 67, 41, 38, 59, 60] diagnostic_accuracy=48.3900% Gamma=0.000000 gate_passed=True fallback=functional_recovery_consensus_lock global_hash=434f14614c74dd3314e6ad56a0e77d372c64a966e9d8d6c74961bc401b7e4dd7
ROUND fedrad round=58 clients=[59, 21, 34, 35, 95, 41, 9, 12, 47, 42] diagnostic_accuracy=53.1100% Gamma=0.000000 gate_passed=True fallback=functional_recovery_consensus_lock global_hash=ca105b5dc7d5e9974107e0309b1b168451ac869bf4fe4840119984207417d25a
ROUND fedrad round=59 clients=[88, 78, 75, 43, 57, 63, 34, 79, 17, 93] diagnostic_accuracy=52.3500% Gamma=0.000000 gate_passed=True fallback=functional_recovery_consensus_lock global_hash=50bc7221f58a6bc93905421381b76f0773d30d3862142b9503061e8b8050275c
ROUND fedrad round=60 clients=[76, 35, 9, 75, 32, 97, 53, 72, 27, 91] diagnostic_accuracy=50.1900% Gamma=0.000000 gate_passed=True fallback=functional_recovery_consensus_lock global_hash=2febbad35433127acd233dd9e6a26c8539717093092b47ff12f60ea009ff4e2e
ROUND fedrad round=61 clients=[60, 14, 9, 43, 15, 68, 7, 44, 65, 89] diagnostic_accuracy=59.8300% Gamma=0.000000 gate_passed=True fallback=functional_recovery_consensus_lock global_hash=6ba4683deee49097483e765d510258608d638b6881684fbbc0db940750ce8997
ROUND fedrad round=62 clients=[56, 67, 28, 93, 30, 71, 78, 48, 25, 19] diagnostic_accuracy=59.0000% Gamma=0.000000 gate_passed=True fallback=functional_recovery_consensus_lock global_hash=967d00b775029d4508b9aa557592ee87c923c1647134c05d8c34fb6875b95cd6
ROUND fedrad round=63 clients=[61, 18, 63, 89, 0, 99, 42, 76, 81, 9] diagnostic_accuracy=54.9700% Gamma=0.000000 gate_passed=True fallback=functional_recovery_consensus_lock global_hash=c83f1f46e0cf59cf232dc0b91ea95c0f3cdbbafd087e8f0109a0bcff993f9f82
ROUND fedrad round=64 clients=[14, 22, 8, 93, 29, 90, 73, 28, 57, 58] diagnostic_accuracy=59.0500% Gamma=0.000000 gate_passed=True fallback=functional_recovery_consensus_lock global_hash=278c510296b709a6221f29e7d44d45a771869ee004589bcd4c87f95b182941da
ROUND fedrad round=65 clients=[16, 90, 78, 23, 55, 61, 31, 0, 11, 82] diagnostic_accuracy=60.2900% Gamma=0.000000 gate_passed=True fallback=functional_recovery_consensus_lock global_hash=5b75cd3853706920963fc9aea85fc6514f27c6407e195159f14d4b684df0e059
ROUND fedrad round=66 clients=[28, 65, 16, 72, 11, 36, 19, 51, 81, 53] diagnostic_accuracy=59.5900% Gamma=0.000000 gate_passed=True fallback=functional_recovery_consensus_lock global_hash=f9a6ab3924c6fec92d756ee3006b265ec511a0da968e976ba949ab5082a3d824
ROUND fedrad round=67 clients=[53, 63, 96, 28, 78, 90, 58, 73, 34, 4] diagnostic_accuracy=57.8900% Gamma=0.000000 gate_passed=True fallback=functional_recovery_consensus_lock global_hash=81eb15cd82355d619d700726e2e0238cdeffdce8f87d2961637000f834341498
ROUND fedrad round=68 clients=[38, 57, 22, 41, 70, 39, 10, 5, 17, 32] diagnostic_accuracy=54.6300% Gamma=0.000000 gate_passed=True fallback=functional_recovery_consensus_lock global_hash=33b307756c94de3815b24ee43260937420ff58deafe04dee3dd7d23462881455
ROUND fedrad round=69 clients=[60, 67, 48, 59, 46, 94, 22, 29, 53, 97] diagnostic_accuracy=61.8300% Gamma=0.000000 gate_passed=True fallback=functional_recovery_consensus_lock global_hash=512edceb888739774ca50ebb18b554ae6b5628aaf23a1a6ebef7c3783148f437
ROUND fedrad round=70 clients=[61, 33, 76, 48, 37, 54, 38, 13, 8, 39] diagnostic_accuracy=51.9000% Gamma=0.000000 gate_passed=True fallback=functional_recovery_consensus_lock global_hash=4574590e11137d658ba61f09b7b1299e69f162597c1d911539627622cd081aa5
ROUND fedrad round=71 clients=[31, 88, 91, 25, 50, 95, 67, 45, 80, 70] diagnostic_accuracy=59.0700% Gamma=0.000000 gate_passed=True fallback=functional_recovery_consensus_lock global_hash=f01b2faec97d5e3d5b322020ac093d066047afe4347297caba447ffa7d94310e
ROUND fedrad round=72 clients=[3, 23, 17, 94, 61, 43, 63, 91, 37, 84] diagnostic_accuracy=49.6300% Gamma=0.000000 gate_passed=True fallback=functional_recovery_consensus_lock global_hash=38d5e2c958844f2f1cb189315f2ec26b64bd025e86b104872c5059562c25f1bc
ROUND fedrad round=73 clients=[11, 73, 78, 47, 45, 83, 36, 75, 91, 57] diagnostic_accuracy=61.6100% Gamma=0.000000 gate_passed=True fallback=functional_recovery_consensus_lock global_hash=792ac35c1d619e023407ce7df7c101f1f1ec771a6d89a94bb68d97a599cc52c1
ROUND fedrad round=74 clients=[46, 54, 66, 62, 96, 49, 24, 75, 60, 52] diagnostic_accuracy=55.7900% Gamma=0.000000 gate_passed=True fallback=functional_recovery_consensus_lock global_hash=200406d3b0c236d7eef10c357ac7c7b61e42c3b19df2a922e9000c4d3fec560f
ROUND fedrad round=75 clients=[75, 51, 39, 89, 14, 54, 41, 30, 24, 80] diagnostic_accuracy=54.8800% Gamma=0.000000 gate_passed=True fallback=functional_recovery_consensus_lock global_hash=f7576651581f436ebf6355ce2d356590ee8ec36e68d632decbbc94cef6cba3ad
ROUND fedrad round=76 clients=[67, 90, 45, 78, 32, 86, 50, 55, 33, 60] diagnostic_accuracy=63.6800% Gamma=0.000000 gate_passed=True fallback=functional_recovery_consensus_lock global_hash=4c124d930438d1f7986bfd6ef3a884e591361c309c7ab5b207ab71da77f7fa2d
ROUND fedrad round=77 clients=[4, 16, 51, 33, 89, 30, 13, 77, 43, 85] diagnostic_accuracy=57.0900% Gamma=0.000000 gate_passed=True fallback=functional_recovery_consensus_lock global_hash=07dd2c0e50cc47a517d97a0c80cc72db6a29ea3182d209e28aa2fc3a57b65091
ROUND fedrad round=78 clients=[97, 76, 96, 72, 42, 17, 33, 51, 24, 36] diagnostic_accuracy=62.1700% Gamma=0.000000 gate_passed=True fallback=functional_recovery_consensus_lock global_hash=5b8a1a1068af8f3b66fc8427cf9c0fff80d0f39f29e9916f37454155d2c84cee
ROUND fedrad round=79 clients=[22, 47, 61, 27, 50, 96, 89, 97, 85, 30] diagnostic_accuracy=61.7500% Gamma=0.000000 gate_passed=True fallback=functional_recovery_consensus_lock global_hash=2d6b5f56bf00cc9afd85e1b19548bd72647dbfc9583cc0f9047251e8069ebabf
ROUND fedrad round=80 clients=[44, 70, 23, 38, 74, 21, 82, 4, 88, 98] diagnostic_accuracy=56.9800% Gamma=0.000000 gate_passed=True fallback=functional_recovery_consensus_lock global_hash=d5fea9b1b3fae9d2aa32cb5aa676920fd59ca1fb126468f5b4b19134b076ada9
ROUND fedrad round=81 clients=[90, 72, 65, 50, 85, 56, 4, 80, 31, 17] diagnostic_accuracy=57.4800% Gamma=0.000000 gate_passed=True fallback=functional_recovery_consensus_lock global_hash=fea13a1d920908c22b7cd9f062e4f45a46f480cdcd7176e2d956ccdd38af85d7
ROUND fedrad round=82 clients=[61, 40, 41, 34, 97, 51, 50, 13, 22, 8] diagnostic_accuracy=59.4100% Gamma=0.000000 gate_passed=True fallback=functional_recovery_consensus_lock global_hash=8594e3e0669c87af93cdda2b56c0666707e6b47bd2b8c3d4175105c27b451d4a
ROUND fedrad round=83 clients=[87, 54, 63, 83, 96, 26, 0, 59, 69, 14] diagnostic_accuracy=61.5900% Gamma=0.000000 gate_passed=True fallback=functional_recovery_consensus_lock global_hash=49da7fb023e455884225686530a69cb6d43a695a95ae7da6e50ece5f49bcb966
ROUND fedrad round=84 clients=[58, 47, 83, 36, 8, 2, 56, 49, 10, 38] diagnostic_accuracy=53.9000% Gamma=0.000000 gate_passed=True fallback=functional_recovery_consensus_lock global_hash=c3dba7b1d825febbdb165f7076022fc2a5e4c8b07cbb8d0315ff085a5beaddab
ROUND fedrad round=85 clients=[89, 90, 81, 54, 59, 4, 53, 47, 52, 19] diagnostic_accuracy=66.1900% Gamma=0.000000 gate_passed=True fallback=functional_recovery_consensus_lock global_hash=98da4cb70810c47aa618468ecda37ff001529ae48064d5871210666a34461cad
ROUND fedrad round=86 clients=[24, 13, 81, 73, 19, 55, 40, 76, 57, 96] diagnostic_accuracy=63.5200% Gamma=0.000000 gate_passed=True fallback=functional_recovery_consensus_lock global_hash=ef55c8fb10d89c447130de6043b2a9709ed678f0737c5abadb95eccb93ae0a93
ROUND fedrad round=87 clients=[31, 75, 94, 20, 87, 26, 29, 70, 2, 50] diagnostic_accuracy=57.3500% Gamma=0.000000 gate_passed=True fallback=functional_recovery_consensus_lock global_hash=b0d0319de6c06908bdc67996691184dda224911f2320d9a06916bfce2ec171af
ROUND fedrad round=88 clients=[0, 9, 46, 37, 72, 83, 73, 16, 55, 27] diagnostic_accuracy=55.3500% Gamma=0.000000 gate_passed=True fallback=functional_recovery_consensus_lock global_hash=9a0302f8b7924665458a3847d0fb3c026bc80995eda21bdb5188bec68869eab1
ROUND fedrad round=89 clients=[80, 29, 9, 50, 26, 81, 48, 82, 37, 15] diagnostic_accuracy=55.7900% Gamma=0.000000 gate_passed=True fallback=functional_recovery_consensus_lock global_hash=f17dead861e305a9e9c92cdf90e45937400122912c19fd2eaf47fa3403fe3ecd
ROUND fedrad round=90 clients=[82, 6, 87, 74, 29, 50, 62, 67, 12, 83] diagnostic_accuracy=68.5100% Gamma=0.000000 gate_passed=True fallback=functional_recovery_consensus_lock global_hash=d63a32bcf4de1c653d82b2d93e0056299de23c1c789808a6ea5a0c279a152928
ROUND fedrad round=91 clients=[36, 75, 89, 43, 12, 21, 95, 72, 24, 63] diagnostic_accuracy=55.5900% Gamma=0.000000 gate_passed=True fallback=functional_recovery_consensus_lock global_hash=102f7f136d1a9bb005db6a27b3890ac626b5a0e940f59e62e70d1fd6ba865f63
ROUND fedrad round=92 clients=[34, 15, 31, 94, 46, 70, 19, 80, 6, 88] diagnostic_accuracy=61.9500% Gamma=0.000000 gate_passed=True fallback=functional_recovery_consensus_lock global_hash=7c4624e1e8f58d09bf1d84693910f3c6bb75717d759e2aade33d62a7a61c5d9c
ROUND fedrad round=93 clients=[70, 92, 72, 77, 23, 53, 1, 12, 97, 93] diagnostic_accuracy=57.6700% Gamma=0.000000 gate_passed=True fallback=functional_recovery_consensus_lock global_hash=070d502ade0e54f56bf1a00801f866b4078c910f2de9f842e4e6904969ccaeba
ROUND fedrad round=94 clients=[13, 38, 36, 14, 57, 77, 66, 73, 3, 0] diagnostic_accuracy=46.3800% Gamma=0.000000 gate_passed=True fallback=functional_recovery_consensus_lock global_hash=ae4ffb5a7754e94daf9474830b18a2de4929636ff7bb5d34f6af948bf4e54760
ROUND fedrad round=95 clients=[13, 19, 10, 24, 76, 57, 88, 23, 61, 31] diagnostic_accuracy=58.5500% Gamma=0.000000 gate_passed=True fallback=functional_recovery_consensus_lock global_hash=fe3e80e97c847cfbb02ffd51289949e964e80fc3006e6bbbaddb3c4186ec19b7
ROUND fedrad round=96 clients=[18, 45, 94, 24, 56, 67, 10, 14, 13, 9] diagnostic_accuracy=66.3400% Gamma=0.000000 gate_passed=True fallback=functional_recovery_consensus_lock global_hash=69f4dd002913a7b705d3135623773315bd0b58b3a4de5554a95f85a0c37026a0
ROUND fedrad round=97 clients=[13, 48, 73, 93, 70, 1, 43, 77, 76, 88] diagnostic_accuracy=57.5300% Gamma=0.000000 gate_passed=True fallback=functional_recovery_consensus_lock global_hash=9a4122d5253269c656bf4f3a2dd1555834a3abbf45468c69931612a36fa956d6
ROUND fedrad round=98 clients=[21, 45, 83, 68, 75, 65, 96, 1, 77, 73] diagnostic_accuracy=64.3600% Gamma=0.000000 gate_passed=True fallback=functional_recovery_consensus_lock global_hash=8f3e6e511ac359fa0f473f22fe482da1d44c40946ee363d0559d931dd23cae52
ROUND fedrad round=99 clients=[81, 84, 60, 18, 45, 47, 94, 83, 76, 22] diagnostic_accuracy=59.1200% Gamma=0.000000 gate_passed=True fallback=functional_recovery_consensus_lock global_hash=ce72c1781b6cb4ad4aadb418d69bab10045a0c6f42b7cda9d5bdc71d47744fc5
ROUND fedrad round=100 clients=[21, 69, 47, 34, 65, 81, 93, 44, 30, 84] diagnostic_accuracy=59.5400% Gamma=0.000000 gate_passed=True fallback=functional_recovery_consensus_lock global_hash=bd679d8cb91fc4c110d680005df7dde75ecb3eb333fa84f54b11042c3455b83e
ROUND fedrad round=101 clients=[22, 38, 77, 15, 11, 61, 37, 34, 87, 3] diagnostic_accuracy=65.9100% Gamma=0.000000 gate_passed=True fallback=functional_recovery_consensus_lock global_hash=6359df16a5b438fdd23f65103ea28c71cd089ff878419d86af03af1b69ef86cf
ROUND fedrad round=102 clients=[96, 9, 26, 58, 69, 44, 13, 93, 61, 43] diagnostic_accuracy=60.2900% Gamma=0.000000 gate_passed=True fallback=functional_recovery_consensus_lock global_hash=73db22c61333404309fdd60914ac55da5b160e91b5b06e7f41567dc463576e37
ROUND fedrad round=103 clients=[13, 34, 27, 16, 72, 98, 14, 19, 9, 46] diagnostic_accuracy=54.8600% Gamma=0.000000 gate_passed=True fallback=functional_recovery_consensus_lock global_hash=81d8f2e3d3fd47384fa707a5fa32e9b2ff07dad0182e88c55b240698654094df
ROUND fedrad round=104 clients=[29, 72, 81, 80, 68, 85, 14, 0, 93, 52] diagnostic_accuracy=65.8000% Gamma=0.000000 gate_passed=True fallback=functional_recovery_consensus_lock global_hash=7f75c3c79aa7e4e872f832220839969e0ba0105a603a8a0f2b0ab2c77e96b761
ROUND fedrad round=105 clients=[17, 69, 35, 86, 83, 84, 23, 56, 89, 60] diagnostic_accuracy=64.7200% Gamma=0.000000 gate_passed=True fallback=functional_recovery_consensus_lock global_hash=279f7af487aca420b37dc9992d95951b45a0651c32c0ffcdaf3ed06099e07ed2
ROUND fedrad round=106 clients=[94, 79, 36, 8, 19, 16, 13, 30, 25, 3] diagnostic_accuracy=48.8200% Gamma=0.000000 gate_passed=True fallback=functional_recovery_consensus_lock global_hash=4fa76d5ccec2e2a8c69a47193f76030c339f8f81695e5ac91a146911884593d7
ROUND fedrad round=107 clients=[45, 82, 32, 52, 17, 96, 6, 57, 67, 74] diagnostic_accuracy=61.5200% Gamma=0.000000 gate_passed=True fallback=functional_recovery_consensus_lock global_hash=a76769a801ae4f762d8a5d91ed7fc6570096be11e1d20dade3c23e75555bb1b8
ROUND fedrad round=108 clients=[61, 20, 59, 99, 39, 42, 73, 53, 45, 8] diagnostic_accuracy=67.3400% Gamma=0.000000 gate_passed=True fallback=functional_recovery_consensus_lock global_hash=56c325149db4266d8cfe28e16483f16fb557f5ff7f2aa2070277a830ad3118a4
ROUND fedrad round=109 clients=[60, 38, 5, 54, 66, 33, 80, 83, 9, 4] diagnostic_accuracy=59.8200% Gamma=0.000000 gate_passed=True fallback=functional_recovery_consensus_lock global_hash=0b3afc7fa794014de87c96e63ee48950a3ce82af19412fbb72fd3be775a349a8
ROUND fedrad round=110 clients=[39, 44, 62, 4, 42, 25, 0, 45, 29, 93] diagnostic_accuracy=70.3300% Gamma=0.000000 gate_passed=True fallback=functional_recovery_consensus_lock global_hash=869d303bad0f532f12fcbc39fb9177bf4c207eb92d6bdcb307b863f8a37676d5
ROUND fedrad round=111 clients=[96, 54, 19, 97, 92, 31, 81, 2, 24, 9] diagnostic_accuracy=70.4700% Gamma=0.000000 gate_passed=True fallback=functional_recovery_consensus_lock global_hash=2526fa6e07ec9a18b17ca412311fff9258eafef1dd4c8e084273678c6d3bfd2c
ROUND fedrad round=112 clients=[9, 19, 7, 49, 45, 35, 80, 85, 40, 89] diagnostic_accuracy=67.8800% Gamma=0.000000 gate_passed=True fallback=functional_recovery_consensus_lock global_hash=77edf3dae0b0e23e768fb8afdc53e1078ea86ced6e61c9dfd66c857a1b056db5
ROUND fedrad round=113 clients=[73, 66, 18, 74, 33, 2, 87, 29, 98, 91] diagnostic_accuracy=61.9200% Gamma=0.000000 gate_passed=True fallback=functional_recovery_consensus_lock global_hash=f095f60941a99ab3681aa2fae6032909881e0419f6f891322173dda230e0db93
ROUND fedrad round=114 clients=[40, 31, 27, 50, 71, 81, 99, 97, 73, 49] diagnostic_accuracy=58.8800% Gamma=0.000000 gate_passed=True fallback=functional_recovery_consensus_lock global_hash=9ff3e3653c8f81cced1c3e35cc44a99f94d12debad5bf7987b71fc908fcad7cf
ROUND fedrad round=115 clients=[61, 64, 42, 88, 27, 95, 92, 50, 45, 85] diagnostic_accuracy=65.6800% Gamma=0.000000 gate_passed=True fallback=functional_recovery_consensus_lock global_hash=8f193c09bed8abb6c3e30f1488bafc7f119ddb12890a5b1490f19047f1635c1a
ROUND fedrad round=116 clients=[27, 8, 49, 32, 15, 35, 70, 59, 31, 30] diagnostic_accuracy=58.6700% Gamma=0.000000 gate_passed=True fallback=functional_recovery_consensus_lock global_hash=fed44a72b612af037e455f4d491c5a9631ce857400ebfac996cf77a5111e69cd
ROUND fedrad round=117 clients=[69, 35, 52, 51, 26, 15, 76, 48, 98, 12] diagnostic_accuracy=64.1600% Gamma=0.000000 gate_passed=True fallback=functional_recovery_consensus_lock global_hash=9decccb428db8581ddf920e33eb50e2624ff03d5e2642b3c7f2fbbfecd3064b3
ROUND fedrad round=118 clients=[46, 57, 0, 86, 26, 80, 73, 20, 63, 98] diagnostic_accuracy=64.3700% Gamma=0.000000 gate_passed=True fallback=functional_recovery_consensus_lock global_hash=030dfe5e531ef0f880091e85100408f8e7571b00699da6cab43ed61a9f7af549
ROUND fedrad round=119 clients=[81, 6, 64, 84, 20, 2, 8, 4, 66, 92] diagnostic_accuracy=64.2200% Gamma=0.000000 gate_passed=True fallback=functional_recovery_consensus_lock global_hash=b8be2af57314a876b92b67b726cd34aa9103a5547199440c902689eff7a2e091
ROUND fedrad round=120 clients=[61, 34, 64, 11, 96, 18, 82, 52, 72, 92] diagnostic_accuracy=66.7900% Gamma=0.000000 gate_passed=True fallback=functional_recovery_consensus_lock global_hash=966656851c5f0458bf1c550a07084b29c8cef9db50e96f092303f088e5d37d44
ROUND fedrad round=121 clients=[93, 68, 94, 13, 36, 11, 5, 1, 40, 7] diagnostic_accuracy=68.3800% Gamma=0.000000 gate_passed=True fallback=functional_recovery_consensus_lock global_hash=ac45992623dbeae81522388634b7bfa4dcf85c0d583a95192234377e367bd47f
ROUND fedrad round=122 clients=[73, 64, 37, 69, 31, 48, 77, 41, 53, 75] diagnostic_accuracy=61.6400% Gamma=0.000000 gate_passed=True fallback=functional_recovery_consensus_lock global_hash=378a7e920e941ebf48176d1828c794e345e5f54db134f5beb1fed503a89b840d
ROUND fedrad round=123 clients=[46, 43, 84, 11, 66, 92, 16, 19, 96, 37] diagnostic_accuracy=57.1700% Gamma=0.000000 gate_passed=True fallback=functional_recovery_consensus_lock global_hash=15dfe9dc2a4fd72e6f751924011bc90d17d8b6d728cd32e904eaaf2e7b830a88
ROUND fedrad round=124 clients=[43, 96, 9, 0, 74, 19, 1, 23, 38, 66] diagnostic_accuracy=64.4800% Gamma=0.000000 gate_passed=True fallback=functional_recovery_consensus_lock global_hash=e1693689fd7c227919a515a3c1686662befb2349da75e8341790b77b737f4bff
ROUND fedrad round=125 clients=[27, 62, 32, 10, 22, 72, 64, 25, 86, 60] diagnostic_accuracy=62.5600% Gamma=0.000000 gate_passed=True fallback=functional_recovery_consensus_lock global_hash=f8518a3f9d71c702be985f17fd1b81cd39e23a3b72b8d397bc075ddd8bc36944
ROUND fedrad round=126 clients=[84, 7, 64, 76, 15, 46, 27, 47, 40, 69] diagnostic_accuracy=64.5900% Gamma=0.000000 gate_passed=True fallback=functional_recovery_consensus_lock global_hash=d3b7481671521abc420aecadd3dc0c050ae626222ebe29c0da4e9ffbb1fea71d
ROUND fedrad round=127 clients=[75, 97, 79, 87, 11, 7, 37, 92, 41, 12] diagnostic_accuracy=64.8800% Gamma=0.000000 gate_passed=True fallback=functional_recovery_consensus_lock global_hash=11a9aeab94ef89da3604e96ebcbec588517d488590027e61178c291640e5a9b4
ROUND fedrad round=128 clients=[78, 4, 17, 21, 76, 74, 19, 61, 45, 86] diagnostic_accuracy=71.6800% Gamma=0.000000 gate_passed=True fallback=functional_recovery_consensus_lock global_hash=838c19c48cc7c8fcc2a203ca69d98ffe40a536186c4da8c75e9cb658c075e3f7
ROUND fedrad round=129 clients=[23, 41, 75, 36, 26, 49, 95, 16, 93, 72] diagnostic_accuracy=57.4500% Gamma=0.000000 gate_passed=True fallback=functional_recovery_consensus_lock global_hash=89606ee104173f0509a93c6ada1e568c6a66072dacf82f0a4c07f6b59f235f0a
ROUND fedrad round=130 clients=[59, 53, 65, 8, 68, 35, 13, 55, 23, 97] diagnostic_accuracy=67.4400% Gamma=0.000000 gate_passed=True fallback=functional_recovery_consensus_lock global_hash=ba276d16b4e9e35a91069c28c4369ca8743d7551bf1e5f36ce41e020da726c7e
ROUND fedrad round=131 clients=[74, 98, 22, 45, 97, 87, 92, 71, 47, 79] diagnostic_accuracy=68.0800% Gamma=0.000000 gate_passed=True fallback=functional_recovery_consensus_lock global_hash=077a3c6e90167c7926830db701f616157fb86022e488fb85d3d08ec68c4f15b7
ROUND fedrad round=132 clients=[35, 70, 59, 49, 36, 91, 82, 50, 26, 72] diagnostic_accuracy=50.5600% Gamma=0.000000 gate_passed=True fallback=functional_recovery_consensus_lock global_hash=fb08af4edf73074306428e6bd79ac2afe8b05914c985629e496629f440fe836d
ROUND fedrad round=133 clients=[22, 83, 75, 29, 66, 48, 12, 10, 86, 1] diagnostic_accuracy=63.5400% Gamma=0.000000 gate_passed=True fallback=functional_recovery_consensus_lock global_hash=c1ef11a4e21c5bc0a0085c038da0cf4e8967e633deacbbdacc7d4a70284c764a
ROUND fedrad round=134 clients=[76, 33, 40, 59, 65, 63, 73, 36, 99, 82] diagnostic_accuracy=68.2800% Gamma=0.000000 gate_passed=True fallback=functional_recovery_consensus_lock global_hash=213c59f881c162b613153d4cef9a639ad82e15c7d6df77216e446a4232b56340
ROUND fedrad round=135 clients=[85, 88, 54, 40, 70, 67, 86, 38, 58, 42] diagnostic_accuracy=73.3600% Gamma=0.000000 gate_passed=True fallback=functional_recovery_consensus_lock global_hash=face718b4a8fcf86cdf9ed77543ba6d8e09d12132045425f9fc29c939e9e8e0f
ROUND fedrad round=136 clients=[89, 56, 12, 90, 94, 86, 19, 78, 92, 59] diagnostic_accuracy=68.6400% Gamma=0.000000 gate_passed=True fallback=functional_recovery_consensus_lock global_hash=8898eae01615cd7634db4a72e7877fb6c8503d12355303f1d76b267c7ae55e94
ROUND fedrad round=137 clients=[7, 94, 69, 44, 50, 26, 75, 24, 33, 18] diagnostic_accuracy=63.5100% Gamma=0.000000 gate_passed=True fallback=functional_recovery_consensus_lock global_hash=b720c1c366089cdd4ca235a38f1db4a46a7acecb71ee23e0346e393f40bcf3c4
ROUND fedrad round=138 clients=[89, 75, 84, 93, 35, 71, 19, 63, 59, 94] diagnostic_accuracy=59.6300% Gamma=0.000000 gate_passed=True fallback=functional_recovery_consensus_lock global_hash=9c84ca902fa547c23c8f12f7acd7efaadd7ead57834197b3c16edc19e1ca89cc
ROUND fedrad round=139 clients=[54, 66, 17, 43, 53, 40, 76, 1, 4, 81] diagnostic_accuracy=70.9600% Gamma=0.000000 gate_passed=True fallback=functional_recovery_consensus_lock global_hash=f3de8668daa1bf5eb190f4a762c2704ddc58d622b0da3cace0bde700324a50c8
ROUND fedrad round=140 clients=[52, 51, 97, 7, 41, 61, 29, 88, 49, 26] diagnostic_accuracy=68.7700% Gamma=0.000000 gate_passed=True fallback=functional_recovery_consensus_lock global_hash=b816938352165ddd5cd7944cb35f4d212458fd67f0b41c25f11f11182fd8cea8
ROUND fedrad round=141 clients=[21, 47, 20, 59, 85, 2, 99, 70, 54, 50] diagnostic_accuracy=67.6700% Gamma=0.000000 gate_passed=True fallback=functional_recovery_consensus_lock global_hash=b9f4d9a93fb702fabaad6ca8aace9694d65cc165e97f1ff5afa2702ba5e8871b
ROUND fedrad round=142 clients=[65, 98, 79, 6, 58, 92, 19, 37, 33, 75] diagnostic_accuracy=66.2700% Gamma=0.000000 gate_passed=True fallback=functional_recovery_consensus_lock global_hash=0c139d1029733cbe119f4559a27e9659b13306f1ab8c6ac041b9b1b7a7819ee8
ROUND fedrad round=143 clients=[44, 84, 56, 0, 69, 15, 66, 78, 42, 95] diagnostic_accuracy=58.8700% Gamma=0.000000 gate_passed=True fallback=functional_recovery_consensus_lock global_hash=3ff688cff2fc3091569523a39216b0b634ef61131a127f0ab99edb0f984467e2
ROUND fedrad round=144 clients=[36, 20, 53, 26, 80, 67, 25, 37, 39, 10] diagnostic_accuracy=60.1600% Gamma=0.000000 gate_passed=True fallback=functional_recovery_consensus_lock global_hash=c5af063985d589ce85929113de82402a6dd49a8e8d22fe4ab0f87cc077e956ab
ROUND fedrad round=145 clients=[54, 62, 65, 69, 82, 46, 64, 70, 59, 11] diagnostic_accuracy=69.2300% Gamma=0.000000 gate_passed=True fallback=functional_recovery_consensus_lock global_hash=8c455b7c242e939304ce9a9d0bf9e4f45ed1791af54b9091805460b43ac916b6
ROUND fedrad round=146 clients=[78, 89, 64, 25, 85, 9, 57, 41, 97, 45] diagnostic_accuracy=66.8700% Gamma=0.000000 gate_passed=True fallback=functional_recovery_consensus_lock global_hash=57c742482dc69144e20676ad3e96cbcedeb395f0bf5cb9e5b536b6acc76001ce
ROUND fedrad round=147 clients=[32, 8, 70, 41, 12, 19, 88, 20, 98, 33] diagnostic_accuracy=57.3700% Gamma=0.000000 gate_passed=True fallback=functional_recovery_consensus_lock global_hash=9c7304d459a9563b5cb0b2b991f084fa9979941855ad9455b053402aa54bf873
ROUND fedrad round=148 clients=[50, 29, 81, 33, 44, 69, 2, 68, 93, 85] diagnostic_accuracy=68.4900% Gamma=0.000000 gate_passed=True fallback=functional_recovery_consensus_lock global_hash=0de33102d16ed76e43fa0038653ce8ba364f25c1002d7c5a2cb4c1a37924e99c
ROUND fedrad round=149 clients=[5, 84, 70, 73, 31, 62, 69, 13, 86, 74] diagnostic_accuracy=53.7800% Gamma=0.000000 gate_passed=True fallback=functional_recovery_consensus_lock global_hash=91aa3545c9240fdd173b9db3687fd4dcb3aa80b2aa04b154c44af4285b02ab53
ROUND fedrad round=150 clients=[69, 9, 41, 83, 76, 63, 34, 67, 36, 87] diagnostic_accuracy=67.2900% Gamma=0.000000 gate_passed=True fallback=functional_recovery_consensus_lock global_hash=45032cf9c39f97be51a8c7894956da0015fb557b4a898bdc5e79aaeef1b3f0a5
ROUND fedrad round=151 clients=[40, 77, 95, 52, 25, 38, 46, 47, 93, 88] diagnostic_accuracy=62.2700% Gamma=0.000000 gate_passed=True fallback=functional_recovery_consensus_lock global_hash=0e83666934c9c2e9efdba9605ab4fa62e9dccc58b7f53e371decb0d05d0a6372
ROUND fedrad round=152 clients=[14, 22, 87, 6, 15, 36, 37, 44, 48, 38] diagnostic_accuracy=64.7800% Gamma=0.000000 gate_passed=True fallback=functional_recovery_consensus_lock global_hash=9852becf07b6a4c6ea9421c07bf5236aa99f711941b73c7a516d85c5b3fb3510
ROUND fedrad round=153 clients=[14, 66, 74, 62, 49, 45, 18, 79, 15, 68] diagnostic_accuracy=71.5000% Gamma=0.000000 gate_passed=True fallback=functional_recovery_consensus_lock global_hash=831dda1b95b06266d501bd7ec2bef19828321dce3693c7eb41cd20b180a5608a
ROUND fedrad round=154 clients=[92, 32, 77, 87, 27, 13, 14, 47, 22, 73] diagnostic_accuracy=64.1600% Gamma=0.000000 gate_passed=True fallback=functional_recovery_consensus_lock global_hash=c5cfbeb4a1ee486d52e8f5cc2346df2b9d324b48341562e4e1605296833d993d
ROUND fedrad round=155 clients=[60, 31, 44, 3, 84, 25, 98, 73, 52, 82] diagnostic_accuracy=52.6000% Gamma=0.000000 gate_passed=True fallback=functional_recovery_consensus_lock global_hash=c61d114cbcc76d8d5b4fea49c08949fd4a830b186b6f67e7575d7c374945036e
ROUND fedrad round=156 clients=[66, 38, 74, 49, 46, 45, 12, 0, 81, 23] diagnostic_accuracy=64.7400% Gamma=0.000000 gate_passed=True fallback=functional_recovery_consensus_lock global_hash=cbb0b550ac8bac91d4a3eeb30b8ec99a390af93f7280d699d683211c67c9b3dd
ROUND fedrad round=157 clients=[6, 14, 56, 8, 37, 71, 68, 53, 88, 65] diagnostic_accuracy=68.5100% Gamma=0.000000 gate_passed=True fallback=functional_recovery_consensus_lock global_hash=9b01b202cebb6df5a933b9290c0c3b06102c8acbe9036ec4045c1b91abe5b7bb
ROUND fedrad round=158 clients=[76, 40, 68, 38, 91, 92, 18, 11, 69, 94] diagnostic_accuracy=70.8700% Gamma=0.000000 gate_passed=True fallback=functional_recovery_consensus_lock global_hash=268107aa914b7669d1b3441d93eea24472d0a9c73bec08718500ac9387c90687
ROUND fedrad round=159 clients=[0, 23, 91, 83, 98, 64, 90, 32, 84, 36] diagnostic_accuracy=62.2300% Gamma=0.000000 gate_passed=True fallback=functional_recovery_consensus_lock global_hash=0893174fc4fd3471d42d562f1e83739edd717bf35b5eed5eec08afb3ff195757
ROUND fedrad round=160 clients=[15, 9, 95, 71, 80, 49, 39, 81, 30, 8] diagnostic_accuracy=69.2300% Gamma=0.000000 gate_passed=True fallback=functional_recovery_consensus_lock global_hash=a56acaae05de75a66368820970199248ed86563341e666c82bd9c0e4b4c7eea3
ROUND fedrad round=161 clients=[29, 87, 67, 36, 35, 96, 15, 61, 24, 62] diagnostic_accuracy=62.7300% Gamma=0.000000 gate_passed=True fallback=functional_recovery_consensus_lock global_hash=8b2b9e1f0c785fe10afbb91103b84236552c7d889fca518b22c5f93b834a9f36
ROUND fedrad round=162 clients=[13, 58, 87, 52, 50, 60, 3, 19, 35, 0] diagnostic_accuracy=63.4600% Gamma=0.000000 gate_passed=True fallback=functional_recovery_consensus_lock global_hash=a5caca45e823a64872eee029c892261cf94125e26e7aa002ff312ef71ad29053
ROUND fedrad round=163 clients=[55, 46, 66, 67, 73, 12, 51, 1, 57, 90] diagnostic_accuracy=70.8200% Gamma=0.000000 gate_passed=True fallback=functional_recovery_consensus_lock global_hash=27cf4ec8e81867b25e72cba088967df9425ccd5c002149dfa577cc1185d1707e
ROUND fedrad round=164 clients=[40, 72, 92, 86, 89, 90, 16, 98, 73, 58] diagnostic_accuracy=74.1000% Gamma=0.000000 gate_passed=True fallback=functional_recovery_consensus_lock global_hash=456ad6c171f2f9f41f8c1741f1b75f2b15d0c4bf8e7be93cd56cded67cce879f
ROUND fedrad round=165 clients=[0, 58, 47, 44, 94, 66, 4, 7, 27, 2] diagnostic_accuracy=68.7800% Gamma=0.000000 gate_passed=True fallback=functional_recovery_consensus_lock global_hash=03389330a63a62301387235d1e318a4de0d3d8f8af1a00483cdfe999aaf39625
ROUND fedrad round=166 clients=[58, 87, 14, 78, 40, 83, 73, 18, 52, 31] diagnostic_accuracy=67.4500% Gamma=0.000000 gate_passed=True fallback=functional_recovery_consensus_lock global_hash=3d21a24d49451a5426a97257cd576e5100f89afc81a00a483bb345fb2cca4b52
ROUND fedrad round=167 clients=[99, 22, 62, 86, 5, 20, 9, 51, 7, 54] diagnostic_accuracy=70.1100% Gamma=0.000000 gate_passed=True fallback=functional_recovery_consensus_lock global_hash=eabc54586c9ee8d6204451a0926f4ce4a2a16390d85688df21ad2610ecf44952
ROUND fedrad round=168 clients=[97, 37, 42, 7, 22, 5, 24, 56, 69, 12] diagnostic_accuracy=68.5300% Gamma=0.000000 gate_passed=True fallback=functional_recovery_consensus_lock global_hash=2297e55f62aade72fa6c7c300e26b86ce28f87fb61164153c058c11ff6094be4
ROUND fedrad round=169 clients=[96, 22, 76, 44, 59, 78, 12, 68, 94, 87] diagnostic_accuracy=69.3800% Gamma=0.000000 gate_passed=True fallback=functional_recovery_consensus_lock global_hash=e84ddd7a6564064e0a501c58eb69d7137ae97c3d87f775ae88b344f10d8a458d
ROUND fedrad round=170 clients=[45, 7, 65, 19, 95, 16, 35, 23, 83, 88] diagnostic_accuracy=69.1400% Gamma=0.000000 gate_passed=True fallback=functional_recovery_consensus_lock global_hash=124a0ff68108d3ed1c20eec7780224ed41d1090de6d78717cfef8f30d79bc997
ROUND fedrad round=171 clients=[12, 91, 4, 90, 47, 66, 33, 9, 61, 84] diagnostic_accuracy=67.6400% Gamma=0.000000 gate_passed=True fallback=functional_recovery_consensus_lock global_hash=f8736cf81f4abedd15b7c28d24a757ac662927d057ec55dab9514f5ae479366a
ROUND fedrad round=172 clients=[46, 60, 83, 2, 37, 70, 93, 29, 3, 43] diagnostic_accuracy=57.6500% Gamma=0.000000 gate_passed=True fallback=functional_recovery_consensus_lock global_hash=5e799507d0afdbd59b17febc5200340b8f65d184023d79493d562ee8221e432c
ROUND fedrad round=173 clients=[27, 45, 49, 4, 31, 62, 9, 95, 69, 72] diagnostic_accuracy=68.2900% Gamma=0.000000 gate_passed=True fallback=functional_recovery_consensus_lock global_hash=2d76957100a64c54acf497feff81d182bc1011859c897d237917d72f8b65204e
ROUND fedrad round=174 clients=[27, 28, 1, 92, 55, 48, 74, 7, 99, 62] diagnostic_accuracy=67.2700% Gamma=0.000000 gate_passed=True fallback=functional_recovery_consensus_lock global_hash=24b31f1883235c54d260235f6f62828d849b3c311deb89f224c8e7232e5a6d88
ROUND fedrad round=175 clients=[24, 0, 9, 11, 31, 45, 58, 35, 69, 21] diagnostic_accuracy=74.0400% Gamma=0.000000 gate_passed=True fallback=functional_recovery_consensus_lock global_hash=80fea7f2f7e51925df6287a16c54616a7af29db93d6b2c0e2c2ea1c9c51d13dd
ROUND fedrad round=176 clients=[42, 98, 67, 21, 24, 81, 20, 75, 29, 36] diagnostic_accuracy=67.9100% Gamma=0.000000 gate_passed=True fallback=functional_recovery_consensus_lock global_hash=8699929ae4fbc7788efccd04c6358b8bd8cb6373f61f6da31eaa9a23e8bed511
ROUND fedrad round=177 clients=[49, 75, 33, 60, 42, 64, 69, 11, 47, 70] diagnostic_accuracy=64.1400% Gamma=0.000000 gate_passed=True fallback=functional_recovery_consensus_lock global_hash=c471c3d2fa3511d57b0b5d4e3c7a791d8018792f3eebf55d50291d87a3e3b968
ROUND fedrad round=178 clients=[96, 60, 16, 70, 73, 40, 11, 24, 87, 93] diagnostic_accuracy=64.4800% Gamma=0.000000 gate_passed=True fallback=functional_recovery_consensus_lock global_hash=145f77521989a713795c4969e1031094aa53149b5dd8cf88abfe9c4b181b963b
ROUND fedrad round=179 clients=[37, 16, 85, 31, 69, 36, 54, 25, 32, 38] diagnostic_accuracy=67.2200% Gamma=0.000000 gate_passed=True fallback=functional_recovery_consensus_lock global_hash=15f472f2534da1df7df16c51fe01cc143e25c3ec8d9a09d20e2ecc3f2b72a5dd
ROUND fedrad round=180 clients=[80, 92, 61, 76, 19, 28, 7, 73, 67, 38] diagnostic_accuracy=69.5300% Gamma=0.000000 gate_passed=True fallback=functional_recovery_consensus_lock global_hash=9f9bd7cd5a3f4e776cf8d2d150a656212eaa3540dd4dbf40ca4fa5200249c4b7
ROUND fedrad round=181 clients=[78, 26, 35, 44, 29, 85, 64, 66, 97, 21] diagnostic_accuracy=66.1700% Gamma=0.000000 gate_passed=True fallback=functional_recovery_consensus_lock global_hash=a90c77a91a5a1a8e386deb0dab12cb2c27872963b17bd74e5eda6ddc770e6427
ROUND fedrad round=182 clients=[78, 73, 10, 52, 54, 24, 44, 70, 99, 90] diagnostic_accuracy=65.6400% Gamma=0.000000 gate_passed=True fallback=functional_recovery_consensus_lock global_hash=3537b9b9d51380d92282a34870acc6a63fa487b1c50412713483aab37cf5b774
ROUND fedrad round=183 clients=[96, 38, 1, 4, 36, 19, 77, 52, 41, 49] diagnostic_accuracy=70.5800% Gamma=0.000000 gate_passed=True fallback=functional_recovery_consensus_lock global_hash=29a11610ede22ecc8d0393ebc424de9d0a1d68270c31b8a24fa40b35e3c99148
ROUND fedrad round=184 clients=[87, 55, 49, 7, 51, 67, 40, 21, 34, 0] diagnostic_accuracy=73.9300% Gamma=0.000000 gate_passed=True fallback=functional_recovery_consensus_lock global_hash=f23af476a530129b4089bcd6a1790e5f835790d7af7c990aad76b3ad07a19eb8
ROUND fedrad round=185 clients=[74, 63, 39, 14, 96, 82, 21, 45, 88, 13] diagnostic_accuracy=62.6700% Gamma=0.000000 gate_passed=True fallback=functional_recovery_consensus_lock global_hash=50f63cd74917c6ed6b32785acbc0bbf2a60b2e523df0172e591dec9e627fe82b
ROUND fedrad round=186 clients=[1, 26, 23, 59, 22, 57, 27, 60, 18, 69] diagnostic_accuracy=63.8600% Gamma=0.000000 gate_passed=True fallback=functional_recovery_consensus_lock global_hash=384cc9df6193917819896196a836991482bf1064a9626cd8306f319e82576d76
ROUND fedrad round=187 clients=[34, 87, 43, 64, 27, 92, 78, 55, 68, 7] diagnostic_accuracy=69.8000% Gamma=0.000000 gate_passed=True fallback=functional_recovery_consensus_lock global_hash=03c7596e213a721b361853e93ceeb7b2d0c91498cfe12ec6573181e1c9d881ac
ROUND fedrad round=188 clients=[67, 20, 34, 69, 85, 14, 86, 81, 36, 76] diagnostic_accuracy=72.8400% Gamma=0.000000 gate_passed=True fallback=functional_recovery_consensus_lock global_hash=f844c0612c28f937948a66f11d3387ee627a73e20939e9334b384df98cce84ff
ROUND fedrad round=189 clients=[57, 7, 53, 49, 74, 65, 76, 29, 78, 80] diagnostic_accuracy=71.6600% Gamma=0.000000 gate_passed=True fallback=functional_recovery_consensus_lock global_hash=08bab523f981d581b97a21ae3d86d22057485c1c6ed02b4619eda21acf18df8d
ROUND fedrad round=190 clients=[71, 25, 7, 77, 39, 51, 87, 5, 45, 11] diagnostic_accuracy=65.5000% Gamma=0.000000 gate_passed=True fallback=functional_recovery_consensus_lock global_hash=7147200550714067cd39c1a667c94c9d68f3f1348589d4a19cc5519073654176
ROUND fedrad round=191 clients=[60, 21, 34, 0, 98, 92, 44, 65, 66, 3] diagnostic_accuracy=46.2800% Gamma=0.000000 gate_passed=True fallback=functional_recovery_consensus_lock global_hash=acfc53647bc9d20b72251e31e7ca18df889fcdfd2e7f2338d5ce88fbb4a92dfc
ROUND fedrad round=192 clients=[36, 59, 66, 20, 0, 16, 86, 71, 90, 56] diagnostic_accuracy=72.2400% Gamma=0.000000 gate_passed=True fallback=functional_recovery_consensus_lock global_hash=af5318d784bc86a88ad10714c9be7cb0776eecc59ca7e3e7c75ea85d77217874
ROUND fedrad round=193 clients=[19, 22, 51, 45, 91, 26, 14, 83, 15, 67] diagnostic_accuracy=71.9000% Gamma=0.000000 gate_passed=True fallback=functional_recovery_consensus_lock global_hash=7edb27e77120178d1c4a770583f82935558856561ae2eac9e5d8dd1b649bc4c3
ROUND fedrad round=194 clients=[62, 14, 3, 92, 78, 33, 89, 48, 70, 31] diagnostic_accuracy=67.3500% Gamma=0.000000 gate_passed=True fallback=functional_recovery_consensus_lock global_hash=0f8f0bba8d29606607d9e07fa60608c32ddbda4d03956c873c246a81663017e8
ROUND fedrad round=195 clients=[37, 10, 88, 63, 53, 68, 2, 52, 26, 59] diagnostic_accuracy=67.1900% Gamma=0.000000 gate_passed=True fallback=functional_recovery_consensus_lock global_hash=af96445edf525511c8c493a18315ecdda6ba6543405e7e8cd60036039b00a5cf
ROUND fedrad round=196 clients=[59, 71, 85, 49, 20, 10, 3, 86, 88, 33] diagnostic_accuracy=63.0200% Gamma=0.000000 gate_passed=True fallback=functional_recovery_consensus_lock global_hash=762ce4d75b6a677b9771fcae720eac8bac502fb4acc574112ac2c24c2b2f7481
ROUND fedrad round=197 clients=[9, 0, 18, 66, 44, 17, 92, 95, 64, 96] diagnostic_accuracy=69.2700% Gamma=0.000000 gate_passed=True fallback=functional_recovery_consensus_lock global_hash=fb93fe3db5c6d1e407dea2accbd1700437d9304c1a76ce5582ac87b0d7bebd17
ROUND fedrad round=198 clients=[70, 58, 24, 57, 32, 19, 43, 65, 5, 88] diagnostic_accuracy=59.6300% Gamma=0.000000 gate_passed=True fallback=functional_recovery_consensus_lock global_hash=ef2e535b457b6d13b1fc7b02d2e1fb148304a95b58fd5161e9e8fd6fcd763180
ROUND fedrad round=199 clients=[61, 75, 68, 2, 6, 26, 1, 56, 78, 74] diagnostic_accuracy=69.6200% Gamma=0.000000 gate_passed=True fallback=functional_recovery_consensus_lock global_hash=d867ebb9cf08eed2c71777ece94787e906d6747fc8fe11aeaec715d996ded96c
ROUND fedrad round=200 clients=[8, 57, 22, 90, 46, 9, 56, 99, 89, 4] diagnostic_accuracy=71.9000% Gamma=0.000000 gate_passed=True fallback=functional_recovery_consensus_lock global_hash=f0d21ec089fa44882b1f70efe6fd5f7dcacc5428c1aac6427257063dba027da7
FINAL_STATE_HASH f0d21ec089fa44882b1f70efe6fd5f7dcacc5428c1aac6427257063dba027da7
