Run directory: C:\Users\admin\Desktop\need_do\new_paper_four\FedPhoenix-new\results\consensus_assignment_functional_recovery_2of64\functional_recovery_seed1_20260907_110522_436220_m2_union_restrict_seed1_2of64_200r
Partition fingerprint: f8fcaa0f17c5d2078c5d24ece11b3f8cfcb82553733fb972155b7452d87a8fd0; device=cuda:0
ROUND fedrad round=1 clients=[80, 84, 33, 81, 93, 17, 36, 82, 69, 65] diagnostic_accuracy=10.0000% Gamma=0.000000 gate_passed=True fallback=functional_recovery_union_restrict global_hash=c6432dd6d30651954c718691d66b95ead53f9f364bd41132c4908756853390e2
ROUND fedrad round=2 clients=[44, 96, 1, 35, 26, 11, 38, 82, 87, 3] diagnostic_accuracy=16.4400% Gamma=0.000000 gate_passed=True fallback=functional_recovery_union_restrict global_hash=fc2524de44c1984dc0b6f4a60109f2e29ef5dbdfedbaabff78b92907f5a0c899
ROUND fedrad round=3 clients=[95, 67, 96, 71, 1, 80, 99, 45, 52, 27] diagnostic_accuracy=18.8700% Gamma=0.000000 gate_passed=True fallback=functional_recovery_union_restrict global_hash=95e7243c66234f6e13e98e7de70b57abfdfa2f0b3e415bf6057ffa97ca184468
ROUND fedrad round=4 clients=[40, 10, 96, 66, 89, 32, 95, 55, 25, 5] diagnostic_accuracy=14.6400% Gamma=0.000000 gate_passed=True fallback=functional_recovery_union_restrict global_hash=02e78e62c427ea0c6de6788de8ecbacccf449ebc4112ee9b6474f6341622ba6d
ROUND fedrad round=5 clients=[89, 99, 45, 96, 72, 9, 74, 88, 1, 38] diagnostic_accuracy=20.5700% Gamma=0.000000 gate_passed=True fallback=functional_recovery_union_restrict global_hash=4aa5a9446486784838e4c0f54e462dd699dc0c3aedab6507b7b3f41bfea6db3c
ROUND fedrad round=6 clients=[0, 86, 4, 23, 24, 1, 62, 83, 66, 93] diagnostic_accuracy=21.7500% Gamma=0.000000 gate_passed=True fallback=functional_recovery_union_restrict global_hash=0c43ecc9817aed0b0028adbc315b0883dc7b01b55c7e6a3dcda7ef8e45cbe709
ROUND fedrad round=7 clients=[6, 59, 72, 30, 91, 43, 75, 76, 15, 61] diagnostic_accuracy=23.7500% Gamma=0.000000 gate_passed=True fallback=functional_recovery_union_restrict global_hash=d751755f0d9833cffbade60701fbcefe3c2f2fdcf7e60201fa2e5757a52348ec
ROUND fedrad round=8 clients=[44, 88, 74, 48, 59, 79, 25, 52, 45, 55] diagnostic_accuracy=21.3600% Gamma=0.000000 gate_passed=True fallback=functional_recovery_union_restrict global_hash=9f751ed146d17995f3337b9109687f582ca862e70dcc41896d4baa3496d41fee
ROUND fedrad round=9 clients=[3, 60, 35, 33, 22, 66, 45, 68, 67, 75] diagnostic_accuracy=24.0700% Gamma=0.000000 gate_passed=True fallback=functional_recovery_union_restrict global_hash=48b5c1de90041be4d9d71a64cc929e8fe764855c9f2f3c99e3b72df95891e059
ROUND fedrad round=10 clients=[64, 91, 12, 52, 16, 65, 50, 68, 33, 30] diagnostic_accuracy=26.2500% Gamma=0.000000 gate_passed=True fallback=functional_recovery_union_restrict global_hash=f3b9217bd743ebdfc62160d35c83d986172a1c9dbe0bb748e36b98571e20dbd4
ROUND fedrad round=11 clients=[54, 27, 23, 37, 75, 33, 41, 46, 52, 24] diagnostic_accuracy=25.0900% Gamma=0.000000 gate_passed=True fallback=functional_recovery_union_restrict global_hash=144424c336fb0b87e304fa842343c8d22178e9480269295320b9a79afcbacd62
ROUND fedrad round=12 clients=[54, 45, 28, 44, 15, 1, 93, 12, 88, 40] diagnostic_accuracy=27.7000% Gamma=0.000000 gate_passed=True fallback=functional_recovery_union_restrict global_hash=1c78a6f828096ceb842f3c0d0a8370a7dce3b199f38336cf6d21f87356abbee6
ROUND fedrad round=13 clients=[70, 75, 5, 68, 36, 79, 72, 78, 57, 44] diagnostic_accuracy=26.6400% Gamma=0.000000 gate_passed=True fallback=functional_recovery_union_restrict global_hash=a691c83c5d9f78c384bf73c715b4481c35541b9025dd562e2d62cecbc1394798
ROUND fedrad round=14 clients=[41, 9, 30, 89, 40, 49, 3, 22, 8, 16] diagnostic_accuracy=29.4600% Gamma=0.000000 gate_passed=True fallback=functional_recovery_union_restrict global_hash=f21c9c92bba061083a04f73c66eba518eb17c5e96fbd7155a1538dce623bd911
ROUND fedrad round=15 clients=[82, 28, 69, 81, 56, 71, 85, 27, 37, 66] diagnostic_accuracy=26.6300% Gamma=0.000000 gate_passed=True fallback=functional_recovery_union_restrict global_hash=eb38c2987e2482af866a63ffc48a44713001665df0da0627c583c56dd38fd890
ROUND fedrad round=16 clients=[60, 13, 26, 12, 1, 28, 88, 86, 11, 43] diagnostic_accuracy=32.5100% Gamma=0.000000 gate_passed=True fallback=functional_recovery_union_restrict global_hash=6815e77409e4d3e54b8bb603ed170417940da372ea47a4ad740101f0f701c3a2
ROUND fedrad round=17 clients=[93, 16, 72, 75, 10, 4, 38, 71, 42, 62] diagnostic_accuracy=29.9200% Gamma=0.000000 gate_passed=True fallback=functional_recovery_union_restrict global_hash=2c28ad84e1693accacff6561587f5999744fb43a63df2d0b4a90a96189424978
ROUND fedrad round=18 clients=[36, 47, 1, 64, 57, 97, 29, 6, 67, 92] diagnostic_accuracy=34.1000% Gamma=0.000000 gate_passed=True fallback=functional_recovery_union_restrict global_hash=bdf4c898dc36a3d54bf0d1bf63c123abf048f48a5729bf82f5ba9fc2bab05baf
ROUND fedrad round=19 clients=[48, 87, 17, 57, 22, 81, 4, 51, 94, 63] diagnostic_accuracy=31.0200% Gamma=0.000000 gate_passed=True fallback=functional_recovery_union_restrict global_hash=4bd112cd878a758409ccbac3ce979ec2c69b8d4b814c6ebe217598a715781dbf
ROUND fedrad round=20 clients=[9, 17, 59, 11, 2, 95, 68, 28, 60, 14] diagnostic_accuracy=33.4200% Gamma=0.000000 gate_passed=True fallback=functional_recovery_union_restrict global_hash=5dbe792f7ae1329632a0c052e98575cedb25114da2fc76f21cefe0fed57e531e
ROUND fedrad round=21 clients=[26, 25, 15, 93, 45, 54, 68, 90, 76, 10] diagnostic_accuracy=27.8700% Gamma=0.000000 gate_passed=True fallback=functional_recovery_union_restrict global_hash=199b47a905aba86315acd3eca9cd1fa6123d320c8c9b6c0624acfbb0242f7b55
ROUND fedrad round=22 clients=[84, 74, 93, 1, 48, 44, 29, 26, 94, 75] diagnostic_accuracy=31.6300% Gamma=0.000000 gate_passed=True fallback=functional_recovery_union_restrict global_hash=25bcb3897e51f0d4a8d041cf111bff44673ac72a1314fb47b21023e1f118dd3a
ROUND fedrad round=23 clients=[71, 58, 50, 22, 59, 84, 10, 70, 43, 67] diagnostic_accuracy=32.4900% Gamma=0.000000 gate_passed=True fallback=functional_recovery_union_restrict global_hash=48df96a3f6372f149a626b643a724d1c6723c0443682a682a71388190ccfb9f7
ROUND fedrad round=24 clients=[70, 54, 33, 75, 31, 58, 17, 6, 3, 51] diagnostic_accuracy=35.4000% Gamma=0.000000 gate_passed=True fallback=functional_recovery_union_restrict global_hash=92887c83242261253e139161f97d1ce3fdb4ce5602c999574709e95fe02a7ff6
ROUND fedrad round=25 clients=[42, 87, 33, 36, 30, 84, 78, 98, 71, 75] diagnostic_accuracy=17.2300% Gamma=0.000000 gate_passed=True fallback=functional_recovery_union_restrict global_hash=0fd86aa6670e2fcc48c38f80544c24e7ea67933d480b4ee8d6d34692da693fd2
ROUND fedrad round=26 clients=[41, 47, 34, 10, 51, 11, 50, 16, 86, 64] diagnostic_accuracy=38.9300% Gamma=0.000000 gate_passed=True fallback=functional_recovery_union_restrict global_hash=d438491e3baa3692e5f1b345dbd58d52ec3e1a236fd86123e36b984a419061e8
ROUND fedrad round=27 clients=[58, 82, 63, 50, 98, 84, 4, 46, 65, 88] diagnostic_accuracy=32.4200% Gamma=0.000000 gate_passed=True fallback=functional_recovery_union_restrict global_hash=9ee6e1b469b83498da79711872dcc19f7d19eaf019b39eb3cb7b38c521cc4cff
ROUND fedrad round=28 clients=[99, 88, 69, 16, 46, 29, 90, 91, 4, 45] diagnostic_accuracy=41.8600% Gamma=0.000000 gate_passed=True fallback=functional_recovery_union_restrict global_hash=69ca999f2ac655652ef41465774fea0e1eac7f182aba0fafa0f2b629523b6162
ROUND fedrad round=29 clients=[80, 73, 28, 34, 1, 10, 13, 65, 5, 49] diagnostic_accuracy=39.7700% Gamma=0.000000 gate_passed=True fallback=functional_recovery_union_restrict global_hash=c50844e9ca3eda1a97779fc574a407794d032f700f9c81111886cab9aac5d306
ROUND fedrad round=30 clients=[62, 41, 74, 11, 99, 8, 75, 26, 81, 85] diagnostic_accuracy=34.9200% Gamma=0.000000 gate_passed=True fallback=functional_recovery_union_restrict global_hash=860b6b0b87b91d53657671116e173b7f9ed93b7acc76751690f6deec3165fc2c
ROUND fedrad round=31 clients=[96, 81, 77, 83, 14, 50, 13, 67, 53, 91] diagnostic_accuracy=46.2700% Gamma=0.000000 gate_passed=True fallback=functional_recovery_union_restrict global_hash=d19415653f53570dd72bae3fb9586093a4a12107e33241367c5a0853059c7f04
ROUND fedrad round=32 clients=[40, 73, 70, 3, 6, 94, 1, 25, 20, 10] diagnostic_accuracy=35.6100% Gamma=0.000000 gate_passed=True fallback=functional_recovery_union_restrict global_hash=8cd11e1bc297f13cea243a51c4937a2d82e5f5d35a309c3cf15ce72b2961dd1e
ROUND fedrad round=33 clients=[45, 16, 51, 88, 17, 78, 36, 44, 21, 62] diagnostic_accuracy=42.7500% Gamma=0.000000 gate_passed=True fallback=functional_recovery_union_restrict global_hash=8c639b47b07a1684daaa5d80f82a6afe215f1d7a69676b80d0fa8c01c5f26f36
ROUND fedrad round=34 clients=[92, 43, 97, 61, 58, 67, 1, 98, 30, 75] diagnostic_accuracy=43.5800% Gamma=0.000000 gate_passed=True fallback=functional_recovery_union_restrict global_hash=4278a1a4861eb01790dd07e84e4ff116857780db29ad646320659273175a1330
ROUND fedrad round=35 clients=[31, 89, 17, 66, 92, 23, 96, 9, 35, 20] diagnostic_accuracy=41.3800% Gamma=0.000000 gate_passed=True fallback=functional_recovery_union_restrict global_hash=e1a32cab6b72c3c399a7ac20e1a97f968052bd22c35fde5167226e3c9879da9d
ROUND fedrad round=36 clients=[72, 68, 65, 28, 23, 85, 16, 60, 73, 78] diagnostic_accuracy=48.8000% Gamma=0.000000 gate_passed=True fallback=functional_recovery_union_restrict global_hash=261b03f13c07de15af1590382e4e927302e4558baa83b312560b321aa4c545e0
ROUND fedrad round=37 clients=[66, 49, 62, 9, 84, 68, 74, 3, 44, 71] diagnostic_accuracy=27.1900% Gamma=0.000000 gate_passed=True fallback=functional_recovery_union_restrict global_hash=e05a8590872f0a1ae639985004d4abece4e47cbdcb1ebe1e0fdfec08d97545c7
ROUND fedrad round=38 clients=[50, 73, 27, 38, 8, 53, 21, 14, 28, 64] diagnostic_accuracy=45.7900% Gamma=0.000000 gate_passed=True fallback=functional_recovery_union_restrict global_hash=4ecb669860463ea6a8a5735ee90788fbc8fe86bfd069ee4c2a90eb4867b79eed
ROUND fedrad round=39 clients=[48, 87, 40, 59, 3, 10, 75, 35, 49, 89] diagnostic_accuracy=44.7600% Gamma=0.000000 gate_passed=True fallback=functional_recovery_union_restrict global_hash=baf137574ca90ba344d31c42a94b05fe6c3938ff30da91b02fcb31f26ffd4b6a
ROUND fedrad round=40 clients=[83, 93, 34, 60, 90, 45, 42, 41, 91, 36] diagnostic_accuracy=49.3700% Gamma=0.000000 gate_passed=True fallback=functional_recovery_union_restrict global_hash=52a093e4c3c9bbbe0e6020f3e89eb38f65985407836bf2f091b0a3d80e2fa9b7
ROUND fedrad round=41 clients=[75, 52, 20, 80, 90, 93, 4, 51, 13, 98] diagnostic_accuracy=40.3500% Gamma=0.000000 gate_passed=True fallback=functional_recovery_union_restrict global_hash=6e3b1c47222979e8659e1bf8a8189e2a650a998ea69f231b204c9aea5462f55c
ROUND fedrad round=42 clients=[98, 79, 17, 10, 3, 12, 29, 26, 54, 58] diagnostic_accuracy=34.2600% Gamma=0.000000 gate_passed=True fallback=functional_recovery_union_restrict global_hash=cf1f0f68ac3caf2cac656f12e80d6adf8b7a85da4e81566d55ddc85a09572178
ROUND fedrad round=43 clients=[32, 15, 47, 9, 7, 16, 24, 57, 71, 28] diagnostic_accuracy=47.0100% Gamma=0.000000 gate_passed=True fallback=functional_recovery_union_restrict global_hash=4d12336927718c954cc2fedf44dfae1af25f4030e8ab4b8fec9e847592aab8af
ROUND fedrad round=44 clients=[76, 67, 81, 35, 44, 49, 32, 99, 69, 51] diagnostic_accuracy=47.1100% Gamma=0.000000 gate_passed=True fallback=functional_recovery_union_restrict global_hash=f3d9c650c44aa1c5ca9f26e9e8797edbb6b6079e7f05267d16753d5103719f4d
ROUND fedrad round=45 clients=[42, 4, 95, 71, 84, 22, 61, 5, 10, 28] diagnostic_accuracy=43.2400% Gamma=0.000000 gate_passed=True fallback=functional_recovery_union_restrict global_hash=c211fb754402569b670bef3d36a7251cc43c4c318533e14b6861bf03fbf00a07
ROUND fedrad round=46 clients=[61, 52, 80, 26, 37, 44, 85, 1, 99, 55] diagnostic_accuracy=54.9200% Gamma=0.000000 gate_passed=True fallback=functional_recovery_union_restrict global_hash=f897a91ad47d3f120fc11c0da1f81abc7dfbaa0f7e793abf89991eb65f10ca87
ROUND fedrad round=47 clients=[23, 10, 75, 28, 19, 22, 43, 13, 98, 85] diagnostic_accuracy=52.0900% Gamma=0.000000 gate_passed=True fallback=functional_recovery_union_restrict global_hash=8b61ecc732987220dd83e14a52d3798af3837c90285e32f6ae5501022fff098f
ROUND fedrad round=48 clients=[18, 1, 96, 63, 59, 71, 88, 39, 97, 68] diagnostic_accuracy=48.9300% Gamma=0.000000 gate_passed=True fallback=functional_recovery_union_restrict global_hash=0e6be72739553bfaca0a93dd986beb6cd22d895b3b518978f0e6ec51a37c027c
ROUND fedrad round=49 clients=[44, 11, 93, 47, 54, 9, 81, 94, 45, 65] diagnostic_accuracy=57.9900% Gamma=0.000000 gate_passed=True fallback=functional_recovery_union_restrict global_hash=146b64f817c221ae71990cc22e3a3fddc57ca72f826c2000c78aa7a175272f09
ROUND fedrad round=50 clients=[48, 43, 51, 76, 99, 39, 38, 73, 89, 80] diagnostic_accuracy=53.4600% Gamma=0.000000 gate_passed=True fallback=functional_recovery_union_restrict global_hash=67df891050bf3486a6a5c2e0d017cf7b3c0fe09d4b3f4c27a172074ede8f81fd
ROUND fedrad round=51 clients=[34, 16, 99, 17, 62, 58, 96, 29, 90, 30] diagnostic_accuracy=56.1700% Gamma=0.000000 gate_passed=True fallback=functional_recovery_union_restrict global_hash=6ebf47588c1f4afd4d9fa214941d2a59e5dfa787e62cc7b1e95d11d282807723
ROUND fedrad round=52 clients=[8, 59, 78, 95, 25, 35, 99, 86, 54, 64] diagnostic_accuracy=58.2300% Gamma=0.000000 gate_passed=True fallback=functional_recovery_union_restrict global_hash=b1af1ceab2fa2cbf4d1d891132dd142036f4423e0a57664d25e19d625738f1cf
ROUND fedrad round=53 clients=[87, 42, 55, 74, 37, 10, 26, 23, 57, 62] diagnostic_accuracy=49.7100% Gamma=0.000000 gate_passed=True fallback=functional_recovery_union_restrict global_hash=b7efb87d95bc840d0c9c88867c4bfd1c7dbaba4bd23096cf82779e9ae76d5c1d
ROUND fedrad round=54 clients=[84, 2, 76, 48, 68, 40, 92, 8, 42, 46] diagnostic_accuracy=54.6600% Gamma=0.000000 gate_passed=True fallback=functional_recovery_union_restrict global_hash=0fd90a85fdc0033c7736c54d5b9140f4f658767529bf2954f4d728e6fe4bd69b
ROUND fedrad round=55 clients=[91, 70, 16, 58, 10, 35, 31, 86, 62, 54] diagnostic_accuracy=55.7000% Gamma=0.000000 gate_passed=True fallback=functional_recovery_union_restrict global_hash=3273bb04b5dc842006c2d0f7ea71bda8f43c5356f4429a1e2d5dd693a9369c0f
ROUND fedrad round=56 clients=[32, 41, 20, 75, 69, 62, 74, 38, 80, 58] diagnostic_accuracy=46.1400% Gamma=0.000000 gate_passed=True fallback=functional_recovery_union_restrict global_hash=a5cde3b21c4cc13fb6e55d416339e58dd0473789f0e04742c2182fcef6fd2cc4
ROUND fedrad round=57 clients=[89, 0, 84, 16, 97, 67, 41, 38, 59, 60] diagnostic_accuracy=48.5100% Gamma=0.000000 gate_passed=True fallback=functional_recovery_union_restrict global_hash=a8587cd44ef49253244b3d38d1f7d6cba4baca75d7e8d44ccd7ba09ef824fc5d
ROUND fedrad round=58 clients=[59, 21, 34, 35, 95, 41, 9, 12, 47, 42] diagnostic_accuracy=50.3800% Gamma=0.000000 gate_passed=True fallback=functional_recovery_union_restrict global_hash=ae67f75a84d522f7997b67487a0a53cd2e4cd48030115cdd17f8931e3a35b33e
ROUND fedrad round=59 clients=[88, 78, 75, 43, 57, 63, 34, 79, 17, 93] diagnostic_accuracy=51.6200% Gamma=0.000000 gate_passed=True fallback=functional_recovery_union_restrict global_hash=9b1bed28aa38efbc46597069bbb90f664a6989fc4576e23124cdf47a58ceab68
ROUND fedrad round=60 clients=[76, 35, 9, 75, 32, 97, 53, 72, 27, 91] diagnostic_accuracy=50.3600% Gamma=0.000000 gate_passed=True fallback=functional_recovery_union_restrict global_hash=9caaf63d1501d0cdaf347f33771fa6fbdc0aa7522b9770a8de5b4aaeb5b05ac9
ROUND fedrad round=61 clients=[60, 14, 9, 43, 15, 68, 7, 44, 65, 89] diagnostic_accuracy=59.8400% Gamma=0.000000 gate_passed=True fallback=functional_recovery_union_restrict global_hash=bfee41a9d85cfaf3ca717b04ce1266fcd051de89b2c6c3e26acbc160d6623767
ROUND fedrad round=62 clients=[56, 67, 28, 93, 30, 71, 78, 48, 25, 19] diagnostic_accuracy=58.4700% Gamma=0.000000 gate_passed=True fallback=functional_recovery_union_restrict global_hash=4e6bc6db9bd995ef7ea2db7badffe80c5dafc9c11802cb03249650d2a072715d
ROUND fedrad round=63 clients=[61, 18, 63, 89, 0, 99, 42, 76, 81, 9] diagnostic_accuracy=54.4900% Gamma=0.000000 gate_passed=True fallback=functional_recovery_union_restrict global_hash=abdf8d85e531c4880d8dbe254a78ff8d287373bb1e28d536b698d1312c16e8f4
ROUND fedrad round=64 clients=[14, 22, 8, 93, 29, 90, 73, 28, 57, 58] diagnostic_accuracy=58.3200% Gamma=0.000000 gate_passed=True fallback=functional_recovery_union_restrict global_hash=95c2da56338967a2033cfbfa130c1ba1a30d43b6a3e036c487d64b91bc88f669
ROUND fedrad round=65 clients=[16, 90, 78, 23, 55, 61, 31, 0, 11, 82] diagnostic_accuracy=60.5500% Gamma=0.000000 gate_passed=True fallback=functional_recovery_union_restrict global_hash=3c303a93a295e8141c4bfa61c4a5472cfbb9bb39dcfc2f2a1fe2d609460fdf00
ROUND fedrad round=66 clients=[28, 65, 16, 72, 11, 36, 19, 51, 81, 53] diagnostic_accuracy=58.7100% Gamma=0.000000 gate_passed=True fallback=functional_recovery_union_restrict global_hash=605fa599f103e7ad9332ec96248be55654dc0db2b1c8bac6225b52a481437c4b
ROUND fedrad round=67 clients=[53, 63, 96, 28, 78, 90, 58, 73, 34, 4] diagnostic_accuracy=59.2100% Gamma=0.000000 gate_passed=True fallback=functional_recovery_union_restrict global_hash=64be37461dc38103a2f528dd7668fec5ae2fd1fc6b3f894a3a846c51a7585a98
ROUND fedrad round=68 clients=[38, 57, 22, 41, 70, 39, 10, 5, 17, 32] diagnostic_accuracy=55.9500% Gamma=0.000000 gate_passed=True fallback=functional_recovery_union_restrict global_hash=c855f33b393ec0fb16fa800018cd82835eac785fdda580790ec41b182729a20d
ROUND fedrad round=69 clients=[60, 67, 48, 59, 46, 94, 22, 29, 53, 97] diagnostic_accuracy=61.3300% Gamma=0.000000 gate_passed=True fallback=functional_recovery_union_restrict global_hash=8a8a878dd43b9a1de3ca1c873293bb71408fde8858ff75f7dc6a991e93795efe
ROUND fedrad round=70 clients=[61, 33, 76, 48, 37, 54, 38, 13, 8, 39] diagnostic_accuracy=52.7700% Gamma=0.000000 gate_passed=True fallback=functional_recovery_union_restrict global_hash=14514a9171e1d216c39a292bab60083e9179b276093dcb5da7f706e846035549
ROUND fedrad round=71 clients=[31, 88, 91, 25, 50, 95, 67, 45, 80, 70] diagnostic_accuracy=57.6300% Gamma=0.000000 gate_passed=True fallback=functional_recovery_union_restrict global_hash=27f1428ddc773eb00ebbd3c3b133c478a7f9f8a4d2e03e411a08b534bf383690
ROUND fedrad round=72 clients=[3, 23, 17, 94, 61, 43, 63, 91, 37, 84] diagnostic_accuracy=46.5400% Gamma=0.000000 gate_passed=True fallback=functional_recovery_union_restrict global_hash=68ddb8be8fea0e53d21aabc08094f5b8476ef76f9ac9fd61f5ea82581e512fc1
ROUND fedrad round=73 clients=[11, 73, 78, 47, 45, 83, 36, 75, 91, 57] diagnostic_accuracy=60.0700% Gamma=0.000000 gate_passed=True fallback=functional_recovery_union_restrict global_hash=fb25fb2f1d9877534f235d92e1dcf023ecd14749d3f0ae66a3f2dcc87f2bfa64
ROUND fedrad round=74 clients=[46, 54, 66, 62, 96, 49, 24, 75, 60, 52] diagnostic_accuracy=55.2700% Gamma=0.000000 gate_passed=True fallback=functional_recovery_union_restrict global_hash=fa22d8a28d20b68fb5d825a17b5e676d5aeeb7b2ffccac3d5ab2008d81b55f5f
ROUND fedrad round=75 clients=[75, 51, 39, 89, 14, 54, 41, 30, 24, 80] diagnostic_accuracy=54.6200% Gamma=0.000000 gate_passed=True fallback=functional_recovery_union_restrict global_hash=97afbb5d0a926744c856ab7f7450a3be4f6092f24af2e2dfd19a47bc5f80fa52
ROUND fedrad round=76 clients=[67, 90, 45, 78, 32, 86, 50, 55, 33, 60] diagnostic_accuracy=64.3300% Gamma=0.000000 gate_passed=True fallback=functional_recovery_union_restrict global_hash=376e42021743ef08888e52e54c457e1fdac0db9c1acf26322bca75e616eef06b
ROUND fedrad round=77 clients=[4, 16, 51, 33, 89, 30, 13, 77, 43, 85] diagnostic_accuracy=60.2400% Gamma=0.000000 gate_passed=True fallback=functional_recovery_union_restrict global_hash=25cb170b59797e7446850285d33fe5ac509c8e44a6efc22b3d8ea42cde933728
ROUND fedrad round=78 clients=[97, 76, 96, 72, 42, 17, 33, 51, 24, 36] diagnostic_accuracy=60.4200% Gamma=0.000000 gate_passed=True fallback=functional_recovery_union_restrict global_hash=8a1af3ff5e10bae598ee27b92275b16d39b126a8e43b5177852f15c29ad10e39
ROUND fedrad round=79 clients=[22, 47, 61, 27, 50, 96, 89, 97, 85, 30] diagnostic_accuracy=60.2100% Gamma=0.000000 gate_passed=True fallback=functional_recovery_union_restrict global_hash=6902d7af05813ca03962fb3802682da7fe38286ec48b5f3ececc99d0cdcf6ee3
ROUND fedrad round=80 clients=[44, 70, 23, 38, 74, 21, 82, 4, 88, 98] diagnostic_accuracy=56.7500% Gamma=0.000000 gate_passed=True fallback=functional_recovery_union_restrict global_hash=ece5dd0f44d7f65b643b11abbefceb6e50d63c535dac4eb19bf7e7f1a4a27ada
ROUND fedrad round=81 clients=[90, 72, 65, 50, 85, 56, 4, 80, 31, 17] diagnostic_accuracy=57.2500% Gamma=0.000000 gate_passed=True fallback=functional_recovery_union_restrict global_hash=a55db8d58232f0cf4f92b3599704975fd03e1885a1a2522a476b1ed76e0d0eaa
ROUND fedrad round=82 clients=[61, 40, 41, 34, 97, 51, 50, 13, 22, 8] diagnostic_accuracy=59.2800% Gamma=0.000000 gate_passed=True fallback=functional_recovery_union_restrict global_hash=2bd290ffe1c6dbb8c0338dc92c0f13fbdd7e47b0a03987f9a3b251050755009b
ROUND fedrad round=83 clients=[87, 54, 63, 83, 96, 26, 0, 59, 69, 14] diagnostic_accuracy=61.8400% Gamma=0.000000 gate_passed=True fallback=functional_recovery_union_restrict global_hash=eeec07a9d430ea83f021336af372f2deb5a1e80a9cf8cfbae155b4c08ce58e14
ROUND fedrad round=84 clients=[58, 47, 83, 36, 8, 2, 56, 49, 10, 38] diagnostic_accuracy=52.8300% Gamma=0.000000 gate_passed=True fallback=functional_recovery_union_restrict global_hash=d924ead12b5bf5b8b930e6d87f87e1dc740edf976764ca99a0b1ef42fae353f6
ROUND fedrad round=85 clients=[89, 90, 81, 54, 59, 4, 53, 47, 52, 19] diagnostic_accuracy=64.8600% Gamma=0.000000 gate_passed=True fallback=functional_recovery_union_restrict global_hash=bf3488b07891f792df8eb7fc58b17b9b0939def97e368e2e2061e2d04dfa60f3
ROUND fedrad round=86 clients=[24, 13, 81, 73, 19, 55, 40, 76, 57, 96] diagnostic_accuracy=56.2300% Gamma=0.000000 gate_passed=True fallback=functional_recovery_union_restrict global_hash=c5d6596e14fe4178817c662d0d8784fdc2ecc8fbfe502f0d4cd3a4d6d4acb3e1
ROUND fedrad round=87 clients=[31, 75, 94, 20, 87, 26, 29, 70, 2, 50] diagnostic_accuracy=55.8300% Gamma=0.000000 gate_passed=True fallback=functional_recovery_union_restrict global_hash=5edf3005e05cf51380b3b1ec08092d1873bdd9ace14f21dca1245ef0db45c618
ROUND fedrad round=88 clients=[0, 9, 46, 37, 72, 83, 73, 16, 55, 27] diagnostic_accuracy=55.7800% Gamma=0.000000 gate_passed=True fallback=functional_recovery_union_restrict global_hash=1c443f5c81be53a65e9d3e10afb35ffa9cd39f073467df9433d97ffb46f01c39
ROUND fedrad round=89 clients=[80, 29, 9, 50, 26, 81, 48, 82, 37, 15] diagnostic_accuracy=55.7400% Gamma=0.000000 gate_passed=True fallback=functional_recovery_union_restrict global_hash=b08f7cf14869c066a5d0008fa2b6c70ca3bc8cc2306513ce6f040555ca1629cb
ROUND fedrad round=90 clients=[82, 6, 87, 74, 29, 50, 62, 67, 12, 83] diagnostic_accuracy=69.1100% Gamma=0.000000 gate_passed=True fallback=functional_recovery_union_restrict global_hash=dc42de3e1d4943d3d3bafce4cce9e81627dc76c612782674552a914c4ff71136
ROUND fedrad round=91 clients=[36, 75, 89, 43, 12, 21, 95, 72, 24, 63] diagnostic_accuracy=55.5700% Gamma=0.000000 gate_passed=True fallback=functional_recovery_union_restrict global_hash=e10a6f1a4f7bc02dd3fbd7e51dce8a33bf1ae8c2f3807c1c577b22f43e739fe8
ROUND fedrad round=92 clients=[34, 15, 31, 94, 46, 70, 19, 80, 6, 88] diagnostic_accuracy=61.7400% Gamma=0.000000 gate_passed=True fallback=functional_recovery_union_restrict global_hash=99576423ce8ed7af060ac515b29ff4b123faca3db2d7d9e7bb1c05ea911a5363
ROUND fedrad round=93 clients=[70, 92, 72, 77, 23, 53, 1, 12, 97, 93] diagnostic_accuracy=58.7400% Gamma=0.000000 gate_passed=True fallback=functional_recovery_union_restrict global_hash=69736576b9e0aa2eae5d64db871f984027beb5b6c1f360ff637bcf5506bee39e
ROUND fedrad round=94 clients=[13, 38, 36, 14, 57, 77, 66, 73, 3, 0] diagnostic_accuracy=52.9100% Gamma=0.000000 gate_passed=True fallback=functional_recovery_union_restrict global_hash=5ff990d92ff4538e5f5773421f6c349c6112252dbcfb48d563248b995391320c
ROUND fedrad round=95 clients=[13, 19, 10, 24, 76, 57, 88, 23, 61, 31] diagnostic_accuracy=59.8000% Gamma=0.000000 gate_passed=True fallback=functional_recovery_union_restrict global_hash=f5b242e7d8d5496055563b80fe0cbf7cb7cf5aa83de2c4d647fa24c8fa901761
ROUND fedrad round=96 clients=[18, 45, 94, 24, 56, 67, 10, 14, 13, 9] diagnostic_accuracy=64.6500% Gamma=0.000000 gate_passed=True fallback=functional_recovery_union_restrict global_hash=89df18f6698e2cec55cf1774fbc4f485c3e21b3385d4395437c40fb6df44a814
ROUND fedrad round=97 clients=[13, 48, 73, 93, 70, 1, 43, 77, 76, 88] diagnostic_accuracy=59.4200% Gamma=0.000000 gate_passed=True fallback=functional_recovery_union_restrict global_hash=ad7e863ec203521b85d3c08ee969fa6cfd25a842156714fa0d9bf2fe0abbdf53
ROUND fedrad round=98 clients=[21, 45, 83, 68, 75, 65, 96, 1, 77, 73] diagnostic_accuracy=65.4200% Gamma=0.000000 gate_passed=True fallback=functional_recovery_union_restrict global_hash=9c04f19448b8caf174428e27adb7f89dbdd8af08faaa25034741d02a49ea1c2f
ROUND fedrad round=99 clients=[81, 84, 60, 18, 45, 47, 94, 83, 76, 22] diagnostic_accuracy=58.3500% Gamma=0.000000 gate_passed=True fallback=functional_recovery_union_restrict global_hash=a7e9eb28fcbe249257cc1731f91c3877034bb5bbe6b377335341e11ff2d3c93c
ROUND fedrad round=100 clients=[21, 69, 47, 34, 65, 81, 93, 44, 30, 84] diagnostic_accuracy=59.1600% Gamma=0.000000 gate_passed=True fallback=functional_recovery_union_restrict global_hash=4a2165da1b7e3d13b485648fe796c67529b526eedad7c95720353b48a85e3b57
ROUND fedrad round=101 clients=[22, 38, 77, 15, 11, 61, 37, 34, 87, 3] diagnostic_accuracy=63.0700% Gamma=0.000000 gate_passed=True fallback=functional_recovery_union_restrict global_hash=f750eec76b5e6feeb4f36c0601714d702a4502be76796bc1561b115bc00e0e73
ROUND fedrad round=102 clients=[96, 9, 26, 58, 69, 44, 13, 93, 61, 43] diagnostic_accuracy=58.5400% Gamma=0.000000 gate_passed=True fallback=functional_recovery_union_restrict global_hash=12e45a2c1ba019aeb654bf27a167f58dfc466b7a4dfa42e2b48f0346bb06f3aa
ROUND fedrad round=103 clients=[13, 34, 27, 16, 72, 98, 14, 19, 9, 46] diagnostic_accuracy=56.2400% Gamma=0.000000 gate_passed=True fallback=functional_recovery_union_restrict global_hash=f281c5f62202805abb0d0ab735c6defe88a7730dcb91641c88502e87a1b81e66
ROUND fedrad round=104 clients=[29, 72, 81, 80, 68, 85, 14, 0, 93, 52] diagnostic_accuracy=65.5500% Gamma=0.000000 gate_passed=True fallback=functional_recovery_union_restrict global_hash=77627229fcf3028f2005bccfbdb350bd66255d501b68ba113bc97c2b741741d0
ROUND fedrad round=105 clients=[17, 69, 35, 86, 83, 84, 23, 56, 89, 60] diagnostic_accuracy=64.4000% Gamma=0.000000 gate_passed=True fallback=functional_recovery_union_restrict global_hash=5c17d7fdbf384ffba497aa92dff6f47d429c9279b78c8f99974adfade815c9ec
ROUND fedrad round=106 clients=[94, 79, 36, 8, 19, 16, 13, 30, 25, 3] diagnostic_accuracy=51.6100% Gamma=0.000000 gate_passed=True fallback=functional_recovery_union_restrict global_hash=66d2f6c4dcfafec8f5c308050c1d74bc9e78c7a42742e66548bc5216c12f3097
ROUND fedrad round=107 clients=[45, 82, 32, 52, 17, 96, 6, 57, 67, 74] diagnostic_accuracy=60.9800% Gamma=0.000000 gate_passed=True fallback=functional_recovery_union_restrict global_hash=af559e245731520a9e979a9569e26efdd19f52b357deb3351800117611137dc3
ROUND fedrad round=108 clients=[61, 20, 59, 99, 39, 42, 73, 53, 45, 8] diagnostic_accuracy=69.4300% Gamma=0.000000 gate_passed=True fallback=functional_recovery_union_restrict global_hash=7b0b88c9f3d526cca36c66b546b19f3f3c0977c704607be7f3b4c7f4ea216fe0
ROUND fedrad round=109 clients=[60, 38, 5, 54, 66, 33, 80, 83, 9, 4] diagnostic_accuracy=60.3100% Gamma=0.000000 gate_passed=True fallback=functional_recovery_union_restrict global_hash=bc021c473e404b8b73a8e1568d39611d248845ea584310568aba11cacfdbda33
ROUND fedrad round=110 clients=[39, 44, 62, 4, 42, 25, 0, 45, 29, 93] diagnostic_accuracy=66.5500% Gamma=0.000000 gate_passed=True fallback=functional_recovery_union_restrict global_hash=eb7749a74381dc0bbda7dac25d8225b26edb06af3bfb98b2fb60dad5b93448c6
ROUND fedrad round=111 clients=[96, 54, 19, 97, 92, 31, 81, 2, 24, 9] diagnostic_accuracy=69.3900% Gamma=0.000000 gate_passed=True fallback=functional_recovery_union_restrict global_hash=db2c6e0ac908fea0c8af2dccd62d03cd0b77e38a3a054ab7742650aab64c95f3
ROUND fedrad round=112 clients=[9, 19, 7, 49, 45, 35, 80, 85, 40, 89] diagnostic_accuracy=66.8100% Gamma=0.000000 gate_passed=True fallback=functional_recovery_union_restrict global_hash=155e99287293efc3e1f1e199813db4b9f4ad8447b16b746d89e724b877280153
ROUND fedrad round=113 clients=[73, 66, 18, 74, 33, 2, 87, 29, 98, 91] diagnostic_accuracy=61.1600% Gamma=0.000000 gate_passed=True fallback=functional_recovery_union_restrict global_hash=5b2bf4fdf2c738f3b1000e686986d089f3f831bd78922cefce10acdf7a550dbb
ROUND fedrad round=114 clients=[40, 31, 27, 50, 71, 81, 99, 97, 73, 49] diagnostic_accuracy=57.5200% Gamma=0.000000 gate_passed=True fallback=functional_recovery_union_restrict global_hash=2db31a74de68b8929fcb3e5fb7662a96b51c9b3f2eed8577094ff412573c75b6
ROUND fedrad round=115 clients=[61, 64, 42, 88, 27, 95, 92, 50, 45, 85] diagnostic_accuracy=66.3300% Gamma=0.000000 gate_passed=True fallback=functional_recovery_union_restrict global_hash=85caff41496f5007a8250bb9e8923c2b1549b25114e27e0cb8c014003b55605c
ROUND fedrad round=116 clients=[27, 8, 49, 32, 15, 35, 70, 59, 31, 30] diagnostic_accuracy=59.1300% Gamma=0.000000 gate_passed=True fallback=functional_recovery_union_restrict global_hash=53dc961410a0980b96f930693d59d10e7c508e65a74ba4a8c62efa73ebbec73c
ROUND fedrad round=117 clients=[69, 35, 52, 51, 26, 15, 76, 48, 98, 12] diagnostic_accuracy=64.2400% Gamma=0.000000 gate_passed=True fallback=functional_recovery_union_restrict global_hash=d70edba531d1a3ef86bd3c94facafc53d1e0fdb04bd4e2c5b1fe5b2d40de922a
ROUND fedrad round=118 clients=[46, 57, 0, 86, 26, 80, 73, 20, 63, 98] diagnostic_accuracy=64.7200% Gamma=0.000000 gate_passed=True fallback=functional_recovery_union_restrict global_hash=9273a57d7eaf07c27064c2f245b4c69646c708934b58c5aede62324468b11a76
ROUND fedrad round=119 clients=[81, 6, 64, 84, 20, 2, 8, 4, 66, 92] diagnostic_accuracy=63.8800% Gamma=0.000000 gate_passed=True fallback=functional_recovery_union_restrict global_hash=f8875233aaf7cda3d013e85bba3a97795f77a3882bcd746d25790b795a403076
ROUND fedrad round=120 clients=[61, 34, 64, 11, 96, 18, 82, 52, 72, 92] diagnostic_accuracy=66.0900% Gamma=0.000000 gate_passed=True fallback=functional_recovery_union_restrict global_hash=6b2048124dc1e7b1b74ddbec7337d7dc9989a16726d18501b0e4342299c1dc01
ROUND fedrad round=121 clients=[93, 68, 94, 13, 36, 11, 5, 1, 40, 7] diagnostic_accuracy=67.5800% Gamma=0.000000 gate_passed=True fallback=functional_recovery_union_restrict global_hash=ba76ae078b82d492923c60c776ef3beb593f3d8e6dd88922e44eab81a31aba71
ROUND fedrad round=122 clients=[73, 64, 37, 69, 31, 48, 77, 41, 53, 75] diagnostic_accuracy=60.9700% Gamma=0.000000 gate_passed=True fallback=functional_recovery_union_restrict global_hash=20bad9ee29795dc90babfdd82c19f0a5b6af9e79bc5cb81bfbc5f3f4cac5c6b0
ROUND fedrad round=123 clients=[46, 43, 84, 11, 66, 92, 16, 19, 96, 37] diagnostic_accuracy=56.7900% Gamma=0.000000 gate_passed=True fallback=functional_recovery_union_restrict global_hash=97c906ca24053833b581a3f7e783aa40c22c3a81851c8a9330b1f55c85934937
ROUND fedrad round=124 clients=[43, 96, 9, 0, 74, 19, 1, 23, 38, 66] diagnostic_accuracy=64.4900% Gamma=0.000000 gate_passed=True fallback=functional_recovery_union_restrict global_hash=7702730fd56e033410e63e575972873a1a17f9548349545244388e418ec85b3c
ROUND fedrad round=125 clients=[27, 62, 32, 10, 22, 72, 64, 25, 86, 60] diagnostic_accuracy=61.9100% Gamma=0.000000 gate_passed=True fallback=functional_recovery_union_restrict global_hash=981d9b3316522b908ce57569ea7636237e0eda5e0f267c0eefb088a28f5f2d6d
ROUND fedrad round=126 clients=[84, 7, 64, 76, 15, 46, 27, 47, 40, 69] diagnostic_accuracy=63.0600% Gamma=0.000000 gate_passed=True fallback=functional_recovery_union_restrict global_hash=9d81fca5dbfb81204930f72704bb7ca03cce5950f5aa10158a444d3ed77b18cd
ROUND fedrad round=127 clients=[75, 97, 79, 87, 11, 7, 37, 92, 41, 12] diagnostic_accuracy=65.4300% Gamma=0.000000 gate_passed=True fallback=functional_recovery_union_restrict global_hash=76597c7609792881449c5305d7db7311aeb7625fcf42ec9e5f5d0ad55cba71e6
ROUND fedrad round=128 clients=[78, 4, 17, 21, 76, 74, 19, 61, 45, 86] diagnostic_accuracy=72.4300% Gamma=0.000000 gate_passed=True fallback=functional_recovery_union_restrict global_hash=f611c7e38d4950193303cd3f9062fa426db6779486aa86cec5cdb11603ae45e6
ROUND fedrad round=129 clients=[23, 41, 75, 36, 26, 49, 95, 16, 93, 72] diagnostic_accuracy=57.2200% Gamma=0.000000 gate_passed=True fallback=functional_recovery_union_restrict global_hash=358a2c69b5a4c2d825a8fa3c4c172d9df09277e73628c897e5b834c938340efa
ROUND fedrad round=130 clients=[59, 53, 65, 8, 68, 35, 13, 55, 23, 97] diagnostic_accuracy=67.8300% Gamma=0.000000 gate_passed=True fallback=functional_recovery_union_restrict global_hash=7f89497db0abf1c425a6d1a41d42ad24eea9699634a444542e5b11c0e598712a
ROUND fedrad round=131 clients=[74, 98, 22, 45, 97, 87, 92, 71, 47, 79] diagnostic_accuracy=68.8600% Gamma=0.000000 gate_passed=True fallback=functional_recovery_union_restrict global_hash=8623117bbd7f413d2707af457f60d083bb6ddb3f12bf550db853bf8f477a7660
ROUND fedrad round=132 clients=[35, 70, 59, 49, 36, 91, 82, 50, 26, 72] diagnostic_accuracy=50.1500% Gamma=0.000000 gate_passed=True fallback=functional_recovery_union_restrict global_hash=39ced619dd0174d5e59be6c7a859d2015afe1f150be237a5291ed643e3057a07
ROUND fedrad round=133 clients=[22, 83, 75, 29, 66, 48, 12, 10, 86, 1] diagnostic_accuracy=62.4300% Gamma=0.000000 gate_passed=True fallback=functional_recovery_union_restrict global_hash=a86dc4fe7ab9f908b7de882bdd171c6bcaabdde560d3fad1aed95119b89805d2
ROUND fedrad round=134 clients=[76, 33, 40, 59, 65, 63, 73, 36, 99, 82] diagnostic_accuracy=68.6400% Gamma=0.000000 gate_passed=True fallback=functional_recovery_union_restrict global_hash=1cfcce3bcef71b9713f384b28aacac25baf2f79cff611b4939bf525eaac678a8
ROUND fedrad round=135 clients=[85, 88, 54, 40, 70, 67, 86, 38, 58, 42] diagnostic_accuracy=72.9000% Gamma=0.000000 gate_passed=True fallback=functional_recovery_union_restrict global_hash=d6ca0ac21dd0574e0a851e51ad16bf9a6f95c64317cdf292e530d11ddf0243f1
ROUND fedrad round=136 clients=[89, 56, 12, 90, 94, 86, 19, 78, 92, 59] diagnostic_accuracy=68.9000% Gamma=0.000000 gate_passed=True fallback=functional_recovery_union_restrict global_hash=a284db47dee5c830782a9e4b812ee891d594072e7b5355f04e28a158d7fdb90f
ROUND fedrad round=137 clients=[7, 94, 69, 44, 50, 26, 75, 24, 33, 18] diagnostic_accuracy=62.9400% Gamma=0.000000 gate_passed=True fallback=functional_recovery_union_restrict global_hash=59a25baca33d517a186179a701697db81c3498133f724a862747344079d61dc3
ROUND fedrad round=138 clients=[89, 75, 84, 93, 35, 71, 19, 63, 59, 94] diagnostic_accuracy=60.8400% Gamma=0.000000 gate_passed=True fallback=functional_recovery_union_restrict global_hash=5c053a0300f920eca57b7c518b5c3307b5d7487e20ed29c1fe8e3f1864737757
ROUND fedrad round=139 clients=[54, 66, 17, 43, 53, 40, 76, 1, 4, 81] diagnostic_accuracy=70.7100% Gamma=0.000000 gate_passed=True fallback=functional_recovery_union_restrict global_hash=827f0fcef8b4c847352f991acf2e9221708ec052fdd3079be652256137a7a2a7
ROUND fedrad round=140 clients=[52, 51, 97, 7, 41, 61, 29, 88, 49, 26] diagnostic_accuracy=67.8600% Gamma=0.000000 gate_passed=True fallback=functional_recovery_union_restrict global_hash=06fd296976abd0d3ced140093cdef6d5c312032d4d7d7e55d6fc1f92f76c2dc4
ROUND fedrad round=141 clients=[21, 47, 20, 59, 85, 2, 99, 70, 54, 50] diagnostic_accuracy=68.0800% Gamma=0.000000 gate_passed=True fallback=functional_recovery_union_restrict global_hash=8009acf157ffb865733754102270b92f05dba94ac33dbd8b6cc15a8eebc5974c
ROUND fedrad round=142 clients=[65, 98, 79, 6, 58, 92, 19, 37, 33, 75] diagnostic_accuracy=67.5400% Gamma=0.000000 gate_passed=True fallback=functional_recovery_union_restrict global_hash=c94ab3aa2a4832691953ab570ffc890a06476ee85020955b0f2dcfafad938b88
ROUND fedrad round=143 clients=[44, 84, 56, 0, 69, 15, 66, 78, 42, 95] diagnostic_accuracy=59.5100% Gamma=0.000000 gate_passed=True fallback=functional_recovery_union_restrict global_hash=c27e0adfddd92be57e3e30abe4c74784d1141bb4a11fce2c8597927cc6eda171
ROUND fedrad round=144 clients=[36, 20, 53, 26, 80, 67, 25, 37, 39, 10] diagnostic_accuracy=61.0500% Gamma=0.000000 gate_passed=True fallback=functional_recovery_union_restrict global_hash=eed9d40b6be79d5ef10da9817a0f7cf7d94d8a2e54abb6ad6b7c8fcddcdb9662
ROUND fedrad round=145 clients=[54, 62, 65, 69, 82, 46, 64, 70, 59, 11] diagnostic_accuracy=68.8500% Gamma=0.000000 gate_passed=True fallback=functional_recovery_union_restrict global_hash=6ca8836bd80d0800730ad661f5d886b4f4c473aca8bad6ba138ef27abd7ed772
ROUND fedrad round=146 clients=[78, 89, 64, 25, 85, 9, 57, 41, 97, 45] diagnostic_accuracy=67.1200% Gamma=0.000000 gate_passed=True fallback=functional_recovery_union_restrict global_hash=1937237fe7894753bb07d1b8331f7dc600836d9f762adc0fb41921c39e73427e
ROUND fedrad round=147 clients=[32, 8, 70, 41, 12, 19, 88, 20, 98, 33] diagnostic_accuracy=57.4000% Gamma=0.000000 gate_passed=True fallback=functional_recovery_union_restrict global_hash=e1da82f667c8cbea884f177392b883c6965e41fad624911ecb27f9bb5328c938
ROUND fedrad round=148 clients=[50, 29, 81, 33, 44, 69, 2, 68, 93, 85] diagnostic_accuracy=69.1000% Gamma=0.000000 gate_passed=True fallback=functional_recovery_union_restrict global_hash=1da746bbe07becae892e36af57cce7f56c8c019b26b79f7b7f4daebdf1a09d76
ROUND fedrad round=149 clients=[5, 84, 70, 73, 31, 62, 69, 13, 86, 74] diagnostic_accuracy=53.0300% Gamma=0.000000 gate_passed=True fallback=functional_recovery_union_restrict global_hash=a785f79f7cd9e01e61d4b335b452ca827a1c1d7b6b5a3a5d4f7f79e5e4b81063
ROUND fedrad round=150 clients=[69, 9, 41, 83, 76, 63, 34, 67, 36, 87] diagnostic_accuracy=67.0100% Gamma=0.000000 gate_passed=True fallback=functional_recovery_union_restrict global_hash=3964ade8b0be2cb9de1af5a8c8c61bdbb6d3badb44fcc6921c18a45f7e8ac4c5
ROUND fedrad round=151 clients=[40, 77, 95, 52, 25, 38, 46, 47, 93, 88] diagnostic_accuracy=61.1600% Gamma=0.000000 gate_passed=True fallback=functional_recovery_union_restrict global_hash=cc5be2210acbbd853db263d9a04f952c4331b8882fcec7bdd8214a221e077818
ROUND fedrad round=152 clients=[14, 22, 87, 6, 15, 36, 37, 44, 48, 38] diagnostic_accuracy=65.2900% Gamma=0.000000 gate_passed=True fallback=functional_recovery_union_restrict global_hash=e09657c45036b636020e5d07ac41a588a8c0661408ebbceaf9a861cae911d83a
ROUND fedrad round=153 clients=[14, 66, 74, 62, 49, 45, 18, 79, 15, 68] diagnostic_accuracy=71.4000% Gamma=0.000000 gate_passed=True fallback=functional_recovery_union_restrict global_hash=1ef2ec8ba5f2be7de43ec13c5e2c1f162631412d3647364f60246d25b6398850
ROUND fedrad round=154 clients=[92, 32, 77, 87, 27, 13, 14, 47, 22, 73] diagnostic_accuracy=65.8000% Gamma=0.000000 gate_passed=True fallback=functional_recovery_union_restrict global_hash=07e2c61975ba5137a6c93663adf53f57e9934efdd2e73710123de1778d1003b2
ROUND fedrad round=155 clients=[60, 31, 44, 3, 84, 25, 98, 73, 52, 82] diagnostic_accuracy=51.1600% Gamma=0.000000 gate_passed=True fallback=functional_recovery_union_restrict global_hash=72f4744752fba7d7c660850a050430ca93a9c435a990065d168dc07ea4dfd4f1
ROUND fedrad round=156 clients=[66, 38, 74, 49, 46, 45, 12, 0, 81, 23] diagnostic_accuracy=64.9900% Gamma=0.000000 gate_passed=True fallback=functional_recovery_union_restrict global_hash=a00ab43dcad001133f5fbbca3996cdbe6d4761818a2fa0f0f6cf36687a2120f5
ROUND fedrad round=157 clients=[6, 14, 56, 8, 37, 71, 68, 53, 88, 65] diagnostic_accuracy=67.9500% Gamma=0.000000 gate_passed=True fallback=functional_recovery_union_restrict global_hash=bc7cb1ab6cca78e09afabf7f18a143954b19aaecdd372ee4548634eef74672ec
ROUND fedrad round=158 clients=[76, 40, 68, 38, 91, 92, 18, 11, 69, 94] diagnostic_accuracy=71.2500% Gamma=0.000000 gate_passed=True fallback=functional_recovery_union_restrict global_hash=b98c50fd080bb8fbc863d8ad5038c50887ccaa42eb0ac56acaa4be2159380229
ROUND fedrad round=159 clients=[0, 23, 91, 83, 98, 64, 90, 32, 84, 36] diagnostic_accuracy=62.8600% Gamma=0.000000 gate_passed=True fallback=functional_recovery_union_restrict global_hash=cbc70f52032c6b9bd9afa278343f6e675ea1bf029ffdbeefbdc90ea78d76caf7
ROUND fedrad round=160 clients=[15, 9, 95, 71, 80, 49, 39, 81, 30, 8] diagnostic_accuracy=72.5700% Gamma=0.000000 gate_passed=True fallback=functional_recovery_union_restrict global_hash=e0d4f23151f5e4e9c8cb2ba025b0b74abfafe7184c7240766dc34ff37f1a53d6
ROUND fedrad round=161 clients=[29, 87, 67, 36, 35, 96, 15, 61, 24, 62] diagnostic_accuracy=63.0300% Gamma=0.000000 gate_passed=True fallback=functional_recovery_union_restrict global_hash=09b444354b74423cc83ba91431d0879fcd1460af5842b47d053da2870947d2dd
ROUND fedrad round=162 clients=[13, 58, 87, 52, 50, 60, 3, 19, 35, 0] diagnostic_accuracy=65.1400% Gamma=0.000000 gate_passed=True fallback=functional_recovery_union_restrict global_hash=66ceb57128c5c344e3d83a92c69232db8961d30888e95b92493bb56cfd4d562e
ROUND fedrad round=163 clients=[55, 46, 66, 67, 73, 12, 51, 1, 57, 90] diagnostic_accuracy=71.0300% Gamma=0.000000 gate_passed=True fallback=functional_recovery_union_restrict global_hash=5e7249946100aed10a26113a6b9dee2e3cebfdae63a65fd871ca38e949c0b21e
ROUND fedrad round=164 clients=[40, 72, 92, 86, 89, 90, 16, 98, 73, 58] diagnostic_accuracy=73.5200% Gamma=0.000000 gate_passed=True fallback=functional_recovery_union_restrict global_hash=2af3f03f0cac6b0faa4b4b529755ca8bf78adb37b1925e50bda065416c789df0
ROUND fedrad round=165 clients=[0, 58, 47, 44, 94, 66, 4, 7, 27, 2] diagnostic_accuracy=67.0800% Gamma=0.000000 gate_passed=True fallback=functional_recovery_union_restrict global_hash=a2692cd2bdaffe0a6916b9c2d650c8e77e9b628e522dc7f3bdc640485d7ace71
ROUND fedrad round=166 clients=[58, 87, 14, 78, 40, 83, 73, 18, 52, 31] diagnostic_accuracy=68.0500% Gamma=0.000000 gate_passed=True fallback=functional_recovery_union_restrict global_hash=9431e1b87a76b38edeeebf5638b8d359a081a9b9606cabe4aaed7cdb8d30998c
ROUND fedrad round=167 clients=[99, 22, 62, 86, 5, 20, 9, 51, 7, 54] diagnostic_accuracy=69.7100% Gamma=0.000000 gate_passed=True fallback=functional_recovery_union_restrict global_hash=1e30442353e39629ffde977f93fc6ce691c69d52f8e9aa0cb4fd66822f8f92cb
ROUND fedrad round=168 clients=[97, 37, 42, 7, 22, 5, 24, 56, 69, 12] diagnostic_accuracy=69.9300% Gamma=0.000000 gate_passed=True fallback=functional_recovery_union_restrict global_hash=e5d4f2059e22f055d735fc9eaf17894686bfc0db3c6e7831f9ca3e9eb8328332
ROUND fedrad round=169 clients=[96, 22, 76, 44, 59, 78, 12, 68, 94, 87] diagnostic_accuracy=68.7100% Gamma=0.000000 gate_passed=True fallback=functional_recovery_union_restrict global_hash=1bc6c79c2f759abed9004a4ac6c896a8f51c33ab4a6f86b60cf037903680749c
ROUND fedrad round=170 clients=[45, 7, 65, 19, 95, 16, 35, 23, 83, 88] diagnostic_accuracy=68.3700% Gamma=0.000000 gate_passed=True fallback=functional_recovery_union_restrict global_hash=249f781d94e65f6349168dcc349f661c5d4e3920cdc67ca6ab761991d7d1f1ba
ROUND fedrad round=171 clients=[12, 91, 4, 90, 47, 66, 33, 9, 61, 84] diagnostic_accuracy=68.8400% Gamma=0.000000 gate_passed=True fallback=functional_recovery_union_restrict global_hash=3c5abcd107bc02a79f233188a784c1c8f9e4888fc565a222b11cad930b02e8d8
ROUND fedrad round=172 clients=[46, 60, 83, 2, 37, 70, 93, 29, 3, 43] diagnostic_accuracy=50.7900% Gamma=0.000000 gate_passed=True fallback=functional_recovery_union_restrict global_hash=57d3dc33361756fa2fa76a326e317694622d5abebc7ad62d39dbc582fbea618b
ROUND fedrad round=173 clients=[27, 45, 49, 4, 31, 62, 9, 95, 69, 72] diagnostic_accuracy=66.6700% Gamma=0.000000 gate_passed=True fallback=functional_recovery_union_restrict global_hash=a52845835d8f32e06f10246cd62bee6eb41edfc2b53488ad232e3eaf1eb754cc
ROUND fedrad round=174 clients=[27, 28, 1, 92, 55, 48, 74, 7, 99, 62] diagnostic_accuracy=69.0100% Gamma=0.000000 gate_passed=True fallback=functional_recovery_union_restrict global_hash=057cc54b7497e868ef20fb1880bac9f0be6d03c7cbcce7582357e35270a0081a
ROUND fedrad round=175 clients=[24, 0, 9, 11, 31, 45, 58, 35, 69, 21] diagnostic_accuracy=73.2100% Gamma=0.000000 gate_passed=True fallback=functional_recovery_union_restrict global_hash=de00ddff0c27e00aa0cf9a88bf3d386216303079252544f9479c288fba00a873
ROUND fedrad round=176 clients=[42, 98, 67, 21, 24, 81, 20, 75, 29, 36] diagnostic_accuracy=67.9800% Gamma=0.000000 gate_passed=True fallback=functional_recovery_union_restrict global_hash=9b2fd44d9f3a42cedcccf23093736483407001bb7b5671ee2c946acb779d2673
ROUND fedrad round=177 clients=[49, 75, 33, 60, 42, 64, 69, 11, 47, 70] diagnostic_accuracy=66.5300% Gamma=0.000000 gate_passed=True fallback=functional_recovery_union_restrict global_hash=d87e984a1e381afff3c0defc732862f624b10533256935aaab4bbc8f1203e9ab
ROUND fedrad round=178 clients=[96, 60, 16, 70, 73, 40, 11, 24, 87, 93] diagnostic_accuracy=64.9900% Gamma=0.000000 gate_passed=True fallback=functional_recovery_union_restrict global_hash=9d4b45e929a2a689d767991ea82f804530a71ae601296e8de611285e906834a0
ROUND fedrad round=179 clients=[37, 16, 85, 31, 69, 36, 54, 25, 32, 38] diagnostic_accuracy=67.3900% Gamma=0.000000 gate_passed=True fallback=functional_recovery_union_restrict global_hash=ae3b1d5a753aae7c3481730ce45fd3021e9c0aa0a2f1198aa4fbc4912299841a
ROUND fedrad round=180 clients=[80, 92, 61, 76, 19, 28, 7, 73, 67, 38] diagnostic_accuracy=70.1700% Gamma=0.000000 gate_passed=True fallback=functional_recovery_union_restrict global_hash=40b47d439811011c2beb5bab33fab4f9e884052575dc007104ae2ccb2c1075b1
ROUND fedrad round=181 clients=[78, 26, 35, 44, 29, 85, 64, 66, 97, 21] diagnostic_accuracy=66.0400% Gamma=0.000000 gate_passed=True fallback=functional_recovery_union_restrict global_hash=a8527fdaab715265fb63d1cfd3bbb239aae9a45c5c4a6e06a84557dd3bc3dcc5
ROUND fedrad round=182 clients=[78, 73, 10, 52, 54, 24, 44, 70, 99, 90] diagnostic_accuracy=66.7700% Gamma=0.000000 gate_passed=True fallback=functional_recovery_union_restrict global_hash=24f8857d039067164256a8b401d5c65b9728b3e4bc9339ce63041a0aab08b777
ROUND fedrad round=183 clients=[96, 38, 1, 4, 36, 19, 77, 52, 41, 49] diagnostic_accuracy=69.4100% Gamma=0.000000 gate_passed=True fallback=functional_recovery_union_restrict global_hash=54b0a5ed8cc1469bfce1962de19a83b213fb1f96941b40ed0986be96c25ca724
ROUND fedrad round=184 clients=[87, 55, 49, 7, 51, 67, 40, 21, 34, 0] diagnostic_accuracy=72.5100% Gamma=0.000000 gate_passed=True fallback=functional_recovery_union_restrict global_hash=330796e3200c26db0685f16f8c2070c149b2d665a458208117a23e5119a2b17e
ROUND fedrad round=185 clients=[74, 63, 39, 14, 96, 82, 21, 45, 88, 13] diagnostic_accuracy=42.7600% Gamma=0.000000 gate_passed=True fallback=functional_recovery_union_restrict global_hash=a67adcf01908a7dadefc1267c0ed07d23fd8e307aebbfe7b0ea2c42754cfc09e
ROUND fedrad round=186 clients=[1, 26, 23, 59, 22, 57, 27, 60, 18, 69] diagnostic_accuracy=65.1500% Gamma=0.000000 gate_passed=True fallback=functional_recovery_union_restrict global_hash=af896e6ad96f428a228adcfa1e2fd119295f2754c43252365a1cbd5fab25a12e
ROUND fedrad round=187 clients=[34, 87, 43, 64, 27, 92, 78, 55, 68, 7] diagnostic_accuracy=69.6800% Gamma=0.000000 gate_passed=True fallback=functional_recovery_union_restrict global_hash=f44984bb41dd034e510a22924ac469256b594de188e4ce478e4b674d758af652
ROUND fedrad round=188 clients=[67, 20, 34, 69, 85, 14, 86, 81, 36, 76] diagnostic_accuracy=73.0000% Gamma=0.000000 gate_passed=True fallback=functional_recovery_union_restrict global_hash=9cbafe0ffe2662e772df037857a6c038b277bfb8976e7516bc86a08b32395921
ROUND fedrad round=189 clients=[57, 7, 53, 49, 74, 65, 76, 29, 78, 80] diagnostic_accuracy=71.7000% Gamma=0.000000 gate_passed=True fallback=functional_recovery_union_restrict global_hash=1d31811bb10aaadc5ec2bc2b542bf976599c9c7212488c338cd3c9b40acfc790
ROUND fedrad round=190 clients=[71, 25, 7, 77, 39, 51, 87, 5, 45, 11] diagnostic_accuracy=69.3200% Gamma=0.000000 gate_passed=True fallback=functional_recovery_union_restrict global_hash=c657a74b29fbb75f1be55a8076ade391391986edb4f253b74df6486b4d49aec0
ROUND fedrad round=191 clients=[60, 21, 34, 0, 98, 92, 44, 65, 66, 3] diagnostic_accuracy=43.0400% Gamma=0.000000 gate_passed=True fallback=functional_recovery_union_restrict global_hash=64f4a619766ad67498150f6cb0c59c60814fa6fb1a54aa2021263fa951d82f0d
ROUND fedrad round=192 clients=[36, 59, 66, 20, 0, 16, 86, 71, 90, 56] diagnostic_accuracy=72.6000% Gamma=0.000000 gate_passed=True fallback=functional_recovery_union_restrict global_hash=89cd13c33bbdc4357b0bbee45cd034a44ed065f0b058217618065ecb5118c594
ROUND fedrad round=193 clients=[19, 22, 51, 45, 91, 26, 14, 83, 15, 67] diagnostic_accuracy=71.7600% Gamma=0.000000 gate_passed=True fallback=functional_recovery_union_restrict global_hash=f98eab412cc4f9ce45f1bf7629ede91e4181c73392274211573954ff03e516c8
ROUND fedrad round=194 clients=[62, 14, 3, 92, 78, 33, 89, 48, 70, 31] diagnostic_accuracy=66.9400% Gamma=0.000000 gate_passed=True fallback=functional_recovery_union_restrict global_hash=c459eb5f1469eb221b66cd53f89600945b016b184f58acd7396b177b2ac94f79
ROUND fedrad round=195 clients=[37, 10, 88, 63, 53, 68, 2, 52, 26, 59] diagnostic_accuracy=65.9900% Gamma=0.000000 gate_passed=True fallback=functional_recovery_union_restrict global_hash=2aa9fa8b61472a6363e8eb02bb5eb35363a5cdd220791be0e32441ac5f192da4
ROUND fedrad round=196 clients=[59, 71, 85, 49, 20, 10, 3, 86, 88, 33] diagnostic_accuracy=63.2800% Gamma=0.000000 gate_passed=True fallback=functional_recovery_union_restrict global_hash=9abea34655eafac3d89fc023745a2dde18afd30ba1723421d05f2e884043d279
ROUND fedrad round=197 clients=[9, 0, 18, 66, 44, 17, 92, 95, 64, 96] diagnostic_accuracy=70.1100% Gamma=0.000000 gate_passed=True fallback=functional_recovery_union_restrict global_hash=361602cc80025508522e369bded27fcaf8b4fea0a6fac564a2c96676a9cc57c9
ROUND fedrad round=198 clients=[70, 58, 24, 57, 32, 19, 43, 65, 5, 88] diagnostic_accuracy=60.2900% Gamma=0.000000 gate_passed=True fallback=functional_recovery_union_restrict global_hash=8c1d77c1ea80ad47e9e998c48546cbc3a3dfa7a2c664322222a014083710e4c8
ROUND fedrad round=199 clients=[61, 75, 68, 2, 6, 26, 1, 56, 78, 74] diagnostic_accuracy=69.8100% Gamma=0.000000 gate_passed=True fallback=functional_recovery_union_restrict global_hash=55559f5f977d71a0d7681f26062c80db23dc5842bcfba2ccde7af128bed26c3a
ROUND fedrad round=200 clients=[8, 57, 22, 90, 46, 9, 56, 99, 89, 4] diagnostic_accuracy=70.3800% Gamma=0.000000 gate_passed=True fallback=functional_recovery_union_restrict global_hash=b5b0d842a1054cd8dd9a6e1e51a0474f9b39822f703bf6258ef84ab9497aa582
FINAL_STATE_HASH b5b0d842a1054cd8dd9a6e1e51a0474f9b39822f703bf6258ef84ab9497aa582
