Run directory: C:\Users\admin\Desktop\need_do\new_paper_four\FedPhoenix-new\results\multiprobe_functional_recovery_2of64\functional_recovery_seed1_20260906_054734_601957_multiprobe_m3_seed1_2of64_200r
Partition fingerprint: f8fcaa0f17c5d2078c5d24ece11b3f8cfcb82553733fb972155b7452d87a8fd0; device=cuda:0
ROUND fedrad round=1 clients=[80, 84, 33, 81, 93, 17, 36, 82, 69, 65] diagnostic_accuracy=10.0000% Gamma=0.000000 gate_passed=True fallback=functional_recovery_hungarian global_hash=c6432dd6d30651954c718691d66b95ead53f9f364bd41132c4908756853390e2
ROUND fedrad round=2 clients=[44, 96, 1, 35, 26, 11, 38, 82, 87, 3] diagnostic_accuracy=15.5600% Gamma=0.000000 gate_passed=True fallback=functional_recovery_hungarian global_hash=c917197f1be42d069897add6b8ef488382188eaa7272b03cab0e494903bf9872
ROUND fedrad round=3 clients=[95, 67, 96, 71, 1, 80, 99, 45, 52, 27] diagnostic_accuracy=18.1000% Gamma=0.000000 gate_passed=True fallback=functional_recovery_hungarian global_hash=5b3928c06d3b449ad62be279fc555987b94ac009b11a83f840903066ab0794bf
ROUND fedrad round=4 clients=[40, 10, 96, 66, 89, 32, 95, 55, 25, 5] diagnostic_accuracy=15.6100% Gamma=0.000000 gate_passed=True fallback=functional_recovery_hungarian global_hash=7d6f37858f03095df154f6057a1d881f4653dcc9a8179bed87ae0d2383a2e365
ROUND fedrad round=5 clients=[89, 99, 45, 96, 72, 9, 74, 88, 1, 38] diagnostic_accuracy=19.6300% Gamma=0.000000 gate_passed=True fallback=functional_recovery_hungarian global_hash=29557b7052968560ea7394031e941f0a41010954461d4ba2b67add7193ac9551
ROUND fedrad round=6 clients=[0, 86, 4, 23, 24, 1, 62, 83, 66, 93] diagnostic_accuracy=22.1400% Gamma=0.000000 gate_passed=True fallback=functional_recovery_hungarian global_hash=08a90cb1760ebdd29f50e80b9e985acc275729422a617695a22543e973b7eb66
ROUND fedrad round=7 clients=[6, 59, 72, 30, 91, 43, 75, 76, 15, 61] diagnostic_accuracy=24.4300% Gamma=0.000000 gate_passed=True fallback=functional_recovery_hungarian global_hash=5e2bb0769d26c23b6c77918f4df1c57a8c4e726311e7870d05a1e76f813c19b3
ROUND fedrad round=8 clients=[44, 88, 74, 48, 59, 79, 25, 52, 45, 55] diagnostic_accuracy=20.4200% Gamma=0.000000 gate_passed=True fallback=functional_recovery_hungarian global_hash=45ded752dfee7e23f3d411d2b6818afaed811640fbd809d97e12367eeb1abbcd
ROUND fedrad round=9 clients=[3, 60, 35, 33, 22, 66, 45, 68, 67, 75] diagnostic_accuracy=25.5000% Gamma=0.000000 gate_passed=True fallback=functional_recovery_hungarian global_hash=66c92283ce5643facf3a8fd18f69efadc1d1ff9bdee072bb7105baad1e502171
ROUND fedrad round=10 clients=[64, 91, 12, 52, 16, 65, 50, 68, 33, 30] diagnostic_accuracy=25.6800% Gamma=0.000000 gate_passed=True fallback=functional_recovery_hungarian global_hash=d234e5cfca70d52be253af5d3c16cea0bcd5a0c277ad20312745d1bcef3074df
ROUND fedrad round=11 clients=[54, 27, 23, 37, 75, 33, 41, 46, 52, 24] diagnostic_accuracy=25.6500% Gamma=0.000000 gate_passed=True fallback=functional_recovery_hungarian global_hash=9943952253305737d9c9c2fcd2c2e01484bd9c63e8940ad6bffc41e620b2101a
ROUND fedrad round=12 clients=[54, 45, 28, 44, 15, 1, 93, 12, 88, 40] diagnostic_accuracy=26.7300% Gamma=0.000000 gate_passed=True fallback=functional_recovery_hungarian global_hash=62146e37ae2821b201ed7ae8d0c89db90dda888333f614f41294133a81d49669
ROUND fedrad round=13 clients=[70, 75, 5, 68, 36, 79, 72, 78, 57, 44] diagnostic_accuracy=25.6300% Gamma=0.000000 gate_passed=True fallback=functional_recovery_hungarian global_hash=f806030f54e6649c298c960835437304640db318d43b8785c7cf84fd681a62fc
ROUND fedrad round=14 clients=[41, 9, 30, 89, 40, 49, 3, 22, 8, 16] diagnostic_accuracy=29.2100% Gamma=0.000000 gate_passed=True fallback=functional_recovery_hungarian global_hash=a11962a12c42673e07734dde2a965a27cf38eef552001865eff111c081be0323
ROUND fedrad round=15 clients=[82, 28, 69, 81, 56, 71, 85, 27, 37, 66] diagnostic_accuracy=28.6000% Gamma=0.000000 gate_passed=True fallback=functional_recovery_hungarian global_hash=713fc1f0bf3d75c55523a36278077f2acc0ceda75e6abc9f7bb779b1992244a2
ROUND fedrad round=16 clients=[60, 13, 26, 12, 1, 28, 88, 86, 11, 43] diagnostic_accuracy=30.4400% Gamma=0.000000 gate_passed=True fallback=functional_recovery_hungarian global_hash=7d2e71c492817d57955332a48f9c88d2e7729c4cd6d28598b8af4127f58a1ae9
ROUND fedrad round=17 clients=[93, 16, 72, 75, 10, 4, 38, 71, 42, 62] diagnostic_accuracy=28.4200% Gamma=0.000000 gate_passed=True fallback=functional_recovery_hungarian global_hash=ee08feac5a9ed17f09b7fcb07a37eebf20a34f27cfd60731525268e0c2e40acc
ROUND fedrad round=18 clients=[36, 47, 1, 64, 57, 97, 29, 6, 67, 92] diagnostic_accuracy=31.9400% Gamma=0.000000 gate_passed=True fallback=functional_recovery_hungarian global_hash=09caf26b09efbd315e2033c2b27338f70587500f95e6294f5dca9ed30ea4a9b8
ROUND fedrad round=19 clients=[48, 87, 17, 57, 22, 81, 4, 51, 94, 63] diagnostic_accuracy=30.2100% Gamma=0.000000 gate_passed=True fallback=functional_recovery_hungarian global_hash=0d538168d2b44768c0a16279dbe7068d50d227829cde6b11d58f64f7710b8fb5
ROUND fedrad round=20 clients=[9, 17, 59, 11, 2, 95, 68, 28, 60, 14] diagnostic_accuracy=33.2100% Gamma=0.000000 gate_passed=True fallback=functional_recovery_hungarian global_hash=29d2fe61098e693c9669457250362cc09e1c656d01bfec9c24db0ed5651daadf
ROUND fedrad round=21 clients=[26, 25, 15, 93, 45, 54, 68, 90, 76, 10] diagnostic_accuracy=26.4500% Gamma=0.000000 gate_passed=True fallback=functional_recovery_hungarian global_hash=2176ee7877b46253aff3030a66f1294f79cf08739ac2b706f95dfb708e066f0a
ROUND fedrad round=22 clients=[84, 74, 93, 1, 48, 44, 29, 26, 94, 75] diagnostic_accuracy=29.0800% Gamma=0.000000 gate_passed=True fallback=functional_recovery_hungarian global_hash=ffea230a0463008b792320fd772c55a06e66425b623abc5dc55235b33f7b1017
ROUND fedrad round=23 clients=[71, 58, 50, 22, 59, 84, 10, 70, 43, 67] diagnostic_accuracy=32.3700% Gamma=0.000000 gate_passed=True fallback=functional_recovery_hungarian global_hash=200449ba678d90cf96b5a072d67776b11daa5cad85bda14c627e35529bf76f20
ROUND fedrad round=24 clients=[70, 54, 33, 75, 31, 58, 17, 6, 3, 51] diagnostic_accuracy=34.6200% Gamma=0.000000 gate_passed=True fallback=functional_recovery_hungarian global_hash=45958d23b9bcbbe871af0284c4804f3c6b29fd334fedb02f50c4cdcf7d2a6958
ROUND fedrad round=25 clients=[42, 87, 33, 36, 30, 84, 78, 98, 71, 75] diagnostic_accuracy=16.2600% Gamma=0.000000 gate_passed=True fallback=functional_recovery_hungarian global_hash=7126eb7ed718b8d7674eb13bca6f8c36b5b44e5c0b3462900fba5316bb1de0d7
ROUND fedrad round=26 clients=[41, 47, 34, 10, 51, 11, 50, 16, 86, 64] diagnostic_accuracy=37.1000% Gamma=0.000000 gate_passed=True fallback=functional_recovery_hungarian global_hash=be33f50654d12f1b42c2d125c0d8990fc5d43a5df0f690ab14cc84f95bc89583
ROUND fedrad round=27 clients=[58, 82, 63, 50, 98, 84, 4, 46, 65, 88] diagnostic_accuracy=30.5200% Gamma=0.000000 gate_passed=True fallback=functional_recovery_hungarian global_hash=e3fc560aeb1a3c59b8f8be16ee8a8b5a181205b7913773455b516fe3f25b0123
ROUND fedrad round=28 clients=[99, 88, 69, 16, 46, 29, 90, 91, 4, 45] diagnostic_accuracy=39.3600% Gamma=0.000000 gate_passed=True fallback=functional_recovery_hungarian global_hash=b5e20a3656ab04b0bcdec60ffef4249480690ed4fa28627c5d1002baa2ab19b1
ROUND fedrad round=29 clients=[80, 73, 28, 34, 1, 10, 13, 65, 5, 49] diagnostic_accuracy=38.6600% Gamma=0.000000 gate_passed=True fallback=functional_recovery_hungarian global_hash=65018e926428a2fe5238cf59e95f9571e439d938a6f3db93a68044c10553fdca
ROUND fedrad round=30 clients=[62, 41, 74, 11, 99, 8, 75, 26, 81, 85] diagnostic_accuracy=36.1100% Gamma=0.000000 gate_passed=True fallback=functional_recovery_hungarian global_hash=5c0437993b0a1a2c798825cc0ca5e4460a77a18179ca33732c9fd33d6d94e817
ROUND fedrad round=31 clients=[96, 81, 77, 83, 14, 50, 13, 67, 53, 91] diagnostic_accuracy=46.1700% Gamma=0.000000 gate_passed=True fallback=functional_recovery_hungarian global_hash=5ba08e290573400809a2b52892aa37f4afd881412336551c72f18198f8c57856
ROUND fedrad round=32 clients=[40, 73, 70, 3, 6, 94, 1, 25, 20, 10] diagnostic_accuracy=33.9900% Gamma=0.000000 gate_passed=True fallback=functional_recovery_hungarian global_hash=c694cd72255920cccbcd1337f046d23146696ef7ba83891174337cd6299acd01
ROUND fedrad round=33 clients=[45, 16, 51, 88, 17, 78, 36, 44, 21, 62] diagnostic_accuracy=41.2700% Gamma=0.000000 gate_passed=True fallback=functional_recovery_hungarian global_hash=fe5d116f20510dd7889d399f69481e9ff2cde823209ac25c3cde6d7495fd6fb5
ROUND fedrad round=34 clients=[92, 43, 97, 61, 58, 67, 1, 98, 30, 75] diagnostic_accuracy=43.1000% Gamma=0.000000 gate_passed=True fallback=functional_recovery_hungarian global_hash=b71596f34b6017f4f71e72870da48a0675cf4d64f38153c02c4ef35c02912a71
ROUND fedrad round=35 clients=[31, 89, 17, 66, 92, 23, 96, 9, 35, 20] diagnostic_accuracy=40.4000% Gamma=0.000000 gate_passed=True fallback=functional_recovery_hungarian global_hash=e006e2679e622f13069d6279e98a1ad2d01d24db07fa3ee1a58c5e9a535dd8dc
ROUND fedrad round=36 clients=[72, 68, 65, 28, 23, 85, 16, 60, 73, 78] diagnostic_accuracy=46.7500% Gamma=0.000000 gate_passed=True fallback=functional_recovery_hungarian global_hash=6ab885799b65a39d50edc038239fedec3876ae48a9c3c281ceabf2a474a622c1
ROUND fedrad round=37 clients=[66, 49, 62, 9, 84, 68, 74, 3, 44, 71] diagnostic_accuracy=26.9800% Gamma=0.000000 gate_passed=True fallback=functional_recovery_hungarian global_hash=94b6ce27ecc80d801d6cbd135359f66504d008b4daef34d75fb3dabe0311fc62
ROUND fedrad round=38 clients=[50, 73, 27, 38, 8, 53, 21, 14, 28, 64] diagnostic_accuracy=47.4400% Gamma=0.000000 gate_passed=True fallback=functional_recovery_hungarian global_hash=e6dd1fa5cfda380c862c4ae43e6269bf8b3215d44cbcbb264719a6119d5700aa
ROUND fedrad round=39 clients=[48, 87, 40, 59, 3, 10, 75, 35, 49, 89] diagnostic_accuracy=43.6800% Gamma=0.000000 gate_passed=True fallback=functional_recovery_hungarian global_hash=c7497d0afee2ba903aede96aeb66344da5f2c7f19f512d9adc3e3a239d48c9ac
ROUND fedrad round=40 clients=[83, 93, 34, 60, 90, 45, 42, 41, 91, 36] diagnostic_accuracy=48.4600% Gamma=0.000000 gate_passed=True fallback=functional_recovery_hungarian global_hash=f64a88d4b4d31e744cde59a6f339db677effbf523cd600b43d4e6d044d89a62e
ROUND fedrad round=41 clients=[75, 52, 20, 80, 90, 93, 4, 51, 13, 98] diagnostic_accuracy=39.5200% Gamma=0.000000 gate_passed=True fallback=functional_recovery_hungarian global_hash=5ec4a6d4c0031aff1373b2e6b749b589eeec14928e4a00b195b9520ca980900f
ROUND fedrad round=42 clients=[98, 79, 17, 10, 3, 12, 29, 26, 54, 58] diagnostic_accuracy=29.2500% Gamma=0.000000 gate_passed=True fallback=functional_recovery_hungarian global_hash=db922f0cd0a9d373d7091d1d6590ebedb28706db8cd029670301452dd804c731
ROUND fedrad round=43 clients=[32, 15, 47, 9, 7, 16, 24, 57, 71, 28] diagnostic_accuracy=45.0000% Gamma=0.000000 gate_passed=True fallback=functional_recovery_hungarian global_hash=60e8d665e53309f291c7e01ad49c157e81dde0c2d82e5b93770d95a21391dfc5
ROUND fedrad round=44 clients=[76, 67, 81, 35, 44, 49, 32, 99, 69, 51] diagnostic_accuracy=45.5300% Gamma=0.000000 gate_passed=True fallback=functional_recovery_hungarian global_hash=584290175c4e16c9949c6b556bcabfb5fffc7184f2100cb4752eb3093681876f
ROUND fedrad round=45 clients=[42, 4, 95, 71, 84, 22, 61, 5, 10, 28] diagnostic_accuracy=43.8500% Gamma=0.000000 gate_passed=True fallback=functional_recovery_hungarian global_hash=1d6159b442bec38c504773f053d29b09c2f3b9f5c111bc63e7d6cacb17b6788f
ROUND fedrad round=46 clients=[61, 52, 80, 26, 37, 44, 85, 1, 99, 55] diagnostic_accuracy=54.8400% Gamma=0.000000 gate_passed=True fallback=functional_recovery_hungarian global_hash=1058761a75a4d9db89a8bbaf8bda3d00b7b29203a7ef07eea1b8b7d31dac8175
ROUND fedrad round=47 clients=[23, 10, 75, 28, 19, 22, 43, 13, 98, 85] diagnostic_accuracy=51.8700% Gamma=0.000000 gate_passed=True fallback=functional_recovery_hungarian global_hash=5a6473a75ce00f5086dd812d55fb6ca901cbbe66fd2f94b3bc1f6706cf2ccfc3
ROUND fedrad round=48 clients=[18, 1, 96, 63, 59, 71, 88, 39, 97, 68] diagnostic_accuracy=49.0800% Gamma=0.000000 gate_passed=True fallback=functional_recovery_hungarian global_hash=48509d5e7ac1e9d13683367d0633cec7884614467139df49393abb291a9ac664
ROUND fedrad round=49 clients=[44, 11, 93, 47, 54, 9, 81, 94, 45, 65] diagnostic_accuracy=55.2400% Gamma=0.000000 gate_passed=True fallback=functional_recovery_hungarian global_hash=1ea803cb02899d862a3f60ce360218f60d6ecd3d16cff98e29f60ffa23a300f2
ROUND fedrad round=50 clients=[48, 43, 51, 76, 99, 39, 38, 73, 89, 80] diagnostic_accuracy=52.9800% Gamma=0.000000 gate_passed=True fallback=functional_recovery_hungarian global_hash=0e56ecc272cd3ae90ccf76137142eafe8428f51aef81917c6f89f38cd2fd1bf5
ROUND fedrad round=51 clients=[34, 16, 99, 17, 62, 58, 96, 29, 90, 30] diagnostic_accuracy=51.9900% Gamma=0.000000 gate_passed=True fallback=functional_recovery_hungarian global_hash=9aa4af73445244ecf070c303902953801e894a2133516b10427e743f1b84db61
ROUND fedrad round=52 clients=[8, 59, 78, 95, 25, 35, 99, 86, 54, 64] diagnostic_accuracy=56.3900% Gamma=0.000000 gate_passed=True fallback=functional_recovery_hungarian global_hash=f707f16d0cca05e31b04c60fc22c7d26c78167f1b300d85558266746cd987a3b
ROUND fedrad round=53 clients=[87, 42, 55, 74, 37, 10, 26, 23, 57, 62] diagnostic_accuracy=48.9900% Gamma=0.000000 gate_passed=True fallback=functional_recovery_hungarian global_hash=bcf36a0f3ea848229338ce3d212a0aa039d4d03b704458617a43052df0592bde
ROUND fedrad round=54 clients=[84, 2, 76, 48, 68, 40, 92, 8, 42, 46] diagnostic_accuracy=53.4000% Gamma=0.000000 gate_passed=True fallback=functional_recovery_hungarian global_hash=bf4cf21670b50ca8317a7d8829daf2a392a98f53ffb6c2ab0d4fa1b890c1dc85
ROUND fedrad round=55 clients=[91, 70, 16, 58, 10, 35, 31, 86, 62, 54] diagnostic_accuracy=54.3700% Gamma=0.000000 gate_passed=True fallback=functional_recovery_hungarian global_hash=fec37f4bfca6c617f68e060edd1d414ce76c0119095e2a95b349343deb2d19f7
ROUND fedrad round=56 clients=[32, 41, 20, 75, 69, 62, 74, 38, 80, 58] diagnostic_accuracy=47.5400% Gamma=0.000000 gate_passed=True fallback=functional_recovery_hungarian global_hash=00c2975e35a01befb7cd9deda083eb3cfe59a828abbe3eba92fa64c5088b7c11
ROUND fedrad round=57 clients=[89, 0, 84, 16, 97, 67, 41, 38, 59, 60] diagnostic_accuracy=48.0900% Gamma=0.000000 gate_passed=True fallback=functional_recovery_hungarian global_hash=47018a318b2f6d9680731c9c9cf0fa71f76e0983feb2169fd642f369ed078486
ROUND fedrad round=58 clients=[59, 21, 34, 35, 95, 41, 9, 12, 47, 42] diagnostic_accuracy=52.5700% Gamma=0.000000 gate_passed=True fallback=functional_recovery_hungarian global_hash=844500c6cfc554b865f3ef68132b11eb0e0b4d2dbf9e6d630a82d91681151ab6
ROUND fedrad round=59 clients=[88, 78, 75, 43, 57, 63, 34, 79, 17, 93] diagnostic_accuracy=51.8900% Gamma=0.000000 gate_passed=True fallback=functional_recovery_hungarian global_hash=15c7de210d75a0a641b16ad5e7ec13b732790ac97a4f8baf583bcedb07232706
ROUND fedrad round=60 clients=[76, 35, 9, 75, 32, 97, 53, 72, 27, 91] diagnostic_accuracy=50.3900% Gamma=0.000000 gate_passed=True fallback=functional_recovery_hungarian global_hash=cf18f956e33e258210341e3927b0f3dca679de5b556bc5231d36ac5aeecbc71c
ROUND fedrad round=61 clients=[60, 14, 9, 43, 15, 68, 7, 44, 65, 89] diagnostic_accuracy=58.2900% Gamma=0.000000 gate_passed=True fallback=functional_recovery_hungarian global_hash=8e3b33511e000db70f6dcb6dd20c0170b0d00c699b39ea1d0b5a74271062def5
ROUND fedrad round=62 clients=[56, 67, 28, 93, 30, 71, 78, 48, 25, 19] diagnostic_accuracy=57.9400% Gamma=0.000000 gate_passed=True fallback=functional_recovery_hungarian global_hash=b89c07b6ea8ae20a838e2ae13c6e5ba9ae4524f3df28507e37336e3de9ee18c3
ROUND fedrad round=63 clients=[61, 18, 63, 89, 0, 99, 42, 76, 81, 9] diagnostic_accuracy=53.9200% Gamma=0.000000 gate_passed=True fallback=functional_recovery_hungarian global_hash=44d08dc5eda2bf84bf3c09267b6a864e917b79e16aca2ae19099f1b89cb9c365
ROUND fedrad round=64 clients=[14, 22, 8, 93, 29, 90, 73, 28, 57, 58] diagnostic_accuracy=59.0000% Gamma=0.000000 gate_passed=True fallback=functional_recovery_hungarian global_hash=cdb10b4d0c2eb8d9a8e98c5f78bb611b1653f33f2d432987fa80e2664ef18207
ROUND fedrad round=65 clients=[16, 90, 78, 23, 55, 61, 31, 0, 11, 82] diagnostic_accuracy=59.9300% Gamma=0.000000 gate_passed=True fallback=functional_recovery_hungarian global_hash=7bbf09aa59e352cf52f8f44d27b55a3d6e296e40818277cf18faf83e54f9e815
ROUND fedrad round=66 clients=[28, 65, 16, 72, 11, 36, 19, 51, 81, 53] diagnostic_accuracy=59.3100% Gamma=0.000000 gate_passed=True fallback=functional_recovery_hungarian global_hash=e0380c3770660ef6b5b3c1b67aa813ec430e4f395b4175a26cdd09af6b147442
ROUND fedrad round=67 clients=[53, 63, 96, 28, 78, 90, 58, 73, 34, 4] diagnostic_accuracy=57.7600% Gamma=0.000000 gate_passed=True fallback=functional_recovery_hungarian global_hash=f310fdb667bb976cec1a123be653ab412794030c3de0e7a102e5e850c9dee694
ROUND fedrad round=68 clients=[38, 57, 22, 41, 70, 39, 10, 5, 17, 32] diagnostic_accuracy=55.4000% Gamma=0.000000 gate_passed=True fallback=functional_recovery_hungarian global_hash=3151245b2b9485c3ecd98c43fdc848b3ee12543fa1f9d3bd0505bdd217d6c346
ROUND fedrad round=69 clients=[60, 67, 48, 59, 46, 94, 22, 29, 53, 97] diagnostic_accuracy=60.8100% Gamma=0.000000 gate_passed=True fallback=functional_recovery_hungarian global_hash=81b8daed1a7f52a83412af0b8610defe1be929f64cdcf69b03786aed3f8787b9
ROUND fedrad round=70 clients=[61, 33, 76, 48, 37, 54, 38, 13, 8, 39] diagnostic_accuracy=48.8900% Gamma=0.000000 gate_passed=True fallback=functional_recovery_hungarian global_hash=d51d5c93a637311af770f4d21681861bb20e35ca3bfd11187d5a59fe0ae6050c
ROUND fedrad round=71 clients=[31, 88, 91, 25, 50, 95, 67, 45, 80, 70] diagnostic_accuracy=56.7200% Gamma=0.000000 gate_passed=True fallback=functional_recovery_hungarian global_hash=6af8ad3b6be9e463d5d84e7a5dbc5ece54c84a1114245ed836de39d48728c8be
ROUND fedrad round=72 clients=[3, 23, 17, 94, 61, 43, 63, 91, 37, 84] diagnostic_accuracy=50.3800% Gamma=0.000000 gate_passed=True fallback=functional_recovery_hungarian global_hash=027102d50f2aaf5d9f00ca0b0d988ecc62ac5d3bfe15b9476be12f791da4e1ab
ROUND fedrad round=73 clients=[11, 73, 78, 47, 45, 83, 36, 75, 91, 57] diagnostic_accuracy=61.6800% Gamma=0.000000 gate_passed=True fallback=functional_recovery_hungarian global_hash=a8298937268a219565292662323a531162f3a4875ef82e8297e1931cb37fa6f2
ROUND fedrad round=74 clients=[46, 54, 66, 62, 96, 49, 24, 75, 60, 52] diagnostic_accuracy=56.5700% Gamma=0.000000 gate_passed=True fallback=functional_recovery_hungarian global_hash=bd423fa2d732460465f3b903279334ea0d2b3ae1e36239de10f3d9a7f8d844ae
ROUND fedrad round=75 clients=[75, 51, 39, 89, 14, 54, 41, 30, 24, 80] diagnostic_accuracy=57.0900% Gamma=0.000000 gate_passed=True fallback=functional_recovery_hungarian global_hash=3cb0f5916a1f5ca2bc0d17c0e149686bb73c3bdaf0e74bb1ed5a6f08367ae03a
ROUND fedrad round=76 clients=[67, 90, 45, 78, 32, 86, 50, 55, 33, 60] diagnostic_accuracy=63.6400% Gamma=0.000000 gate_passed=True fallback=functional_recovery_hungarian global_hash=36e6447211b14fcd542bc846a04e96f0c5d9a12cac3070842ed0676402b5eb39
ROUND fedrad round=77 clients=[4, 16, 51, 33, 89, 30, 13, 77, 43, 85] diagnostic_accuracy=53.9600% Gamma=0.000000 gate_passed=True fallback=functional_recovery_hungarian global_hash=5736b4425ec07eb75dbd78ede99fedb669e6a8b10b4c999ca7f28cbf3f82d607
ROUND fedrad round=78 clients=[97, 76, 96, 72, 42, 17, 33, 51, 24, 36] diagnostic_accuracy=59.7100% Gamma=0.000000 gate_passed=True fallback=functional_recovery_hungarian global_hash=6def6fad285709f3a8613b3872eb0cfc53802586a6bd987d07e9d452120e8507
ROUND fedrad round=79 clients=[22, 47, 61, 27, 50, 96, 89, 97, 85, 30] diagnostic_accuracy=60.7000% Gamma=0.000000 gate_passed=True fallback=functional_recovery_hungarian global_hash=7dd93d3ee1d1453195dafdd77f7ac9d6d0e8ea4b5a10f33b599af63855b67942
ROUND fedrad round=80 clients=[44, 70, 23, 38, 74, 21, 82, 4, 88, 98] diagnostic_accuracy=56.2300% Gamma=0.000000 gate_passed=True fallback=functional_recovery_hungarian global_hash=3b63ba5043365d6195df4ee2a8aa299e9922535cbc85e68603a51999553d975d
ROUND fedrad round=81 clients=[90, 72, 65, 50, 85, 56, 4, 80, 31, 17] diagnostic_accuracy=57.9000% Gamma=0.000000 gate_passed=True fallback=functional_recovery_hungarian global_hash=4682191646669d51933b983dfc929b1b8afd9186ab400aed8b75d05081d099c2
ROUND fedrad round=82 clients=[61, 40, 41, 34, 97, 51, 50, 13, 22, 8] diagnostic_accuracy=60.1500% Gamma=0.000000 gate_passed=True fallback=functional_recovery_hungarian global_hash=65a7159b2b023ab1c1144847f27901c9df35e72456d3bcb72f60e4d4dc0ea7d8
ROUND fedrad round=83 clients=[87, 54, 63, 83, 96, 26, 0, 59, 69, 14] diagnostic_accuracy=62.2100% Gamma=0.000000 gate_passed=True fallback=functional_recovery_hungarian global_hash=ba8e193d96ea3bbfa70f7379befbbcca3aeb14cae649ca8928957c4119705fc8
ROUND fedrad round=84 clients=[58, 47, 83, 36, 8, 2, 56, 49, 10, 38] diagnostic_accuracy=53.5000% Gamma=0.000000 gate_passed=True fallback=functional_recovery_hungarian global_hash=6baa980fdebc92b7091d62766ea60a847aebeaec24e368ad55cf283597567053
ROUND fedrad round=85 clients=[89, 90, 81, 54, 59, 4, 53, 47, 52, 19] diagnostic_accuracy=64.2900% Gamma=0.000000 gate_passed=True fallback=functional_recovery_hungarian global_hash=866d380d0e4fa674c95bd813bd6119682022620b2f046202f566366eaf6a32b8
ROUND fedrad round=86 clients=[24, 13, 81, 73, 19, 55, 40, 76, 57, 96] diagnostic_accuracy=55.4200% Gamma=0.000000 gate_passed=True fallback=functional_recovery_hungarian global_hash=474909bb33649e377159001aa441d238fe97d35e7baf3f69a6354991875a5a5f
ROUND fedrad round=87 clients=[31, 75, 94, 20, 87, 26, 29, 70, 2, 50] diagnostic_accuracy=57.4000% Gamma=0.000000 gate_passed=True fallback=functional_recovery_hungarian global_hash=90c9b579201af4a9ea82b4c8c7231c08acfcded7fca2112ae601b315ad7c84d7
ROUND fedrad round=88 clients=[0, 9, 46, 37, 72, 83, 73, 16, 55, 27] diagnostic_accuracy=55.5000% Gamma=0.000000 gate_passed=True fallback=functional_recovery_hungarian global_hash=057e8a02bf520c5d273d6ef3a05b8b0f5c1c7f089591b370bcfa6a67de75c3f7
ROUND fedrad round=89 clients=[80, 29, 9, 50, 26, 81, 48, 82, 37, 15] diagnostic_accuracy=54.5300% Gamma=0.000000 gate_passed=True fallback=functional_recovery_hungarian global_hash=f24f40067557eb232ad48dfdd4723acc54436ee8602bc4bb56e8573875fa6627
ROUND fedrad round=90 clients=[82, 6, 87, 74, 29, 50, 62, 67, 12, 83] diagnostic_accuracy=68.2000% Gamma=0.000000 gate_passed=True fallback=functional_recovery_hungarian global_hash=f6ee3cdb80d6beefb6585d7a91711d1d7afdb2552084ddec57cacae8c13a4673
ROUND fedrad round=91 clients=[36, 75, 89, 43, 12, 21, 95, 72, 24, 63] diagnostic_accuracy=55.5800% Gamma=0.000000 gate_passed=True fallback=functional_recovery_hungarian global_hash=396f9bf4d876f0a7850bb4c955d1997c9a79df48d187441a291c5bb8f3152989
ROUND fedrad round=92 clients=[34, 15, 31, 94, 46, 70, 19, 80, 6, 88] diagnostic_accuracy=62.4600% Gamma=0.000000 gate_passed=True fallback=functional_recovery_hungarian global_hash=53d35be66041e3f110eae0e5ebc426403fdd346bb91780bd3f4e50483baa8101
ROUND fedrad round=93 clients=[70, 92, 72, 77, 23, 53, 1, 12, 97, 93] diagnostic_accuracy=59.0800% Gamma=0.000000 gate_passed=True fallback=functional_recovery_hungarian global_hash=ac247e2e12c284add2bdfc7a7ec5005061cfbd7292e96c09213cbf0dabc17437
ROUND fedrad round=94 clients=[13, 38, 36, 14, 57, 77, 66, 73, 3, 0] diagnostic_accuracy=54.6200% Gamma=0.000000 gate_passed=True fallback=functional_recovery_hungarian global_hash=66b5d7c7f7e5e7d467fcbdeea6d53b72fa77d91262adb490337788909d4730a9
ROUND fedrad round=95 clients=[13, 19, 10, 24, 76, 57, 88, 23, 61, 31] diagnostic_accuracy=58.9200% Gamma=0.000000 gate_passed=True fallback=functional_recovery_hungarian global_hash=77b5253b24df638611f9c0b8883e9e044925692113fb2e2f613294e6abb6b3cf
ROUND fedrad round=96 clients=[18, 45, 94, 24, 56, 67, 10, 14, 13, 9] diagnostic_accuracy=65.6600% Gamma=0.000000 gate_passed=True fallback=functional_recovery_hungarian global_hash=e869c300e71131e4ff1fb6dc7a96d2a8d9150e8373053369718c02ad90a87f3e
ROUND fedrad round=97 clients=[13, 48, 73, 93, 70, 1, 43, 77, 76, 88] diagnostic_accuracy=58.5000% Gamma=0.000000 gate_passed=True fallback=functional_recovery_hungarian global_hash=1457f1e1b0853732c7a50f41a41bf1917be5ab415b45a3d501dc44c22d3365bd
ROUND fedrad round=98 clients=[21, 45, 83, 68, 75, 65, 96, 1, 77, 73] diagnostic_accuracy=65.3000% Gamma=0.000000 gate_passed=True fallback=functional_recovery_hungarian global_hash=f4ba6ebfccb37959cff161ab234cca22312b81b1e4cda0469e4a187ec7199953
ROUND fedrad round=99 clients=[81, 84, 60, 18, 45, 47, 94, 83, 76, 22] diagnostic_accuracy=59.5500% Gamma=0.000000 gate_passed=True fallback=functional_recovery_hungarian global_hash=87aff3cf88d04a67f6d226c75f315c4fe425291b087fb746284e8a05884922de
ROUND fedrad round=100 clients=[21, 69, 47, 34, 65, 81, 93, 44, 30, 84] diagnostic_accuracy=57.7600% Gamma=0.000000 gate_passed=True fallback=functional_recovery_hungarian global_hash=48e9a22850a61ded69dea6eafdacc795b1a31314d37399cda72bea71f2c56b6b
ROUND fedrad round=101 clients=[22, 38, 77, 15, 11, 61, 37, 34, 87, 3] diagnostic_accuracy=61.7800% Gamma=0.000000 gate_passed=True fallback=functional_recovery_hungarian global_hash=564ba54cc8a4009e7216b77e284860462382f17ef0b2da253209a4d713587295
ROUND fedrad round=102 clients=[96, 9, 26, 58, 69, 44, 13, 93, 61, 43] diagnostic_accuracy=59.5100% Gamma=0.000000 gate_passed=True fallback=functional_recovery_hungarian global_hash=d14c311469c092e5f671b476b4a422c2b139cda0c813ec41304aa3ea9945b012
ROUND fedrad round=103 clients=[13, 34, 27, 16, 72, 98, 14, 19, 9, 46] diagnostic_accuracy=56.1700% Gamma=0.000000 gate_passed=True fallback=functional_recovery_hungarian global_hash=4143beb65e845902e9f4f093066fbcb0f5d5e60274adc5e1f380ead205dc0f41
ROUND fedrad round=104 clients=[29, 72, 81, 80, 68, 85, 14, 0, 93, 52] diagnostic_accuracy=66.3900% Gamma=0.000000 gate_passed=True fallback=functional_recovery_hungarian global_hash=962f32e5d8aa63786315800e8260cdda8a14f68108963c886fd0c8a39570a272
ROUND fedrad round=105 clients=[17, 69, 35, 86, 83, 84, 23, 56, 89, 60] diagnostic_accuracy=63.5500% Gamma=0.000000 gate_passed=True fallback=functional_recovery_hungarian global_hash=ba3c8d69b00163e6e560b62a848aa7f8e872c9771535c5b425a8b1b8a87e82bc
ROUND fedrad round=106 clients=[94, 79, 36, 8, 19, 16, 13, 30, 25, 3] diagnostic_accuracy=45.8400% Gamma=0.000000 gate_passed=True fallback=functional_recovery_hungarian global_hash=3f59d3eff528ec83b75b6ef29060381a9444fb6f2102c3e737d10154a42711d1
ROUND fedrad round=107 clients=[45, 82, 32, 52, 17, 96, 6, 57, 67, 74] diagnostic_accuracy=61.2300% Gamma=0.000000 gate_passed=True fallback=functional_recovery_hungarian global_hash=0d3a75d52cf2254094f63092f1e649d1f795995ee09d7dbdf150943cf5df9981
ROUND fedrad round=108 clients=[61, 20, 59, 99, 39, 42, 73, 53, 45, 8] diagnostic_accuracy=69.5800% Gamma=0.000000 gate_passed=True fallback=functional_recovery_hungarian global_hash=c524057bb5142375243dd3f554b0a3d44156e8a30ac06ed6494624800caa18b3
ROUND fedrad round=109 clients=[60, 38, 5, 54, 66, 33, 80, 83, 9, 4] diagnostic_accuracy=60.3600% Gamma=0.000000 gate_passed=True fallback=functional_recovery_hungarian global_hash=da9cdbea516ca35c56ffd665ade43f6ad02a776d0b56e40380d78d5bb0458cc2
ROUND fedrad round=110 clients=[39, 44, 62, 4, 42, 25, 0, 45, 29, 93] diagnostic_accuracy=69.1700% Gamma=0.000000 gate_passed=True fallback=functional_recovery_hungarian global_hash=db0238de65f3e3be1ec21034626093745e08f497ff9e423042ab09cd07b6462e
ROUND fedrad round=111 clients=[96, 54, 19, 97, 92, 31, 81, 2, 24, 9] diagnostic_accuracy=69.0100% Gamma=0.000000 gate_passed=True fallback=functional_recovery_hungarian global_hash=8cc9eb57b99909d9066d30cce44a51438c1cb6f1a12a4eca9ac28bfbeef09f40
ROUND fedrad round=112 clients=[9, 19, 7, 49, 45, 35, 80, 85, 40, 89] diagnostic_accuracy=66.7200% Gamma=0.000000 gate_passed=True fallback=functional_recovery_hungarian global_hash=66e85432fee591f690ddf9507a0ff7d1a470fd31f6d014585979d08a4601adb1
ROUND fedrad round=113 clients=[73, 66, 18, 74, 33, 2, 87, 29, 98, 91] diagnostic_accuracy=62.5400% Gamma=0.000000 gate_passed=True fallback=functional_recovery_hungarian global_hash=a5fd6ac2ec971c6a66a3435e4854a6fff11ca8967b426e1a310184cdef2b9933
ROUND fedrad round=114 clients=[40, 31, 27, 50, 71, 81, 99, 97, 73, 49] diagnostic_accuracy=56.1400% Gamma=0.000000 gate_passed=True fallback=functional_recovery_hungarian global_hash=b9b38277055a8fc399b3ecc1b622e5936c04fca3bf6c72975fe37d857c6750bd
ROUND fedrad round=115 clients=[61, 64, 42, 88, 27, 95, 92, 50, 45, 85] diagnostic_accuracy=66.2200% Gamma=0.000000 gate_passed=True fallback=functional_recovery_hungarian global_hash=37c93bad1d4c5f988c6eb3f86232dafe29e051fe32e13afc990e57b37b4697d2
ROUND fedrad round=116 clients=[27, 8, 49, 32, 15, 35, 70, 59, 31, 30] diagnostic_accuracy=59.0100% Gamma=0.000000 gate_passed=True fallback=functional_recovery_hungarian global_hash=f444bea30ffaaeaed1213e4548fe08cc7d8855e51da4bdf050f7d5bfd51a8fff
ROUND fedrad round=117 clients=[69, 35, 52, 51, 26, 15, 76, 48, 98, 12] diagnostic_accuracy=63.3500% Gamma=0.000000 gate_passed=True fallback=functional_recovery_hungarian global_hash=1f457374bb5332b4f5dd867238d4d34e29a5c11433f8c7cd3a46398f5d1ee0c3
ROUND fedrad round=118 clients=[46, 57, 0, 86, 26, 80, 73, 20, 63, 98] diagnostic_accuracy=63.7400% Gamma=0.000000 gate_passed=True fallback=functional_recovery_hungarian global_hash=c783aa966dda2b19e26b3bb7fae7e65c1a714a55bc104f6a05a7c9f2052aa115
ROUND fedrad round=119 clients=[81, 6, 64, 84, 20, 2, 8, 4, 66, 92] diagnostic_accuracy=63.2500% Gamma=0.000000 gate_passed=True fallback=functional_recovery_hungarian global_hash=bd5d26870e3fa2e4d8abdb75c85e2f737f58fde11ffbdc009cf8a6947c6688c2
ROUND fedrad round=120 clients=[61, 34, 64, 11, 96, 18, 82, 52, 72, 92] diagnostic_accuracy=65.3200% Gamma=0.000000 gate_passed=True fallback=functional_recovery_hungarian global_hash=dde20b8dbe3d8ed2565fc79046aeb3047ee2ad1f7e2a41eb56e666e6f9a23b35
ROUND fedrad round=121 clients=[93, 68, 94, 13, 36, 11, 5, 1, 40, 7] diagnostic_accuracy=69.3200% Gamma=0.000000 gate_passed=True fallback=functional_recovery_hungarian global_hash=e129088c393c53b910443573c467d81b6d47858eef9e4c61007644143afe9873
ROUND fedrad round=122 clients=[73, 64, 37, 69, 31, 48, 77, 41, 53, 75] diagnostic_accuracy=60.7300% Gamma=0.000000 gate_passed=True fallback=functional_recovery_hungarian global_hash=66f31263196f98e9f4c5ec914d3e11f7409b6b0dcdd2e52bde18531d99f8c5a0
ROUND fedrad round=123 clients=[46, 43, 84, 11, 66, 92, 16, 19, 96, 37] diagnostic_accuracy=56.4000% Gamma=0.000000 gate_passed=True fallback=functional_recovery_hungarian global_hash=202142781982be5d31cd600fdc590c93c573067a4abb7a1a4d4d80d36423117e
ROUND fedrad round=124 clients=[43, 96, 9, 0, 74, 19, 1, 23, 38, 66] diagnostic_accuracy=64.1900% Gamma=0.000000 gate_passed=True fallback=functional_recovery_hungarian global_hash=bffd7bfae153533dcdc68d527e7c5dc8688e56b5c8aa6e94eb081b74b822df20
ROUND fedrad round=125 clients=[27, 62, 32, 10, 22, 72, 64, 25, 86, 60] diagnostic_accuracy=60.3100% Gamma=0.000000 gate_passed=True fallback=functional_recovery_hungarian global_hash=311fb8952ba89f38543863c9c10cdec3135eceff13dfe3fdc933fc709789e793
ROUND fedrad round=126 clients=[84, 7, 64, 76, 15, 46, 27, 47, 40, 69] diagnostic_accuracy=59.4100% Gamma=0.000000 gate_passed=True fallback=functional_recovery_hungarian global_hash=841b4dde5a89f6fc65e6826c61456a619fe45d0be6c6fa6a5ea4d39937514cce
ROUND fedrad round=127 clients=[75, 97, 79, 87, 11, 7, 37, 92, 41, 12] diagnostic_accuracy=66.0000% Gamma=0.000000 gate_passed=True fallback=functional_recovery_hungarian global_hash=db0a6964ea1753acfe99aaeb96be495f89da7906a9baa0645700879abc5a428d
ROUND fedrad round=128 clients=[78, 4, 17, 21, 76, 74, 19, 61, 45, 86] diagnostic_accuracy=71.7500% Gamma=0.000000 gate_passed=True fallback=functional_recovery_hungarian global_hash=51bfdbf689a66c2cc986179f7913e083ca61970655511c0660a59693df870cd5
ROUND fedrad round=129 clients=[23, 41, 75, 36, 26, 49, 95, 16, 93, 72] diagnostic_accuracy=57.8300% Gamma=0.000000 gate_passed=True fallback=functional_recovery_hungarian global_hash=96529476c35ed0b63bf9d97cd70da10f26f770e7e3238cb426be97ecb755d816
ROUND fedrad round=130 clients=[59, 53, 65, 8, 68, 35, 13, 55, 23, 97] diagnostic_accuracy=68.5300% Gamma=0.000000 gate_passed=True fallback=functional_recovery_hungarian global_hash=b238d9ad102deb31c8c934b0a62522e84f590ef652e70f7135ba12a6f6105946
ROUND fedrad round=131 clients=[74, 98, 22, 45, 97, 87, 92, 71, 47, 79] diagnostic_accuracy=68.6200% Gamma=0.000000 gate_passed=True fallback=functional_recovery_hungarian global_hash=e2007f9cf666e76d66e89f4ad95e6f3344f7fcad1e3a580bf882d8917f1b8bc0
ROUND fedrad round=132 clients=[35, 70, 59, 49, 36, 91, 82, 50, 26, 72] diagnostic_accuracy=49.2000% Gamma=0.000000 gate_passed=True fallback=functional_recovery_hungarian global_hash=c93c5d33669b7320add165fd53cd292d46095f384cf6aab68a4a1641b870080d
ROUND fedrad round=133 clients=[22, 83, 75, 29, 66, 48, 12, 10, 86, 1] diagnostic_accuracy=64.6100% Gamma=0.000000 gate_passed=True fallback=functional_recovery_hungarian global_hash=68e423cfbd053cc53f89c92eac397b14572c2922fbc2f6d4759ba5eaf57b31f6
ROUND fedrad round=134 clients=[76, 33, 40, 59, 65, 63, 73, 36, 99, 82] diagnostic_accuracy=67.9700% Gamma=0.000000 gate_passed=True fallback=functional_recovery_hungarian global_hash=a4e720e8553ba8f6986273d2e344aa03a8daa7327f5772763187ccd879f06fc0
ROUND fedrad round=135 clients=[85, 88, 54, 40, 70, 67, 86, 38, 58, 42] diagnostic_accuracy=73.1900% Gamma=0.000000 gate_passed=True fallback=functional_recovery_hungarian global_hash=1773361f59c8af436cf3f8743507e17bbe1c42b97fecf0cb066eb4e3539150d8
ROUND fedrad round=136 clients=[89, 56, 12, 90, 94, 86, 19, 78, 92, 59] diagnostic_accuracy=70.5900% Gamma=0.000000 gate_passed=True fallback=functional_recovery_hungarian global_hash=7a3a44d1d870cd57f6f0e20ccb70d3169cb792dda4aeba7163cb70ac4eac78e4
ROUND fedrad round=137 clients=[7, 94, 69, 44, 50, 26, 75, 24, 33, 18] diagnostic_accuracy=63.6000% Gamma=0.000000 gate_passed=True fallback=functional_recovery_hungarian global_hash=4747f6c803e25fbefc33260cd54bc2409c83dd97c50b70f90d963dc87e06c0c7
ROUND fedrad round=138 clients=[89, 75, 84, 93, 35, 71, 19, 63, 59, 94] diagnostic_accuracy=59.4000% Gamma=0.000000 gate_passed=True fallback=functional_recovery_hungarian global_hash=8861f4f623ee2a5dd07b88dcb6642f3c92b22ce48daeb636eb193151b4f2454b
ROUND fedrad round=139 clients=[54, 66, 17, 43, 53, 40, 76, 1, 4, 81] diagnostic_accuracy=71.8000% Gamma=0.000000 gate_passed=True fallback=functional_recovery_hungarian global_hash=4cc0058f158b5d47cbd9cfdf333207dbf5916dc2e6b65e97ff700de80f34f831
ROUND fedrad round=140 clients=[52, 51, 97, 7, 41, 61, 29, 88, 49, 26] diagnostic_accuracy=67.8500% Gamma=0.000000 gate_passed=True fallback=functional_recovery_hungarian global_hash=a2b1fe00f5d4c8f31738418c5117fc0b1642428e21f0b31a7f9de25e9cef0992
ROUND fedrad round=141 clients=[21, 47, 20, 59, 85, 2, 99, 70, 54, 50] diagnostic_accuracy=66.0000% Gamma=0.000000 gate_passed=True fallback=functional_recovery_hungarian global_hash=2b2707c03af3ba7ddbdb1436e40b5a5d1e6043ff3264d77913fab072726e8f15
ROUND fedrad round=142 clients=[65, 98, 79, 6, 58, 92, 19, 37, 33, 75] diagnostic_accuracy=67.5400% Gamma=0.000000 gate_passed=True fallback=functional_recovery_hungarian global_hash=240e85560bbb2ae357018fe92bb76063dce911d64c2867ad8a7e9703d914ecb0
ROUND fedrad round=143 clients=[44, 84, 56, 0, 69, 15, 66, 78, 42, 95] diagnostic_accuracy=60.3000% Gamma=0.000000 gate_passed=True fallback=functional_recovery_hungarian global_hash=d0e04a3663f57d97eb725ab713739600aa82847ef965a37e64dbed5e24bf5614
ROUND fedrad round=144 clients=[36, 20, 53, 26, 80, 67, 25, 37, 39, 10] diagnostic_accuracy=60.7900% Gamma=0.000000 gate_passed=True fallback=functional_recovery_hungarian global_hash=a1a24761df9a0f2e157e90ebd17aa77b916524419a01a2ea352c9ed8dbf036e2
ROUND fedrad round=145 clients=[54, 62, 65, 69, 82, 46, 64, 70, 59, 11] diagnostic_accuracy=68.8000% Gamma=0.000000 gate_passed=True fallback=functional_recovery_hungarian global_hash=64b6255e9344397bce9b09e7bf0809f023fd9b2c41f4eed8d498e4416c213d21
ROUND fedrad round=146 clients=[78, 89, 64, 25, 85, 9, 57, 41, 97, 45] diagnostic_accuracy=67.1400% Gamma=0.000000 gate_passed=True fallback=functional_recovery_hungarian global_hash=07e197514d8ba57465d62ada9df5af6ae2665118a1f00d34ad7cf16b93ca6c9c
ROUND fedrad round=147 clients=[32, 8, 70, 41, 12, 19, 88, 20, 98, 33] diagnostic_accuracy=55.9500% Gamma=0.000000 gate_passed=True fallback=functional_recovery_hungarian global_hash=df3c5afeecd6ffd4225e510442cecf1cdcafa0c70bc872d2050304e070597abf
ROUND fedrad round=148 clients=[50, 29, 81, 33, 44, 69, 2, 68, 93, 85] diagnostic_accuracy=69.0300% Gamma=0.000000 gate_passed=True fallback=functional_recovery_hungarian global_hash=55a917942bcf6c27a9c80da0d7c067b8e87e8ffbdfa141420ebc0dbf20805b58
ROUND fedrad round=149 clients=[5, 84, 70, 73, 31, 62, 69, 13, 86, 74] diagnostic_accuracy=50.2100% Gamma=0.000000 gate_passed=True fallback=functional_recovery_hungarian global_hash=caf2dc3242e81432f1314768a4dd8d42d86208f520065cca18aa9eec98f65e99
ROUND fedrad round=150 clients=[69, 9, 41, 83, 76, 63, 34, 67, 36, 87] diagnostic_accuracy=65.9700% Gamma=0.000000 gate_passed=True fallback=functional_recovery_hungarian global_hash=110e137f41931f46aab483bd02dd1a4ff46ca829294161c94ba3806a6d24c1e6
ROUND fedrad round=151 clients=[40, 77, 95, 52, 25, 38, 46, 47, 93, 88] diagnostic_accuracy=62.6000% Gamma=0.000000 gate_passed=True fallback=functional_recovery_hungarian global_hash=f16b2ef1c1740cba769d5cd160a1b7603af3cfca14a792638064220e5dae3b0b
ROUND fedrad round=152 clients=[14, 22, 87, 6, 15, 36, 37, 44, 48, 38] diagnostic_accuracy=64.4800% Gamma=0.000000 gate_passed=True fallback=functional_recovery_hungarian global_hash=1283f279d3511166f0d6f577047f2fd323e02c9476c3fbead871734bf75c72cb
ROUND fedrad round=153 clients=[14, 66, 74, 62, 49, 45, 18, 79, 15, 68] diagnostic_accuracy=71.3000% Gamma=0.000000 gate_passed=True fallback=functional_recovery_hungarian global_hash=f27fb414f07f743062f5952771843247b1a2e23cf3d1a1e38c4d6d075448265a
ROUND fedrad round=154 clients=[92, 32, 77, 87, 27, 13, 14, 47, 22, 73] diagnostic_accuracy=67.1300% Gamma=0.000000 gate_passed=True fallback=functional_recovery_hungarian global_hash=1cac3ed1b4e067cdfbfcb2167dc3437a67706fb39f9dba595d552596e527c201
ROUND fedrad round=155 clients=[60, 31, 44, 3, 84, 25, 98, 73, 52, 82] diagnostic_accuracy=51.9700% Gamma=0.000000 gate_passed=True fallback=functional_recovery_hungarian global_hash=c7b3e3adab3e3fc8bf73e3ae8418de75a1866d864992f2ea8fa7ffc8ba49ebfe
ROUND fedrad round=156 clients=[66, 38, 74, 49, 46, 45, 12, 0, 81, 23] diagnostic_accuracy=65.0800% Gamma=0.000000 gate_passed=True fallback=functional_recovery_hungarian global_hash=1cc814a8e732df37ac19528b1d704a42072afcaf89a67990e568d8b649d7d817
ROUND fedrad round=157 clients=[6, 14, 56, 8, 37, 71, 68, 53, 88, 65] diagnostic_accuracy=67.5200% Gamma=0.000000 gate_passed=True fallback=functional_recovery_hungarian global_hash=5cff9a1f84e56f3f89f474dab3972794469db24eb6290e16a6b9d3d5a56da28a
ROUND fedrad round=158 clients=[76, 40, 68, 38, 91, 92, 18, 11, 69, 94] diagnostic_accuracy=72.4500% Gamma=0.000000 gate_passed=True fallback=functional_recovery_hungarian global_hash=6c02d946ab08320586f6a713d290646c90336721df6751a884c98f0a8af44510
ROUND fedrad round=159 clients=[0, 23, 91, 83, 98, 64, 90, 32, 84, 36] diagnostic_accuracy=62.9200% Gamma=0.000000 gate_passed=True fallback=functional_recovery_hungarian global_hash=33c46c76a20be67b1322f38efbb27106fc0e8f9d586d08243632bd1d905cc0b0
ROUND fedrad round=160 clients=[15, 9, 95, 71, 80, 49, 39, 81, 30, 8] diagnostic_accuracy=72.4400% Gamma=0.000000 gate_passed=True fallback=functional_recovery_hungarian global_hash=8a4e0f39162241f5d45b12d5a9cb4957760635dea936a2743299ca6b7e989684
ROUND fedrad round=161 clients=[29, 87, 67, 36, 35, 96, 15, 61, 24, 62] diagnostic_accuracy=60.3800% Gamma=0.000000 gate_passed=True fallback=functional_recovery_hungarian global_hash=c834404d26f523c1e186f50a3661aab307b257b20f9275ce64017d06147a97ff
ROUND fedrad round=162 clients=[13, 58, 87, 52, 50, 60, 3, 19, 35, 0] diagnostic_accuracy=67.4000% Gamma=0.000000 gate_passed=True fallback=functional_recovery_hungarian global_hash=c5f12fdc2da6c8255e73ae38aec52775964e6c04eb6e489ae974d97af89d3f3e
ROUND fedrad round=163 clients=[55, 46, 66, 67, 73, 12, 51, 1, 57, 90] diagnostic_accuracy=70.0300% Gamma=0.000000 gate_passed=True fallback=functional_recovery_hungarian global_hash=2ca6dc0ae4433b9334d19595bc77e45ab10f6f8679df2e793608aaab739feec3
ROUND fedrad round=164 clients=[40, 72, 92, 86, 89, 90, 16, 98, 73, 58] diagnostic_accuracy=73.5200% Gamma=0.000000 gate_passed=True fallback=functional_recovery_hungarian global_hash=df85877e35163149d1f18692727a1dc1292d3f25cc92de2327dafc338d81113c
ROUND fedrad round=165 clients=[0, 58, 47, 44, 94, 66, 4, 7, 27, 2] diagnostic_accuracy=67.9300% Gamma=0.000000 gate_passed=True fallback=functional_recovery_hungarian global_hash=23151217524c4e4bd5d32e18e3f95f55164a2c912f574aa9884ba19212af2c5c
ROUND fedrad round=166 clients=[58, 87, 14, 78, 40, 83, 73, 18, 52, 31] diagnostic_accuracy=66.9600% Gamma=0.000000 gate_passed=True fallback=functional_recovery_hungarian global_hash=bd59eea0d4889f0577c6611c60345a95556b61c223b2bc92007a33eadedc0724
ROUND fedrad round=167 clients=[99, 22, 62, 86, 5, 20, 9, 51, 7, 54] diagnostic_accuracy=70.5100% Gamma=0.000000 gate_passed=True fallback=functional_recovery_hungarian global_hash=f2740c6e2b0e7a702cde5e339356e32f7781a671235fff49f85e16faf7ae67e9
ROUND fedrad round=168 clients=[97, 37, 42, 7, 22, 5, 24, 56, 69, 12] diagnostic_accuracy=66.4300% Gamma=0.000000 gate_passed=True fallback=functional_recovery_hungarian global_hash=71a07cf14a7096f989f18a3b55b226060413004b332bae213b56e524a04ae246
ROUND fedrad round=169 clients=[96, 22, 76, 44, 59, 78, 12, 68, 94, 87] diagnostic_accuracy=68.8700% Gamma=0.000000 gate_passed=True fallback=functional_recovery_hungarian global_hash=37570c4bacbc555589038d602777a59f272b6a44507ae17aa9195552ed506393
ROUND fedrad round=170 clients=[45, 7, 65, 19, 95, 16, 35, 23, 83, 88] diagnostic_accuracy=69.5900% Gamma=0.000000 gate_passed=True fallback=functional_recovery_hungarian global_hash=70d14805fb0da705ee236f833e60340405821d42b03c61837448df66bf27c28c
ROUND fedrad round=171 clients=[12, 91, 4, 90, 47, 66, 33, 9, 61, 84] diagnostic_accuracy=69.9400% Gamma=0.000000 gate_passed=True fallback=functional_recovery_hungarian global_hash=3b975b6c5f45e82f77f80845f23f9891c6c38491c93149dc8246b884fc1a632e
ROUND fedrad round=172 clients=[46, 60, 83, 2, 37, 70, 93, 29, 3, 43] diagnostic_accuracy=59.1600% Gamma=0.000000 gate_passed=True fallback=functional_recovery_hungarian global_hash=40aa7377afee3171e7f1c097d7000f3275a359896f360f8306d6f3e8830a0454
ROUND fedrad round=173 clients=[27, 45, 49, 4, 31, 62, 9, 95, 69, 72] diagnostic_accuracy=68.6800% Gamma=0.000000 gate_passed=True fallback=functional_recovery_hungarian global_hash=abf6436f21e8cdaa41d571df7d284ffcb18307d621fbe321db8dec129d071ca8
ROUND fedrad round=174 clients=[27, 28, 1, 92, 55, 48, 74, 7, 99, 62] diagnostic_accuracy=68.5200% Gamma=0.000000 gate_passed=True fallback=functional_recovery_hungarian global_hash=ba0d1264b20f770f6538cacb1b29bc9081518ce753e4e45193e8905ac6b77aca
ROUND fedrad round=175 clients=[24, 0, 9, 11, 31, 45, 58, 35, 69, 21] diagnostic_accuracy=73.3100% Gamma=0.000000 gate_passed=True fallback=functional_recovery_hungarian global_hash=22bb16edf5fdcc7236bbd807593e629214c6cb866e8d2ff55eb2f3da82ca8269
ROUND fedrad round=176 clients=[42, 98, 67, 21, 24, 81, 20, 75, 29, 36] diagnostic_accuracy=69.0300% Gamma=0.000000 gate_passed=True fallback=functional_recovery_hungarian global_hash=69d052a70c5ba358bf12ceeaded3a9412141d28d39521fe1a786d8a56db24596
ROUND fedrad round=177 clients=[49, 75, 33, 60, 42, 64, 69, 11, 47, 70] diagnostic_accuracy=67.0600% Gamma=0.000000 gate_passed=True fallback=functional_recovery_hungarian global_hash=5d674f918e3e86f29dd65d5a3426d05c6267062abaead0d30a99d44afae97bd7
ROUND fedrad round=178 clients=[96, 60, 16, 70, 73, 40, 11, 24, 87, 93] diagnostic_accuracy=66.1300% Gamma=0.000000 gate_passed=True fallback=functional_recovery_hungarian global_hash=ce1d255b31d7e4c7b39af02ea6bcf01e72c7527c4c09169d695b415cbe507df9
ROUND fedrad round=179 clients=[37, 16, 85, 31, 69, 36, 54, 25, 32, 38] diagnostic_accuracy=66.3500% Gamma=0.000000 gate_passed=True fallback=functional_recovery_hungarian global_hash=4b488918ab3d72fc24bb992d67c033e8e37dce6f66ce3be3902c25777f441f6b
ROUND fedrad round=180 clients=[80, 92, 61, 76, 19, 28, 7, 73, 67, 38] diagnostic_accuracy=69.9300% Gamma=0.000000 gate_passed=True fallback=functional_recovery_hungarian global_hash=30f680b3e733d1de329912a95ebbbf80a6e817922621e38d486abc80e5283309
ROUND fedrad round=181 clients=[78, 26, 35, 44, 29, 85, 64, 66, 97, 21] diagnostic_accuracy=65.7700% Gamma=0.000000 gate_passed=True fallback=functional_recovery_hungarian global_hash=265f9df85bfed5cdecff70c0508fd4b0c4a705561d66aa16135a466499780c02
ROUND fedrad round=182 clients=[78, 73, 10, 52, 54, 24, 44, 70, 99, 90] diagnostic_accuracy=66.0700% Gamma=0.000000 gate_passed=True fallback=functional_recovery_hungarian global_hash=0ec7d4012b27dd5a51fc7bec2b4ea925aa2d747d56f62b53f6183880b22a6e90
ROUND fedrad round=183 clients=[96, 38, 1, 4, 36, 19, 77, 52, 41, 49] diagnostic_accuracy=70.5000% Gamma=0.000000 gate_passed=True fallback=functional_recovery_hungarian global_hash=5e8b88db1352b76c5dc6f7572a6d5bb6422cff0d041aaa5f34275bb61bc8ea01
ROUND fedrad round=184 clients=[87, 55, 49, 7, 51, 67, 40, 21, 34, 0] diagnostic_accuracy=72.5300% Gamma=0.000000 gate_passed=True fallback=functional_recovery_hungarian global_hash=2c5b1eefbc4af3e9aff3e675789e92775faf5420079a733c7bca457661d77452
ROUND fedrad round=185 clients=[74, 63, 39, 14, 96, 82, 21, 45, 88, 13] diagnostic_accuracy=60.1600% Gamma=0.000000 gate_passed=True fallback=functional_recovery_hungarian global_hash=61d8c5fe2bbd926ceb3690885b4796d78f225e59b7971612fede89c5a0878285
ROUND fedrad round=186 clients=[1, 26, 23, 59, 22, 57, 27, 60, 18, 69] diagnostic_accuracy=65.3100% Gamma=0.000000 gate_passed=True fallback=functional_recovery_hungarian global_hash=c7b751a952b832d34cfde30330868a178ee59ccb086acce434cd5ef74a3490dd
ROUND fedrad round=187 clients=[34, 87, 43, 64, 27, 92, 78, 55, 68, 7] diagnostic_accuracy=69.0900% Gamma=0.000000 gate_passed=True fallback=functional_recovery_hungarian global_hash=b0e504d47e39768b2f6a74d8ba824f186807cdb61911c1260d7cb430ec554e2c
ROUND fedrad round=188 clients=[67, 20, 34, 69, 85, 14, 86, 81, 36, 76] diagnostic_accuracy=72.5400% Gamma=0.000000 gate_passed=True fallback=functional_recovery_hungarian global_hash=db27c03f3561982046f4f45cc7f77735c60c1e18979805d71dc9e2d93f88f0b7
ROUND fedrad round=189 clients=[57, 7, 53, 49, 74, 65, 76, 29, 78, 80] diagnostic_accuracy=71.5200% Gamma=0.000000 gate_passed=True fallback=functional_recovery_hungarian global_hash=f97f3df4051f376729628be6df305091b60b2e08521a44f863be4f4b31dbd0f4
ROUND fedrad round=190 clients=[71, 25, 7, 77, 39, 51, 87, 5, 45, 11] diagnostic_accuracy=65.1600% Gamma=0.000000 gate_passed=True fallback=functional_recovery_hungarian global_hash=55c6f14b552bbf0ee912e047370c1efd4bbd1c78219cbbd2ed22a321afde7a19
ROUND fedrad round=191 clients=[60, 21, 34, 0, 98, 92, 44, 65, 66, 3] diagnostic_accuracy=63.4100% Gamma=0.000000 gate_passed=True fallback=functional_recovery_hungarian global_hash=fd2dbec66faafba6aa052f6884b3788695fc8adbbef5a9e58e39ffcd2864115f
ROUND fedrad round=192 clients=[36, 59, 66, 20, 0, 16, 86, 71, 90, 56] diagnostic_accuracy=73.9200% Gamma=0.000000 gate_passed=True fallback=functional_recovery_hungarian global_hash=2d6b1cbaa682f9e4946fa093ec35f34b5dcfd6d94cc2de578fd99c074c525b04
ROUND fedrad round=193 clients=[19, 22, 51, 45, 91, 26, 14, 83, 15, 67] diagnostic_accuracy=72.0400% Gamma=0.000000 gate_passed=True fallback=functional_recovery_hungarian global_hash=442a6e8154c2fe93782bf886009390e9cec50f7d49e0a852d499b013c90f2ee9
ROUND fedrad round=194 clients=[62, 14, 3, 92, 78, 33, 89, 48, 70, 31] diagnostic_accuracy=65.8700% Gamma=0.000000 gate_passed=True fallback=functional_recovery_hungarian global_hash=18d79982a329110336ef60d465f281cf8e5828ea4a505d7c36f47977eca82a6f
ROUND fedrad round=195 clients=[37, 10, 88, 63, 53, 68, 2, 52, 26, 59] diagnostic_accuracy=67.5100% Gamma=0.000000 gate_passed=True fallback=functional_recovery_hungarian global_hash=115ef91c810c3f9e1dbb5fd28940e602b03d99f1eb4a667e793ad95f03a30ab1
ROUND fedrad round=196 clients=[59, 71, 85, 49, 20, 10, 3, 86, 88, 33] diagnostic_accuracy=65.4000% Gamma=0.000000 gate_passed=True fallback=functional_recovery_hungarian global_hash=7d8ec4592d3a560d788cacf2b8440faf3185d32b3f463932123e4eecd8a305df
ROUND fedrad round=197 clients=[9, 0, 18, 66, 44, 17, 92, 95, 64, 96] diagnostic_accuracy=69.7600% Gamma=0.000000 gate_passed=True fallback=functional_recovery_hungarian global_hash=c248ef2d3fa4e988f2a42a829a54e8a2cdc87a14d6285b0921777cdf3aa73318
ROUND fedrad round=198 clients=[70, 58, 24, 57, 32, 19, 43, 65, 5, 88] diagnostic_accuracy=60.8900% Gamma=0.000000 gate_passed=True fallback=functional_recovery_hungarian global_hash=b38e333c8ee794bfb47b4b694ac80e2357fad2e4193519b38ec831ab2f419d46
ROUND fedrad round=199 clients=[61, 75, 68, 2, 6, 26, 1, 56, 78, 74] diagnostic_accuracy=68.9200% Gamma=0.000000 gate_passed=True fallback=functional_recovery_hungarian global_hash=4cbfc16f2b5fdeab0bcbbf3d19b5e358e673befbe8571e5c1203f9c047a2a089
ROUND fedrad round=200 clients=[8, 57, 22, 90, 46, 9, 56, 99, 89, 4] diagnostic_accuracy=71.6400% Gamma=0.000000 gate_passed=True fallback=functional_recovery_hungarian global_hash=84fd1bacb313fd089784596df397d9d4c46900644e30197863933c1cd89af4be
FINAL_STATE_HASH 84fd1bacb313fd089784596df397d9d4c46900644e30197863933c1cd89af4be
