Run directory: C:\Users\admin\Desktop\need_do\new_paper_four\FedPhoenix-new\results\multiprobe_functional_recovery_2of64\functional_recovery_seed1_20260906_090046_779925_multiprobe_m5_seed1_2of64_200r
Partition fingerprint: f8fcaa0f17c5d2078c5d24ece11b3f8cfcb82553733fb972155b7452d87a8fd0; device=cuda:0
ROUND fedrad round=1 clients=[80, 84, 33, 81, 93, 17, 36, 82, 69, 65] diagnostic_accuracy=10.0000% Gamma=0.000000 gate_passed=True fallback=functional_recovery_hungarian global_hash=c6432dd6d30651954c718691d66b95ead53f9f364bd41132c4908756853390e2
ROUND fedrad round=2 clients=[44, 96, 1, 35, 26, 11, 38, 82, 87, 3] diagnostic_accuracy=15.1700% Gamma=0.000000 gate_passed=True fallback=functional_recovery_hungarian global_hash=0c522acfb5d080e80474460dc958aec711399a99bb738dee0f3e31bfcd73e731
ROUND fedrad round=3 clients=[95, 67, 96, 71, 1, 80, 99, 45, 52, 27] diagnostic_accuracy=18.0400% Gamma=0.000000 gate_passed=True fallback=functional_recovery_hungarian global_hash=9cd4c0eff1ae25b71c13a57da1dbe4ed4028092d93370de472e03f0773d38f98
ROUND fedrad round=4 clients=[40, 10, 96, 66, 89, 32, 95, 55, 25, 5] diagnostic_accuracy=14.3900% Gamma=0.000000 gate_passed=True fallback=functional_recovery_hungarian global_hash=7cf5217aa3e7fbc3e69d04865d0006fe85c4478da083792ea1214ec555e2e422
ROUND fedrad round=5 clients=[89, 99, 45, 96, 72, 9, 74, 88, 1, 38] diagnostic_accuracy=19.4600% Gamma=0.000000 gate_passed=True fallback=functional_recovery_hungarian global_hash=0b92ce010566bc3267b1ec11a27df4300eebf12b375607b348145de8d015826f
ROUND fedrad round=6 clients=[0, 86, 4, 23, 24, 1, 62, 83, 66, 93] diagnostic_accuracy=21.4400% Gamma=0.000000 gate_passed=True fallback=functional_recovery_hungarian global_hash=a53c9a45ee171f5467fea008445322f79a3eaf63e59795c523cb516d13ed930e
ROUND fedrad round=7 clients=[6, 59, 72, 30, 91, 43, 75, 76, 15, 61] diagnostic_accuracy=24.5000% Gamma=0.000000 gate_passed=True fallback=functional_recovery_hungarian global_hash=d4ac4131ae6e9bd5ac6344b4a50b972ef16091865e2284244dce42a82da30640
ROUND fedrad round=8 clients=[44, 88, 74, 48, 59, 79, 25, 52, 45, 55] diagnostic_accuracy=20.5100% Gamma=0.000000 gate_passed=True fallback=functional_recovery_hungarian global_hash=559c37e7dd1532081f512ab5a0e571bb6b0dfe32cf0ccd978acb3055575ee685
ROUND fedrad round=9 clients=[3, 60, 35, 33, 22, 66, 45, 68, 67, 75] diagnostic_accuracy=24.0900% Gamma=0.000000 gate_passed=True fallback=functional_recovery_hungarian global_hash=08cfa33402bf89c76c46dad2cd6173f1c8c0f7d402ce3dd46d6b3e789a909a39
ROUND fedrad round=10 clients=[64, 91, 12, 52, 16, 65, 50, 68, 33, 30] diagnostic_accuracy=27.4600% Gamma=0.000000 gate_passed=True fallback=functional_recovery_hungarian global_hash=c35a93417b318282a7e17aeec72fce78c3baf19dd7990ede4815844d8aac84a1
ROUND fedrad round=11 clients=[54, 27, 23, 37, 75, 33, 41, 46, 52, 24] diagnostic_accuracy=26.1200% Gamma=0.000000 gate_passed=True fallback=functional_recovery_hungarian global_hash=ad15168ba790dccbbdf74807c6c199198f14f58a4d45fa29939afdfcfd9272d8
ROUND fedrad round=12 clients=[54, 45, 28, 44, 15, 1, 93, 12, 88, 40] diagnostic_accuracy=27.2000% Gamma=0.000000 gate_passed=True fallback=functional_recovery_hungarian global_hash=932b1d69966b0328c7ac6b95d96ac9c76d67f303c77424b851477a78616d070e
ROUND fedrad round=13 clients=[70, 75, 5, 68, 36, 79, 72, 78, 57, 44] diagnostic_accuracy=26.8900% Gamma=0.000000 gate_passed=True fallback=functional_recovery_hungarian global_hash=1702461615750e4482760b57c345c9c588429dba6589336d5043868281e7fba8
ROUND fedrad round=14 clients=[41, 9, 30, 89, 40, 49, 3, 22, 8, 16] diagnostic_accuracy=30.3700% Gamma=0.000000 gate_passed=True fallback=functional_recovery_hungarian global_hash=3128739334f4cba97474728797f1f5cb90fffb0eec49b66b321348e67b5e729c
ROUND fedrad round=15 clients=[82, 28, 69, 81, 56, 71, 85, 27, 37, 66] diagnostic_accuracy=26.3100% Gamma=0.000000 gate_passed=True fallback=functional_recovery_hungarian global_hash=8e1826b69d5275aa1fc715a80b9efea1a0b8b264ce433b63f0b5f9844c167185
ROUND fedrad round=16 clients=[60, 13, 26, 12, 1, 28, 88, 86, 11, 43] diagnostic_accuracy=30.5300% Gamma=0.000000 gate_passed=True fallback=functional_recovery_hungarian global_hash=8fc84643c94b9e569c83118f8430124e046944a97520df5a3429b41fe2e28647
ROUND fedrad round=17 clients=[93, 16, 72, 75, 10, 4, 38, 71, 42, 62] diagnostic_accuracy=28.4200% Gamma=0.000000 gate_passed=True fallback=functional_recovery_hungarian global_hash=7054d77a75c5f681996609ee44db350e0bd997075cf97934c734f0315bf4be51
ROUND fedrad round=18 clients=[36, 47, 1, 64, 57, 97, 29, 6, 67, 92] diagnostic_accuracy=32.3500% Gamma=0.000000 gate_passed=True fallback=functional_recovery_hungarian global_hash=c4710ff2c07fc5ba3a6cba29add68c12609c777dc69a305f47d3c015a04fa1ae
ROUND fedrad round=19 clients=[48, 87, 17, 57, 22, 81, 4, 51, 94, 63] diagnostic_accuracy=29.9600% Gamma=0.000000 gate_passed=True fallback=functional_recovery_hungarian global_hash=109b61ba8304296b57fa3d6263958009e131eafe0074f8231de67081a039ff45
ROUND fedrad round=20 clients=[9, 17, 59, 11, 2, 95, 68, 28, 60, 14] diagnostic_accuracy=32.5900% Gamma=0.000000 gate_passed=True fallback=functional_recovery_hungarian global_hash=a43fabba83da93296f22767135ee9233de1be30b210de34354fbf411c1492c05
ROUND fedrad round=21 clients=[26, 25, 15, 93, 45, 54, 68, 90, 76, 10] diagnostic_accuracy=26.6200% Gamma=0.000000 gate_passed=True fallback=functional_recovery_hungarian global_hash=f946054e7abd11ee02f6033adbad92eab85f36039384b7e12ab0d5999d52937f
ROUND fedrad round=22 clients=[84, 74, 93, 1, 48, 44, 29, 26, 94, 75] diagnostic_accuracy=30.9400% Gamma=0.000000 gate_passed=True fallback=functional_recovery_hungarian global_hash=5a1869007dd201d35393fbca9c6ba856f8ac273a37b6a501b3605550497229a9
ROUND fedrad round=23 clients=[71, 58, 50, 22, 59, 84, 10, 70, 43, 67] diagnostic_accuracy=31.0500% Gamma=0.000000 gate_passed=True fallback=functional_recovery_hungarian global_hash=2fcda4885764b3151828a09e6ecd6624d994f27fa1e6503a6144f8601a0b057a
ROUND fedrad round=24 clients=[70, 54, 33, 75, 31, 58, 17, 6, 3, 51] diagnostic_accuracy=34.7100% Gamma=0.000000 gate_passed=True fallback=functional_recovery_hungarian global_hash=a61919f43faad07767ce929e47a4db14f503504692f9ca546f698625030f43cd
ROUND fedrad round=25 clients=[42, 87, 33, 36, 30, 84, 78, 98, 71, 75] diagnostic_accuracy=15.9800% Gamma=0.000000 gate_passed=True fallback=functional_recovery_hungarian global_hash=95c2cba70b0bfa631854fab75cd96121d4d1fe2857e79f185c1fb3a071ea0b1a
ROUND fedrad round=26 clients=[41, 47, 34, 10, 51, 11, 50, 16, 86, 64] diagnostic_accuracy=37.8400% Gamma=0.000000 gate_passed=True fallback=functional_recovery_hungarian global_hash=a949733ad86c947aefed5a7f4cb6f4a994e9a2718675d10bebe105394537bad9
ROUND fedrad round=27 clients=[58, 82, 63, 50, 98, 84, 4, 46, 65, 88] diagnostic_accuracy=32.3700% Gamma=0.000000 gate_passed=True fallback=functional_recovery_hungarian global_hash=bd8c9a2d390a5c2b16b4af8ec71013cf3aaa04f6665b4e802006f20a551024f0
ROUND fedrad round=28 clients=[99, 88, 69, 16, 46, 29, 90, 91, 4, 45] diagnostic_accuracy=40.0700% Gamma=0.000000 gate_passed=True fallback=functional_recovery_hungarian global_hash=ede1069d8dd2a8b3197d100d5209440c963d8e5347dbddd0dca43c5dd291f011
ROUND fedrad round=29 clients=[80, 73, 28, 34, 1, 10, 13, 65, 5, 49] diagnostic_accuracy=40.1200% Gamma=0.000000 gate_passed=True fallback=functional_recovery_hungarian global_hash=7362295bd364ef9aebaab0ae68d67912d0733b85b0237bb988d11c78e1fd2479
ROUND fedrad round=30 clients=[62, 41, 74, 11, 99, 8, 75, 26, 81, 85] diagnostic_accuracy=35.3300% Gamma=0.000000 gate_passed=True fallback=functional_recovery_hungarian global_hash=8835a1d6371bf903fc9fdde98a492c570b25a3655c85ced242815514ae26c1d1
ROUND fedrad round=31 clients=[96, 81, 77, 83, 14, 50, 13, 67, 53, 91] diagnostic_accuracy=46.9500% Gamma=0.000000 gate_passed=True fallback=functional_recovery_hungarian global_hash=66d1fe9dd45bbbd1d756632b84761d68d1f2e6820a890ea486637aec2c67e4b2
ROUND fedrad round=32 clients=[40, 73, 70, 3, 6, 94, 1, 25, 20, 10] diagnostic_accuracy=39.2500% Gamma=0.000000 gate_passed=True fallback=functional_recovery_hungarian global_hash=9cb4e44087a8e9a1ab62edc33d7747fe23b17af8749e09afdc15a3270c1680ef
ROUND fedrad round=33 clients=[45, 16, 51, 88, 17, 78, 36, 44, 21, 62] diagnostic_accuracy=42.7700% Gamma=0.000000 gate_passed=True fallback=functional_recovery_hungarian global_hash=deea4f4f4fadc39a333c099e89c8adc8a1d52745d71a51e3d99ebe4510f9d3a2
ROUND fedrad round=34 clients=[92, 43, 97, 61, 58, 67, 1, 98, 30, 75] diagnostic_accuracy=41.1900% Gamma=0.000000 gate_passed=True fallback=functional_recovery_hungarian global_hash=0cc9253dfdb935ca1b3a53d312d901481b077d8556a7fb1a90bb6ff5fbfb919a
ROUND fedrad round=35 clients=[31, 89, 17, 66, 92, 23, 96, 9, 35, 20] diagnostic_accuracy=40.0600% Gamma=0.000000 gate_passed=True fallback=functional_recovery_hungarian global_hash=4ee9e1a74dd566b616934018100d15404915c525df53878d7a17d2e96a36c6ec
ROUND fedrad round=36 clients=[72, 68, 65, 28, 23, 85, 16, 60, 73, 78] diagnostic_accuracy=48.7200% Gamma=0.000000 gate_passed=True fallback=functional_recovery_hungarian global_hash=15fe40bde8efb45b86c95df5038eba314b6ab9f87e12126ec8c4ea6303499846
ROUND fedrad round=37 clients=[66, 49, 62, 9, 84, 68, 74, 3, 44, 71] diagnostic_accuracy=30.4900% Gamma=0.000000 gate_passed=True fallback=functional_recovery_hungarian global_hash=5dccb672c30f0b20a5fa7fa665b5987f843f4dd3c83d5ea8992780a1f464834f
ROUND fedrad round=38 clients=[50, 73, 27, 38, 8, 53, 21, 14, 28, 64] diagnostic_accuracy=49.0700% Gamma=0.000000 gate_passed=True fallback=functional_recovery_hungarian global_hash=77f0da8e5e528545f1e6295973f374608547bf3e98430b63452d976dee4471ba
ROUND fedrad round=39 clients=[48, 87, 40, 59, 3, 10, 75, 35, 49, 89] diagnostic_accuracy=45.8000% Gamma=0.000000 gate_passed=True fallback=functional_recovery_hungarian global_hash=d67278745b2f3acbcb78d3f9fb37676475a5269be06510dc71f5109849f92f30
ROUND fedrad round=40 clients=[83, 93, 34, 60, 90, 45, 42, 41, 91, 36] diagnostic_accuracy=49.8100% Gamma=0.000000 gate_passed=True fallback=functional_recovery_hungarian global_hash=e071f5fef762494cd3f17bc023579112eb852fd796a4e7c99adaded30f3c776a
ROUND fedrad round=41 clients=[75, 52, 20, 80, 90, 93, 4, 51, 13, 98] diagnostic_accuracy=44.0800% Gamma=0.000000 gate_passed=True fallback=functional_recovery_hungarian global_hash=2b14276173f0eeadecb1e0c41cf718e5d676956bc3a2069d071feefb4bfc172a
ROUND fedrad round=42 clients=[98, 79, 17, 10, 3, 12, 29, 26, 54, 58] diagnostic_accuracy=35.7900% Gamma=0.000000 gate_passed=True fallback=functional_recovery_hungarian global_hash=2297c7192e6bfb11169a6af751564999d6b02bfd5dcbd677c326e720e99f4c13
ROUND fedrad round=43 clients=[32, 15, 47, 9, 7, 16, 24, 57, 71, 28] diagnostic_accuracy=44.2700% Gamma=0.000000 gate_passed=True fallback=functional_recovery_hungarian global_hash=324cbaf5c66627fc8161df39aa182b203067758ffeb0ff5b8038e616b78e7b01
ROUND fedrad round=44 clients=[76, 67, 81, 35, 44, 49, 32, 99, 69, 51] diagnostic_accuracy=49.3700% Gamma=0.000000 gate_passed=True fallback=functional_recovery_hungarian global_hash=437ff1a53ab5d67e099cd99fa11a16069029539e9a33ea9a326d37818f1083cc
ROUND fedrad round=45 clients=[42, 4, 95, 71, 84, 22, 61, 5, 10, 28] diagnostic_accuracy=43.7000% Gamma=0.000000 gate_passed=True fallback=functional_recovery_hungarian global_hash=a2209bc40769717190de8d098abc9525982af3fd23fe143c92352a2ded79b0d2
ROUND fedrad round=46 clients=[61, 52, 80, 26, 37, 44, 85, 1, 99, 55] diagnostic_accuracy=55.4900% Gamma=0.000000 gate_passed=True fallback=functional_recovery_hungarian global_hash=11ded2207bc612f3776bc4bcc80b0c6c07d2938cf3cef3571547cd8036931a09
ROUND fedrad round=47 clients=[23, 10, 75, 28, 19, 22, 43, 13, 98, 85] diagnostic_accuracy=53.1600% Gamma=0.000000 gate_passed=True fallback=functional_recovery_hungarian global_hash=079747182d3f7181aa08e79a65e8cef5cc12940a067786dca67713bb1074255c
ROUND fedrad round=48 clients=[18, 1, 96, 63, 59, 71, 88, 39, 97, 68] diagnostic_accuracy=48.9700% Gamma=0.000000 gate_passed=True fallback=functional_recovery_hungarian global_hash=2fb3d96e79d08688310cd5e8c15c338afb3b26be086b4a01545673d538912182
ROUND fedrad round=49 clients=[44, 11, 93, 47, 54, 9, 81, 94, 45, 65] diagnostic_accuracy=56.2000% Gamma=0.000000 gate_passed=True fallback=functional_recovery_hungarian global_hash=3052a8c3acbbaccb8fffdcc3e7aad94db0dc8db5767503c23f68c07c1b004e76
ROUND fedrad round=50 clients=[48, 43, 51, 76, 99, 39, 38, 73, 89, 80] diagnostic_accuracy=53.3100% Gamma=0.000000 gate_passed=True fallback=functional_recovery_hungarian global_hash=27a15df67fe4702710bca27201320aef8986aa064c94236910fdd4d5032876d9
ROUND fedrad round=51 clients=[34, 16, 99, 17, 62, 58, 96, 29, 90, 30] diagnostic_accuracy=56.6300% Gamma=0.000000 gate_passed=True fallback=functional_recovery_hungarian global_hash=96d9f40636d751a5d47731f01551dc88e80fcabfced8802500fe3be06336bb7d
ROUND fedrad round=52 clients=[8, 59, 78, 95, 25, 35, 99, 86, 54, 64] diagnostic_accuracy=57.9100% Gamma=0.000000 gate_passed=True fallback=functional_recovery_hungarian global_hash=8eb8f2d69987f71b2f4111cae7fc740a7c768ab6e1dbb9d2c9514c6443be8aab
ROUND fedrad round=53 clients=[87, 42, 55, 74, 37, 10, 26, 23, 57, 62] diagnostic_accuracy=51.3300% Gamma=0.000000 gate_passed=True fallback=functional_recovery_hungarian global_hash=284e38b152c407aa62fd7c015a224fe8b0115a86a930b1e2284c3f53b40fe835
ROUND fedrad round=54 clients=[84, 2, 76, 48, 68, 40, 92, 8, 42, 46] diagnostic_accuracy=54.9700% Gamma=0.000000 gate_passed=True fallback=functional_recovery_hungarian global_hash=6c0568844ddfe2c7d4dd4252a9577f15c8ddc95be705db81cccdc66a117b8ad0
ROUND fedrad round=55 clients=[91, 70, 16, 58, 10, 35, 31, 86, 62, 54] diagnostic_accuracy=55.5300% Gamma=0.000000 gate_passed=True fallback=functional_recovery_hungarian global_hash=66331bc2c4446b99f45cfc819b2039f953b3666745fe1dc22c95c3e5f6b05dd6
ROUND fedrad round=56 clients=[32, 41, 20, 75, 69, 62, 74, 38, 80, 58] diagnostic_accuracy=47.9000% Gamma=0.000000 gate_passed=True fallback=functional_recovery_hungarian global_hash=970a1c1c9e88b877cb69630e69f19b5331f1ef1cf1bac94ec7e1d743347ff5ef
ROUND fedrad round=57 clients=[89, 0, 84, 16, 97, 67, 41, 38, 59, 60] diagnostic_accuracy=50.9200% Gamma=0.000000 gate_passed=True fallback=functional_recovery_hungarian global_hash=fabb3f15b766b6f207a221347c601d190750231a96f6c37757513335152fe256
ROUND fedrad round=58 clients=[59, 21, 34, 35, 95, 41, 9, 12, 47, 42] diagnostic_accuracy=52.2500% Gamma=0.000000 gate_passed=True fallback=functional_recovery_hungarian global_hash=61eccd031c481afca2f2481480e659bcaed7699c818f417f777bb48a2fbcc7d6
ROUND fedrad round=59 clients=[88, 78, 75, 43, 57, 63, 34, 79, 17, 93] diagnostic_accuracy=53.9000% Gamma=0.000000 gate_passed=True fallback=functional_recovery_hungarian global_hash=d46a0a3e9e5d8f4d075f6cb649366748778da051c665b5fa528de20cd295a113
ROUND fedrad round=60 clients=[76, 35, 9, 75, 32, 97, 53, 72, 27, 91] diagnostic_accuracy=50.3300% Gamma=0.000000 gate_passed=True fallback=functional_recovery_hungarian global_hash=fca8898335616dcc7bd99e8b2167e36ae1debda3c5422dbe22dfeaec0e2c4af3
ROUND fedrad round=61 clients=[60, 14, 9, 43, 15, 68, 7, 44, 65, 89] diagnostic_accuracy=59.0000% Gamma=0.000000 gate_passed=True fallback=functional_recovery_hungarian global_hash=c03a5c2fad9ecbbfea65eee2434c631c359a9d9a53f09f1b0d2d65f18254f206
ROUND fedrad round=62 clients=[56, 67, 28, 93, 30, 71, 78, 48, 25, 19] diagnostic_accuracy=58.7100% Gamma=0.000000 gate_passed=True fallback=functional_recovery_hungarian global_hash=de358e59f5dd73ef7a4f07010b9e21682061b1e98824d2124c2a816a5bd5b346
ROUND fedrad round=63 clients=[61, 18, 63, 89, 0, 99, 42, 76, 81, 9] diagnostic_accuracy=54.8600% Gamma=0.000000 gate_passed=True fallback=functional_recovery_hungarian global_hash=3e2e105449419dde5a4e75007a166c55fbf4cdf52a653a628ee0e56b071def16
ROUND fedrad round=64 clients=[14, 22, 8, 93, 29, 90, 73, 28, 57, 58] diagnostic_accuracy=59.5900% Gamma=0.000000 gate_passed=True fallback=functional_recovery_hungarian global_hash=8feb2d044e78f260418c63b85e35477ed2b7f35be94269a24da7ded531a5b94c
ROUND fedrad round=65 clients=[16, 90, 78, 23, 55, 61, 31, 0, 11, 82] diagnostic_accuracy=61.5400% Gamma=0.000000 gate_passed=True fallback=functional_recovery_hungarian global_hash=81b74adf1abdf2480e3d6789bff3bd6ce681d7fabb3367b3d55344145590bb6d
ROUND fedrad round=66 clients=[28, 65, 16, 72, 11, 36, 19, 51, 81, 53] diagnostic_accuracy=60.3800% Gamma=0.000000 gate_passed=True fallback=functional_recovery_hungarian global_hash=1aa193c8f1c41de425f0af16db40adb55c987aad359cc680516ba2a8b96a65b9
ROUND fedrad round=67 clients=[53, 63, 96, 28, 78, 90, 58, 73, 34, 4] diagnostic_accuracy=57.2200% Gamma=0.000000 gate_passed=True fallback=functional_recovery_hungarian global_hash=0454489372fd5501b3c4886bf6e1058bc055db7465e932d388896bb147a039b8
ROUND fedrad round=68 clients=[38, 57, 22, 41, 70, 39, 10, 5, 17, 32] diagnostic_accuracy=57.0600% Gamma=0.000000 gate_passed=True fallback=functional_recovery_hungarian global_hash=32041eba63101283e04ffe9bf36738fe1cdf4bf2d1afb154085053cc685adf1c
ROUND fedrad round=69 clients=[60, 67, 48, 59, 46, 94, 22, 29, 53, 97] diagnostic_accuracy=61.8000% Gamma=0.000000 gate_passed=True fallback=functional_recovery_hungarian global_hash=793910caa68e6f3a7956da756563dacb785640afd8442f0cc1ca13f1a2bc0e9f
ROUND fedrad round=70 clients=[61, 33, 76, 48, 37, 54, 38, 13, 8, 39] diagnostic_accuracy=53.9800% Gamma=0.000000 gate_passed=True fallback=functional_recovery_hungarian global_hash=3e7f3869a1afab6c28e36726ec34679611705d4187f0dce75c3918be382869ed
ROUND fedrad round=71 clients=[31, 88, 91, 25, 50, 95, 67, 45, 80, 70] diagnostic_accuracy=59.5000% Gamma=0.000000 gate_passed=True fallback=functional_recovery_hungarian global_hash=79fe52c7aaff938abadb0993f834df61302d6e0deb22e18cd29e8d32f741b41e
ROUND fedrad round=72 clients=[3, 23, 17, 94, 61, 43, 63, 91, 37, 84] diagnostic_accuracy=49.1900% Gamma=0.000000 gate_passed=True fallback=functional_recovery_hungarian global_hash=2e8db9bce87112d54f1b97715ea868533ae64cf43c75440ebb514459be4708fa
ROUND fedrad round=73 clients=[11, 73, 78, 47, 45, 83, 36, 75, 91, 57] diagnostic_accuracy=60.5100% Gamma=0.000000 gate_passed=True fallback=functional_recovery_hungarian global_hash=a269ec99a8a15f98533eab151ca0b465d5c665fe4a94416741c93844bb4c40de
ROUND fedrad round=74 clients=[46, 54, 66, 62, 96, 49, 24, 75, 60, 52] diagnostic_accuracy=58.7200% Gamma=0.000000 gate_passed=True fallback=functional_recovery_hungarian global_hash=df186981e00e81a1767362e9aaf43c55c172580359a34313c74413bf6a6dd826
ROUND fedrad round=75 clients=[75, 51, 39, 89, 14, 54, 41, 30, 24, 80] diagnostic_accuracy=55.9200% Gamma=0.000000 gate_passed=True fallback=functional_recovery_hungarian global_hash=dd556e45652ce3d2d702d1b2ace9ef5118d8fbc6ba170ab69ebca97779e48c91
ROUND fedrad round=76 clients=[67, 90, 45, 78, 32, 86, 50, 55, 33, 60] diagnostic_accuracy=63.5200% Gamma=0.000000 gate_passed=True fallback=functional_recovery_hungarian global_hash=3b60ff0fc60f9c66fd230011b51905303c69e7cc5eb168c91959a512e1a6ca19
ROUND fedrad round=77 clients=[4, 16, 51, 33, 89, 30, 13, 77, 43, 85] diagnostic_accuracy=62.8200% Gamma=0.000000 gate_passed=True fallback=functional_recovery_hungarian global_hash=1cddd83a99d362c93714f973ec2bc6c667d03c5c34ef401ff2fcd36e139a8175
ROUND fedrad round=78 clients=[97, 76, 96, 72, 42, 17, 33, 51, 24, 36] diagnostic_accuracy=62.0100% Gamma=0.000000 gate_passed=True fallback=functional_recovery_hungarian global_hash=aef1472a3933830a4d19338327a2b271b24eefb14b482a7acc3bb3146682ceda
ROUND fedrad round=79 clients=[22, 47, 61, 27, 50, 96, 89, 97, 85, 30] diagnostic_accuracy=60.9100% Gamma=0.000000 gate_passed=True fallback=functional_recovery_hungarian global_hash=d47a5c2af690b0196773e7eb0060f7dec7d5a4080597d7062c00cf7441a056ce
ROUND fedrad round=80 clients=[44, 70, 23, 38, 74, 21, 82, 4, 88, 98] diagnostic_accuracy=58.0000% Gamma=0.000000 gate_passed=True fallback=functional_recovery_hungarian global_hash=895ccb1958d5a2c2a0812eb3a05b37a760a56faeaec7e96bf1c4277fa23a18b4
ROUND fedrad round=81 clients=[90, 72, 65, 50, 85, 56, 4, 80, 31, 17] diagnostic_accuracy=59.7500% Gamma=0.000000 gate_passed=True fallback=functional_recovery_hungarian global_hash=1b9b26101734acde9d96f3cb7a111d0c191bb8de78d13fd3e34ea96f79d29a1a
ROUND fedrad round=82 clients=[61, 40, 41, 34, 97, 51, 50, 13, 22, 8] diagnostic_accuracy=62.7800% Gamma=0.000000 gate_passed=True fallback=functional_recovery_hungarian global_hash=54ee0266ed5a778c94f705b57f0ac789f3c836efd58f1279d9ce928575b3c21e
ROUND fedrad round=83 clients=[87, 54, 63, 83, 96, 26, 0, 59, 69, 14] diagnostic_accuracy=61.1400% Gamma=0.000000 gate_passed=True fallback=functional_recovery_hungarian global_hash=f1019c48cb53f8636f9f32cd5ab602054e4f617ab4f71e57aefdbd924a3032e9
ROUND fedrad round=84 clients=[58, 47, 83, 36, 8, 2, 56, 49, 10, 38] diagnostic_accuracy=55.5100% Gamma=0.000000 gate_passed=True fallback=functional_recovery_hungarian global_hash=edf902b0e1bef0005afdfddf877b9bbb4f8ad7b878d901e9300dde5f106b0f9b
ROUND fedrad round=85 clients=[89, 90, 81, 54, 59, 4, 53, 47, 52, 19] diagnostic_accuracy=63.5600% Gamma=0.000000 gate_passed=True fallback=functional_recovery_hungarian global_hash=9ab0a6d94a9a8645d7f009c91fd2743f2940db7409bedc80d6d45098f389699e
ROUND fedrad round=86 clients=[24, 13, 81, 73, 19, 55, 40, 76, 57, 96] diagnostic_accuracy=60.9600% Gamma=0.000000 gate_passed=True fallback=functional_recovery_hungarian global_hash=f44e8b408981dcb79f10f929081fe139d9827c2de93fb9e1e7b13c973e6bc62d
ROUND fedrad round=87 clients=[31, 75, 94, 20, 87, 26, 29, 70, 2, 50] diagnostic_accuracy=57.6500% Gamma=0.000000 gate_passed=True fallback=functional_recovery_hungarian global_hash=684d7d37756aafee4ab2a708b6013a9e35caf423b6e3fdb8801c25b6fa8bb55d
ROUND fedrad round=88 clients=[0, 9, 46, 37, 72, 83, 73, 16, 55, 27] diagnostic_accuracy=56.8100% Gamma=0.000000 gate_passed=True fallback=functional_recovery_hungarian global_hash=1e287ba57ed74c52394255317e5991f0090334aeedaa549e0b7c5e5ba10ddc20
ROUND fedrad round=89 clients=[80, 29, 9, 50, 26, 81, 48, 82, 37, 15] diagnostic_accuracy=55.8100% Gamma=0.000000 gate_passed=True fallback=functional_recovery_hungarian global_hash=6e5813f0c499715031204390f268e23be26c316cdb6a958ab7818dde7c70b5b2
ROUND fedrad round=90 clients=[82, 6, 87, 74, 29, 50, 62, 67, 12, 83] diagnostic_accuracy=68.6600% Gamma=0.000000 gate_passed=True fallback=functional_recovery_hungarian global_hash=a5307f84fd293a9ecb37b112b9b37b6601568e05242f316dbb57463fe55a3feb
ROUND fedrad round=91 clients=[36, 75, 89, 43, 12, 21, 95, 72, 24, 63] diagnostic_accuracy=55.8600% Gamma=0.000000 gate_passed=True fallback=functional_recovery_hungarian global_hash=8e3cfdec27c316c4ff76ca7f9fcf22656fb286fd9d82cc8b40915d0e8a7e0ec4
ROUND fedrad round=92 clients=[34, 15, 31, 94, 46, 70, 19, 80, 6, 88] diagnostic_accuracy=62.3400% Gamma=0.000000 gate_passed=True fallback=functional_recovery_hungarian global_hash=42a2480b3457b0822f4e78bdbc8deade8b57a83ec4806795b3db606ad61d0a13
ROUND fedrad round=93 clients=[70, 92, 72, 77, 23, 53, 1, 12, 97, 93] diagnostic_accuracy=57.7100% Gamma=0.000000 gate_passed=True fallback=functional_recovery_hungarian global_hash=fddda8d9e97f478789a2f5ccecd0bd29c2e96fa318e870557eb8ac64a094d52c
ROUND fedrad round=94 clients=[13, 38, 36, 14, 57, 77, 66, 73, 3, 0] diagnostic_accuracy=56.4400% Gamma=0.000000 gate_passed=True fallback=functional_recovery_hungarian global_hash=38085547be86acac723ecaaa828370c8c110ae4d76343e40f973a8cda2f6c4ec
ROUND fedrad round=95 clients=[13, 19, 10, 24, 76, 57, 88, 23, 61, 31] diagnostic_accuracy=62.1800% Gamma=0.000000 gate_passed=True fallback=functional_recovery_hungarian global_hash=ebe6a01be40fc5cde20c31b9530ecb692fe926236f5eeb6fbfafc0eba94bb816
ROUND fedrad round=96 clients=[18, 45, 94, 24, 56, 67, 10, 14, 13, 9] diagnostic_accuracy=66.3900% Gamma=0.000000 gate_passed=True fallback=functional_recovery_hungarian global_hash=958e75e3947cc89f0248a6c3aa49961c185ebdaa5c60547d4240f4d1202afbdd
ROUND fedrad round=97 clients=[13, 48, 73, 93, 70, 1, 43, 77, 76, 88] diagnostic_accuracy=60.5900% Gamma=0.000000 gate_passed=True fallback=functional_recovery_hungarian global_hash=d84c360346c2bf426a2e296d3d2b49ff85f95566e3de7e2c04ba3fd841986a0d
ROUND fedrad round=98 clients=[21, 45, 83, 68, 75, 65, 96, 1, 77, 73] diagnostic_accuracy=65.2800% Gamma=0.000000 gate_passed=True fallback=functional_recovery_hungarian global_hash=f76440e9a6a0297e0ef1d320c97bd2d8794ea8da828bdf2d6f9c177af2faa0bc
ROUND fedrad round=99 clients=[81, 84, 60, 18, 45, 47, 94, 83, 76, 22] diagnostic_accuracy=58.9100% Gamma=0.000000 gate_passed=True fallback=functional_recovery_hungarian global_hash=06bdcdb97e9f3aca2cb101e7867ec26a5c2bdd7123f422e851ca6ae3b5668970
ROUND fedrad round=100 clients=[21, 69, 47, 34, 65, 81, 93, 44, 30, 84] diagnostic_accuracy=57.7000% Gamma=0.000000 gate_passed=True fallback=functional_recovery_hungarian global_hash=2c0a270cef8179a6e2ed62114f1fd06e4ae73612ae802984ca65301a4c03f573
ROUND fedrad round=101 clients=[22, 38, 77, 15, 11, 61, 37, 34, 87, 3] diagnostic_accuracy=63.8400% Gamma=0.000000 gate_passed=True fallback=functional_recovery_hungarian global_hash=35fa1c01e76039b2d85ac30e037c51f23c73ca537226975b1e58b0ff519e8e1a
ROUND fedrad round=102 clients=[96, 9, 26, 58, 69, 44, 13, 93, 61, 43] diagnostic_accuracy=58.0100% Gamma=0.000000 gate_passed=True fallback=functional_recovery_hungarian global_hash=485d22b39381a4872406cd04b369870eda6562da72669c100c2f5e6c0d637f59
ROUND fedrad round=103 clients=[13, 34, 27, 16, 72, 98, 14, 19, 9, 46] diagnostic_accuracy=55.5600% Gamma=0.000000 gate_passed=True fallback=functional_recovery_hungarian global_hash=2485ee7b5c688f00f9fce56746dae5ac1b5dd25717760b13b68f6d04f09fb8ab
ROUND fedrad round=104 clients=[29, 72, 81, 80, 68, 85, 14, 0, 93, 52] diagnostic_accuracy=65.6900% Gamma=0.000000 gate_passed=True fallback=functional_recovery_hungarian global_hash=8430f583c0cc66c7b1add7c45c651e443825da4ae827befb78be5c235114624b
ROUND fedrad round=105 clients=[17, 69, 35, 86, 83, 84, 23, 56, 89, 60] diagnostic_accuracy=62.1400% Gamma=0.000000 gate_passed=True fallback=functional_recovery_hungarian global_hash=a5b42050b5a275722dee5d9a3b5b2e233a019455da243ab8e4c147940c5259d7
ROUND fedrad round=106 clients=[94, 79, 36, 8, 19, 16, 13, 30, 25, 3] diagnostic_accuracy=52.3700% Gamma=0.000000 gate_passed=True fallback=functional_recovery_hungarian global_hash=0187f0c3075355ffa17d0ebdf7f3e952f3e9c734b4b2cedaabd820e68b63af78
ROUND fedrad round=107 clients=[45, 82, 32, 52, 17, 96, 6, 57, 67, 74] diagnostic_accuracy=62.1500% Gamma=0.000000 gate_passed=True fallback=functional_recovery_hungarian global_hash=b45ebd5fbaeec242c8688452a3157d480404b5d37295ec074e2f5186df9d3486
ROUND fedrad round=108 clients=[61, 20, 59, 99, 39, 42, 73, 53, 45, 8] diagnostic_accuracy=68.5100% Gamma=0.000000 gate_passed=True fallback=functional_recovery_hungarian global_hash=c67c169965fa1f2cc81e00c7c16f13ea7c46ccb7c4af18a1f65c35b89901fc67
ROUND fedrad round=109 clients=[60, 38, 5, 54, 66, 33, 80, 83, 9, 4] diagnostic_accuracy=61.1800% Gamma=0.000000 gate_passed=True fallback=functional_recovery_hungarian global_hash=2cb2a461a6637bf648819bc0bb0f7c5750923e11664fd861b65b92e144455efb
ROUND fedrad round=110 clients=[39, 44, 62, 4, 42, 25, 0, 45, 29, 93] diagnostic_accuracy=69.5800% Gamma=0.000000 gate_passed=True fallback=functional_recovery_hungarian global_hash=cf441a1fbf6700f5097a7c0972e356cadb8b859ac41ab63c5264be530a3bd905
ROUND fedrad round=111 clients=[96, 54, 19, 97, 92, 31, 81, 2, 24, 9] diagnostic_accuracy=70.5400% Gamma=0.000000 gate_passed=True fallback=functional_recovery_hungarian global_hash=22c8dfb9c3486afb407b287c9e8624af73e1a6b49a33d651852229fa91404ace
ROUND fedrad round=112 clients=[9, 19, 7, 49, 45, 35, 80, 85, 40, 89] diagnostic_accuracy=65.9000% Gamma=0.000000 gate_passed=True fallback=functional_recovery_hungarian global_hash=0fcbde3f65a7f9b943b3aa379612a2036a051f9c5427d2c6c5c4fe0e9b0ac92b
ROUND fedrad round=113 clients=[73, 66, 18, 74, 33, 2, 87, 29, 98, 91] diagnostic_accuracy=62.8900% Gamma=0.000000 gate_passed=True fallback=functional_recovery_hungarian global_hash=1a38d6cdf942a0024860b50c52c837904789c1bb1994e13adb91fd32beb6cbbd
ROUND fedrad round=114 clients=[40, 31, 27, 50, 71, 81, 99, 97, 73, 49] diagnostic_accuracy=58.9700% Gamma=0.000000 gate_passed=True fallback=functional_recovery_hungarian global_hash=d69ca21caca35b4ccb4c8a21cb5f82cfb5d291c3d4dd84ff7df688611dfa0d1a
ROUND fedrad round=115 clients=[61, 64, 42, 88, 27, 95, 92, 50, 45, 85] diagnostic_accuracy=66.2500% Gamma=0.000000 gate_passed=True fallback=functional_recovery_hungarian global_hash=605b65aae9d24583b323ad810656d88f5fe5d6516f52ffbeeb7687e008a38f6f
ROUND fedrad round=116 clients=[27, 8, 49, 32, 15, 35, 70, 59, 31, 30] diagnostic_accuracy=60.4100% Gamma=0.000000 gate_passed=True fallback=functional_recovery_hungarian global_hash=f631fbff85e87a2fad61faeaba73692f04d642c2f2fad967d923ca0671597cc8
ROUND fedrad round=117 clients=[69, 35, 52, 51, 26, 15, 76, 48, 98, 12] diagnostic_accuracy=64.6300% Gamma=0.000000 gate_passed=True fallback=functional_recovery_hungarian global_hash=dd5916e53e10e9f64cb7394b6b524debf79b64db64235fdf6978304c96ce9fc3
ROUND fedrad round=118 clients=[46, 57, 0, 86, 26, 80, 73, 20, 63, 98] diagnostic_accuracy=65.4100% Gamma=0.000000 gate_passed=True fallback=functional_recovery_hungarian global_hash=b27530b5134d8876dd87c82c95ed97ae137d8459ed3378a5684331a725da1e88
ROUND fedrad round=119 clients=[81, 6, 64, 84, 20, 2, 8, 4, 66, 92] diagnostic_accuracy=63.1600% Gamma=0.000000 gate_passed=True fallback=functional_recovery_hungarian global_hash=db59815940179cc594d530cab4b45e76a758b6c1c7d87e86df9cf8db5db24385
ROUND fedrad round=120 clients=[61, 34, 64, 11, 96, 18, 82, 52, 72, 92] diagnostic_accuracy=65.5500% Gamma=0.000000 gate_passed=True fallback=functional_recovery_hungarian global_hash=adaf8f7b4d28075efefacf6bc921a6738a723135de33e6f97ca5d981127d2ebc
ROUND fedrad round=121 clients=[93, 68, 94, 13, 36, 11, 5, 1, 40, 7] diagnostic_accuracy=69.2800% Gamma=0.000000 gate_passed=True fallback=functional_recovery_hungarian global_hash=d6f1e6e8c6329e929c0b24bee6af508c3dfeaa8cfa89168f18f2e8c748272a84
ROUND fedrad round=122 clients=[73, 64, 37, 69, 31, 48, 77, 41, 53, 75] diagnostic_accuracy=61.2500% Gamma=0.000000 gate_passed=True fallback=functional_recovery_hungarian global_hash=6584607c4571b85b17eb3f1f9028c276eb51fcd721f977c71535004043d9867e
ROUND fedrad round=123 clients=[46, 43, 84, 11, 66, 92, 16, 19, 96, 37] diagnostic_accuracy=58.0200% Gamma=0.000000 gate_passed=True fallback=functional_recovery_hungarian global_hash=37a06011e2f5ccd2e794d7b3f1f94cec3c681f15dd134bc4477a303f82ea1119
ROUND fedrad round=124 clients=[43, 96, 9, 0, 74, 19, 1, 23, 38, 66] diagnostic_accuracy=65.0100% Gamma=0.000000 gate_passed=True fallback=functional_recovery_hungarian global_hash=02c857aa06e1459c74ff36cab6c5398228c920625d409bb2d4035812ff4c4883
ROUND fedrad round=125 clients=[27, 62, 32, 10, 22, 72, 64, 25, 86, 60] diagnostic_accuracy=62.3500% Gamma=0.000000 gate_passed=True fallback=functional_recovery_hungarian global_hash=3b170c32da92f19a4f998c58bfc68f5d70b9c33995870bf584261c76f5c2eb13
ROUND fedrad round=126 clients=[84, 7, 64, 76, 15, 46, 27, 47, 40, 69] diagnostic_accuracy=64.2800% Gamma=0.000000 gate_passed=True fallback=functional_recovery_hungarian global_hash=4fcabeb18499de4ab8ccaef63e310b66979f645b1f78e0baea8b49b963cb7735
ROUND fedrad round=127 clients=[75, 97, 79, 87, 11, 7, 37, 92, 41, 12] diagnostic_accuracy=67.0300% Gamma=0.000000 gate_passed=True fallback=functional_recovery_hungarian global_hash=8ba2995aa423f61092f7712287106aaa5e61967ba6b93c18cf6140dec3c3fa17
ROUND fedrad round=128 clients=[78, 4, 17, 21, 76, 74, 19, 61, 45, 86] diagnostic_accuracy=72.1200% Gamma=0.000000 gate_passed=True fallback=functional_recovery_hungarian global_hash=c41620491f08437cfb8b0c8ba0ce68cb9b4bd1ae6639d637a133cdf1797a6e8c
ROUND fedrad round=129 clients=[23, 41, 75, 36, 26, 49, 95, 16, 93, 72] diagnostic_accuracy=58.7100% Gamma=0.000000 gate_passed=True fallback=functional_recovery_hungarian global_hash=70326807e55ed8ec74d24ce9d9967424777b28aaba98eb5babd1081f0b102c20
ROUND fedrad round=130 clients=[59, 53, 65, 8, 68, 35, 13, 55, 23, 97] diagnostic_accuracy=67.2300% Gamma=0.000000 gate_passed=True fallback=functional_recovery_hungarian global_hash=0779b413120d80b44a7713d34e625f95583535faf14f1142371c20f418c8b9c3
ROUND fedrad round=131 clients=[74, 98, 22, 45, 97, 87, 92, 71, 47, 79] diagnostic_accuracy=68.9900% Gamma=0.000000 gate_passed=True fallback=functional_recovery_hungarian global_hash=99872aded9efeb7c0f9ad804d226d27ed860e8ee2ccbf30ba323f060b4897797
ROUND fedrad round=132 clients=[35, 70, 59, 49, 36, 91, 82, 50, 26, 72] diagnostic_accuracy=52.4900% Gamma=0.000000 gate_passed=True fallback=functional_recovery_hungarian global_hash=d76c936e75268f5f8888aacbcf80d2a6c154df150f186b93d1eafca7bd1d1930
ROUND fedrad round=133 clients=[22, 83, 75, 29, 66, 48, 12, 10, 86, 1] diagnostic_accuracy=63.7200% Gamma=0.000000 gate_passed=True fallback=functional_recovery_hungarian global_hash=c572b68d8edcf6a489567552b5149263ff6191c7dbd5d44ccc0f6076e3264c3d
ROUND fedrad round=134 clients=[76, 33, 40, 59, 65, 63, 73, 36, 99, 82] diagnostic_accuracy=68.9600% Gamma=0.000000 gate_passed=True fallback=functional_recovery_hungarian global_hash=4b88c597e8d80da17551ef61a6ecbfa1cd111e660629436de739669b9ee14600
ROUND fedrad round=135 clients=[85, 88, 54, 40, 70, 67, 86, 38, 58, 42] diagnostic_accuracy=72.7200% Gamma=0.000000 gate_passed=True fallback=functional_recovery_hungarian global_hash=6bc1d0aef0a1f4fffd0cb3dca07445386daec297698baf46211062cc05fe6c55
ROUND fedrad round=136 clients=[89, 56, 12, 90, 94, 86, 19, 78, 92, 59] diagnostic_accuracy=69.8800% Gamma=0.000000 gate_passed=True fallback=functional_recovery_hungarian global_hash=6cebab2b3fd5757b91b4522f4c58d6418c6d141f6d8f31b13a4f29b381950292
ROUND fedrad round=137 clients=[7, 94, 69, 44, 50, 26, 75, 24, 33, 18] diagnostic_accuracy=64.0200% Gamma=0.000000 gate_passed=True fallback=functional_recovery_hungarian global_hash=dcd8635107ab2caaf08ae834353835c53fc1ffd730c2204e102ce94816a3ffad
ROUND fedrad round=138 clients=[89, 75, 84, 93, 35, 71, 19, 63, 59, 94] diagnostic_accuracy=61.6600% Gamma=0.000000 gate_passed=True fallback=functional_recovery_hungarian global_hash=ea421c93f1383f74e81da9566111415383c377cba3941b11de88f88003f1468c
ROUND fedrad round=139 clients=[54, 66, 17, 43, 53, 40, 76, 1, 4, 81] diagnostic_accuracy=71.4900% Gamma=0.000000 gate_passed=True fallback=functional_recovery_hungarian global_hash=64c5fcd01c2a401eac5ab202434a4cc76a0853307b1ff25b7f910a28ed39576b
ROUND fedrad round=140 clients=[52, 51, 97, 7, 41, 61, 29, 88, 49, 26] diagnostic_accuracy=69.2500% Gamma=0.000000 gate_passed=True fallback=functional_recovery_hungarian global_hash=26a41448e17c5f15856bbabfa014cf33a08e0c4319995086a40ef943b2783316
ROUND fedrad round=141 clients=[21, 47, 20, 59, 85, 2, 99, 70, 54, 50] diagnostic_accuracy=67.9400% Gamma=0.000000 gate_passed=True fallback=functional_recovery_hungarian global_hash=84e191f40ef9460d0b1049e9506d6febf94a233d6fcfeb87cc98b3fef6c5558d
ROUND fedrad round=142 clients=[65, 98, 79, 6, 58, 92, 19, 37, 33, 75] diagnostic_accuracy=66.0800% Gamma=0.000000 gate_passed=True fallback=functional_recovery_hungarian global_hash=1fac052e6116fb1755e07d438a15b2eab10b29301b66a9f1b88ab55334158c98
ROUND fedrad round=143 clients=[44, 84, 56, 0, 69, 15, 66, 78, 42, 95] diagnostic_accuracy=58.5300% Gamma=0.000000 gate_passed=True fallback=functional_recovery_hungarian global_hash=dad6169a7e5f3e7aead8968fd6ad201426d4f356fa07ff46d6ead65787ebd541
ROUND fedrad round=144 clients=[36, 20, 53, 26, 80, 67, 25, 37, 39, 10] diagnostic_accuracy=62.7200% Gamma=0.000000 gate_passed=True fallback=functional_recovery_hungarian global_hash=6ef3e35eff4e0414e4884aaca1f5cb183af2a3f3cd906c1d228ca6f012caa889
ROUND fedrad round=145 clients=[54, 62, 65, 69, 82, 46, 64, 70, 59, 11] diagnostic_accuracy=69.3600% Gamma=0.000000 gate_passed=True fallback=functional_recovery_hungarian global_hash=a2bf787fef9e3770d527bf2ffc6655a21e5971c227ec0567dca83c7848305229
ROUND fedrad round=146 clients=[78, 89, 64, 25, 85, 9, 57, 41, 97, 45] diagnostic_accuracy=68.1700% Gamma=0.000000 gate_passed=True fallback=functional_recovery_hungarian global_hash=bbc908e11467af93a055b516fa73f701250b69f0452e4f06c714f915909ff4ad
ROUND fedrad round=147 clients=[32, 8, 70, 41, 12, 19, 88, 20, 98, 33] diagnostic_accuracy=57.2000% Gamma=0.000000 gate_passed=True fallback=functional_recovery_hungarian global_hash=dbe77e526ad0468df52b1fe12cb251567dc83a4d6a382dd826e44f27bf6e2b23
ROUND fedrad round=148 clients=[50, 29, 81, 33, 44, 69, 2, 68, 93, 85] diagnostic_accuracy=69.0200% Gamma=0.000000 gate_passed=True fallback=functional_recovery_hungarian global_hash=d97e46f6e7dd97454eb11045bd04baa1e0aae6b74d88ce7393c2322e0a3c7503
ROUND fedrad round=149 clients=[5, 84, 70, 73, 31, 62, 69, 13, 86, 74] diagnostic_accuracy=54.5700% Gamma=0.000000 gate_passed=True fallback=functional_recovery_hungarian global_hash=5d597c4e82a4ef839cf5b38c22beac4ccedd3bf87e02c70dd2b8199168fe758b
ROUND fedrad round=150 clients=[69, 9, 41, 83, 76, 63, 34, 67, 36, 87] diagnostic_accuracy=67.6900% Gamma=0.000000 gate_passed=True fallback=functional_recovery_hungarian global_hash=7f10db51f43ec1d0802551d8c6780e736a59a20e08f1ac523d14e18a9e5f3403
ROUND fedrad round=151 clients=[40, 77, 95, 52, 25, 38, 46, 47, 93, 88] diagnostic_accuracy=63.0200% Gamma=0.000000 gate_passed=True fallback=functional_recovery_hungarian global_hash=cddc93c73c7df8857fec5fcb6d6dc2fc129dd6e6d549bf9277bc5b2a7e662479
ROUND fedrad round=152 clients=[14, 22, 87, 6, 15, 36, 37, 44, 48, 38] diagnostic_accuracy=63.5100% Gamma=0.000000 gate_passed=True fallback=functional_recovery_hungarian global_hash=210b527a03ed56f1be8e4436a63eb4d3a337e424ca1c609c933f25cf21b52795
ROUND fedrad round=153 clients=[14, 66, 74, 62, 49, 45, 18, 79, 15, 68] diagnostic_accuracy=71.1200% Gamma=0.000000 gate_passed=True fallback=functional_recovery_hungarian global_hash=d5d61ff977fb7fe01adcd3ee0517a2797ae723391112f6fcf6732605661af321
ROUND fedrad round=154 clients=[92, 32, 77, 87, 27, 13, 14, 47, 22, 73] diagnostic_accuracy=64.3100% Gamma=0.000000 gate_passed=True fallback=functional_recovery_hungarian global_hash=c8d4edd4761c77b548e8a78a6f5c4e6192c44c80cd82f965f1704761d20f0dfd
ROUND fedrad round=155 clients=[60, 31, 44, 3, 84, 25, 98, 73, 52, 82] diagnostic_accuracy=53.5700% Gamma=0.000000 gate_passed=True fallback=functional_recovery_hungarian global_hash=f7a23c8b03003a24c3ea7c4b9321c4ebc64dfdabf243f6985b21f7bbce1f676e
ROUND fedrad round=156 clients=[66, 38, 74, 49, 46, 45, 12, 0, 81, 23] diagnostic_accuracy=64.4000% Gamma=0.000000 gate_passed=True fallback=functional_recovery_hungarian global_hash=125b7effaeac55ca1deff762b90d2ab14d3cd06f06d6b1f70fda127d3381c7bc
ROUND fedrad round=157 clients=[6, 14, 56, 8, 37, 71, 68, 53, 88, 65] diagnostic_accuracy=68.8800% Gamma=0.000000 gate_passed=True fallback=functional_recovery_hungarian global_hash=8d84ef16c0a72d54b66111ae599e5b877447d8572c92373dc2f1ce57e601f254
ROUND fedrad round=158 clients=[76, 40, 68, 38, 91, 92, 18, 11, 69, 94] diagnostic_accuracy=71.7700% Gamma=0.000000 gate_passed=True fallback=functional_recovery_hungarian global_hash=9bf2e3fc0a394688d086791b162151cb2d63440ee12b2ca7e988a6e9bbe9857c
ROUND fedrad round=159 clients=[0, 23, 91, 83, 98, 64, 90, 32, 84, 36] diagnostic_accuracy=63.0600% Gamma=0.000000 gate_passed=True fallback=functional_recovery_hungarian global_hash=48e4451d71da2139b2518dff5f838e3bd542c1246adeec3da460e074e6027f99
ROUND fedrad round=160 clients=[15, 9, 95, 71, 80, 49, 39, 81, 30, 8] diagnostic_accuracy=72.1600% Gamma=0.000000 gate_passed=True fallback=functional_recovery_hungarian global_hash=adb9f3ec950f75191fad7aadfb504092fff1c9ad88c4a1d987896d0ec7f9db2e
ROUND fedrad round=161 clients=[29, 87, 67, 36, 35, 96, 15, 61, 24, 62] diagnostic_accuracy=62.3200% Gamma=0.000000 gate_passed=True fallback=functional_recovery_hungarian global_hash=f34a32ce5f0ed4de03734ccfaac6e94f169bc16e0e44e5e0f9b351c4d93b6630
ROUND fedrad round=162 clients=[13, 58, 87, 52, 50, 60, 3, 19, 35, 0] diagnostic_accuracy=63.7200% Gamma=0.000000 gate_passed=True fallback=functional_recovery_hungarian global_hash=e85eb19d91dd21eb15928b8792effd21ba6b41726cc7f2e823c9a91c2b968bf0
ROUND fedrad round=163 clients=[55, 46, 66, 67, 73, 12, 51, 1, 57, 90] diagnostic_accuracy=71.0300% Gamma=0.000000 gate_passed=True fallback=functional_recovery_hungarian global_hash=485ee1eb8139223ab83944511db7c1eb8e5610c3b825240d6c6f0f0d7018b229
ROUND fedrad round=164 clients=[40, 72, 92, 86, 89, 90, 16, 98, 73, 58] diagnostic_accuracy=74.2600% Gamma=0.000000 gate_passed=True fallback=functional_recovery_hungarian global_hash=810f876119d91662195a55e093e007c5ceb94bd20bb46887729af1d6148b6f83
ROUND fedrad round=165 clients=[0, 58, 47, 44, 94, 66, 4, 7, 27, 2] diagnostic_accuracy=67.4100% Gamma=0.000000 gate_passed=True fallback=functional_recovery_hungarian global_hash=415c04272a4af7040025d5d7bac27e6661307febe2c1adcbe83ce26a79cf7962
ROUND fedrad round=166 clients=[58, 87, 14, 78, 40, 83, 73, 18, 52, 31] diagnostic_accuracy=68.1900% Gamma=0.000000 gate_passed=True fallback=functional_recovery_hungarian global_hash=c4fe3fd8d6577fdc3b54d216a9967a4ffe84a2118f84fd086f6d91ed70db038e
ROUND fedrad round=167 clients=[99, 22, 62, 86, 5, 20, 9, 51, 7, 54] diagnostic_accuracy=70.0800% Gamma=0.000000 gate_passed=True fallback=functional_recovery_hungarian global_hash=722840ef12a37fc36aa3f28581af5e93933d94e8352067fa84a8e10c50052c3d
ROUND fedrad round=168 clients=[97, 37, 42, 7, 22, 5, 24, 56, 69, 12] diagnostic_accuracy=68.7500% Gamma=0.000000 gate_passed=True fallback=functional_recovery_hungarian global_hash=1b3e10820a0a13cad6f65b86e8c10d77597c553be7fba41dd67e95593fa2cc74
ROUND fedrad round=169 clients=[96, 22, 76, 44, 59, 78, 12, 68, 94, 87] diagnostic_accuracy=67.5700% Gamma=0.000000 gate_passed=True fallback=functional_recovery_hungarian global_hash=651eb4daf1445bb5e93ef2e04750cdca184daa016d00b7217434bd674d9c628b
ROUND fedrad round=170 clients=[45, 7, 65, 19, 95, 16, 35, 23, 83, 88] diagnostic_accuracy=69.2600% Gamma=0.000000 gate_passed=True fallback=functional_recovery_hungarian global_hash=3995b965040c6095e0f3607d48b02a11df049436e6e3d61c0580c181072e350b
ROUND fedrad round=171 clients=[12, 91, 4, 90, 47, 66, 33, 9, 61, 84] diagnostic_accuracy=68.1600% Gamma=0.000000 gate_passed=True fallback=functional_recovery_hungarian global_hash=b22eb33c6afe8fd5e7fe5e00cd6559d7d484c1c8db47ea1151aac3136bb7f9c3
ROUND fedrad round=172 clients=[46, 60, 83, 2, 37, 70, 93, 29, 3, 43] diagnostic_accuracy=59.1600% Gamma=0.000000 gate_passed=True fallback=functional_recovery_hungarian global_hash=265b775fb13a33fdb5055feae9986b0ddcbb5140a1043892ecf65c6ad7f81ec6
ROUND fedrad round=173 clients=[27, 45, 49, 4, 31, 62, 9, 95, 69, 72] diagnostic_accuracy=68.7000% Gamma=0.000000 gate_passed=True fallback=functional_recovery_hungarian global_hash=d54891ec583f6dc416ddbc7e33db27eca7d47fb131b75592e4a81c5688221b2f
ROUND fedrad round=174 clients=[27, 28, 1, 92, 55, 48, 74, 7, 99, 62] diagnostic_accuracy=67.5100% Gamma=0.000000 gate_passed=True fallback=functional_recovery_hungarian global_hash=78c8df829ddcdcdf9620fdc9dfc58173d18149ee0776f95732e0decfcb6b99ed
ROUND fedrad round=175 clients=[24, 0, 9, 11, 31, 45, 58, 35, 69, 21] diagnostic_accuracy=74.1300% Gamma=0.000000 gate_passed=True fallback=functional_recovery_hungarian global_hash=13b2ccd1d0a5f42759b668bafa09f50071e22f7856cb0fd3c2f9a2bd0088ddfb
ROUND fedrad round=176 clients=[42, 98, 67, 21, 24, 81, 20, 75, 29, 36] diagnostic_accuracy=69.0000% Gamma=0.000000 gate_passed=True fallback=functional_recovery_hungarian global_hash=da0095f8dc3cdac54ded4021d6aa72b9a1e0b5c7668f7dfeda9b8147079aad54
ROUND fedrad round=177 clients=[49, 75, 33, 60, 42, 64, 69, 11, 47, 70] diagnostic_accuracy=65.9900% Gamma=0.000000 gate_passed=True fallback=functional_recovery_hungarian global_hash=fd675beea58545699b53fa7d8459eed37e751e9f08c210eddb7d1ff448fcd287
ROUND fedrad round=178 clients=[96, 60, 16, 70, 73, 40, 11, 24, 87, 93] diagnostic_accuracy=65.2600% Gamma=0.000000 gate_passed=True fallback=functional_recovery_hungarian global_hash=1b2df67ca6c312099ff92ef23bf27316855f75e81bc26f22303b09ec49408787
ROUND fedrad round=179 clients=[37, 16, 85, 31, 69, 36, 54, 25, 32, 38] diagnostic_accuracy=63.3200% Gamma=0.000000 gate_passed=True fallback=functional_recovery_hungarian global_hash=58932293040123a347e17c27c6b974823bbff2e3f26bd175e64acf2ba98efe6e
ROUND fedrad round=180 clients=[80, 92, 61, 76, 19, 28, 7, 73, 67, 38] diagnostic_accuracy=70.0900% Gamma=0.000000 gate_passed=True fallback=functional_recovery_hungarian global_hash=896ef35b958f390953082329834e65f06fdb8c83c60aa82aa47492ac5193588f
ROUND fedrad round=181 clients=[78, 26, 35, 44, 29, 85, 64, 66, 97, 21] diagnostic_accuracy=67.3700% Gamma=0.000000 gate_passed=True fallback=functional_recovery_hungarian global_hash=355fee58b40fdf796cd35cca4556478c62503a09f8275e7109715f9a9b78ae74
ROUND fedrad round=182 clients=[78, 73, 10, 52, 54, 24, 44, 70, 99, 90] diagnostic_accuracy=67.1900% Gamma=0.000000 gate_passed=True fallback=functional_recovery_hungarian global_hash=5cac333cba163c8da7244e48702432db7903aacb79d202a2c19687ab20e96d8a
ROUND fedrad round=183 clients=[96, 38, 1, 4, 36, 19, 77, 52, 41, 49] diagnostic_accuracy=71.0200% Gamma=0.000000 gate_passed=True fallback=functional_recovery_hungarian global_hash=8095578a333fc202baa5cc99c4be23e23d8b45172a334bac594040aba1698d3d
ROUND fedrad round=184 clients=[87, 55, 49, 7, 51, 67, 40, 21, 34, 0] diagnostic_accuracy=73.3400% Gamma=0.000000 gate_passed=True fallback=functional_recovery_hungarian global_hash=590e81013abe6d05f2951848cf58bf95d21901fd324e37fe6eaa0c93c6d3c90c
ROUND fedrad round=185 clients=[74, 63, 39, 14, 96, 82, 21, 45, 88, 13] diagnostic_accuracy=68.6200% Gamma=0.000000 gate_passed=True fallback=functional_recovery_hungarian global_hash=bb92bdfda6de5aabd29f2a9358e6d27de9f3205c6370e2e3983283c449c13685
ROUND fedrad round=186 clients=[1, 26, 23, 59, 22, 57, 27, 60, 18, 69] diagnostic_accuracy=66.0600% Gamma=0.000000 gate_passed=True fallback=functional_recovery_hungarian global_hash=28b10daa7f6cbf275b0ac47a7af8d6e362b7bb9e15f20978493c230520e44927
ROUND fedrad round=187 clients=[34, 87, 43, 64, 27, 92, 78, 55, 68, 7] diagnostic_accuracy=69.7200% Gamma=0.000000 gate_passed=True fallback=functional_recovery_hungarian global_hash=7951a0d2bd5687d66c2064b460dbb54ffc0358c7ef1855cc4186a8841e454d6c
ROUND fedrad round=188 clients=[67, 20, 34, 69, 85, 14, 86, 81, 36, 76] diagnostic_accuracy=73.5500% Gamma=0.000000 gate_passed=True fallback=functional_recovery_hungarian global_hash=81aec0ac320fd963332ecd8ce24484353363085f9fc7eac79d054a81c8adf697
ROUND fedrad round=189 clients=[57, 7, 53, 49, 74, 65, 76, 29, 78, 80] diagnostic_accuracy=73.4100% Gamma=0.000000 gate_passed=True fallback=functional_recovery_hungarian global_hash=e2697e2c86e4805f2ff53954be1952342d254317a558431477d8cf4342f2fae9
ROUND fedrad round=190 clients=[71, 25, 7, 77, 39, 51, 87, 5, 45, 11] diagnostic_accuracy=62.3900% Gamma=0.000000 gate_passed=True fallback=functional_recovery_hungarian global_hash=fa14b61976e64b38d3ff6d56747689eb7bbb61f095370a23f201c8e14b05428b
ROUND fedrad round=191 clients=[60, 21, 34, 0, 98, 92, 44, 65, 66, 3] diagnostic_accuracy=69.3100% Gamma=0.000000 gate_passed=True fallback=functional_recovery_hungarian global_hash=016a2d861c2c72e89a3ec45c8f79bd5f3efe39af37c64fb1a26402fbc8426b22
ROUND fedrad round=192 clients=[36, 59, 66, 20, 0, 16, 86, 71, 90, 56] diagnostic_accuracy=73.6700% Gamma=0.000000 gate_passed=True fallback=functional_recovery_hungarian global_hash=cc98af5f60ccce7f14b5532f427135597346d76bdbd6cc688e6ac5f0b9600236
ROUND fedrad round=193 clients=[19, 22, 51, 45, 91, 26, 14, 83, 15, 67] diagnostic_accuracy=72.6600% Gamma=0.000000 gate_passed=True fallback=functional_recovery_hungarian global_hash=f97cdf5d7850329816a8aaf054450cb73d702c3c403231a717edd5f87731fdef
ROUND fedrad round=194 clients=[62, 14, 3, 92, 78, 33, 89, 48, 70, 31] diagnostic_accuracy=66.8400% Gamma=0.000000 gate_passed=True fallback=functional_recovery_hungarian global_hash=b54cc56e97d22b4f0fb77a168571325f8b08ac224b039ae033e24ad0f9954f68
ROUND fedrad round=195 clients=[37, 10, 88, 63, 53, 68, 2, 52, 26, 59] diagnostic_accuracy=66.8300% Gamma=0.000000 gate_passed=True fallback=functional_recovery_hungarian global_hash=2abc9eee81b79434c344ba90b563037b1ef5d141fc038c6d16a328f40f88f100
ROUND fedrad round=196 clients=[59, 71, 85, 49, 20, 10, 3, 86, 88, 33] diagnostic_accuracy=64.3100% Gamma=0.000000 gate_passed=True fallback=functional_recovery_hungarian global_hash=0382a918bf8e3000b116bde87257061021352a6e7ab332be97dc9b3e0cb1a2d7
ROUND fedrad round=197 clients=[9, 0, 18, 66, 44, 17, 92, 95, 64, 96] diagnostic_accuracy=68.3700% Gamma=0.000000 gate_passed=True fallback=functional_recovery_hungarian global_hash=b6582f2b437d0ad5a9f5f1f674104d080b38d852f9041b5162be0c67901677e7
ROUND fedrad round=198 clients=[70, 58, 24, 57, 32, 19, 43, 65, 5, 88] diagnostic_accuracy=60.7600% Gamma=0.000000 gate_passed=True fallback=functional_recovery_hungarian global_hash=eea28440dcee6098d5f201f7f7ef192587bddf8b631f8fec66f417b6dab9c6eb
ROUND fedrad round=199 clients=[61, 75, 68, 2, 6, 26, 1, 56, 78, 74] diagnostic_accuracy=68.4900% Gamma=0.000000 gate_passed=True fallback=functional_recovery_hungarian global_hash=9877ce522294bb2cb28cceda9b877fc362f6381d7809091045412287308b4f12
ROUND fedrad round=200 clients=[8, 57, 22, 90, 46, 9, 56, 99, 89, 4] diagnostic_accuracy=71.8900% Gamma=0.000000 gate_passed=True fallback=functional_recovery_hungarian global_hash=a67da0c72905cb059f1384b87d99c3bf72abddca8b289fcf24104bda62b2c919
FINAL_STATE_HASH a67da0c72905cb059f1384b87d99c3bf72abddca8b289fcf24104bda62b2c919
