Run directory: C:\Users\admin\Desktop\need_do\new_paper_four\FedPhoenix-new\results\multiprobe_functional_recovery_2of64\functional_recovery_seed1_20260906_031832_965945_multiprobe_m2_seed1_2of64_200r
Partition fingerprint: f8fcaa0f17c5d2078c5d24ece11b3f8cfcb82553733fb972155b7452d87a8fd0; device=cuda:0
ROUND fedrad round=1 clients=[80, 84, 33, 81, 93, 17, 36, 82, 69, 65] diagnostic_accuracy=10.0000% Gamma=0.000000 gate_passed=True fallback=functional_recovery_hungarian global_hash=c6432dd6d30651954c718691d66b95ead53f9f364bd41132c4908756853390e2
ROUND fedrad round=2 clients=[44, 96, 1, 35, 26, 11, 38, 82, 87, 3] diagnostic_accuracy=16.5600% Gamma=0.000000 gate_passed=True fallback=functional_recovery_hungarian global_hash=38f1bbec73363a3bce65e167fb1d76da9770d9ef726ad5cb8a3db273112fcb56
ROUND fedrad round=3 clients=[95, 67, 96, 71, 1, 80, 99, 45, 52, 27] diagnostic_accuracy=18.1200% Gamma=0.000000 gate_passed=True fallback=functional_recovery_hungarian global_hash=e358c51d5efc9966418a5686bdeefb5af3903a8cecb8283d93626822e9f05372
ROUND fedrad round=4 clients=[40, 10, 96, 66, 89, 32, 95, 55, 25, 5] diagnostic_accuracy=14.8200% Gamma=0.000000 gate_passed=True fallback=functional_recovery_hungarian global_hash=3501126a1e6533a04cd1c136d32293cfe29d3ebe9777c916806433847086e133
ROUND fedrad round=5 clients=[89, 99, 45, 96, 72, 9, 74, 88, 1, 38] diagnostic_accuracy=20.2300% Gamma=0.000000 gate_passed=True fallback=functional_recovery_hungarian global_hash=6b23a14022c0458339b789abbd3ef06666249dcc3917062bd0796b88451d480d
ROUND fedrad round=6 clients=[0, 86, 4, 23, 24, 1, 62, 83, 66, 93] diagnostic_accuracy=20.9600% Gamma=0.000000 gate_passed=True fallback=functional_recovery_hungarian global_hash=519b4793306846a179c21b6e2eaf7e3d35016362b9e44ce7524133da3c88ba3f
ROUND fedrad round=7 clients=[6, 59, 72, 30, 91, 43, 75, 76, 15, 61] diagnostic_accuracy=25.5900% Gamma=0.000000 gate_passed=True fallback=functional_recovery_hungarian global_hash=e085c339199a67382b8ce36225f3757dba96e8b379733a0433ed83ed045f49f0
ROUND fedrad round=8 clients=[44, 88, 74, 48, 59, 79, 25, 52, 45, 55] diagnostic_accuracy=20.3200% Gamma=0.000000 gate_passed=True fallback=functional_recovery_hungarian global_hash=6726feed7fc99ce290fbe04164a85daa3ffd90e51352a1b59c72ed3b0145d481
ROUND fedrad round=9 clients=[3, 60, 35, 33, 22, 66, 45, 68, 67, 75] diagnostic_accuracy=26.0900% Gamma=0.000000 gate_passed=True fallback=functional_recovery_hungarian global_hash=253dea9423c54866b2f99f8b761c78c030ca1f2359719491403ece39018e57c3
ROUND fedrad round=10 clients=[64, 91, 12, 52, 16, 65, 50, 68, 33, 30] diagnostic_accuracy=28.1900% Gamma=0.000000 gate_passed=True fallback=functional_recovery_hungarian global_hash=8e723c1368457a0f90e91a1f00ae94af2502715354fb8561f51c8a9292b3356f
ROUND fedrad round=11 clients=[54, 27, 23, 37, 75, 33, 41, 46, 52, 24] diagnostic_accuracy=26.0200% Gamma=0.000000 gate_passed=True fallback=functional_recovery_hungarian global_hash=c7ae8f7993a4b4ce8e4e3da6b03ca0a627fb79d754f5acfff8da3b070019e4bb
ROUND fedrad round=12 clients=[54, 45, 28, 44, 15, 1, 93, 12, 88, 40] diagnostic_accuracy=27.7700% Gamma=0.000000 gate_passed=True fallback=functional_recovery_hungarian global_hash=34701aa385d90ecb367007c44bf77278e91837d23df406edee53fe4ebb22b889
ROUND fedrad round=13 clients=[70, 75, 5, 68, 36, 79, 72, 78, 57, 44] diagnostic_accuracy=27.8000% Gamma=0.000000 gate_passed=True fallback=functional_recovery_hungarian global_hash=702b681ae55c9ccbdf758ad3793e622d9722a36c9d36b1988e879748c3df541f
ROUND fedrad round=14 clients=[41, 9, 30, 89, 40, 49, 3, 22, 8, 16] diagnostic_accuracy=31.5200% Gamma=0.000000 gate_passed=True fallback=functional_recovery_hungarian global_hash=b7530c1400958f7fb34672ef16e201b821e4a79f9e99706528ae92d60a4e2704
ROUND fedrad round=15 clients=[82, 28, 69, 81, 56, 71, 85, 27, 37, 66] diagnostic_accuracy=27.7800% Gamma=0.000000 gate_passed=True fallback=functional_recovery_hungarian global_hash=4c5c3c0054ac37af7b7652c66e03ccca21357ba6e0719e1caa4484ecfd02eceb
ROUND fedrad round=16 clients=[60, 13, 26, 12, 1, 28, 88, 86, 11, 43] diagnostic_accuracy=31.5900% Gamma=0.000000 gate_passed=True fallback=functional_recovery_hungarian global_hash=8e87aa4c243abbff6f758700b1eea1020f28b442c28a2df55db2eb4cdc359613
ROUND fedrad round=17 clients=[93, 16, 72, 75, 10, 4, 38, 71, 42, 62] diagnostic_accuracy=29.8800% Gamma=0.000000 gate_passed=True fallback=functional_recovery_hungarian global_hash=f6eeb5f9f2550ec8dffc753a0bd67fa8ba10002ae83c47495bc05a5268348780
ROUND fedrad round=18 clients=[36, 47, 1, 64, 57, 97, 29, 6, 67, 92] diagnostic_accuracy=30.5600% Gamma=0.000000 gate_passed=True fallback=functional_recovery_hungarian global_hash=f12d16c64937b93880f84bbacb6f0ef957ab588895bab8d0b53c74f2c78e4c2b
ROUND fedrad round=19 clients=[48, 87, 17, 57, 22, 81, 4, 51, 94, 63] diagnostic_accuracy=29.9600% Gamma=0.000000 gate_passed=True fallback=functional_recovery_hungarian global_hash=32e8c0162256e7ae0206cfb24ca94806354ac5f02f4e58a3fccf9b83476a66b1
ROUND fedrad round=20 clients=[9, 17, 59, 11, 2, 95, 68, 28, 60, 14] diagnostic_accuracy=32.6700% Gamma=0.000000 gate_passed=True fallback=functional_recovery_hungarian global_hash=4259d79830d33957b17242bf2abf21886c32d39929493aa810172ea01f1b219c
ROUND fedrad round=21 clients=[26, 25, 15, 93, 45, 54, 68, 90, 76, 10] diagnostic_accuracy=26.8100% Gamma=0.000000 gate_passed=True fallback=functional_recovery_hungarian global_hash=2bf3d665059b1b1394aa793312b2b704a94888c31a3da3a523b51811717c853e
ROUND fedrad round=22 clients=[84, 74, 93, 1, 48, 44, 29, 26, 94, 75] diagnostic_accuracy=29.8300% Gamma=0.000000 gate_passed=True fallback=functional_recovery_hungarian global_hash=36c80982d62fd494aa957b587cdd4749f7beeb37ae89810bd03bcf5f590fb866
ROUND fedrad round=23 clients=[71, 58, 50, 22, 59, 84, 10, 70, 43, 67] diagnostic_accuracy=32.5600% Gamma=0.000000 gate_passed=True fallback=functional_recovery_hungarian global_hash=ded49bc5ff7a007864600dd25881c8bda3fa312a07ce22736925007d94b72ae0
ROUND fedrad round=24 clients=[70, 54, 33, 75, 31, 58, 17, 6, 3, 51] diagnostic_accuracy=33.9100% Gamma=0.000000 gate_passed=True fallback=functional_recovery_hungarian global_hash=928edeb0b41347035c170c74dd667794f33269b8c18bd26de17736f04d34666f
ROUND fedrad round=25 clients=[42, 87, 33, 36, 30, 84, 78, 98, 71, 75] diagnostic_accuracy=17.1800% Gamma=0.000000 gate_passed=True fallback=functional_recovery_hungarian global_hash=f63182ee10dfa79c6aca703f659fe52042b077c544f50b2f92cb1ec953f5a8af
ROUND fedrad round=26 clients=[41, 47, 34, 10, 51, 11, 50, 16, 86, 64] diagnostic_accuracy=40.0600% Gamma=0.000000 gate_passed=True fallback=functional_recovery_hungarian global_hash=41196cb1a38c4f9107d89ac9fdfcbcf10e6aeea942eaa5fcd4d63982fc20fbb4
ROUND fedrad round=27 clients=[58, 82, 63, 50, 98, 84, 4, 46, 65, 88] diagnostic_accuracy=33.2200% Gamma=0.000000 gate_passed=True fallback=functional_recovery_hungarian global_hash=62818695ccd978bf706ec20b42b440dc360c0635e3822ed27ceda8e3555be72b
ROUND fedrad round=28 clients=[99, 88, 69, 16, 46, 29, 90, 91, 4, 45] diagnostic_accuracy=39.1400% Gamma=0.000000 gate_passed=True fallback=functional_recovery_hungarian global_hash=d9af040c32db41e59daa9324da8983f176abfe5e69298af4262053b98b57b726
ROUND fedrad round=29 clients=[80, 73, 28, 34, 1, 10, 13, 65, 5, 49] diagnostic_accuracy=42.2700% Gamma=0.000000 gate_passed=True fallback=functional_recovery_hungarian global_hash=ad06d12482e1b7da47eb9ac3921d02ad6e4e1987f217a7041be6670404352ce7
ROUND fedrad round=30 clients=[62, 41, 74, 11, 99, 8, 75, 26, 81, 85] diagnostic_accuracy=36.7600% Gamma=0.000000 gate_passed=True fallback=functional_recovery_hungarian global_hash=d1f779a18fe6eaa015c2c927b77cfae96909d62d352be3213c83425ace5292fd
ROUND fedrad round=31 clients=[96, 81, 77, 83, 14, 50, 13, 67, 53, 91] diagnostic_accuracy=46.5400% Gamma=0.000000 gate_passed=True fallback=functional_recovery_hungarian global_hash=7d5c4ab4a1788ccc38d183268df4b96d8d984d7990be7c52593b2bac6bd0d188
ROUND fedrad round=32 clients=[40, 73, 70, 3, 6, 94, 1, 25, 20, 10] diagnostic_accuracy=35.9800% Gamma=0.000000 gate_passed=True fallback=functional_recovery_hungarian global_hash=afaf0e590018f60318916bfc2e951074ed934c4aa2457de1e4d83e6b40a0dd82
ROUND fedrad round=33 clients=[45, 16, 51, 88, 17, 78, 36, 44, 21, 62] diagnostic_accuracy=42.6200% Gamma=0.000000 gate_passed=True fallback=functional_recovery_hungarian global_hash=63b3999c9a3b0962b69fb5d9917d954465702a5db5d17c7314b39f2f0e6eac65
ROUND fedrad round=34 clients=[92, 43, 97, 61, 58, 67, 1, 98, 30, 75] diagnostic_accuracy=42.7300% Gamma=0.000000 gate_passed=True fallback=functional_recovery_hungarian global_hash=06292e5e80fa7518c6093962e9ad6e1fa3bdd607b81f1c6e843abe7ae7cc5cb0
ROUND fedrad round=35 clients=[31, 89, 17, 66, 92, 23, 96, 9, 35, 20] diagnostic_accuracy=40.6900% Gamma=0.000000 gate_passed=True fallback=functional_recovery_hungarian global_hash=be2d39ecae6ccc8e4275b9d7aad5ff21708cf72953adc2083dd004e1eaf9ca58
ROUND fedrad round=36 clients=[72, 68, 65, 28, 23, 85, 16, 60, 73, 78] diagnostic_accuracy=49.1500% Gamma=0.000000 gate_passed=True fallback=functional_recovery_hungarian global_hash=ad576ff7ee8deffb317085922cfa9cadc9f0062187dab30406fd6dd39d02acf5
ROUND fedrad round=37 clients=[66, 49, 62, 9, 84, 68, 74, 3, 44, 71] diagnostic_accuracy=29.3500% Gamma=0.000000 gate_passed=True fallback=functional_recovery_hungarian global_hash=081b3e1dfd05cc1bdc0f81636745dca20163e7a5c0a434b3c401302e8132e52f
ROUND fedrad round=38 clients=[50, 73, 27, 38, 8, 53, 21, 14, 28, 64] diagnostic_accuracy=47.4100% Gamma=0.000000 gate_passed=True fallback=functional_recovery_hungarian global_hash=b8425f98c44bb2b632fd57a63333a9af03e3e3cc87ec4091584464b76085efae
ROUND fedrad round=39 clients=[48, 87, 40, 59, 3, 10, 75, 35, 49, 89] diagnostic_accuracy=45.2800% Gamma=0.000000 gate_passed=True fallback=functional_recovery_hungarian global_hash=c854f00936ee834adee58f917e857215cbd315f2142500cbbf9cf38af198d219
ROUND fedrad round=40 clients=[83, 93, 34, 60, 90, 45, 42, 41, 91, 36] diagnostic_accuracy=48.6100% Gamma=0.000000 gate_passed=True fallback=functional_recovery_hungarian global_hash=621ef9851de25c3875112e619c1d67f272e11512f3451b501d6565f01fbc0293
ROUND fedrad round=41 clients=[75, 52, 20, 80, 90, 93, 4, 51, 13, 98] diagnostic_accuracy=42.5100% Gamma=0.000000 gate_passed=True fallback=functional_recovery_hungarian global_hash=dc8e349420f9399ea2f2e18f191a378f12fed9a2cc7be76fba25121c1a62a503
ROUND fedrad round=42 clients=[98, 79, 17, 10, 3, 12, 29, 26, 54, 58] diagnostic_accuracy=32.5100% Gamma=0.000000 gate_passed=True fallback=functional_recovery_hungarian global_hash=8497436ea0ce7a951313b45d953360782abd5e2c89ff2ed378886fcb8efcae2e
ROUND fedrad round=43 clients=[32, 15, 47, 9, 7, 16, 24, 57, 71, 28] diagnostic_accuracy=45.4900% Gamma=0.000000 gate_passed=True fallback=functional_recovery_hungarian global_hash=3e172b760385e692ac7f48387ffb2b36e688e1295dc2623c68b55ea6676f3f29
ROUND fedrad round=44 clients=[76, 67, 81, 35, 44, 49, 32, 99, 69, 51] diagnostic_accuracy=48.7100% Gamma=0.000000 gate_passed=True fallback=functional_recovery_hungarian global_hash=1440befb12c03a5260557ceb0d321edcf1de1a2e7ea29dc0f7163645654ec8f9
ROUND fedrad round=45 clients=[42, 4, 95, 71, 84, 22, 61, 5, 10, 28] diagnostic_accuracy=45.1100% Gamma=0.000000 gate_passed=True fallback=functional_recovery_hungarian global_hash=d56f12739b034711d3b15ab3e983ec01764bce27c866ff3865ba2858cd14aede
ROUND fedrad round=46 clients=[61, 52, 80, 26, 37, 44, 85, 1, 99, 55] diagnostic_accuracy=54.6500% Gamma=0.000000 gate_passed=True fallback=functional_recovery_hungarian global_hash=8cd86dbb137a9ef4e54db78cf843cf1885659c56d0e5080bbd259de1f1fee508
ROUND fedrad round=47 clients=[23, 10, 75, 28, 19, 22, 43, 13, 98, 85] diagnostic_accuracy=51.0700% Gamma=0.000000 gate_passed=True fallback=functional_recovery_hungarian global_hash=a3c38e872d8a1d4e112bb1b32a5a044ba400a4404eb193e62e5a764472cd6ea0
ROUND fedrad round=48 clients=[18, 1, 96, 63, 59, 71, 88, 39, 97, 68] diagnostic_accuracy=49.2500% Gamma=0.000000 gate_passed=True fallback=functional_recovery_hungarian global_hash=4a3d9ca2b5f3b7daf9e58ad329ff7431bdba42748ef2d90365568d26ce4a584e
ROUND fedrad round=49 clients=[44, 11, 93, 47, 54, 9, 81, 94, 45, 65] diagnostic_accuracy=55.6700% Gamma=0.000000 gate_passed=True fallback=functional_recovery_hungarian global_hash=3d0d5b73c9ad473e5aae1ce70b60d899c4ee147fd35eda9046fb031a224e1f59
ROUND fedrad round=50 clients=[48, 43, 51, 76, 99, 39, 38, 73, 89, 80] diagnostic_accuracy=51.4700% Gamma=0.000000 gate_passed=True fallback=functional_recovery_hungarian global_hash=8541ee36824b389a13cbc75eda4200c60915a4fc932768cb3cf279d1fcd61fa4
ROUND fedrad round=51 clients=[34, 16, 99, 17, 62, 58, 96, 29, 90, 30] diagnostic_accuracy=54.9000% Gamma=0.000000 gate_passed=True fallback=functional_recovery_hungarian global_hash=4d6fa05cfd9ee3b560c4ac0d5a70da0fe6551ec360227bf24848f5c7b3620a75
ROUND fedrad round=52 clients=[8, 59, 78, 95, 25, 35, 99, 86, 54, 64] diagnostic_accuracy=57.4100% Gamma=0.000000 gate_passed=True fallback=functional_recovery_hungarian global_hash=9ec240cda7e6fb8ad69385684b9140d84023caeebeaa8a0967a4a8b4d76445fb
ROUND fedrad round=53 clients=[87, 42, 55, 74, 37, 10, 26, 23, 57, 62] diagnostic_accuracy=51.7400% Gamma=0.000000 gate_passed=True fallback=functional_recovery_hungarian global_hash=5e94534fe78f02b40e16333824b85a113d64430ca74b69b25a6ea4701c38cd92
ROUND fedrad round=54 clients=[84, 2, 76, 48, 68, 40, 92, 8, 42, 46] diagnostic_accuracy=56.1000% Gamma=0.000000 gate_passed=True fallback=functional_recovery_hungarian global_hash=9acbd058d47a945822a98ac87d2ebeeeb1bec94eef63041e58a2669366c3f910
ROUND fedrad round=55 clients=[91, 70, 16, 58, 10, 35, 31, 86, 62, 54] diagnostic_accuracy=55.7700% Gamma=0.000000 gate_passed=True fallback=functional_recovery_hungarian global_hash=d856acefeb9d75278ad2791fd40e725d6536af385420262ec8a3e7bc0383732b
ROUND fedrad round=56 clients=[32, 41, 20, 75, 69, 62, 74, 38, 80, 58] diagnostic_accuracy=47.3700% Gamma=0.000000 gate_passed=True fallback=functional_recovery_hungarian global_hash=bafc2704881a77291548c6a083c0551b1e402f0fd74c0eab84e8df3f5ff252db
ROUND fedrad round=57 clients=[89, 0, 84, 16, 97, 67, 41, 38, 59, 60] diagnostic_accuracy=50.3700% Gamma=0.000000 gate_passed=True fallback=functional_recovery_hungarian global_hash=bb478e29995a39ec22f7268f8e641d7e124a8dee82ae18ba19a478daf0a387f5
ROUND fedrad round=58 clients=[59, 21, 34, 35, 95, 41, 9, 12, 47, 42] diagnostic_accuracy=52.6400% Gamma=0.000000 gate_passed=True fallback=functional_recovery_hungarian global_hash=65baca1b32875b325797a6ad040dc48b3afaaa0f5c7ec9ab3b0e5c27f34ddcb5
ROUND fedrad round=59 clients=[88, 78, 75, 43, 57, 63, 34, 79, 17, 93] diagnostic_accuracy=50.9200% Gamma=0.000000 gate_passed=True fallback=functional_recovery_hungarian global_hash=a21fc776cbc727fa5f5eefb48a8de3a3ba40c2570cee8ecfacc0254b0e86c26d
ROUND fedrad round=60 clients=[76, 35, 9, 75, 32, 97, 53, 72, 27, 91] diagnostic_accuracy=51.8600% Gamma=0.000000 gate_passed=True fallback=functional_recovery_hungarian global_hash=cdc074b96667ecfffe6b1ef7e3b9a1d456163020dd5cd99f7a42cf339bb565e4
ROUND fedrad round=61 clients=[60, 14, 9, 43, 15, 68, 7, 44, 65, 89] diagnostic_accuracy=60.0100% Gamma=0.000000 gate_passed=True fallback=functional_recovery_hungarian global_hash=7cc9758be4c2ab542ea8da91a2070a2a2fbc4fc58ffbf29ba96a26b898392245
ROUND fedrad round=62 clients=[56, 67, 28, 93, 30, 71, 78, 48, 25, 19] diagnostic_accuracy=58.7900% Gamma=0.000000 gate_passed=True fallback=functional_recovery_hungarian global_hash=499cfef248516c35dc84d6cb5b40bbb5966920565719cb51c889c39b60001106
ROUND fedrad round=63 clients=[61, 18, 63, 89, 0, 99, 42, 76, 81, 9] diagnostic_accuracy=55.2100% Gamma=0.000000 gate_passed=True fallback=functional_recovery_hungarian global_hash=e91417306e71520288ffaf5a0f0916790488fc6d6cbf319d0545dbc227517777
ROUND fedrad round=64 clients=[14, 22, 8, 93, 29, 90, 73, 28, 57, 58] diagnostic_accuracy=59.2200% Gamma=0.000000 gate_passed=True fallback=functional_recovery_hungarian global_hash=c54e085b97ab7dc6205827b1342860950ed66b152976960e154ae10ced3ca6c6
ROUND fedrad round=65 clients=[16, 90, 78, 23, 55, 61, 31, 0, 11, 82] diagnostic_accuracy=60.2700% Gamma=0.000000 gate_passed=True fallback=functional_recovery_hungarian global_hash=0afe9d5eac77ab8202ede97389601f65b77cc2572faa9ff81d3e8d11f86be53a
ROUND fedrad round=66 clients=[28, 65, 16, 72, 11, 36, 19, 51, 81, 53] diagnostic_accuracy=60.4600% Gamma=0.000000 gate_passed=True fallback=functional_recovery_hungarian global_hash=d8c84b94fcae87cbca8aaa045390ba0fcebad00b6b67419777f22db7e209097a
ROUND fedrad round=67 clients=[53, 63, 96, 28, 78, 90, 58, 73, 34, 4] diagnostic_accuracy=59.5900% Gamma=0.000000 gate_passed=True fallback=functional_recovery_hungarian global_hash=da178e479db3bcf225fd24ec83357617f9d0505781087df5d8c74bd2ebc80c74
ROUND fedrad round=68 clients=[38, 57, 22, 41, 70, 39, 10, 5, 17, 32] diagnostic_accuracy=56.2500% Gamma=0.000000 gate_passed=True fallback=functional_recovery_hungarian global_hash=30af250e92051fff73dd344feb318e827bae127022fc5807a3403968294f5c0e
ROUND fedrad round=69 clients=[60, 67, 48, 59, 46, 94, 22, 29, 53, 97] diagnostic_accuracy=61.0200% Gamma=0.000000 gate_passed=True fallback=functional_recovery_hungarian global_hash=41dc98cd156f1ca9b5572a7e888f9959812c21654bd90020726f6f70d0c01343
ROUND fedrad round=70 clients=[61, 33, 76, 48, 37, 54, 38, 13, 8, 39] diagnostic_accuracy=51.7900% Gamma=0.000000 gate_passed=True fallback=functional_recovery_hungarian global_hash=31bf9bce0f48e284164cad79982584fa5416ad684af4224ab92e6dc6edf9c61b
ROUND fedrad round=71 clients=[31, 88, 91, 25, 50, 95, 67, 45, 80, 70] diagnostic_accuracy=58.7000% Gamma=0.000000 gate_passed=True fallback=functional_recovery_hungarian global_hash=e4c012710b07139f2f283c70ba0e23accce32543749202a9aefaa00f7d224241
ROUND fedrad round=72 clients=[3, 23, 17, 94, 61, 43, 63, 91, 37, 84] diagnostic_accuracy=45.8000% Gamma=0.000000 gate_passed=True fallback=functional_recovery_hungarian global_hash=ab4bb7c1ac1be0f5df69a786b58f2eb1c4425c0145f0d4aeaaff9a74b426e401
ROUND fedrad round=73 clients=[11, 73, 78, 47, 45, 83, 36, 75, 91, 57] diagnostic_accuracy=62.6000% Gamma=0.000000 gate_passed=True fallback=functional_recovery_hungarian global_hash=e40778fbdceeea0b676fbfa4be44b81e8336a5e514b7123daf7efbc6d6d1ef2c
ROUND fedrad round=74 clients=[46, 54, 66, 62, 96, 49, 24, 75, 60, 52] diagnostic_accuracy=57.2400% Gamma=0.000000 gate_passed=True fallback=functional_recovery_hungarian global_hash=3dbdf48f09e56f51e8da02537bbbbf916315b1f3662110ba777c2e4120796209
ROUND fedrad round=75 clients=[75, 51, 39, 89, 14, 54, 41, 30, 24, 80] diagnostic_accuracy=53.7400% Gamma=0.000000 gate_passed=True fallback=functional_recovery_hungarian global_hash=85533ec57aa1e1d7aedc79ee2bf52cc1cc31b37f03010691cef0953c7d71614d
ROUND fedrad round=76 clients=[67, 90, 45, 78, 32, 86, 50, 55, 33, 60] diagnostic_accuracy=63.9900% Gamma=0.000000 gate_passed=True fallback=functional_recovery_hungarian global_hash=f42aa659ba452ec468646d4a0f62c40d022d68a8d5a36e74d4e2c345c4e2cbe4
ROUND fedrad round=77 clients=[4, 16, 51, 33, 89, 30, 13, 77, 43, 85] diagnostic_accuracy=58.1900% Gamma=0.000000 gate_passed=True fallback=functional_recovery_hungarian global_hash=248af4d0cb30fb8fd350b1f873102c166f778674542ce4d9b685cb089c5109b0
ROUND fedrad round=78 clients=[97, 76, 96, 72, 42, 17, 33, 51, 24, 36] diagnostic_accuracy=61.7900% Gamma=0.000000 gate_passed=True fallback=functional_recovery_hungarian global_hash=84438acf287a843d410a5dc2eaa6fdb9aa7ac03dd3c5ba0a0c3da22b0d02ca4f
ROUND fedrad round=79 clients=[22, 47, 61, 27, 50, 96, 89, 97, 85, 30] diagnostic_accuracy=60.8400% Gamma=0.000000 gate_passed=True fallback=functional_recovery_hungarian global_hash=e7954c55fcbdcae8205909dfa11ab30eefdf7b81688080d9f2d776477f7f9174
ROUND fedrad round=80 clients=[44, 70, 23, 38, 74, 21, 82, 4, 88, 98] diagnostic_accuracy=56.3600% Gamma=0.000000 gate_passed=True fallback=functional_recovery_hungarian global_hash=fffbfea6d5c10d17c02bf390a5f7deed51bee9739a8af9fec626c986323dd071
ROUND fedrad round=81 clients=[90, 72, 65, 50, 85, 56, 4, 80, 31, 17] diagnostic_accuracy=57.5800% Gamma=0.000000 gate_passed=True fallback=functional_recovery_hungarian global_hash=00791a95ed4d4e5b5e3403dd0d6f62d273b5581c0d695fe5928bf9c90d5292bf
ROUND fedrad round=82 clients=[61, 40, 41, 34, 97, 51, 50, 13, 22, 8] diagnostic_accuracy=62.0700% Gamma=0.000000 gate_passed=True fallback=functional_recovery_hungarian global_hash=ea566e3d321066a26eb25821be642103c379b2e3309bc972cd81b3bc61ce1bcf
ROUND fedrad round=83 clients=[87, 54, 63, 83, 96, 26, 0, 59, 69, 14] diagnostic_accuracy=61.5700% Gamma=0.000000 gate_passed=True fallback=functional_recovery_hungarian global_hash=7060faa52b3f31b2d0a3f0b8bc515e70b826dc9853062651a3f3c901349013c1
ROUND fedrad round=84 clients=[58, 47, 83, 36, 8, 2, 56, 49, 10, 38] diagnostic_accuracy=52.5400% Gamma=0.000000 gate_passed=True fallback=functional_recovery_hungarian global_hash=7506f6c23d3e4ffa39d807de8e71346b4f3438efad44943c8e1b61a514b425d7
ROUND fedrad round=85 clients=[89, 90, 81, 54, 59, 4, 53, 47, 52, 19] diagnostic_accuracy=64.5200% Gamma=0.000000 gate_passed=True fallback=functional_recovery_hungarian global_hash=46c83f8ee4a3af62532c586cc75ef448a96bc2205d6eca519ae1414bcb319bce
ROUND fedrad round=86 clients=[24, 13, 81, 73, 19, 55, 40, 76, 57, 96] diagnostic_accuracy=62.1500% Gamma=0.000000 gate_passed=True fallback=functional_recovery_hungarian global_hash=53e62cfe410b8c71eb7b380240ebbd80adb699c12d975ab529a74f2e8ed265d6
ROUND fedrad round=87 clients=[31, 75, 94, 20, 87, 26, 29, 70, 2, 50] diagnostic_accuracy=57.9100% Gamma=0.000000 gate_passed=True fallback=functional_recovery_hungarian global_hash=b187372e42935155bb361e147c756ed2acca9b3224c7f80e434d94ce0e55810a
ROUND fedrad round=88 clients=[0, 9, 46, 37, 72, 83, 73, 16, 55, 27] diagnostic_accuracy=55.2500% Gamma=0.000000 gate_passed=True fallback=functional_recovery_hungarian global_hash=123b45cf4429bde7cf5f4c50a93b10050476bd02b176b2b5879a17afdf9f5b02
ROUND fedrad round=89 clients=[80, 29, 9, 50, 26, 81, 48, 82, 37, 15] diagnostic_accuracy=55.0200% Gamma=0.000000 gate_passed=True fallback=functional_recovery_hungarian global_hash=6e380f724ac89721ca5d4478b96f50778adbba837f6075ba8d117dec7a1b8db7
ROUND fedrad round=90 clients=[82, 6, 87, 74, 29, 50, 62, 67, 12, 83] diagnostic_accuracy=68.6200% Gamma=0.000000 gate_passed=True fallback=functional_recovery_hungarian global_hash=7d31a34aa62a65e0e65d3227617930fad29a968e09ae56ba5fd729eb49e35bcd
ROUND fedrad round=91 clients=[36, 75, 89, 43, 12, 21, 95, 72, 24, 63] diagnostic_accuracy=54.8300% Gamma=0.000000 gate_passed=True fallback=functional_recovery_hungarian global_hash=b8f0564a2508bb5d35c41590feb8dd8fb9df4366c2083c73973985f8eadfa9a8
ROUND fedrad round=92 clients=[34, 15, 31, 94, 46, 70, 19, 80, 6, 88] diagnostic_accuracy=62.3000% Gamma=0.000000 gate_passed=True fallback=functional_recovery_hungarian global_hash=17584b9203f0cbe910d0fb7cf4be1f3f025d1445ed1f33b6c07bcfbed77bb2a5
ROUND fedrad round=93 clients=[70, 92, 72, 77, 23, 53, 1, 12, 97, 93] diagnostic_accuracy=58.7700% Gamma=0.000000 gate_passed=True fallback=functional_recovery_hungarian global_hash=3f0eb5adf48489361717bb32aa73fcda5d0a15c582d65f1a9091b617286e4d1f
ROUND fedrad round=94 clients=[13, 38, 36, 14, 57, 77, 66, 73, 3, 0] diagnostic_accuracy=58.6400% Gamma=0.000000 gate_passed=True fallback=functional_recovery_hungarian global_hash=b7e3130ceee965376cf3e003af653c545628f2be6c194ab9f121ece8c9131555
ROUND fedrad round=95 clients=[13, 19, 10, 24, 76, 57, 88, 23, 61, 31] diagnostic_accuracy=59.8600% Gamma=0.000000 gate_passed=True fallback=functional_recovery_hungarian global_hash=877ed0d193c2a90c068187ab2ca212bd8fc479b468f0e4b0ab7614e88d721b48
ROUND fedrad round=96 clients=[18, 45, 94, 24, 56, 67, 10, 14, 13, 9] diagnostic_accuracy=66.3400% Gamma=0.000000 gate_passed=True fallback=functional_recovery_hungarian global_hash=e4d943bd2346fd16cfa6af75b4d2beb81e42807898281506828ee9dadf02c1d2
ROUND fedrad round=97 clients=[13, 48, 73, 93, 70, 1, 43, 77, 76, 88] diagnostic_accuracy=59.6100% Gamma=0.000000 gate_passed=True fallback=functional_recovery_hungarian global_hash=91d85beeda02c06dbec3b3343636b0323aa1f60f070c15d984fdbe2fb9190cd8
ROUND fedrad round=98 clients=[21, 45, 83, 68, 75, 65, 96, 1, 77, 73] diagnostic_accuracy=66.0600% Gamma=0.000000 gate_passed=True fallback=functional_recovery_hungarian global_hash=b046f705cb6b94075589bc2900b7d7e94e6d13af30be6cee1de4a31dc3b00c8b
ROUND fedrad round=99 clients=[81, 84, 60, 18, 45, 47, 94, 83, 76, 22] diagnostic_accuracy=58.2100% Gamma=0.000000 gate_passed=True fallback=functional_recovery_hungarian global_hash=1131131f97ec93877db6d32c481d998964b3eed91f66489b6fb70417e9840a0c
ROUND fedrad round=100 clients=[21, 69, 47, 34, 65, 81, 93, 44, 30, 84] diagnostic_accuracy=58.7900% Gamma=0.000000 gate_passed=True fallback=functional_recovery_hungarian global_hash=a6b3b27410c944dea71d36743a6d55b147b3c7fc736b2a9618acdc1586155bb4
ROUND fedrad round=101 clients=[22, 38, 77, 15, 11, 61, 37, 34, 87, 3] diagnostic_accuracy=64.2600% Gamma=0.000000 gate_passed=True fallback=functional_recovery_hungarian global_hash=ae434d78f6f57793d962b02fee28bf4f376726c4357f1ba4fa7846d290694b81
ROUND fedrad round=102 clients=[96, 9, 26, 58, 69, 44, 13, 93, 61, 43] diagnostic_accuracy=58.4800% Gamma=0.000000 gate_passed=True fallback=functional_recovery_hungarian global_hash=d7a0f0d58bf73220f18bcc46042b00d0479913c267f8bbd92c70ea12d0d878f3
ROUND fedrad round=103 clients=[13, 34, 27, 16, 72, 98, 14, 19, 9, 46] diagnostic_accuracy=57.3000% Gamma=0.000000 gate_passed=True fallback=functional_recovery_hungarian global_hash=a93e1c8581443b38c734c4906c8fc3b1e1b883105e769adc1ce2613846b22a5b
ROUND fedrad round=104 clients=[29, 72, 81, 80, 68, 85, 14, 0, 93, 52] diagnostic_accuracy=66.3300% Gamma=0.000000 gate_passed=True fallback=functional_recovery_hungarian global_hash=54d3ce1dc080fe8b8f09e37ba20a72c822ed14ad2f66e9b65898cbdc9b8a4cc1
ROUND fedrad round=105 clients=[17, 69, 35, 86, 83, 84, 23, 56, 89, 60] diagnostic_accuracy=64.6800% Gamma=0.000000 gate_passed=True fallback=functional_recovery_hungarian global_hash=bef4bbb2183f836e6edb41df4b8c9e579fd6d52728e84d1f2b90b3c9e740a58b
ROUND fedrad round=106 clients=[94, 79, 36, 8, 19, 16, 13, 30, 25, 3] diagnostic_accuracy=51.7000% Gamma=0.000000 gate_passed=True fallback=functional_recovery_hungarian global_hash=40e1d920df1019a6a2991f6209f664a5e525a2c3247eed75e758d3e14fe89f15
ROUND fedrad round=107 clients=[45, 82, 32, 52, 17, 96, 6, 57, 67, 74] diagnostic_accuracy=61.2100% Gamma=0.000000 gate_passed=True fallback=functional_recovery_hungarian global_hash=d5f7d153f2b2355fc639c7c0c82fef83ef62f0f2819b6d69a70ee2fc833afc70
ROUND fedrad round=108 clients=[61, 20, 59, 99, 39, 42, 73, 53, 45, 8] diagnostic_accuracy=69.8700% Gamma=0.000000 gate_passed=True fallback=functional_recovery_hungarian global_hash=1b289bfce35700239c5a630aec6b5ddbae60e2f134f62626c6c59d01ccb2b841
ROUND fedrad round=109 clients=[60, 38, 5, 54, 66, 33, 80, 83, 9, 4] diagnostic_accuracy=60.9100% Gamma=0.000000 gate_passed=True fallback=functional_recovery_hungarian global_hash=2acf5229b0f4f48a93f43ae94a47dad0f03329576d25c7e1ebcd76035119cb2c
ROUND fedrad round=110 clients=[39, 44, 62, 4, 42, 25, 0, 45, 29, 93] diagnostic_accuracy=70.9300% Gamma=0.000000 gate_passed=True fallback=functional_recovery_hungarian global_hash=0d0341f13645e80cb95f1acef121803c97ba705e5da8904d02dae8aaa275406f
ROUND fedrad round=111 clients=[96, 54, 19, 97, 92, 31, 81, 2, 24, 9] diagnostic_accuracy=70.6400% Gamma=0.000000 gate_passed=True fallback=functional_recovery_hungarian global_hash=265d83b0f54dcfc620e837a0aba53960c010b516223c9a112ff403e487e98cf6
ROUND fedrad round=112 clients=[9, 19, 7, 49, 45, 35, 80, 85, 40, 89] diagnostic_accuracy=67.0300% Gamma=0.000000 gate_passed=True fallback=functional_recovery_hungarian global_hash=f6b88a9542b70abbc18b5afb198ad25a0e62020059d337272bc38eecbd1a2805
ROUND fedrad round=113 clients=[73, 66, 18, 74, 33, 2, 87, 29, 98, 91] diagnostic_accuracy=62.9100% Gamma=0.000000 gate_passed=True fallback=functional_recovery_hungarian global_hash=a47a03591f65de9beb6a41056c25722f52b363e10daaf99d2179b19b88e8f08e
ROUND fedrad round=114 clients=[40, 31, 27, 50, 71, 81, 99, 97, 73, 49] diagnostic_accuracy=58.6000% Gamma=0.000000 gate_passed=True fallback=functional_recovery_hungarian global_hash=0437aa2aa48e519eeb956c1c248b038d5695a4165de9099edcb66f8d853f3d3b
ROUND fedrad round=115 clients=[61, 64, 42, 88, 27, 95, 92, 50, 45, 85] diagnostic_accuracy=66.7500% Gamma=0.000000 gate_passed=True fallback=functional_recovery_hungarian global_hash=b40c0a4045bdc2541ba7565e7868578aa63ce936407e8582929fd7aaaddb2fb6
ROUND fedrad round=116 clients=[27, 8, 49, 32, 15, 35, 70, 59, 31, 30] diagnostic_accuracy=62.4600% Gamma=0.000000 gate_passed=True fallback=functional_recovery_hungarian global_hash=9c9b4f1084397d534e5ef8c9aaa44339e29dee39d38755db5def4785e23945af
ROUND fedrad round=117 clients=[69, 35, 52, 51, 26, 15, 76, 48, 98, 12] diagnostic_accuracy=64.4400% Gamma=0.000000 gate_passed=True fallback=functional_recovery_hungarian global_hash=7b0fc03f9562f95ba86458bf27702a3319b52cb3a8f3ae86c3a8cc498c1bcead
ROUND fedrad round=118 clients=[46, 57, 0, 86, 26, 80, 73, 20, 63, 98] diagnostic_accuracy=63.4500% Gamma=0.000000 gate_passed=True fallback=functional_recovery_hungarian global_hash=de9da72d93bfaa90bd28414895aac697c9512db563e2c87e10452c6cc7f2aca1
ROUND fedrad round=119 clients=[81, 6, 64, 84, 20, 2, 8, 4, 66, 92] diagnostic_accuracy=63.2600% Gamma=0.000000 gate_passed=True fallback=functional_recovery_hungarian global_hash=b3cb7ea6618c4008ae36bd2425193cc4ae9db6664aa5c44e2f1a0320ebcd9c6a
ROUND fedrad round=120 clients=[61, 34, 64, 11, 96, 18, 82, 52, 72, 92] diagnostic_accuracy=66.4400% Gamma=0.000000 gate_passed=True fallback=functional_recovery_hungarian global_hash=04bfd662b7e0417c7039fde2e0453c38275f638c113f2b5b314b81df3b2541e5
ROUND fedrad round=121 clients=[93, 68, 94, 13, 36, 11, 5, 1, 40, 7] diagnostic_accuracy=68.1300% Gamma=0.000000 gate_passed=True fallback=functional_recovery_hungarian global_hash=3ed23bf31c70ff4446d6fac9a4b578180a9cf0ce6437679cf4d7de951722ad03
ROUND fedrad round=122 clients=[73, 64, 37, 69, 31, 48, 77, 41, 53, 75] diagnostic_accuracy=61.5700% Gamma=0.000000 gate_passed=True fallback=functional_recovery_hungarian global_hash=0e0d968c615083d29272dbc3a3cbfc2364823f1753a16e7c91180fbf20106177
ROUND fedrad round=123 clients=[46, 43, 84, 11, 66, 92, 16, 19, 96, 37] diagnostic_accuracy=58.1500% Gamma=0.000000 gate_passed=True fallback=functional_recovery_hungarian global_hash=25429350722b48e3e56aee243b60b6d21c5c5fa1a47e39b9b1e74dce3a132545
ROUND fedrad round=124 clients=[43, 96, 9, 0, 74, 19, 1, 23, 38, 66] diagnostic_accuracy=63.6100% Gamma=0.000000 gate_passed=True fallback=functional_recovery_hungarian global_hash=b6cbecf43b5a7e654acf4b54d5251f30b36f3712efcf01f101b73873c36e995b
ROUND fedrad round=125 clients=[27, 62, 32, 10, 22, 72, 64, 25, 86, 60] diagnostic_accuracy=63.2300% Gamma=0.000000 gate_passed=True fallback=functional_recovery_hungarian global_hash=d9bc5ef7af88f972ee87a8adc49a6478c5458f031ba8a58e06da381eb444ed10
ROUND fedrad round=126 clients=[84, 7, 64, 76, 15, 46, 27, 47, 40, 69] diagnostic_accuracy=64.6700% Gamma=0.000000 gate_passed=True fallback=functional_recovery_hungarian global_hash=e7fe926db4711fefe0f0b5ad42c02bfe89103a8e654b6ba3e5cffcdb95272074
ROUND fedrad round=127 clients=[75, 97, 79, 87, 11, 7, 37, 92, 41, 12] diagnostic_accuracy=65.8900% Gamma=0.000000 gate_passed=True fallback=functional_recovery_hungarian global_hash=f0952ad4d57547090abdf05e84d6654cc29550cb2db8bf36a9105f44171ff4ae
ROUND fedrad round=128 clients=[78, 4, 17, 21, 76, 74, 19, 61, 45, 86] diagnostic_accuracy=72.2800% Gamma=0.000000 gate_passed=True fallback=functional_recovery_hungarian global_hash=c310bdbba25353b2638ce9f8975fe2f5e2cbc2afc784f8e43129986894a02b71
ROUND fedrad round=129 clients=[23, 41, 75, 36, 26, 49, 95, 16, 93, 72] diagnostic_accuracy=57.9500% Gamma=0.000000 gate_passed=True fallback=functional_recovery_hungarian global_hash=385687071054985b17007ffed93a0db6f9c0f7e34a0f78d2394dcc1deecb4e28
ROUND fedrad round=130 clients=[59, 53, 65, 8, 68, 35, 13, 55, 23, 97] diagnostic_accuracy=68.7000% Gamma=0.000000 gate_passed=True fallback=functional_recovery_hungarian global_hash=6053b5a83bd689c6e69293bb6e15b46866dcfe577079d3ed579e3e5d1df82924
ROUND fedrad round=131 clients=[74, 98, 22, 45, 97, 87, 92, 71, 47, 79] diagnostic_accuracy=68.9300% Gamma=0.000000 gate_passed=True fallback=functional_recovery_hungarian global_hash=bf629b6313ae4fd4685974ea81c6d239354bdb98a798e57b8cc7cb31c474d828
ROUND fedrad round=132 clients=[35, 70, 59, 49, 36, 91, 82, 50, 26, 72] diagnostic_accuracy=50.1000% Gamma=0.000000 gate_passed=True fallback=functional_recovery_hungarian global_hash=60e23c6ac9870fce2ba86785207ed6d0fdc5435ddfb4bbdba82871410e5e09c6
ROUND fedrad round=133 clients=[22, 83, 75, 29, 66, 48, 12, 10, 86, 1] diagnostic_accuracy=64.2900% Gamma=0.000000 gate_passed=True fallback=functional_recovery_hungarian global_hash=4c2db7a70c96099dc446fdd4e535c7131f9a54de2c451ff822997af6c15b8cd0
ROUND fedrad round=134 clients=[76, 33, 40, 59, 65, 63, 73, 36, 99, 82] diagnostic_accuracy=69.1100% Gamma=0.000000 gate_passed=True fallback=functional_recovery_hungarian global_hash=80f096963100f7d81e7678e34878c42a63575c6842c20716df8dcd874c61a43b
ROUND fedrad round=135 clients=[85, 88, 54, 40, 70, 67, 86, 38, 58, 42] diagnostic_accuracy=73.1300% Gamma=0.000000 gate_passed=True fallback=functional_recovery_hungarian global_hash=fc54836c0231a3e4b19c3d6256821c2a67724247ed1d4f3d88bbdc1ad897bd2f
ROUND fedrad round=136 clients=[89, 56, 12, 90, 94, 86, 19, 78, 92, 59] diagnostic_accuracy=69.6800% Gamma=0.000000 gate_passed=True fallback=functional_recovery_hungarian global_hash=cab505716eb41800cbe9067a29420710839e9b9c819fbdb62b2ec2faee2f78db
ROUND fedrad round=137 clients=[7, 94, 69, 44, 50, 26, 75, 24, 33, 18] diagnostic_accuracy=63.7200% Gamma=0.000000 gate_passed=True fallback=functional_recovery_hungarian global_hash=18d1d36fa5270168f3cde2955e0d258c0a52120429f9e6fecd354f422ab7a007
ROUND fedrad round=138 clients=[89, 75, 84, 93, 35, 71, 19, 63, 59, 94] diagnostic_accuracy=59.6000% Gamma=0.000000 gate_passed=True fallback=functional_recovery_hungarian global_hash=5d5f336b187e6248e2ae01d7cc66bf00e0381ba10c5bb2b5d5e4e230cef8c731
ROUND fedrad round=139 clients=[54, 66, 17, 43, 53, 40, 76, 1, 4, 81] diagnostic_accuracy=71.4700% Gamma=0.000000 gate_passed=True fallback=functional_recovery_hungarian global_hash=a674900b55d411128ade5c12dc4cfc30ae3ea02b6cfddd0de872ad2e7e3e2302
ROUND fedrad round=140 clients=[52, 51, 97, 7, 41, 61, 29, 88, 49, 26] diagnostic_accuracy=68.5800% Gamma=0.000000 gate_passed=True fallback=functional_recovery_hungarian global_hash=3601fee641a56b20229ce23c2d80e19f87dccafb6a3e265264e5dcf8f33d08bf
ROUND fedrad round=141 clients=[21, 47, 20, 59, 85, 2, 99, 70, 54, 50] diagnostic_accuracy=65.9900% Gamma=0.000000 gate_passed=True fallback=functional_recovery_hungarian global_hash=a7239b78026c8b9c5f274d35077327f6eb981bb683159b8d30628102feded0be
ROUND fedrad round=142 clients=[65, 98, 79, 6, 58, 92, 19, 37, 33, 75] diagnostic_accuracy=68.3400% Gamma=0.000000 gate_passed=True fallback=functional_recovery_hungarian global_hash=7ebec4e004956cb96b813014beb37291ccbb56438d8521478d9476177840c240
ROUND fedrad round=143 clients=[44, 84, 56, 0, 69, 15, 66, 78, 42, 95] diagnostic_accuracy=60.3300% Gamma=0.000000 gate_passed=True fallback=functional_recovery_hungarian global_hash=da30e170f5d8fce532fd4853d2be9981a166f26425c9851d1f60ff7ae842c640
ROUND fedrad round=144 clients=[36, 20, 53, 26, 80, 67, 25, 37, 39, 10] diagnostic_accuracy=58.9900% Gamma=0.000000 gate_passed=True fallback=functional_recovery_hungarian global_hash=73c69a0ecf3342ce979399d34540203029814320ff3caab45dcf8c026e58a71c
ROUND fedrad round=145 clients=[54, 62, 65, 69, 82, 46, 64, 70, 59, 11] diagnostic_accuracy=69.1700% Gamma=0.000000 gate_passed=True fallback=functional_recovery_hungarian global_hash=032479a203e7a310c4068e2c7bdc38dfbf92a67701d18142042a451c8fa59258
ROUND fedrad round=146 clients=[78, 89, 64, 25, 85, 9, 57, 41, 97, 45] diagnostic_accuracy=67.4400% Gamma=0.000000 gate_passed=True fallback=functional_recovery_hungarian global_hash=388e960ddaeb37b2fa8d04c69a0beb74333dbf094dda04da87ec22645fc56d24
ROUND fedrad round=147 clients=[32, 8, 70, 41, 12, 19, 88, 20, 98, 33] diagnostic_accuracy=58.7800% Gamma=0.000000 gate_passed=True fallback=functional_recovery_hungarian global_hash=41da22f506ddb97622d57f691e0e53a6e080e2ab728280a02a6ac35fcd657c8d
ROUND fedrad round=148 clients=[50, 29, 81, 33, 44, 69, 2, 68, 93, 85] diagnostic_accuracy=68.8700% Gamma=0.000000 gate_passed=True fallback=functional_recovery_hungarian global_hash=c44d587565e703c02b17d0755e906e67c03535d6d5da72607b5026fc1c529c05
ROUND fedrad round=149 clients=[5, 84, 70, 73, 31, 62, 69, 13, 86, 74] diagnostic_accuracy=47.5700% Gamma=0.000000 gate_passed=True fallback=functional_recovery_hungarian global_hash=994a8865ebe20dac9dbc23297412ded6b7721face785379b836ce82d8c22616e
ROUND fedrad round=150 clients=[69, 9, 41, 83, 76, 63, 34, 67, 36, 87] diagnostic_accuracy=66.5900% Gamma=0.000000 gate_passed=True fallback=functional_recovery_hungarian global_hash=0758e99ee57d40b10a84f2a8aea8c6c5713b99ce2518e3d92ff9e5102343d142
ROUND fedrad round=151 clients=[40, 77, 95, 52, 25, 38, 46, 47, 93, 88] diagnostic_accuracy=65.3100% Gamma=0.000000 gate_passed=True fallback=functional_recovery_hungarian global_hash=b1ea5129d0efb881313f11e7e9dcba0e7f06730f3e26af26f99c13801666236d
ROUND fedrad round=152 clients=[14, 22, 87, 6, 15, 36, 37, 44, 48, 38] diagnostic_accuracy=64.9600% Gamma=0.000000 gate_passed=True fallback=functional_recovery_hungarian global_hash=435c629b80931ec6e2249584a5b0283db727fbd970c730cd9f31eaae0017b04a
ROUND fedrad round=153 clients=[14, 66, 74, 62, 49, 45, 18, 79, 15, 68] diagnostic_accuracy=70.4900% Gamma=0.000000 gate_passed=True fallback=functional_recovery_hungarian global_hash=9704b5e0fa5b4f69c75d710fe740579b628ac965f412be1837dc1e102d7168ed
ROUND fedrad round=154 clients=[92, 32, 77, 87, 27, 13, 14, 47, 22, 73] diagnostic_accuracy=66.4000% Gamma=0.000000 gate_passed=True fallback=functional_recovery_hungarian global_hash=5783f34d577035147a8af4e78bb973faac65835619ecfac218883e911d6aaa6c
ROUND fedrad round=155 clients=[60, 31, 44, 3, 84, 25, 98, 73, 52, 82] diagnostic_accuracy=48.5600% Gamma=0.000000 gate_passed=True fallback=functional_recovery_hungarian global_hash=a899eb260e4103019ac32d03eafb95660749176cedb8cfd6582504f5bd0ca357
ROUND fedrad round=156 clients=[66, 38, 74, 49, 46, 45, 12, 0, 81, 23] diagnostic_accuracy=65.2200% Gamma=0.000000 gate_passed=True fallback=functional_recovery_hungarian global_hash=cf3eacdad857aac80962da467b8ed9f2dc667027cce86802c2f725b8fc57181c
ROUND fedrad round=157 clients=[6, 14, 56, 8, 37, 71, 68, 53, 88, 65] diagnostic_accuracy=68.2100% Gamma=0.000000 gate_passed=True fallback=functional_recovery_hungarian global_hash=b1b61ba9787ed4bb0f3e5d1f83406f773b9c1470fb12105baf9822a4890728a0
ROUND fedrad round=158 clients=[76, 40, 68, 38, 91, 92, 18, 11, 69, 94] diagnostic_accuracy=71.6400% Gamma=0.000000 gate_passed=True fallback=functional_recovery_hungarian global_hash=efbb72603641408f0d7a86a84d37015db6e6fefc4f4b598553d1674cac0386dc
ROUND fedrad round=159 clients=[0, 23, 91, 83, 98, 64, 90, 32, 84, 36] diagnostic_accuracy=60.1200% Gamma=0.000000 gate_passed=True fallback=functional_recovery_hungarian global_hash=8835aaf8cd2a3eca0daa1b2a68621521281eb16d8368e1a22d7c941d3cb6a383
ROUND fedrad round=160 clients=[15, 9, 95, 71, 80, 49, 39, 81, 30, 8] diagnostic_accuracy=69.2500% Gamma=0.000000 gate_passed=True fallback=functional_recovery_hungarian global_hash=b46273bab2e7d580d3935b8ceef31fed203cec5655b1b34eb7c7c8efa3b3d80a
ROUND fedrad round=161 clients=[29, 87, 67, 36, 35, 96, 15, 61, 24, 62] diagnostic_accuracy=61.2100% Gamma=0.000000 gate_passed=True fallback=functional_recovery_hungarian global_hash=ac79a25ae6504c2a0a6a04deb8e5d3e77e0b18bd69409a7662dae4fec44fc59b
ROUND fedrad round=162 clients=[13, 58, 87, 52, 50, 60, 3, 19, 35, 0] diagnostic_accuracy=63.7500% Gamma=0.000000 gate_passed=True fallback=functional_recovery_hungarian global_hash=7fe9f4f63860edc79d12e312f68a6ba135cbb7a75d9c4237042005097db2bf56
ROUND fedrad round=163 clients=[55, 46, 66, 67, 73, 12, 51, 1, 57, 90] diagnostic_accuracy=70.2000% Gamma=0.000000 gate_passed=True fallback=functional_recovery_hungarian global_hash=e3817f17d65d1e69d8ea900b93cdcd1474dccf643826b3e6f7f86e4611b79cbe
ROUND fedrad round=164 clients=[40, 72, 92, 86, 89, 90, 16, 98, 73, 58] diagnostic_accuracy=74.3400% Gamma=0.000000 gate_passed=True fallback=functional_recovery_hungarian global_hash=a35b9f990482363d673e02884688d373b2743f8c00bd7a0a4e0a6fa84614d6c8
ROUND fedrad round=165 clients=[0, 58, 47, 44, 94, 66, 4, 7, 27, 2] diagnostic_accuracy=69.1100% Gamma=0.000000 gate_passed=True fallback=functional_recovery_hungarian global_hash=ebcff9201733518fb7ecc5f566dfb3358e98eb39002a739d9d44ca3eda31bd7e
ROUND fedrad round=166 clients=[58, 87, 14, 78, 40, 83, 73, 18, 52, 31] diagnostic_accuracy=68.4900% Gamma=0.000000 gate_passed=True fallback=functional_recovery_hungarian global_hash=78d1758c7f38dbc46caa0b91ccff44a8014441ddadf45e3fc0650d1de94a28a9
ROUND fedrad round=167 clients=[99, 22, 62, 86, 5, 20, 9, 51, 7, 54] diagnostic_accuracy=70.8600% Gamma=0.000000 gate_passed=True fallback=functional_recovery_hungarian global_hash=ed8fda75657375f14bfb833d7e4a11ae508651c80e6f53ef3b1a9e6fa2e6dca3
ROUND fedrad round=168 clients=[97, 37, 42, 7, 22, 5, 24, 56, 69, 12] diagnostic_accuracy=69.0000% Gamma=0.000000 gate_passed=True fallback=functional_recovery_hungarian global_hash=451ad85682159143f09525b108c12dffaecf60e779e249cfa5b228e63a4b5f5c
ROUND fedrad round=169 clients=[96, 22, 76, 44, 59, 78, 12, 68, 94, 87] diagnostic_accuracy=68.3300% Gamma=0.000000 gate_passed=True fallback=functional_recovery_hungarian global_hash=401c2f35f3a4930f6df9fa2147f4013f5cee2a228d843cda98063ef2cea8ecb0
ROUND fedrad round=170 clients=[45, 7, 65, 19, 95, 16, 35, 23, 83, 88] diagnostic_accuracy=69.2800% Gamma=0.000000 gate_passed=True fallback=functional_recovery_hungarian global_hash=2da246c958ec2151ed83bbb5d5c10bb6751f7bd403ff72328f7a6fb5ce7ce6d0
ROUND fedrad round=171 clients=[12, 91, 4, 90, 47, 66, 33, 9, 61, 84] diagnostic_accuracy=68.5200% Gamma=0.000000 gate_passed=True fallback=functional_recovery_hungarian global_hash=ee890eb7028378dc6c01bda7de051dd655218edf7609b3ec7bf8eed712509e98
ROUND fedrad round=172 clients=[46, 60, 83, 2, 37, 70, 93, 29, 3, 43] diagnostic_accuracy=61.2400% Gamma=0.000000 gate_passed=True fallback=functional_recovery_hungarian global_hash=bef8d011a59e0f1331090d16557a372faf42c3237a6d1e3a4767eb4591eeb33c
ROUND fedrad round=173 clients=[27, 45, 49, 4, 31, 62, 9, 95, 69, 72] diagnostic_accuracy=67.7200% Gamma=0.000000 gate_passed=True fallback=functional_recovery_hungarian global_hash=16379f0c5f01ff6001068f337c61a1b580763eb0f723e358aa878d02c69485fa
ROUND fedrad round=174 clients=[27, 28, 1, 92, 55, 48, 74, 7, 99, 62] diagnostic_accuracy=67.4100% Gamma=0.000000 gate_passed=True fallback=functional_recovery_hungarian global_hash=617be2d11ab153e248f8cf2b4ca21c13d7f36d830634ea125255b1cdb3f26992
ROUND fedrad round=175 clients=[24, 0, 9, 11, 31, 45, 58, 35, 69, 21] diagnostic_accuracy=73.2500% Gamma=0.000000 gate_passed=True fallback=functional_recovery_hungarian global_hash=e3e69c18408b008680d2abe446426d9976d37d1d988f98ef46da96582360b4b1
ROUND fedrad round=176 clients=[42, 98, 67, 21, 24, 81, 20, 75, 29, 36] diagnostic_accuracy=68.3400% Gamma=0.000000 gate_passed=True fallback=functional_recovery_hungarian global_hash=1fb679575dc398ac4abd46dec8f33b3fd8ee44ec73a16da9cbda2d0a704afce2
ROUND fedrad round=177 clients=[49, 75, 33, 60, 42, 64, 69, 11, 47, 70] diagnostic_accuracy=65.4800% Gamma=0.000000 gate_passed=True fallback=functional_recovery_hungarian global_hash=6d77590bba465f5d07751d3c7b357064bd2a2f8f139ad2dc783e15eff31ca2be
ROUND fedrad round=178 clients=[96, 60, 16, 70, 73, 40, 11, 24, 87, 93] diagnostic_accuracy=64.9900% Gamma=0.000000 gate_passed=True fallback=functional_recovery_hungarian global_hash=52cdc88ffd18a8df4fd08fe240609efdb5cc09131a79a5c21813ef093aa62a69
ROUND fedrad round=179 clients=[37, 16, 85, 31, 69, 36, 54, 25, 32, 38] diagnostic_accuracy=65.2800% Gamma=0.000000 gate_passed=True fallback=functional_recovery_hungarian global_hash=44c6807c6a6ca46f49f58bd831e03e86458ab5656c56607ba465ad735ee3459b
ROUND fedrad round=180 clients=[80, 92, 61, 76, 19, 28, 7, 73, 67, 38] diagnostic_accuracy=69.6200% Gamma=0.000000 gate_passed=True fallback=functional_recovery_hungarian global_hash=e803dd00ae10804761e7d03c1cf44a93b9ccf707b14ca2c0d474accadb07d1f6
ROUND fedrad round=181 clients=[78, 26, 35, 44, 29, 85, 64, 66, 97, 21] diagnostic_accuracy=66.3200% Gamma=0.000000 gate_passed=True fallback=functional_recovery_hungarian global_hash=354770253d59093c820ce199db062c3ea83a95083c151728bb9ce272ac39837e
ROUND fedrad round=182 clients=[78, 73, 10, 52, 54, 24, 44, 70, 99, 90] diagnostic_accuracy=66.5100% Gamma=0.000000 gate_passed=True fallback=functional_recovery_hungarian global_hash=992ef602e430f3a4de48a291e20e9002605920f7e6299ade45f058722ce850b7
ROUND fedrad round=183 clients=[96, 38, 1, 4, 36, 19, 77, 52, 41, 49] diagnostic_accuracy=69.9400% Gamma=0.000000 gate_passed=True fallback=functional_recovery_hungarian global_hash=d8ed8d83bbe1e3e6bccadc14f8937cea1652454713fa39e8a5c1f2e9b0cb2186
ROUND fedrad round=184 clients=[87, 55, 49, 7, 51, 67, 40, 21, 34, 0] diagnostic_accuracy=73.1200% Gamma=0.000000 gate_passed=True fallback=functional_recovery_hungarian global_hash=05261d239b229bf552840f38a4e560478b864f707fce3af0ae69beb4490bfc6d
ROUND fedrad round=185 clients=[74, 63, 39, 14, 96, 82, 21, 45, 88, 13] diagnostic_accuracy=68.7600% Gamma=0.000000 gate_passed=True fallback=functional_recovery_hungarian global_hash=19060355bc4163091be0e445d795f3e0f5fe2758b56c03c83bf6a68cbcf7c091
ROUND fedrad round=186 clients=[1, 26, 23, 59, 22, 57, 27, 60, 18, 69] diagnostic_accuracy=65.1200% Gamma=0.000000 gate_passed=True fallback=functional_recovery_hungarian global_hash=ba19a784e6d5fd973e3bbb544211347b364e62ac059ed599798dae1da7859a57
ROUND fedrad round=187 clients=[34, 87, 43, 64, 27, 92, 78, 55, 68, 7] diagnostic_accuracy=69.8900% Gamma=0.000000 gate_passed=True fallback=functional_recovery_hungarian global_hash=4fb258c2d30803eb049baf67dd167a9b04fe71fecaf10e9e349670962ba7c62d
ROUND fedrad round=188 clients=[67, 20, 34, 69, 85, 14, 86, 81, 36, 76] diagnostic_accuracy=71.4800% Gamma=0.000000 gate_passed=True fallback=functional_recovery_hungarian global_hash=0c7fcaadd88e0380cfb3075ac75a95b9c21c4b72f71ceccc49dd474434479f88
ROUND fedrad round=189 clients=[57, 7, 53, 49, 74, 65, 76, 29, 78, 80] diagnostic_accuracy=71.2000% Gamma=0.000000 gate_passed=True fallback=functional_recovery_hungarian global_hash=f87aa9fc15cee0b21af1932747533a4574cde356ebe56ccfdf2d0a670b590f8b
ROUND fedrad round=190 clients=[71, 25, 7, 77, 39, 51, 87, 5, 45, 11] diagnostic_accuracy=68.9300% Gamma=0.000000 gate_passed=True fallback=functional_recovery_hungarian global_hash=bdab24ae827b7519fc516f5f65391edad24f339c81a003ef81f026126f576ce5
ROUND fedrad round=191 clients=[60, 21, 34, 0, 98, 92, 44, 65, 66, 3] diagnostic_accuracy=67.4900% Gamma=0.000000 gate_passed=True fallback=functional_recovery_hungarian global_hash=8fc9e415bbddfb35675157ec8965cd3fa1cae60b16d10d705a8c7f38d2884c43
ROUND fedrad round=192 clients=[36, 59, 66, 20, 0, 16, 86, 71, 90, 56] diagnostic_accuracy=72.8300% Gamma=0.000000 gate_passed=True fallback=functional_recovery_hungarian global_hash=ca6cb9757b77c2c49fce2f79f3cfa48343ca743828f683ef2242a9d01f577038
ROUND fedrad round=193 clients=[19, 22, 51, 45, 91, 26, 14, 83, 15, 67] diagnostic_accuracy=72.1400% Gamma=0.000000 gate_passed=True fallback=functional_recovery_hungarian global_hash=57d11ccec6e5f8c46a9d6b58c7a347f9076fd5b8b1ce28baeb0bb04acd249aef
ROUND fedrad round=194 clients=[62, 14, 3, 92, 78, 33, 89, 48, 70, 31] diagnostic_accuracy=67.3400% Gamma=0.000000 gate_passed=True fallback=functional_recovery_hungarian global_hash=339b505c4d5383acd16766282cd2a288d59741cedb7a1b7b70fdd02bdce30f91
ROUND fedrad round=195 clients=[37, 10, 88, 63, 53, 68, 2, 52, 26, 59] diagnostic_accuracy=67.1100% Gamma=0.000000 gate_passed=True fallback=functional_recovery_hungarian global_hash=11f1c82efe167cb8a612d2dc36da68d9a95cb50d08bdeecbe5385474b711937a
ROUND fedrad round=196 clients=[59, 71, 85, 49, 20, 10, 3, 86, 88, 33] diagnostic_accuracy=68.3200% Gamma=0.000000 gate_passed=True fallback=functional_recovery_hungarian global_hash=26b7a761629a28d5b6fe914bcc7da8a03aab4a397558020d066ad77edc5a8683
ROUND fedrad round=197 clients=[9, 0, 18, 66, 44, 17, 92, 95, 64, 96] diagnostic_accuracy=69.5000% Gamma=0.000000 gate_passed=True fallback=functional_recovery_hungarian global_hash=7e3ec6efd581f83671da7a446d0fc6fdb6c7a8974c2a0eabf393d83295126989
ROUND fedrad round=198 clients=[70, 58, 24, 57, 32, 19, 43, 65, 5, 88] diagnostic_accuracy=60.0900% Gamma=0.000000 gate_passed=True fallback=functional_recovery_hungarian global_hash=0e9b0a30c94ec6f30d6d897cab699807e5f5fa454ad96f4242ff72db4b11766f
ROUND fedrad round=199 clients=[61, 75, 68, 2, 6, 26, 1, 56, 78, 74] diagnostic_accuracy=70.0300% Gamma=0.000000 gate_passed=True fallback=functional_recovery_hungarian global_hash=0cb566c9f6e99c2fb6e114c91814bf51c6c6ec8c9e34e52e9aea69f5c480bfa1
ROUND fedrad round=200 clients=[8, 57, 22, 90, 46, 9, 56, 99, 89, 4] diagnostic_accuracy=72.6600% Gamma=0.000000 gate_passed=True fallback=functional_recovery_hungarian global_hash=5ac0b2423792f68010d385500ff15e77cf8e2f637b187a15d7f096346c9a0b0b
FINAL_STATE_HASH 5ac0b2423792f68010d385500ff15e77cf8e2f637b187a15d7f096346c9a0b0b
