Run directory: C:\Users\admin\Desktop\need_do\new_paper_four\FedPhoenix-new\results\recovery_measurement_functional_recovery_2of64\functional_recovery_seed1_20260907_225821_818700_m2_steps6_terminal_seed1_2of64_200r
Partition fingerprint: f8fcaa0f17c5d2078c5d24ece11b3f8cfcb82553733fb972155b7452d87a8fd0; device=cuda:0
ROUND fedrad round=1 clients=[80, 84, 33, 81, 93, 17, 36, 82, 69, 65] diagnostic_accuracy=10.0000% Gamma=0.000000 gate_passed=True fallback=functional_recovery_hungarian global_hash=7b9d9fa2177c0be8903b59890b31d8928c4d3775f72c9277d244391e61a933ec
ROUND fedrad round=2 clients=[44, 96, 1, 35, 26, 11, 38, 82, 87, 3] diagnostic_accuracy=15.9900% Gamma=0.000000 gate_passed=True fallback=functional_recovery_hungarian global_hash=bd6003a1aba706e286c57f71695d6c68ab8286d67a07332784337d1fffdfc4e1
ROUND fedrad round=3 clients=[95, 67, 96, 71, 1, 80, 99, 45, 52, 27] diagnostic_accuracy=17.6200% Gamma=0.000000 gate_passed=True fallback=functional_recovery_hungarian global_hash=628d94ce894904d375b64018a75c73a2aee73c890e5a43df45c539a99c389f57
ROUND fedrad round=4 clients=[40, 10, 96, 66, 89, 32, 95, 55, 25, 5] diagnostic_accuracy=15.3800% Gamma=0.000000 gate_passed=True fallback=functional_recovery_hungarian global_hash=e5c99f25bf200cedea687d8dd62ebbf5a07f90929dfcf30005a4053bc55e1b4e
ROUND fedrad round=5 clients=[89, 99, 45, 96, 72, 9, 74, 88, 1, 38] diagnostic_accuracy=20.2300% Gamma=0.000000 gate_passed=True fallback=functional_recovery_hungarian global_hash=55330e8722bb8d843ffb98aa6aa7a13c59569a02e3845b9319758f869d8c9c1d
ROUND fedrad round=6 clients=[0, 86, 4, 23, 24, 1, 62, 83, 66, 93] diagnostic_accuracy=21.8300% Gamma=0.000000 gate_passed=True fallback=functional_recovery_hungarian global_hash=059d34b7391a1bcf24e0a1ff38bc4b65c608b1a955a62406a03ed50707e51e39
ROUND fedrad round=7 clients=[6, 59, 72, 30, 91, 43, 75, 76, 15, 61] diagnostic_accuracy=25.4700% Gamma=0.000000 gate_passed=True fallback=functional_recovery_hungarian global_hash=b5aa681f4b0401dd2ba07533aa52d1295832e0e329c997853818359206d9192b
ROUND fedrad round=8 clients=[44, 88, 74, 48, 59, 79, 25, 52, 45, 55] diagnostic_accuracy=21.3300% Gamma=0.000000 gate_passed=True fallback=functional_recovery_hungarian global_hash=ae82b35396c3561545d96eebe9ba4722ddc682ee02d0c24df7b090152c207aeb
ROUND fedrad round=9 clients=[3, 60, 35, 33, 22, 66, 45, 68, 67, 75] diagnostic_accuracy=26.3800% Gamma=0.000000 gate_passed=True fallback=functional_recovery_hungarian global_hash=9b2bbd79a511cea4ee4b3c7a7a4eef6c3a767b81d60a1250a956f80011a6308b
ROUND fedrad round=10 clients=[64, 91, 12, 52, 16, 65, 50, 68, 33, 30] diagnostic_accuracy=27.9300% Gamma=0.000000 gate_passed=True fallback=functional_recovery_hungarian global_hash=5cd0953ef7fab5341b93e98dfce85eb6acb88f278d96215ca6ab166aefaa3436
ROUND fedrad round=11 clients=[54, 27, 23, 37, 75, 33, 41, 46, 52, 24] diagnostic_accuracy=26.0200% Gamma=0.000000 gate_passed=True fallback=functional_recovery_hungarian global_hash=986cee1efb6ab70762fa85f134927c0d0bc2d89eb8086c78964e8000d5973956
ROUND fedrad round=12 clients=[54, 45, 28, 44, 15, 1, 93, 12, 88, 40] diagnostic_accuracy=26.9000% Gamma=0.000000 gate_passed=True fallback=functional_recovery_hungarian global_hash=c8091fe4d82c9b8a40b323ec36e78a9b419e5119c24fa0a9c53e5798cd9ac90f
ROUND fedrad round=13 clients=[70, 75, 5, 68, 36, 79, 72, 78, 57, 44] diagnostic_accuracy=25.9200% Gamma=0.000000 gate_passed=True fallback=functional_recovery_hungarian global_hash=f22a697c9a357766f47d662b9a802a47bed0b9b8cdc8d6b7890f5f4bea5976a5
ROUND fedrad round=14 clients=[41, 9, 30, 89, 40, 49, 3, 22, 8, 16] diagnostic_accuracy=29.3200% Gamma=0.000000 gate_passed=True fallback=functional_recovery_hungarian global_hash=ccf3496294f86c2a6acfa7171ee102b97958c67c662964a79e65b7df2b2c9bfe
ROUND fedrad round=15 clients=[82, 28, 69, 81, 56, 71, 85, 27, 37, 66] diagnostic_accuracy=26.4900% Gamma=0.000000 gate_passed=True fallback=functional_recovery_hungarian global_hash=97189d6fb39e579fbc97b5c3b9d73e72b1a02802b3156d6b8d9ce81b4ba43695
ROUND fedrad round=16 clients=[60, 13, 26, 12, 1, 28, 88, 86, 11, 43] diagnostic_accuracy=30.6400% Gamma=0.000000 gate_passed=True fallback=functional_recovery_hungarian global_hash=1c6c5b5a4f66345bf87336f03ab474822f6598a5dd6dc4cf36bd11c9a983aca3
ROUND fedrad round=17 clients=[93, 16, 72, 75, 10, 4, 38, 71, 42, 62] diagnostic_accuracy=30.5200% Gamma=0.000000 gate_passed=True fallback=functional_recovery_hungarian global_hash=a9729f886c54d11af08df5d7a6a20bd98f0a02eb1b037ea99175579ce1070720
ROUND fedrad round=18 clients=[36, 47, 1, 64, 57, 97, 29, 6, 67, 92] diagnostic_accuracy=32.3100% Gamma=0.000000 gate_passed=True fallback=functional_recovery_hungarian global_hash=2d4f5768d192459e0db7ca998966023d1f699b779f996bdf9407e3de073bd157
ROUND fedrad round=19 clients=[48, 87, 17, 57, 22, 81, 4, 51, 94, 63] diagnostic_accuracy=32.7200% Gamma=0.000000 gate_passed=True fallback=functional_recovery_hungarian global_hash=e4cd0a0847816fc963e85edef76f0ff9cffe82b4ad611eb11a12bc57e837f28a
ROUND fedrad round=20 clients=[9, 17, 59, 11, 2, 95, 68, 28, 60, 14] diagnostic_accuracy=33.8200% Gamma=0.000000 gate_passed=True fallback=functional_recovery_hungarian global_hash=4c63ff7d06d353ab28824043fcdd721fb2783a2021a4609076462af64c7731e0
ROUND fedrad round=21 clients=[26, 25, 15, 93, 45, 54, 68, 90, 76, 10] diagnostic_accuracy=30.5800% Gamma=0.000000 gate_passed=True fallback=functional_recovery_hungarian global_hash=100996802aa917358723fe4f650d222dece82eb861e9a177101cd5869d7d8493
ROUND fedrad round=22 clients=[84, 74, 93, 1, 48, 44, 29, 26, 94, 75] diagnostic_accuracy=30.5100% Gamma=0.000000 gate_passed=True fallback=functional_recovery_hungarian global_hash=d9d8db36ddafe72ce4f84ffaa236530f3a26cb16b4a03e3c6d5660fdb46f8a0f
ROUND fedrad round=23 clients=[71, 58, 50, 22, 59, 84, 10, 70, 43, 67] diagnostic_accuracy=33.0300% Gamma=0.000000 gate_passed=True fallback=functional_recovery_hungarian global_hash=bfafb869ffeeb715e0c5efc434b084e1a661bb485746871010795e762183f173
ROUND fedrad round=24 clients=[70, 54, 33, 75, 31, 58, 17, 6, 3, 51] diagnostic_accuracy=35.7500% Gamma=0.000000 gate_passed=True fallback=functional_recovery_hungarian global_hash=cba8ad4fef9aadbedad6aa0db3d60cd79bf6af18da255d48b21d25624f3fee53
ROUND fedrad round=25 clients=[42, 87, 33, 36, 30, 84, 78, 98, 71, 75] diagnostic_accuracy=18.0100% Gamma=0.000000 gate_passed=True fallback=functional_recovery_hungarian global_hash=ccf4b82c5aae604a52d1b9b949a0dcf3a6eff224b3b7d42f927eb0e2103bdddd
ROUND fedrad round=26 clients=[41, 47, 34, 10, 51, 11, 50, 16, 86, 64] diagnostic_accuracy=37.9000% Gamma=0.000000 gate_passed=True fallback=functional_recovery_hungarian global_hash=24d9a160f235a5b38442d43c2b5847ca8fb5dfd2624859b8d5efb5d0e656a0ff
ROUND fedrad round=27 clients=[58, 82, 63, 50, 98, 84, 4, 46, 65, 88] diagnostic_accuracy=32.2900% Gamma=0.000000 gate_passed=True fallback=functional_recovery_hungarian global_hash=70902c92bd46b9577d8d947194c5e766ab886d1cd25ad1cb5539105e5390e39b
ROUND fedrad round=28 clients=[99, 88, 69, 16, 46, 29, 90, 91, 4, 45] diagnostic_accuracy=38.9200% Gamma=0.000000 gate_passed=True fallback=functional_recovery_hungarian global_hash=870fba5570c228f59b467b875a9dfeee9cdc5615a9f332086fd3699f0485966c
ROUND fedrad round=29 clients=[80, 73, 28, 34, 1, 10, 13, 65, 5, 49] diagnostic_accuracy=40.8700% Gamma=0.000000 gate_passed=True fallback=functional_recovery_hungarian global_hash=e804584a75e1f9ef660e4655d94c3ddff81976e042a71a3f085b597d80141a01
ROUND fedrad round=30 clients=[62, 41, 74, 11, 99, 8, 75, 26, 81, 85] diagnostic_accuracy=37.7000% Gamma=0.000000 gate_passed=True fallback=functional_recovery_hungarian global_hash=8d5cc551ec7da4f09c9c04447243f81ed3709acdde90371ead92f5935eb3fcce
ROUND fedrad round=31 clients=[96, 81, 77, 83, 14, 50, 13, 67, 53, 91] diagnostic_accuracy=48.7400% Gamma=0.000000 gate_passed=True fallback=functional_recovery_hungarian global_hash=1cf315bd518408a2b282a831f1c60dbdceaa2cbeda01e26ed7d72377b9a6fc83
ROUND fedrad round=32 clients=[40, 73, 70, 3, 6, 94, 1, 25, 20, 10] diagnostic_accuracy=34.1800% Gamma=0.000000 gate_passed=True fallback=functional_recovery_hungarian global_hash=4336e248ffe864a06a1de4c49c836a3935953dc73dac18c7103357368d0eb0aa
ROUND fedrad round=33 clients=[45, 16, 51, 88, 17, 78, 36, 44, 21, 62] diagnostic_accuracy=41.8800% Gamma=0.000000 gate_passed=True fallback=functional_recovery_hungarian global_hash=34102d64de6d6056423cca4fff22dcc0001c65ca34d67ba8fd405bb61d1a76b9
ROUND fedrad round=34 clients=[92, 43, 97, 61, 58, 67, 1, 98, 30, 75] diagnostic_accuracy=42.2000% Gamma=0.000000 gate_passed=True fallback=functional_recovery_hungarian global_hash=61239bca575951b72783827f92d1fd2938119f970798adf95e78f18782aa61f8
ROUND fedrad round=35 clients=[31, 89, 17, 66, 92, 23, 96, 9, 35, 20] diagnostic_accuracy=42.8700% Gamma=0.000000 gate_passed=True fallback=functional_recovery_hungarian global_hash=f56544dd4c848a5581c0dd81721ea858cbc110e0f1db43ab5a98fe966d0e223d
ROUND fedrad round=36 clients=[72, 68, 65, 28, 23, 85, 16, 60, 73, 78] diagnostic_accuracy=48.6300% Gamma=0.000000 gate_passed=True fallback=functional_recovery_hungarian global_hash=207e4dd8d909b001eafa46e6bc3a44ed9f1b3ee91003828cac8d2ee6eec7e87b
ROUND fedrad round=37 clients=[66, 49, 62, 9, 84, 68, 74, 3, 44, 71] diagnostic_accuracy=27.5100% Gamma=0.000000 gate_passed=True fallback=functional_recovery_hungarian global_hash=9acb1d723b22ce971392227575bba6a204192039c70d38945df2baf7d1e0589e
ROUND fedrad round=38 clients=[50, 73, 27, 38, 8, 53, 21, 14, 28, 64] diagnostic_accuracy=48.0100% Gamma=0.000000 gate_passed=True fallback=functional_recovery_hungarian global_hash=dca618186d0bbbfee918afb1a437a292a44508b02dd4b888545b1fa1ec836ee2
ROUND fedrad round=39 clients=[48, 87, 40, 59, 3, 10, 75, 35, 49, 89] diagnostic_accuracy=45.4200% Gamma=0.000000 gate_passed=True fallback=functional_recovery_hungarian global_hash=0b58e4db7ca0ad5e0a8b7dd9b4125822036d561de52e1611d44b02034b83b38e
ROUND fedrad round=40 clients=[83, 93, 34, 60, 90, 45, 42, 41, 91, 36] diagnostic_accuracy=50.3600% Gamma=0.000000 gate_passed=True fallback=functional_recovery_hungarian global_hash=79bbfe580a40cfc89c3daea060535e26ee69a42223dfae3bdb379dd1f1487657
ROUND fedrad round=41 clients=[75, 52, 20, 80, 90, 93, 4, 51, 13, 98] diagnostic_accuracy=43.5900% Gamma=0.000000 gate_passed=True fallback=functional_recovery_hungarian global_hash=f9fd91afc92d4e2fea69a24dac6d841311823e62efb17d26c974afa1c9e8b2b0
ROUND fedrad round=42 clients=[98, 79, 17, 10, 3, 12, 29, 26, 54, 58] diagnostic_accuracy=37.0400% Gamma=0.000000 gate_passed=True fallback=functional_recovery_hungarian global_hash=22e8187ff380d2c26b3b7ea1bb7cc1e1e294ac87c1c9e8f3f549b5d3f04a8d7f
ROUND fedrad round=43 clients=[32, 15, 47, 9, 7, 16, 24, 57, 71, 28] diagnostic_accuracy=49.2700% Gamma=0.000000 gate_passed=True fallback=functional_recovery_hungarian global_hash=59d4870b73f2adf50c34db29825f635553fee57254a03e8af6456c1bd406d3f3
ROUND fedrad round=44 clients=[76, 67, 81, 35, 44, 49, 32, 99, 69, 51] diagnostic_accuracy=48.4900% Gamma=0.000000 gate_passed=True fallback=functional_recovery_hungarian global_hash=523cff651719ebf248d28adc4b4edc4c904b220bf32969d5c6933a45e2a56739
ROUND fedrad round=45 clients=[42, 4, 95, 71, 84, 22, 61, 5, 10, 28] diagnostic_accuracy=45.9300% Gamma=0.000000 gate_passed=True fallback=functional_recovery_hungarian global_hash=66d426f543c2944a4a6d3cc7fe7bc44c1900a3328b3f00ea440e9007d81507c1
ROUND fedrad round=46 clients=[61, 52, 80, 26, 37, 44, 85, 1, 99, 55] diagnostic_accuracy=56.4200% Gamma=0.000000 gate_passed=True fallback=functional_recovery_hungarian global_hash=8117c42140c7c91bbe3eabc590e2213e52d3bf3a89e1ccaf9634e17d93c72587
ROUND fedrad round=47 clients=[23, 10, 75, 28, 19, 22, 43, 13, 98, 85] diagnostic_accuracy=51.6600% Gamma=0.000000 gate_passed=True fallback=functional_recovery_hungarian global_hash=243357f2687350348ab6885f5068e243bcb127360f929532efc08e86359d6c15
ROUND fedrad round=48 clients=[18, 1, 96, 63, 59, 71, 88, 39, 97, 68] diagnostic_accuracy=50.1900% Gamma=0.000000 gate_passed=True fallback=functional_recovery_hungarian global_hash=b5a6f525548edb9331192304eb327501f8066ac2efe3d6be9c5e8af36ebe8684
ROUND fedrad round=49 clients=[44, 11, 93, 47, 54, 9, 81, 94, 45, 65] diagnostic_accuracy=55.7800% Gamma=0.000000 gate_passed=True fallback=functional_recovery_hungarian global_hash=2ad8cfef89af81ee5c77ee23ba14e06563ea6bafea40607de59ecdcd7970fe2e
ROUND fedrad round=50 clients=[48, 43, 51, 76, 99, 39, 38, 73, 89, 80] diagnostic_accuracy=52.9700% Gamma=0.000000 gate_passed=True fallback=functional_recovery_hungarian global_hash=fa64709c35b326a750c2a0872f54e68107277bd17b9a1985404947249c30dd43
ROUND fedrad round=51 clients=[34, 16, 99, 17, 62, 58, 96, 29, 90, 30] diagnostic_accuracy=55.8000% Gamma=0.000000 gate_passed=True fallback=functional_recovery_hungarian global_hash=94a279b069b92c9daca9d560e2b9ad1b74123b7edc556d525ee16bf9f75e2549
ROUND fedrad round=52 clients=[8, 59, 78, 95, 25, 35, 99, 86, 54, 64] diagnostic_accuracy=56.6400% Gamma=0.000000 gate_passed=True fallback=functional_recovery_hungarian global_hash=39f316ee36caefb64bde67621051b8ab774249d2e128d6a3eeb1b4bcc1ff3131
ROUND fedrad round=53 clients=[87, 42, 55, 74, 37, 10, 26, 23, 57, 62] diagnostic_accuracy=49.7600% Gamma=0.000000 gate_passed=True fallback=functional_recovery_hungarian global_hash=e9490af6a27894c12efbb7bb248cfdf4cc560e64962cf283aac7a0ac5208f6be
ROUND fedrad round=54 clients=[84, 2, 76, 48, 68, 40, 92, 8, 42, 46] diagnostic_accuracy=53.8900% Gamma=0.000000 gate_passed=True fallback=functional_recovery_hungarian global_hash=6b86aff10a34dda2529e4a2e52f730f6b3707c1cc66103b67787e4fd380055ff
ROUND fedrad round=55 clients=[91, 70, 16, 58, 10, 35, 31, 86, 62, 54] diagnostic_accuracy=56.4800% Gamma=0.000000 gate_passed=True fallback=functional_recovery_hungarian global_hash=55db3c732d2fb89198ec9a62f617485701adaac7a2e24397782aad9342976e9d
ROUND fedrad round=56 clients=[32, 41, 20, 75, 69, 62, 74, 38, 80, 58] diagnostic_accuracy=46.5700% Gamma=0.000000 gate_passed=True fallback=functional_recovery_hungarian global_hash=2c33db6d96739b336e27eff3dee5572df25e15c0003a51ca34d25ee6b3078198
ROUND fedrad round=57 clients=[89, 0, 84, 16, 97, 67, 41, 38, 59, 60] diagnostic_accuracy=50.4900% Gamma=0.000000 gate_passed=True fallback=functional_recovery_hungarian global_hash=e2d469fd7a4a5bde1ffc444f0d0b5517907bfbe95f19c65e3137d7291a1958d2
ROUND fedrad round=58 clients=[59, 21, 34, 35, 95, 41, 9, 12, 47, 42] diagnostic_accuracy=51.5500% Gamma=0.000000 gate_passed=True fallback=functional_recovery_hungarian global_hash=f536b5cf201fe8625c21b8f2b0885673499a8b5af0129f3755d031017357a877
ROUND fedrad round=59 clients=[88, 78, 75, 43, 57, 63, 34, 79, 17, 93] diagnostic_accuracy=53.6100% Gamma=0.000000 gate_passed=True fallback=functional_recovery_hungarian global_hash=a9596335e135623fe0a89ce7d0991478342406e4972dc98b17d4079e8ace4c16
ROUND fedrad round=60 clients=[76, 35, 9, 75, 32, 97, 53, 72, 27, 91] diagnostic_accuracy=50.7100% Gamma=0.000000 gate_passed=True fallback=functional_recovery_hungarian global_hash=b2d677569329f96efe2d10037fbaa318e733b76c44a851ad08fb96e66564d1d6
ROUND fedrad round=61 clients=[60, 14, 9, 43, 15, 68, 7, 44, 65, 89] diagnostic_accuracy=59.7500% Gamma=0.000000 gate_passed=True fallback=functional_recovery_hungarian global_hash=8bc8b481d78a51be8fc58447c6d59a17a9d53fb67fd593495385778ee972f428
ROUND fedrad round=62 clients=[56, 67, 28, 93, 30, 71, 78, 48, 25, 19] diagnostic_accuracy=58.4800% Gamma=0.000000 gate_passed=True fallback=functional_recovery_hungarian global_hash=eaa5744b159b8cf67abbb3ded2031765254942df37879b49abee943e0af33804
ROUND fedrad round=63 clients=[61, 18, 63, 89, 0, 99, 42, 76, 81, 9] diagnostic_accuracy=54.6000% Gamma=0.000000 gate_passed=True fallback=functional_recovery_hungarian global_hash=3eff0144a87356ce7bfc6dacfcc667dcb9cd1dc998700c69cd1b081fafa58899
ROUND fedrad round=64 clients=[14, 22, 8, 93, 29, 90, 73, 28, 57, 58] diagnostic_accuracy=58.9200% Gamma=0.000000 gate_passed=True fallback=functional_recovery_hungarian global_hash=47cbb9aa94b512777fb84e1e4a563f68bceb260522b5fdc477597be6e7d5d775
ROUND fedrad round=65 clients=[16, 90, 78, 23, 55, 61, 31, 0, 11, 82] diagnostic_accuracy=60.0900% Gamma=0.000000 gate_passed=True fallback=functional_recovery_hungarian global_hash=3644a68c55370c85161282a5aa2130b3f6e36f6e2188311dd443fbcd5f2e84d2
ROUND fedrad round=66 clients=[28, 65, 16, 72, 11, 36, 19, 51, 81, 53] diagnostic_accuracy=59.3800% Gamma=0.000000 gate_passed=True fallback=functional_recovery_hungarian global_hash=95358da13c61a98525f85f18135a267167601d2bea25edb84a0d40292fe4bd36
ROUND fedrad round=67 clients=[53, 63, 96, 28, 78, 90, 58, 73, 34, 4] diagnostic_accuracy=58.4400% Gamma=0.000000 gate_passed=True fallback=functional_recovery_hungarian global_hash=fa6e046960257430249c4df1efe42afe17b314c5c49e979c2806b3c276578b71
ROUND fedrad round=68 clients=[38, 57, 22, 41, 70, 39, 10, 5, 17, 32] diagnostic_accuracy=56.8200% Gamma=0.000000 gate_passed=True fallback=functional_recovery_hungarian global_hash=f15d9a6ed4c9d17d3d97f19f3d77e87642607efcb54f9bf2fddbc5ba2027c6cc
ROUND fedrad round=69 clients=[60, 67, 48, 59, 46, 94, 22, 29, 53, 97] diagnostic_accuracy=61.3100% Gamma=0.000000 gate_passed=True fallback=functional_recovery_hungarian global_hash=b0c9336e698ea15d6674919810489cc530d33d5df11199a0d48f7ff6a09ba5e4
ROUND fedrad round=70 clients=[61, 33, 76, 48, 37, 54, 38, 13, 8, 39] diagnostic_accuracy=53.7800% Gamma=0.000000 gate_passed=True fallback=functional_recovery_hungarian global_hash=140f4a5d259482183240c6e2dd8fe3eb403f0154c0d38522301b3b446b76c972
ROUND fedrad round=71 clients=[31, 88, 91, 25, 50, 95, 67, 45, 80, 70] diagnostic_accuracy=58.2300% Gamma=0.000000 gate_passed=True fallback=functional_recovery_hungarian global_hash=6e8a3831f8dee7f606008359915ff51732514aa4d31c49697198c6781efc2273
ROUND fedrad round=72 clients=[3, 23, 17, 94, 61, 43, 63, 91, 37, 84] diagnostic_accuracy=48.2900% Gamma=0.000000 gate_passed=True fallback=functional_recovery_hungarian global_hash=9532d69059cb488561367c3d602b9056df1c781796c3fce7a68c33cb2baf374e
ROUND fedrad round=73 clients=[11, 73, 78, 47, 45, 83, 36, 75, 91, 57] diagnostic_accuracy=60.3000% Gamma=0.000000 gate_passed=True fallback=functional_recovery_hungarian global_hash=edfa79a8a5f4333326d7bb1c52db6d734c6a48d73e4386a48d66ca63e3eff5d4
ROUND fedrad round=74 clients=[46, 54, 66, 62, 96, 49, 24, 75, 60, 52] diagnostic_accuracy=57.0000% Gamma=0.000000 gate_passed=True fallback=functional_recovery_hungarian global_hash=4e7f2655e002d0e88b4c6fe377548df4ff789f363cc26793b7d34e9a07b51841
ROUND fedrad round=75 clients=[75, 51, 39, 89, 14, 54, 41, 30, 24, 80] diagnostic_accuracy=50.6200% Gamma=0.000000 gate_passed=True fallback=functional_recovery_hungarian global_hash=b5e5c51d83f71db2fdd1191fabcb7b91f1e91ed4366e399b2c9579a37b585813
ROUND fedrad round=76 clients=[67, 90, 45, 78, 32, 86, 50, 55, 33, 60] diagnostic_accuracy=64.0300% Gamma=0.000000 gate_passed=True fallback=functional_recovery_hungarian global_hash=2c82c299f1f517e01706b1825019912314f98054397997ec8808107f4cdb94d5
ROUND fedrad round=77 clients=[4, 16, 51, 33, 89, 30, 13, 77, 43, 85] diagnostic_accuracy=58.2100% Gamma=0.000000 gate_passed=True fallback=functional_recovery_hungarian global_hash=068e9121814b9d8b9768ccdd5c91f3efb5c14d73c7ea7c40290504050ed7f06a
ROUND fedrad round=78 clients=[97, 76, 96, 72, 42, 17, 33, 51, 24, 36] diagnostic_accuracy=60.2500% Gamma=0.000000 gate_passed=True fallback=functional_recovery_hungarian global_hash=5910c8c3fc7913aed03ed01e5011a201b61031b225bf16aa960adb45f6e8dd2a
ROUND fedrad round=79 clients=[22, 47, 61, 27, 50, 96, 89, 97, 85, 30] diagnostic_accuracy=57.9600% Gamma=0.000000 gate_passed=True fallback=functional_recovery_hungarian global_hash=73a04688e0907e8af23ebc0152ee93bbd7112f9c7735fb5dad2441ab1f47708c
ROUND fedrad round=80 clients=[44, 70, 23, 38, 74, 21, 82, 4, 88, 98] diagnostic_accuracy=56.8200% Gamma=0.000000 gate_passed=True fallback=functional_recovery_hungarian global_hash=14c65d43c80f30f43f51ca52832b93e3329fcef0daf05d6edc6017836db47ed6
ROUND fedrad round=81 clients=[90, 72, 65, 50, 85, 56, 4, 80, 31, 17] diagnostic_accuracy=57.1000% Gamma=0.000000 gate_passed=True fallback=functional_recovery_hungarian global_hash=06974d0a5935bc7710f276833a55b4462126e71a95680d3841444de1989f705c
ROUND fedrad round=82 clients=[61, 40, 41, 34, 97, 51, 50, 13, 22, 8] diagnostic_accuracy=61.7900% Gamma=0.000000 gate_passed=True fallback=functional_recovery_hungarian global_hash=6641f31802eb66a36c171115d96f38af80e35644f9750c8111c8576d7d7f6506
ROUND fedrad round=83 clients=[87, 54, 63, 83, 96, 26, 0, 59, 69, 14] diagnostic_accuracy=61.3100% Gamma=0.000000 gate_passed=True fallback=functional_recovery_hungarian global_hash=07a998e5996c125bb27efab145a7d39b52bb61bedde6a34699f1ee8359b7bd2f
ROUND fedrad round=84 clients=[58, 47, 83, 36, 8, 2, 56, 49, 10, 38] diagnostic_accuracy=53.0300% Gamma=0.000000 gate_passed=True fallback=functional_recovery_hungarian global_hash=90651f3eb893141f09491bb2ed74ebd10a436ddde76b5676a19a8d9b2958b84d
ROUND fedrad round=85 clients=[89, 90, 81, 54, 59, 4, 53, 47, 52, 19] diagnostic_accuracy=65.0700% Gamma=0.000000 gate_passed=True fallback=functional_recovery_hungarian global_hash=151bd3ef1db1d47c47272b836013d90ac33383d42dc784d332ded34a2f807fbf
ROUND fedrad round=86 clients=[24, 13, 81, 73, 19, 55, 40, 76, 57, 96] diagnostic_accuracy=62.1900% Gamma=0.000000 gate_passed=True fallback=functional_recovery_hungarian global_hash=f6efc5f9dd5ebf582472a7d4aa3b0fd6248d13da08a9587184a3a0c29b1925b0
ROUND fedrad round=87 clients=[31, 75, 94, 20, 87, 26, 29, 70, 2, 50] diagnostic_accuracy=56.4900% Gamma=0.000000 gate_passed=True fallback=functional_recovery_hungarian global_hash=1b722a205d41bd8efc44f5193d332d1c8e1c07a5b139c7b8bd5b40a22216c801
ROUND fedrad round=88 clients=[0, 9, 46, 37, 72, 83, 73, 16, 55, 27] diagnostic_accuracy=56.9100% Gamma=0.000000 gate_passed=True fallback=functional_recovery_hungarian global_hash=946f50f7037b5a384651e4bfc1ebd6fe91eced846c4121c85a281977b6372086
ROUND fedrad round=89 clients=[80, 29, 9, 50, 26, 81, 48, 82, 37, 15] diagnostic_accuracy=54.4300% Gamma=0.000000 gate_passed=True fallback=functional_recovery_hungarian global_hash=541e78d7ef2972d7389cfaaaef9e329a799d9398c1dbbcf8ac99b0d63fdfb00b
ROUND fedrad round=90 clients=[82, 6, 87, 74, 29, 50, 62, 67, 12, 83] diagnostic_accuracy=68.2400% Gamma=0.000000 gate_passed=True fallback=functional_recovery_hungarian global_hash=63e19c072191b2e8ab82c96a91d75131e038470f4504337a7073b94c1e6e49e5
ROUND fedrad round=91 clients=[36, 75, 89, 43, 12, 21, 95, 72, 24, 63] diagnostic_accuracy=55.3500% Gamma=0.000000 gate_passed=True fallback=functional_recovery_hungarian global_hash=3138c939422697c235aad42e931fe297ac28b5151d11a13f0592fb58208b4bdf
ROUND fedrad round=92 clients=[34, 15, 31, 94, 46, 70, 19, 80, 6, 88] diagnostic_accuracy=61.3500% Gamma=0.000000 gate_passed=True fallback=functional_recovery_hungarian global_hash=78e0050988783255b0c6e69e6a1b7dc2e24b94b01fea166d6f699bc508f14763
ROUND fedrad round=93 clients=[70, 92, 72, 77, 23, 53, 1, 12, 97, 93] diagnostic_accuracy=57.4400% Gamma=0.000000 gate_passed=True fallback=functional_recovery_hungarian global_hash=7c84fa23fe09b998fcec7a0b92a5220b5e4e7f2cd701ef7591a36158ced6e2ea
ROUND fedrad round=94 clients=[13, 38, 36, 14, 57, 77, 66, 73, 3, 0] diagnostic_accuracy=55.3400% Gamma=0.000000 gate_passed=True fallback=functional_recovery_hungarian global_hash=773fc852dbf05d46d6e8da16747cef23fae87718d61bd2c62eaf40a2678dcaeb
ROUND fedrad round=95 clients=[13, 19, 10, 24, 76, 57, 88, 23, 61, 31] diagnostic_accuracy=59.1800% Gamma=0.000000 gate_passed=True fallback=functional_recovery_hungarian global_hash=5671b3d70a644f4f00979d0e95be535e7087e101939610e74324e51a9c6ad0a8
ROUND fedrad round=96 clients=[18, 45, 94, 24, 56, 67, 10, 14, 13, 9] diagnostic_accuracy=65.5800% Gamma=0.000000 gate_passed=True fallback=functional_recovery_hungarian global_hash=b7858efdb8ccf4310043570daf1728d2c764c0cfec485740c815b258e9c5c637
ROUND fedrad round=97 clients=[13, 48, 73, 93, 70, 1, 43, 77, 76, 88] diagnostic_accuracy=58.2500% Gamma=0.000000 gate_passed=True fallback=functional_recovery_hungarian global_hash=9c1c429e3e9e7b000ad9a917e9ce3d39792a00b4514772350222965567a7b5bb
ROUND fedrad round=98 clients=[21, 45, 83, 68, 75, 65, 96, 1, 77, 73] diagnostic_accuracy=64.2300% Gamma=0.000000 gate_passed=True fallback=functional_recovery_hungarian global_hash=c26a9b27fd5ab890e73328d353d1d44ffb3177433ce98d539f48b6e81f2ea83b
ROUND fedrad round=99 clients=[81, 84, 60, 18, 45, 47, 94, 83, 76, 22] diagnostic_accuracy=58.1900% Gamma=0.000000 gate_passed=True fallback=functional_recovery_hungarian global_hash=611b081acf76a9a11b77f03a1474c0ef5786cebb1823b09aada322dcde7a8404
ROUND fedrad round=100 clients=[21, 69, 47, 34, 65, 81, 93, 44, 30, 84] diagnostic_accuracy=58.9400% Gamma=0.000000 gate_passed=True fallback=functional_recovery_hungarian global_hash=3dc347a19da864b989b1ef9772c79ee1db9da0b25f7727552c6718a14bb7752b
ROUND fedrad round=101 clients=[22, 38, 77, 15, 11, 61, 37, 34, 87, 3] diagnostic_accuracy=62.7800% Gamma=0.000000 gate_passed=True fallback=functional_recovery_hungarian global_hash=bf7c48b5df9c5ce634e79a869c304873bbc737e0a3b014e83c9e44798f1ed99b
ROUND fedrad round=102 clients=[96, 9, 26, 58, 69, 44, 13, 93, 61, 43] diagnostic_accuracy=60.4700% Gamma=0.000000 gate_passed=True fallback=functional_recovery_hungarian global_hash=807acb8779ef629aa81815bcf77d3607cd8c718e5145aa53e2ae1082bd39503e
ROUND fedrad round=103 clients=[13, 34, 27, 16, 72, 98, 14, 19, 9, 46] diagnostic_accuracy=55.6000% Gamma=0.000000 gate_passed=True fallback=functional_recovery_hungarian global_hash=e1fba6a5f8539b01cecc2bbdc68eb1357d73fc0c096544ebb9d2f1da8a5f11d0
ROUND fedrad round=104 clients=[29, 72, 81, 80, 68, 85, 14, 0, 93, 52] diagnostic_accuracy=66.0000% Gamma=0.000000 gate_passed=True fallback=functional_recovery_hungarian global_hash=7023b9764a6492ae81a6afa96054bf9562a170775913c2c73abbd8ac71969d40
ROUND fedrad round=105 clients=[17, 69, 35, 86, 83, 84, 23, 56, 89, 60] diagnostic_accuracy=61.1800% Gamma=0.000000 gate_passed=True fallback=functional_recovery_hungarian global_hash=d1113dba094853f3e81d8b955a29a468ed42a0d365c7de1bacf5879efa5fb036
ROUND fedrad round=106 clients=[94, 79, 36, 8, 19, 16, 13, 30, 25, 3] diagnostic_accuracy=53.6600% Gamma=0.000000 gate_passed=True fallback=functional_recovery_hungarian global_hash=0cc52210915b91a1f07cc476ddd414f70b234bfda4a75171e66a61b10f5365cb
ROUND fedrad round=107 clients=[45, 82, 32, 52, 17, 96, 6, 57, 67, 74] diagnostic_accuracy=60.9100% Gamma=0.000000 gate_passed=True fallback=functional_recovery_hungarian global_hash=6961eff4730f8d8022e2c2ab287c4aeb3f691005a0975ff24964fd85b2c29e25
ROUND fedrad round=108 clients=[61, 20, 59, 99, 39, 42, 73, 53, 45, 8] diagnostic_accuracy=68.5800% Gamma=0.000000 gate_passed=True fallback=functional_recovery_hungarian global_hash=2443e40c407839e3d4826594f6ed9186e85cbdd717756970172e5ec56ba0faa3
ROUND fedrad round=109 clients=[60, 38, 5, 54, 66, 33, 80, 83, 9, 4] diagnostic_accuracy=61.2000% Gamma=0.000000 gate_passed=True fallback=functional_recovery_hungarian global_hash=ea03dcfaaa0398e2f0f99b3aed8dabe8fc4b04b559a11e2b359b4c27b5ef2183
ROUND fedrad round=110 clients=[39, 44, 62, 4, 42, 25, 0, 45, 29, 93] diagnostic_accuracy=69.3500% Gamma=0.000000 gate_passed=True fallback=functional_recovery_hungarian global_hash=518332e0298a9fd0a4f84c83d83ebe9f6acb8b4c1017b6726baa1f9cf7436a2b
ROUND fedrad round=111 clients=[96, 54, 19, 97, 92, 31, 81, 2, 24, 9] diagnostic_accuracy=70.7500% Gamma=0.000000 gate_passed=True fallback=functional_recovery_hungarian global_hash=c81ec7821cc26445a8e4708f28f891c5870b3ccf3ab20bfd32b398ab409bbcbc
ROUND fedrad round=112 clients=[9, 19, 7, 49, 45, 35, 80, 85, 40, 89] diagnostic_accuracy=65.8700% Gamma=0.000000 gate_passed=True fallback=functional_recovery_hungarian global_hash=d8e77a254a05e72ad56e5bf92ba80c9401f16a01dffd810fb6dd7bfa5395f256
ROUND fedrad round=113 clients=[73, 66, 18, 74, 33, 2, 87, 29, 98, 91] diagnostic_accuracy=62.8900% Gamma=0.000000 gate_passed=True fallback=functional_recovery_hungarian global_hash=2ba49cc938ca2b8e8be7847aee584b0ab7968353777debb6b818539a1bdfa7af
ROUND fedrad round=114 clients=[40, 31, 27, 50, 71, 81, 99, 97, 73, 49] diagnostic_accuracy=58.2300% Gamma=0.000000 gate_passed=True fallback=functional_recovery_hungarian global_hash=07ab34a4aaaddd0245af541b19e4c90f9b1718699814c1421348935d8c32e66a
ROUND fedrad round=115 clients=[61, 64, 42, 88, 27, 95, 92, 50, 45, 85] diagnostic_accuracy=65.5700% Gamma=0.000000 gate_passed=True fallback=functional_recovery_hungarian global_hash=c7b3bca55581afba6d16eb8ea23cb0ff4629a704906404729de612f319bc3fe3
ROUND fedrad round=116 clients=[27, 8, 49, 32, 15, 35, 70, 59, 31, 30] diagnostic_accuracy=59.8300% Gamma=0.000000 gate_passed=True fallback=functional_recovery_hungarian global_hash=45409f7435ed7b141eda423bb8a94a0f4c31cfa358f662c61b139cbf89e70d84
ROUND fedrad round=117 clients=[69, 35, 52, 51, 26, 15, 76, 48, 98, 12] diagnostic_accuracy=63.8600% Gamma=0.000000 gate_passed=True fallback=functional_recovery_hungarian global_hash=1f9f05e6610ddf29f9f6b0bcf14d134a8ff802e703c9d9ea748be7ad395fefd5
ROUND fedrad round=118 clients=[46, 57, 0, 86, 26, 80, 73, 20, 63, 98] diagnostic_accuracy=64.1800% Gamma=0.000000 gate_passed=True fallback=functional_recovery_hungarian global_hash=e53633bdf26b55b75cafce0450d1c0d1e4c8fbb2b5c06b8f00c0ea646f788580
ROUND fedrad round=119 clients=[81, 6, 64, 84, 20, 2, 8, 4, 66, 92] diagnostic_accuracy=62.8800% Gamma=0.000000 gate_passed=True fallback=functional_recovery_hungarian global_hash=8d2d3aa10b9c3ec40e83e59eeda7519cbfe906835e17e0115b711f0122be167f
ROUND fedrad round=120 clients=[61, 34, 64, 11, 96, 18, 82, 52, 72, 92] diagnostic_accuracy=67.5100% Gamma=0.000000 gate_passed=True fallback=functional_recovery_hungarian global_hash=b812c559672083a656c5535c312234b615ec04be772551edc48717c8aef7931d
ROUND fedrad round=121 clients=[93, 68, 94, 13, 36, 11, 5, 1, 40, 7] diagnostic_accuracy=67.7000% Gamma=0.000000 gate_passed=True fallback=functional_recovery_hungarian global_hash=4a3c4718e1a5a96409ed59affdc02539bd7516e091c314b8821aedb3f85865f0
ROUND fedrad round=122 clients=[73, 64, 37, 69, 31, 48, 77, 41, 53, 75] diagnostic_accuracy=59.7600% Gamma=0.000000 gate_passed=True fallback=functional_recovery_hungarian global_hash=9384fb8de0c453bbcb9e876ad75ab7df0160805b6a1ec9b0eb121a8a1aefafc9
ROUND fedrad round=123 clients=[46, 43, 84, 11, 66, 92, 16, 19, 96, 37] diagnostic_accuracy=57.2800% Gamma=0.000000 gate_passed=True fallback=functional_recovery_hungarian global_hash=662a13857e9a2f487d0d33e99c47b97ca2c412c13f363803b6e560972f1d38de
ROUND fedrad round=124 clients=[43, 96, 9, 0, 74, 19, 1, 23, 38, 66] diagnostic_accuracy=64.8800% Gamma=0.000000 gate_passed=True fallback=functional_recovery_hungarian global_hash=1bd22098cb874859ac33b883a78daa0f54d759a9adf640745c581d45bac1657f
ROUND fedrad round=125 clients=[27, 62, 32, 10, 22, 72, 64, 25, 86, 60] diagnostic_accuracy=60.6700% Gamma=0.000000 gate_passed=True fallback=functional_recovery_hungarian global_hash=b611fc170ed8ec5d7e087d3bc0febbe411bb951c1afe35dba52db64d43b98498
ROUND fedrad round=126 clients=[84, 7, 64, 76, 15, 46, 27, 47, 40, 69] diagnostic_accuracy=64.8600% Gamma=0.000000 gate_passed=True fallback=functional_recovery_hungarian global_hash=75cc79a5905ca2cf29c9deb578c5a9a10b37bf929697236c2045911c24c0ceb9
ROUND fedrad round=127 clients=[75, 97, 79, 87, 11, 7, 37, 92, 41, 12] diagnostic_accuracy=65.4700% Gamma=0.000000 gate_passed=True fallback=functional_recovery_hungarian global_hash=102b4be3ed35bf5c4d5bd0a6d13cbb74c002d387ee450178fc72aedb0a9aeec6
ROUND fedrad round=128 clients=[78, 4, 17, 21, 76, 74, 19, 61, 45, 86] diagnostic_accuracy=71.9400% Gamma=0.000000 gate_passed=True fallback=functional_recovery_hungarian global_hash=a75577155f7c8ff4c463812f3007977ea3a73d9565df2f0f5ad8b27a4448a7b2
ROUND fedrad round=129 clients=[23, 41, 75, 36, 26, 49, 95, 16, 93, 72] diagnostic_accuracy=58.5900% Gamma=0.000000 gate_passed=True fallback=functional_recovery_hungarian global_hash=1b3a6faca3979b5120bf9831e3cbcb32a0dda3020fc3f0bd6a3c716c2d046203
ROUND fedrad round=130 clients=[59, 53, 65, 8, 68, 35, 13, 55, 23, 97] diagnostic_accuracy=68.7300% Gamma=0.000000 gate_passed=True fallback=functional_recovery_hungarian global_hash=5c04b8785ffc3930665691a2af407bcb911c8c3fbcaea6fa6ce3449bc8a89b73
ROUND fedrad round=131 clients=[74, 98, 22, 45, 97, 87, 92, 71, 47, 79] diagnostic_accuracy=67.7700% Gamma=0.000000 gate_passed=True fallback=functional_recovery_hungarian global_hash=3682e46ed46745255ff6db8389b7bdf4591f23046ee376c321dba7c487939c82
ROUND fedrad round=132 clients=[35, 70, 59, 49, 36, 91, 82, 50, 26, 72] diagnostic_accuracy=51.3500% Gamma=0.000000 gate_passed=True fallback=functional_recovery_hungarian global_hash=09866ba4dff40fda6bf04be52ab19fc3db3ac4045a50909286adde8984008916
ROUND fedrad round=133 clients=[22, 83, 75, 29, 66, 48, 12, 10, 86, 1] diagnostic_accuracy=63.5300% Gamma=0.000000 gate_passed=True fallback=functional_recovery_hungarian global_hash=35fab241f86489cc361fde169c08b05c127b94c697c40266ecbef587242113a7
ROUND fedrad round=134 clients=[76, 33, 40, 59, 65, 63, 73, 36, 99, 82] diagnostic_accuracy=69.4800% Gamma=0.000000 gate_passed=True fallback=functional_recovery_hungarian global_hash=e1ab8464afd0ff22d9ff3310662a0753d843b88c75abb60c28c2357dbffadccc
ROUND fedrad round=135 clients=[85, 88, 54, 40, 70, 67, 86, 38, 58, 42] diagnostic_accuracy=72.9100% Gamma=0.000000 gate_passed=True fallback=functional_recovery_hungarian global_hash=87f246d9d515e49b0060edb2fcb84b5794509ab0c906c0200d99cc3fc6141d4f
ROUND fedrad round=136 clients=[89, 56, 12, 90, 94, 86, 19, 78, 92, 59] diagnostic_accuracy=69.1900% Gamma=0.000000 gate_passed=True fallback=functional_recovery_hungarian global_hash=1c08ffad23892765522c13f237bf201f5f4cb30f32f49f417737e5916829c00d
ROUND fedrad round=137 clients=[7, 94, 69, 44, 50, 26, 75, 24, 33, 18] diagnostic_accuracy=64.1700% Gamma=0.000000 gate_passed=True fallback=functional_recovery_hungarian global_hash=83adfd21a947326b699dfa37f9c802bad5562c5f70add1b2f7325b0496493a24
ROUND fedrad round=138 clients=[89, 75, 84, 93, 35, 71, 19, 63, 59, 94] diagnostic_accuracy=61.0400% Gamma=0.000000 gate_passed=True fallback=functional_recovery_hungarian global_hash=e56ccfc27129081d874a092d8b360b19ea975db37c3c8f2937918961af5adf05
ROUND fedrad round=139 clients=[54, 66, 17, 43, 53, 40, 76, 1, 4, 81] diagnostic_accuracy=70.5500% Gamma=0.000000 gate_passed=True fallback=functional_recovery_hungarian global_hash=9a7e79befb6aa492915e4c7a942ba026e631a9f81ba7fc519c56ad90eddd8e12
ROUND fedrad round=140 clients=[52, 51, 97, 7, 41, 61, 29, 88, 49, 26] diagnostic_accuracy=67.5200% Gamma=0.000000 gate_passed=True fallback=functional_recovery_hungarian global_hash=03cd722a602175b2c770d105fb74721a5aaae82da4463e8609458b012e475a88
ROUND fedrad round=141 clients=[21, 47, 20, 59, 85, 2, 99, 70, 54, 50] diagnostic_accuracy=66.1300% Gamma=0.000000 gate_passed=True fallback=functional_recovery_hungarian global_hash=56dcfd01f9acae87072d0f8be6009069611bf27085bd4229a0df1ff192e9a376
ROUND fedrad round=142 clients=[65, 98, 79, 6, 58, 92, 19, 37, 33, 75] diagnostic_accuracy=66.6900% Gamma=0.000000 gate_passed=True fallback=functional_recovery_hungarian global_hash=0630f9166ac0be74d41a4fef0794d82e62f7468dff58aaea9df35f9d32bda493
ROUND fedrad round=143 clients=[44, 84, 56, 0, 69, 15, 66, 78, 42, 95] diagnostic_accuracy=59.5800% Gamma=0.000000 gate_passed=True fallback=functional_recovery_hungarian global_hash=d3a17f7808ceea72a323420f1ca8d987d0f0ce50a4d81463935e01c5e9a0e4ea
ROUND fedrad round=144 clients=[36, 20, 53, 26, 80, 67, 25, 37, 39, 10] diagnostic_accuracy=62.6500% Gamma=0.000000 gate_passed=True fallback=functional_recovery_hungarian global_hash=76ef7cd328cfdb5b5b19d405adeb1b710bcdafcb100d075f1a26b3e068e6f641
ROUND fedrad round=145 clients=[54, 62, 65, 69, 82, 46, 64, 70, 59, 11] diagnostic_accuracy=69.6100% Gamma=0.000000 gate_passed=True fallback=functional_recovery_hungarian global_hash=b436016fdba4d377097ea490cc3064c982311c484dad2d001cf4da6d4708c13c
ROUND fedrad round=146 clients=[78, 89, 64, 25, 85, 9, 57, 41, 97, 45] diagnostic_accuracy=67.5800% Gamma=0.000000 gate_passed=True fallback=functional_recovery_hungarian global_hash=bf6ae1f82f9cdfac3e0ea2ce85b6b3aa621b89aad3591986318bbd5e382de514
ROUND fedrad round=147 clients=[32, 8, 70, 41, 12, 19, 88, 20, 98, 33] diagnostic_accuracy=58.4000% Gamma=0.000000 gate_passed=True fallback=functional_recovery_hungarian global_hash=2811dac1f7ab7d32cf23b77e68e0b56dbdab789cc163004161afd2cebe0c1829
ROUND fedrad round=148 clients=[50, 29, 81, 33, 44, 69, 2, 68, 93, 85] diagnostic_accuracy=68.9500% Gamma=0.000000 gate_passed=True fallback=functional_recovery_hungarian global_hash=030078c3b3ab77b3f810bf0644f0398ffdcdabe4f181e4aeb52e44bc351680c3
ROUND fedrad round=149 clients=[5, 84, 70, 73, 31, 62, 69, 13, 86, 74] diagnostic_accuracy=51.3200% Gamma=0.000000 gate_passed=True fallback=functional_recovery_hungarian global_hash=872768bcb989bb048b911153b7a95b807cfd008930e0c8f0b710db9192d52931
ROUND fedrad round=150 clients=[69, 9, 41, 83, 76, 63, 34, 67, 36, 87] diagnostic_accuracy=66.3000% Gamma=0.000000 gate_passed=True fallback=functional_recovery_hungarian global_hash=7bca830c7ecee869497af340cb748dded07eec2a173ba3cf5d727d667660edb8
ROUND fedrad round=151 clients=[40, 77, 95, 52, 25, 38, 46, 47, 93, 88] diagnostic_accuracy=64.2300% Gamma=0.000000 gate_passed=True fallback=functional_recovery_hungarian global_hash=47f98ec625afe3b077f1fe27d4b5b02ef06d2df64405c23a2f7669977a663524
ROUND fedrad round=152 clients=[14, 22, 87, 6, 15, 36, 37, 44, 48, 38] diagnostic_accuracy=64.0600% Gamma=0.000000 gate_passed=True fallback=functional_recovery_hungarian global_hash=69c7b72a0081247ccfe6feb7f6593afb8f2861e506e2446d6b0f9fe704328f0d
ROUND fedrad round=153 clients=[14, 66, 74, 62, 49, 45, 18, 79, 15, 68] diagnostic_accuracy=71.1500% Gamma=0.000000 gate_passed=True fallback=functional_recovery_hungarian global_hash=430abaf0dee72d701bb89567ad0ccf85e6a8505475ad123dd64b78755a749dda
ROUND fedrad round=154 clients=[92, 32, 77, 87, 27, 13, 14, 47, 22, 73] diagnostic_accuracy=65.4800% Gamma=0.000000 gate_passed=True fallback=functional_recovery_hungarian global_hash=10b2ad69b34c47263fd90a93ed65d76b28e5c2f5ec294ad11a9dc5952af5456a
ROUND fedrad round=155 clients=[60, 31, 44, 3, 84, 25, 98, 73, 52, 82] diagnostic_accuracy=46.6200% Gamma=0.000000 gate_passed=True fallback=functional_recovery_hungarian global_hash=c0543e1cd8a015e8be87be9580ad00df25041aa9f47b3c2f0aa024eeafa92cfe
ROUND fedrad round=156 clients=[66, 38, 74, 49, 46, 45, 12, 0, 81, 23] diagnostic_accuracy=64.7200% Gamma=0.000000 gate_passed=True fallback=functional_recovery_hungarian global_hash=6f0a713ce77d7bc904240ae77e502226bb76d8e78b50ea8a694114f4520212d9
ROUND fedrad round=157 clients=[6, 14, 56, 8, 37, 71, 68, 53, 88, 65] diagnostic_accuracy=68.1100% Gamma=0.000000 gate_passed=True fallback=functional_recovery_hungarian global_hash=8913ad045087b3cb3d2a45951e00adad2e0a3cc137d3fd5660c29c8b5503dd0a
ROUND fedrad round=158 clients=[76, 40, 68, 38, 91, 92, 18, 11, 69, 94] diagnostic_accuracy=70.9300% Gamma=0.000000 gate_passed=True fallback=functional_recovery_hungarian global_hash=1b58ed9d268301a82991d8aa808e8e4384b15317b854d6edde6d52a801212062
ROUND fedrad round=159 clients=[0, 23, 91, 83, 98, 64, 90, 32, 84, 36] diagnostic_accuracy=64.2700% Gamma=0.000000 gate_passed=True fallback=functional_recovery_hungarian global_hash=b9ec895ae2bf5114095629f45c8e99cd268828ec3d4a76b72448bac4ddf1df32
ROUND fedrad round=160 clients=[15, 9, 95, 71, 80, 49, 39, 81, 30, 8] diagnostic_accuracy=69.4000% Gamma=0.000000 gate_passed=True fallback=functional_recovery_hungarian global_hash=cc80b54784b3f415ceeeebf67be78d9f91ab7cc560cc40c849df798fd79a8950
ROUND fedrad round=161 clients=[29, 87, 67, 36, 35, 96, 15, 61, 24, 62] diagnostic_accuracy=61.0200% Gamma=0.000000 gate_passed=True fallback=functional_recovery_hungarian global_hash=d5288c71d005966328e50bbea357fb01669df430042d00976789d954c2d3b748
ROUND fedrad round=162 clients=[13, 58, 87, 52, 50, 60, 3, 19, 35, 0] diagnostic_accuracy=63.2100% Gamma=0.000000 gate_passed=True fallback=functional_recovery_hungarian global_hash=7d0d976c12ac3f799905694e9270d6354405ccf0ed9a76cde9ee795acb0f67e9
ROUND fedrad round=163 clients=[55, 46, 66, 67, 73, 12, 51, 1, 57, 90] diagnostic_accuracy=69.9400% Gamma=0.000000 gate_passed=True fallback=functional_recovery_hungarian global_hash=42b55de0ea957d12f84ef1146ae3d0037228b9a321791f8850026e4cc0b9e362
ROUND fedrad round=164 clients=[40, 72, 92, 86, 89, 90, 16, 98, 73, 58] diagnostic_accuracy=73.4900% Gamma=0.000000 gate_passed=True fallback=functional_recovery_hungarian global_hash=d8d475889e98609294bd32b6eb9954a48bcecc39e9aef6beea039657b9b8c98a
ROUND fedrad round=165 clients=[0, 58, 47, 44, 94, 66, 4, 7, 27, 2] diagnostic_accuracy=67.9500% Gamma=0.000000 gate_passed=True fallback=functional_recovery_hungarian global_hash=dbc8a50a3ff2a5ba3ff1bac66abd119f5df8288c45d5e781e6127214ef614c43
ROUND fedrad round=166 clients=[58, 87, 14, 78, 40, 83, 73, 18, 52, 31] diagnostic_accuracy=68.2200% Gamma=0.000000 gate_passed=True fallback=functional_recovery_hungarian global_hash=a9dd157f75ad3aac5124680a5b6825ff0dae74055d4196c61c0a27e6ee6575c0
ROUND fedrad round=167 clients=[99, 22, 62, 86, 5, 20, 9, 51, 7, 54] diagnostic_accuracy=70.3000% Gamma=0.000000 gate_passed=True fallback=functional_recovery_hungarian global_hash=16083ae44c18bc1e5ee93c4c1ee2c9e50ef6493a18d2a01c9a80f53181dd9143
ROUND fedrad round=168 clients=[97, 37, 42, 7, 22, 5, 24, 56, 69, 12] diagnostic_accuracy=68.7900% Gamma=0.000000 gate_passed=True fallback=functional_recovery_hungarian global_hash=3be5fba757e969462b9e3970300409e451f482f5205651efb0e592d2ca9cf0a2
ROUND fedrad round=169 clients=[96, 22, 76, 44, 59, 78, 12, 68, 94, 87] diagnostic_accuracy=68.5200% Gamma=0.000000 gate_passed=True fallback=functional_recovery_hungarian global_hash=0eadd65b0782d3956fb34d2ae7bb44c9c3adb15a0b212de4c2bd5240eb99a485
ROUND fedrad round=170 clients=[45, 7, 65, 19, 95, 16, 35, 23, 83, 88] diagnostic_accuracy=68.7400% Gamma=0.000000 gate_passed=True fallback=functional_recovery_hungarian global_hash=5152852f5d6db4cd4d527f4dcc8f71d6ed23a5c5766738f78774cb5713274cf6
ROUND fedrad round=171 clients=[12, 91, 4, 90, 47, 66, 33, 9, 61, 84] diagnostic_accuracy=66.3600% Gamma=0.000000 gate_passed=True fallback=functional_recovery_hungarian global_hash=e1a47263459cac0dd8af40d6c68bbf756cfdd1c8193eb42d1a606ccedee060b7
ROUND fedrad round=172 clients=[46, 60, 83, 2, 37, 70, 93, 29, 3, 43] diagnostic_accuracy=56.9000% Gamma=0.000000 gate_passed=True fallback=functional_recovery_hungarian global_hash=209190a5b54e9a16bd3edd989d9f1c3be18472c74892a5ce73c6ea964c5d1a46
ROUND fedrad round=173 clients=[27, 45, 49, 4, 31, 62, 9, 95, 69, 72] diagnostic_accuracy=68.5800% Gamma=0.000000 gate_passed=True fallback=functional_recovery_hungarian global_hash=1cc47877827f30acc4dd163947dfd54add600dca18039072d0f0a637b7fb5551
ROUND fedrad round=174 clients=[27, 28, 1, 92, 55, 48, 74, 7, 99, 62] diagnostic_accuracy=67.9400% Gamma=0.000000 gate_passed=True fallback=functional_recovery_hungarian global_hash=a9aa25dcf57f24f398a1752372faefc354998f5f0bb2adee8cd6ab87a0da4339
ROUND fedrad round=175 clients=[24, 0, 9, 11, 31, 45, 58, 35, 69, 21] diagnostic_accuracy=73.3200% Gamma=0.000000 gate_passed=True fallback=functional_recovery_hungarian global_hash=bf5a10cbfde47b3c8394e8202d0de4fc3a194156e8f9718ed92044c0080b95bc
ROUND fedrad round=176 clients=[42, 98, 67, 21, 24, 81, 20, 75, 29, 36] diagnostic_accuracy=67.0800% Gamma=0.000000 gate_passed=True fallback=functional_recovery_hungarian global_hash=daefb5c4467923ad320c7cd66f43433d816fe6c2569286065799b18351a7a9b3
ROUND fedrad round=177 clients=[49, 75, 33, 60, 42, 64, 69, 11, 47, 70] diagnostic_accuracy=65.7700% Gamma=0.000000 gate_passed=True fallback=functional_recovery_hungarian global_hash=65cfea21ff1ae1cd994a1631eb2b1c3244774656826358550144f2ca5aef85d0
ROUND fedrad round=178 clients=[96, 60, 16, 70, 73, 40, 11, 24, 87, 93] diagnostic_accuracy=64.1100% Gamma=0.000000 gate_passed=True fallback=functional_recovery_hungarian global_hash=98946c676c20fa1c62e348c5036fb62c279219a038c9eb415ef71bfcbb954dc4
ROUND fedrad round=179 clients=[37, 16, 85, 31, 69, 36, 54, 25, 32, 38] diagnostic_accuracy=67.3300% Gamma=0.000000 gate_passed=True fallback=functional_recovery_hungarian global_hash=fe1945e91b228c333c2186f45619993b15657e40619083e9ff4a56c22343add0
ROUND fedrad round=180 clients=[80, 92, 61, 76, 19, 28, 7, 73, 67, 38] diagnostic_accuracy=70.9700% Gamma=0.000000 gate_passed=True fallback=functional_recovery_hungarian global_hash=26070ea98b94f2e155cb4a908e853652ff645bb032094f6ad1c480260d15f715
ROUND fedrad round=181 clients=[78, 26, 35, 44, 29, 85, 64, 66, 97, 21] diagnostic_accuracy=65.6400% Gamma=0.000000 gate_passed=True fallback=functional_recovery_hungarian global_hash=5c3f94ceeb22ccd3dcde59fd340f8dd60b60429bdf3470247e1f167234027d59
ROUND fedrad round=182 clients=[78, 73, 10, 52, 54, 24, 44, 70, 99, 90] diagnostic_accuracy=65.4900% Gamma=0.000000 gate_passed=True fallback=functional_recovery_hungarian global_hash=d66c0bcb3303b58053eda8e0b9cd148ada49e3e44116482a96bf484aed5d3bbc
ROUND fedrad round=183 clients=[96, 38, 1, 4, 36, 19, 77, 52, 41, 49] diagnostic_accuracy=70.2900% Gamma=0.000000 gate_passed=True fallback=functional_recovery_hungarian global_hash=1a69de577f9974bb3b52cc804b76505d3cc12df4419534a4f7b2da58e93d5ccf
ROUND fedrad round=184 clients=[87, 55, 49, 7, 51, 67, 40, 21, 34, 0] diagnostic_accuracy=72.7700% Gamma=0.000000 gate_passed=True fallback=functional_recovery_hungarian global_hash=e744e186a2554b75e0ba80e9f30edc147a3a4c23623a5d0ca3fe5d4ad973aaa0
ROUND fedrad round=185 clients=[74, 63, 39, 14, 96, 82, 21, 45, 88, 13] diagnostic_accuracy=68.4900% Gamma=0.000000 gate_passed=True fallback=functional_recovery_hungarian global_hash=449f99db376a215c0cc045e0c470e3230297c40346651d567d2e03034f2f12ae
ROUND fedrad round=186 clients=[1, 26, 23, 59, 22, 57, 27, 60, 18, 69] diagnostic_accuracy=66.6200% Gamma=0.000000 gate_passed=True fallback=functional_recovery_hungarian global_hash=33ce9ee6737267285a34b9817c95d0c5eabb6d86fd515e2ece3207146783df5e
ROUND fedrad round=187 clients=[34, 87, 43, 64, 27, 92, 78, 55, 68, 7] diagnostic_accuracy=68.6300% Gamma=0.000000 gate_passed=True fallback=functional_recovery_hungarian global_hash=c485ba6b4011783c6acd1310eaa819efdd9a78666b8a3352fe2f266007974a89
ROUND fedrad round=188 clients=[67, 20, 34, 69, 85, 14, 86, 81, 36, 76] diagnostic_accuracy=73.3600% Gamma=0.000000 gate_passed=True fallback=functional_recovery_hungarian global_hash=f655ff8bad4adc7a216a4c0869c6de73b75e4678112a53cb73557349591e4620
ROUND fedrad round=189 clients=[57, 7, 53, 49, 74, 65, 76, 29, 78, 80] diagnostic_accuracy=71.2000% Gamma=0.000000 gate_passed=True fallback=functional_recovery_hungarian global_hash=84ded42871e5ad9bf8486892dad39169a9dd0a1a166a35b4e6bf8e77d192a563
ROUND fedrad round=190 clients=[71, 25, 7, 77, 39, 51, 87, 5, 45, 11] diagnostic_accuracy=64.5200% Gamma=0.000000 gate_passed=True fallback=functional_recovery_hungarian global_hash=14d5bc1f167078dd16fea80b66292dd3de2c259daa266c7543018f9a9a67f1ca
ROUND fedrad round=191 clients=[60, 21, 34, 0, 98, 92, 44, 65, 66, 3] diagnostic_accuracy=65.5900% Gamma=0.000000 gate_passed=True fallback=functional_recovery_hungarian global_hash=72014b5450d6534f571bfefe6f52826cdafb7d13a9e0ad236eea5ce732266bc3
ROUND fedrad round=192 clients=[36, 59, 66, 20, 0, 16, 86, 71, 90, 56] diagnostic_accuracy=74.2900% Gamma=0.000000 gate_passed=True fallback=functional_recovery_hungarian global_hash=83b345f348be80f12f0c4377de243484f45310a94a41cf79b87fb4e0255d13ed
ROUND fedrad round=193 clients=[19, 22, 51, 45, 91, 26, 14, 83, 15, 67] diagnostic_accuracy=71.3600% Gamma=0.000000 gate_passed=True fallback=functional_recovery_hungarian global_hash=de03511f64bcb5706556f5f9a78d0f7dfb64757e05e5478ca0ca30bb029fa42a
ROUND fedrad round=194 clients=[62, 14, 3, 92, 78, 33, 89, 48, 70, 31] diagnostic_accuracy=67.2000% Gamma=0.000000 gate_passed=True fallback=functional_recovery_hungarian global_hash=db7c000c9e2e7fd565d31b0fc6e59ceb8fb1c39b7f4b15d93a5a6b189130ea20
ROUND fedrad round=195 clients=[37, 10, 88, 63, 53, 68, 2, 52, 26, 59] diagnostic_accuracy=66.8600% Gamma=0.000000 gate_passed=True fallback=functional_recovery_hungarian global_hash=67981059de0efdda4947d5fdc26fde93fba68433ea94192ac3a5b2b8b1a9b98a
ROUND fedrad round=196 clients=[59, 71, 85, 49, 20, 10, 3, 86, 88, 33] diagnostic_accuracy=63.3800% Gamma=0.000000 gate_passed=True fallback=functional_recovery_hungarian global_hash=35d6a12331ec358866ec59dcb6eeac732898dc44c82803b8a48810bbdffe2b02
ROUND fedrad round=197 clients=[9, 0, 18, 66, 44, 17, 92, 95, 64, 96] diagnostic_accuracy=68.8300% Gamma=0.000000 gate_passed=True fallback=functional_recovery_hungarian global_hash=b650b17dad99d4a8b7dac33831f2a96dd62d49f45c0b92edc3628d0886614db0
ROUND fedrad round=198 clients=[70, 58, 24, 57, 32, 19, 43, 65, 5, 88] diagnostic_accuracy=61.1800% Gamma=0.000000 gate_passed=True fallback=functional_recovery_hungarian global_hash=35d56821ded534f058633f886d33d7837ff66109ac21d949a10f0e436e647025
ROUND fedrad round=199 clients=[61, 75, 68, 2, 6, 26, 1, 56, 78, 74] diagnostic_accuracy=68.8700% Gamma=0.000000 gate_passed=True fallback=functional_recovery_hungarian global_hash=45700f9ea27a30f46a1620a1b9ad98880b77ef47a78416421d3a7f5de97b311a
ROUND fedrad round=200 clients=[8, 57, 22, 90, 46, 9, 56, 99, 89, 4] diagnostic_accuracy=70.1400% Gamma=0.000000 gate_passed=True fallback=functional_recovery_hungarian global_hash=ab0e371ea39a163521960e83d3638112015894359747effab3d2a949c7d50b4c
FINAL_STATE_HASH ab0e371ea39a163521960e83d3638112015894359747effab3d2a949c7d50b4c
