Run directory: C:\Users\admin\Desktop\need_do\new_paper_four\FedPhoenix-new\results\recovery_measurement_functional_recovery_2of64\functional_recovery_seed1_20260908_022350_409913_m2_steps5_trajectory_mean_seed1_2of64_200r
Partition fingerprint: f8fcaa0f17c5d2078c5d24ece11b3f8cfcb82553733fb972155b7452d87a8fd0; device=cuda:0
ROUND fedrad round=1 clients=[80, 84, 33, 81, 93, 17, 36, 82, 69, 65] diagnostic_accuracy=10.0000% Gamma=0.000000 gate_passed=True fallback=functional_recovery_hungarian global_hash=c6432dd6d30651954c718691d66b95ead53f9f364bd41132c4908756853390e2
ROUND fedrad round=2 clients=[44, 96, 1, 35, 26, 11, 38, 82, 87, 3] diagnostic_accuracy=16.5600% Gamma=0.000000 gate_passed=True fallback=functional_recovery_hungarian global_hash=38f1bbec73363a3bce65e167fb1d76da9770d9ef726ad5cb8a3db273112fcb56
ROUND fedrad round=3 clients=[95, 67, 96, 71, 1, 80, 99, 45, 52, 27] diagnostic_accuracy=17.9500% Gamma=0.000000 gate_passed=True fallback=functional_recovery_hungarian global_hash=89fc5d73bda80b1867ffd6187462d2d72403d4cf596f5f6e03a96c41f4975e1b
ROUND fedrad round=4 clients=[40, 10, 96, 66, 89, 32, 95, 55, 25, 5] diagnostic_accuracy=15.7600% Gamma=0.000000 gate_passed=True fallback=functional_recovery_hungarian global_hash=602bd83ac6abeff92f06d353f321aeb208afc2e6bb699ac2468748090309ebb6
ROUND fedrad round=5 clients=[89, 99, 45, 96, 72, 9, 74, 88, 1, 38] diagnostic_accuracy=21.1400% Gamma=0.000000 gate_passed=True fallback=functional_recovery_hungarian global_hash=d9d1b2629594d4e457c8df8de25b00d9502d0dac2545013e5ebe1582ab208f6c
ROUND fedrad round=6 clients=[0, 86, 4, 23, 24, 1, 62, 83, 66, 93] diagnostic_accuracy=21.5100% Gamma=0.000000 gate_passed=True fallback=functional_recovery_hungarian global_hash=fc7b181043e76f68c952ee0efe7708d6fdb05b4d44be6b66e9b2fe0cb8e6b112
ROUND fedrad round=7 clients=[6, 59, 72, 30, 91, 43, 75, 76, 15, 61] diagnostic_accuracy=24.5700% Gamma=0.000000 gate_passed=True fallback=functional_recovery_hungarian global_hash=cdb196b4be6c1c831a03042d9f1cd324f6d21e4b808a12ca66fdb0b8a32cc94d
ROUND fedrad round=8 clients=[44, 88, 74, 48, 59, 79, 25, 52, 45, 55] diagnostic_accuracy=21.0100% Gamma=0.000000 gate_passed=True fallback=functional_recovery_hungarian global_hash=21952ab3b47481f266a832fdefdd279625072440b86ed64bb1953aca67127ea0
ROUND fedrad round=9 clients=[3, 60, 35, 33, 22, 66, 45, 68, 67, 75] diagnostic_accuracy=23.3300% Gamma=0.000000 gate_passed=True fallback=functional_recovery_hungarian global_hash=2ca6608e093d91a49d97ba8936d6ee448eb1be3eab6a0cd511eed4ca52ffbd5a
ROUND fedrad round=10 clients=[64, 91, 12, 52, 16, 65, 50, 68, 33, 30] diagnostic_accuracy=28.8700% Gamma=0.000000 gate_passed=True fallback=functional_recovery_hungarian global_hash=ee08da89531ea96f580d0dc7186685bcbde33c756857a5e939437b24469ebd20
ROUND fedrad round=11 clients=[54, 27, 23, 37, 75, 33, 41, 46, 52, 24] diagnostic_accuracy=26.2600% Gamma=0.000000 gate_passed=True fallback=functional_recovery_hungarian global_hash=2eb983b02531fe4c93f0cc9c788efa61c26d38a27c1db1a5ca6cf1c363287fdc
ROUND fedrad round=12 clients=[54, 45, 28, 44, 15, 1, 93, 12, 88, 40] diagnostic_accuracy=27.7700% Gamma=0.000000 gate_passed=True fallback=functional_recovery_hungarian global_hash=93126b113ac6711e13801f972a0ceff9503bb8e915d0e426090f80801d038701
ROUND fedrad round=13 clients=[70, 75, 5, 68, 36, 79, 72, 78, 57, 44] diagnostic_accuracy=27.5600% Gamma=0.000000 gate_passed=True fallback=functional_recovery_hungarian global_hash=4e500598adb3908cf9a9474e871705262bd4f9902dc5fdb86c3a97dd5bfb08fe
ROUND fedrad round=14 clients=[41, 9, 30, 89, 40, 49, 3, 22, 8, 16] diagnostic_accuracy=31.7900% Gamma=0.000000 gate_passed=True fallback=functional_recovery_hungarian global_hash=29b00303055e4331a91feadda0ef5e6190be1ad9ad1f6e645a60dce8275d788b
ROUND fedrad round=15 clients=[82, 28, 69, 81, 56, 71, 85, 27, 37, 66] diagnostic_accuracy=28.5900% Gamma=0.000000 gate_passed=True fallback=functional_recovery_hungarian global_hash=68bfecfabd108736e27a699aa1e4b6e7776cddd62d2d5f30bd0d9be605fef2f5
ROUND fedrad round=16 clients=[60, 13, 26, 12, 1, 28, 88, 86, 11, 43] diagnostic_accuracy=29.5500% Gamma=0.000000 gate_passed=True fallback=functional_recovery_hungarian global_hash=b5cc308a37d45d34462403ae8199b3996b02e7dd97e0869388e41b6f5236d3b9
ROUND fedrad round=17 clients=[93, 16, 72, 75, 10, 4, 38, 71, 42, 62] diagnostic_accuracy=30.1300% Gamma=0.000000 gate_passed=True fallback=functional_recovery_hungarian global_hash=1fae4199324b635bdbc0a0dd341b554b191a3d3585d7ceb931d240a7214286d0
ROUND fedrad round=18 clients=[36, 47, 1, 64, 57, 97, 29, 6, 67, 92] diagnostic_accuracy=31.1800% Gamma=0.000000 gate_passed=True fallback=functional_recovery_hungarian global_hash=f821733d1fc463f3a82bf5c21c1afdb2b4ba64036db2d7681bb4627018ce5a70
ROUND fedrad round=19 clients=[48, 87, 17, 57, 22, 81, 4, 51, 94, 63] diagnostic_accuracy=33.1500% Gamma=0.000000 gate_passed=True fallback=functional_recovery_hungarian global_hash=74e241a521a1b7fe7d9db38fa5b2d0cfadae3d1496fa827b78a1aca8c05e4dac
ROUND fedrad round=20 clients=[9, 17, 59, 11, 2, 95, 68, 28, 60, 14] diagnostic_accuracy=33.1600% Gamma=0.000000 gate_passed=True fallback=functional_recovery_hungarian global_hash=532ff234ac60f170d292b2e9e735677df32912c96a50c8c6266f91c383a2ea07
ROUND fedrad round=21 clients=[26, 25, 15, 93, 45, 54, 68, 90, 76, 10] diagnostic_accuracy=27.1400% Gamma=0.000000 gate_passed=True fallback=functional_recovery_hungarian global_hash=e5f804c797f31f186dbcb7506b4fbc6d9b7dbef460af107eee138ab3da0d6e54
ROUND fedrad round=22 clients=[84, 74, 93, 1, 48, 44, 29, 26, 94, 75] diagnostic_accuracy=31.0400% Gamma=0.000000 gate_passed=True fallback=functional_recovery_hungarian global_hash=2ff31c0f5498b9a9f818afb8c66fe18ffb8c496e26a484be4a2ba6e1095aa7cc
ROUND fedrad round=23 clients=[71, 58, 50, 22, 59, 84, 10, 70, 43, 67] diagnostic_accuracy=32.2300% Gamma=0.000000 gate_passed=True fallback=functional_recovery_hungarian global_hash=821f028b84130146a9df0500d1b5fd04edf04c2ce1a2876f7a2c6b1d87b46ba2
ROUND fedrad round=24 clients=[70, 54, 33, 75, 31, 58, 17, 6, 3, 51] diagnostic_accuracy=36.6800% Gamma=0.000000 gate_passed=True fallback=functional_recovery_hungarian global_hash=3399580a1f008a00e6f8a5d736681cb35bca340eb867c66e224a90ba0286067d
ROUND fedrad round=25 clients=[42, 87, 33, 36, 30, 84, 78, 98, 71, 75] diagnostic_accuracy=16.2800% Gamma=0.000000 gate_passed=True fallback=functional_recovery_hungarian global_hash=b237e56d92c4742bfd7560ff4cf24f4f860f19a709e7f814e193eb9b3b1840f3
ROUND fedrad round=26 clients=[41, 47, 34, 10, 51, 11, 50, 16, 86, 64] diagnostic_accuracy=39.9100% Gamma=0.000000 gate_passed=True fallback=functional_recovery_hungarian global_hash=bd9e16e65ad4bcec76945cc97be3564d584b9d19f3fbdd76a9f9fc4396dee804
ROUND fedrad round=27 clients=[58, 82, 63, 50, 98, 84, 4, 46, 65, 88] diagnostic_accuracy=31.5700% Gamma=0.000000 gate_passed=True fallback=functional_recovery_hungarian global_hash=5dd5ba90883062bd08e25b342f99ed67a5bb56e18802ef426d1eeda397b4bcab
ROUND fedrad round=28 clients=[99, 88, 69, 16, 46, 29, 90, 91, 4, 45] diagnostic_accuracy=40.1200% Gamma=0.000000 gate_passed=True fallback=functional_recovery_hungarian global_hash=0f252ba02e1009d9c5c5bf338ca9575580fae9e13839b9b2afc5b59d05614cfa
ROUND fedrad round=29 clients=[80, 73, 28, 34, 1, 10, 13, 65, 5, 49] diagnostic_accuracy=41.4500% Gamma=0.000000 gate_passed=True fallback=functional_recovery_hungarian global_hash=5d1b14974381b13a7f8b5913f570884845aa2be7f309137e9285059c4a6acc17
ROUND fedrad round=30 clients=[62, 41, 74, 11, 99, 8, 75, 26, 81, 85] diagnostic_accuracy=36.9500% Gamma=0.000000 gate_passed=True fallback=functional_recovery_hungarian global_hash=38db3f24109b8210728b0d00898f1626040e7592d76902f9eadb9fdd5291f9fb
ROUND fedrad round=31 clients=[96, 81, 77, 83, 14, 50, 13, 67, 53, 91] diagnostic_accuracy=47.7400% Gamma=0.000000 gate_passed=True fallback=functional_recovery_hungarian global_hash=9eff644ec887b8c20c958178aabde8a12cea3d472a3edd46541ccbceee28f408
ROUND fedrad round=32 clients=[40, 73, 70, 3, 6, 94, 1, 25, 20, 10] diagnostic_accuracy=39.8500% Gamma=0.000000 gate_passed=True fallback=functional_recovery_hungarian global_hash=0c3a2254fba08bd3d0573f9e252ef14535c8701705a09792cf647e902c24d994
ROUND fedrad round=33 clients=[45, 16, 51, 88, 17, 78, 36, 44, 21, 62] diagnostic_accuracy=43.2200% Gamma=0.000000 gate_passed=True fallback=functional_recovery_hungarian global_hash=604751c7010a0931b7a39f89655c30a7893144bd7ea544e45fd72e819bea9758
ROUND fedrad round=34 clients=[92, 43, 97, 61, 58, 67, 1, 98, 30, 75] diagnostic_accuracy=43.3300% Gamma=0.000000 gate_passed=True fallback=functional_recovery_hungarian global_hash=cd2784863a33f95e8c225ab0a60b3590d8243b6cade5cefe6b34882871721e52
ROUND fedrad round=35 clients=[31, 89, 17, 66, 92, 23, 96, 9, 35, 20] diagnostic_accuracy=40.9800% Gamma=0.000000 gate_passed=True fallback=functional_recovery_hungarian global_hash=c0583351f5e7d891bc391b41194df32e0e885672c450ff1f089aacd4a796703c
ROUND fedrad round=36 clients=[72, 68, 65, 28, 23, 85, 16, 60, 73, 78] diagnostic_accuracy=47.7800% Gamma=0.000000 gate_passed=True fallback=functional_recovery_hungarian global_hash=362d9828536e44bb7ac75690ed0b82cfe6b937bb3aac358ce143a2f98adafaed
ROUND fedrad round=37 clients=[66, 49, 62, 9, 84, 68, 74, 3, 44, 71] diagnostic_accuracy=28.5600% Gamma=0.000000 gate_passed=True fallback=functional_recovery_hungarian global_hash=1a8029ee6c2b1ddef0452a16ab7d6c760a22524f7eeb0c8262954475f5aafab9
ROUND fedrad round=38 clients=[50, 73, 27, 38, 8, 53, 21, 14, 28, 64] diagnostic_accuracy=47.3100% Gamma=0.000000 gate_passed=True fallback=functional_recovery_hungarian global_hash=55b5af705ac0bc29284419690f8dfdaa86eba7832afae9a795507c94a4e53b0a
ROUND fedrad round=39 clients=[48, 87, 40, 59, 3, 10, 75, 35, 49, 89] diagnostic_accuracy=44.4700% Gamma=0.000000 gate_passed=True fallback=functional_recovery_hungarian global_hash=cec2f751524dda649865b8ec16b5f9a7c25a221c7edda9956ad2935ed1c9599b
ROUND fedrad round=40 clients=[83, 93, 34, 60, 90, 45, 42, 41, 91, 36] diagnostic_accuracy=49.8000% Gamma=0.000000 gate_passed=True fallback=functional_recovery_hungarian global_hash=1667ac1da9de25a5eef0a1d3100f9ee6e30f0ae101fe9efa19c5334eedefdf7e
ROUND fedrad round=41 clients=[75, 52, 20, 80, 90, 93, 4, 51, 13, 98] diagnostic_accuracy=45.1300% Gamma=0.000000 gate_passed=True fallback=functional_recovery_hungarian global_hash=49f7adc190386f85e386f137b5061c13c2c4628c33f71cb4b1569e1687c2f87c
ROUND fedrad round=42 clients=[98, 79, 17, 10, 3, 12, 29, 26, 54, 58] diagnostic_accuracy=35.2700% Gamma=0.000000 gate_passed=True fallback=functional_recovery_hungarian global_hash=4f3804f991584bdc005e899458eb2c4d6e7a2e8b9aded9bad0070b7795655562
ROUND fedrad round=43 clients=[32, 15, 47, 9, 7, 16, 24, 57, 71, 28] diagnostic_accuracy=46.3600% Gamma=0.000000 gate_passed=True fallback=functional_recovery_hungarian global_hash=abfa8d47851116b4c5ee7f2474b039b4c2d937e19e5126a67762cd0ac846ebec
ROUND fedrad round=44 clients=[76, 67, 81, 35, 44, 49, 32, 99, 69, 51] diagnostic_accuracy=48.2000% Gamma=0.000000 gate_passed=True fallback=functional_recovery_hungarian global_hash=abff5748b6fbca11115e30f6b5344dd95fcab1b06d633b34fcd3123ed8ced996
ROUND fedrad round=45 clients=[42, 4, 95, 71, 84, 22, 61, 5, 10, 28] diagnostic_accuracy=42.4600% Gamma=0.000000 gate_passed=True fallback=functional_recovery_hungarian global_hash=0d4c5b0a5773393c9d5f0a2e262861ee37a35871d42d67bc92d04f33d0f325ec
ROUND fedrad round=46 clients=[61, 52, 80, 26, 37, 44, 85, 1, 99, 55] diagnostic_accuracy=55.2700% Gamma=0.000000 gate_passed=True fallback=functional_recovery_hungarian global_hash=6349a2027e4f64f4533bb49425ded6d9a9e6220b86342a242971fa473d1b9a38
ROUND fedrad round=47 clients=[23, 10, 75, 28, 19, 22, 43, 13, 98, 85] diagnostic_accuracy=53.4200% Gamma=0.000000 gate_passed=True fallback=functional_recovery_hungarian global_hash=54d9c3ce99d954304fa4b2ccc2f4da9ea418e884a04043cd649f219e6046f990
ROUND fedrad round=48 clients=[18, 1, 96, 63, 59, 71, 88, 39, 97, 68] diagnostic_accuracy=49.0700% Gamma=0.000000 gate_passed=True fallback=functional_recovery_hungarian global_hash=e9116de594af875446196708b3e37312d988bfbd5b909bd74629cec9434fae41
ROUND fedrad round=49 clients=[44, 11, 93, 47, 54, 9, 81, 94, 45, 65] diagnostic_accuracy=56.5500% Gamma=0.000000 gate_passed=True fallback=functional_recovery_hungarian global_hash=1dc87b66eaae2ddcc16565df6d652c81a96928f0d9fa5895d402b51b213ccf02
ROUND fedrad round=50 clients=[48, 43, 51, 76, 99, 39, 38, 73, 89, 80] diagnostic_accuracy=49.8700% Gamma=0.000000 gate_passed=True fallback=functional_recovery_hungarian global_hash=deff04a7c344f3edc0136a43e65f8a737f877caa676408450074c0e33dd2e4db
ROUND fedrad round=51 clients=[34, 16, 99, 17, 62, 58, 96, 29, 90, 30] diagnostic_accuracy=55.6800% Gamma=0.000000 gate_passed=True fallback=functional_recovery_hungarian global_hash=cec3c0c04c3cc7e5305126a5aba3b18e64332865156ec6a43aafbf92a3828fb7
ROUND fedrad round=52 clients=[8, 59, 78, 95, 25, 35, 99, 86, 54, 64] diagnostic_accuracy=57.4600% Gamma=0.000000 gate_passed=True fallback=functional_recovery_hungarian global_hash=6da60230a7b15a7598c4fd8ca5eef2e2e176ac9f97f3a64dceaded8cb38fb1db
ROUND fedrad round=53 clients=[87, 42, 55, 74, 37, 10, 26, 23, 57, 62] diagnostic_accuracy=50.2300% Gamma=0.000000 gate_passed=True fallback=functional_recovery_hungarian global_hash=54624e8dac7cd5b7db347fa9d46c94b7256aa0170d9f7d5e6bff14592b20f83b
ROUND fedrad round=54 clients=[84, 2, 76, 48, 68, 40, 92, 8, 42, 46] diagnostic_accuracy=55.2900% Gamma=0.000000 gate_passed=True fallback=functional_recovery_hungarian global_hash=ea258c39a9bd54fd9c68010225f9d27a366b5c8a68e5be718b1317ef8ece41b7
ROUND fedrad round=55 clients=[91, 70, 16, 58, 10, 35, 31, 86, 62, 54] diagnostic_accuracy=55.9700% Gamma=0.000000 gate_passed=True fallback=functional_recovery_hungarian global_hash=5c16799325acb4585b4c7aec24496ad48d2cbdb3089944283eb6fed9982e827b
ROUND fedrad round=56 clients=[32, 41, 20, 75, 69, 62, 74, 38, 80, 58] diagnostic_accuracy=47.2400% Gamma=0.000000 gate_passed=True fallback=functional_recovery_hungarian global_hash=e088d248943932380b2f6c78e257775a0afecaab7e56859ac5e35f76639210f9
ROUND fedrad round=57 clients=[89, 0, 84, 16, 97, 67, 41, 38, 59, 60] diagnostic_accuracy=50.1000% Gamma=0.000000 gate_passed=True fallback=functional_recovery_hungarian global_hash=f393ffcdc49a43061f021c0025059c3b4e6e8838940dd53bd9fbaf035a83b9a1
ROUND fedrad round=58 clients=[59, 21, 34, 35, 95, 41, 9, 12, 47, 42] diagnostic_accuracy=51.7200% Gamma=0.000000 gate_passed=True fallback=functional_recovery_hungarian global_hash=d0d74cc09b9088c56fcdd52a91ae6c0124b909b4f0e989f97d3d98443a0fc9ab
ROUND fedrad round=59 clients=[88, 78, 75, 43, 57, 63, 34, 79, 17, 93] diagnostic_accuracy=51.8300% Gamma=0.000000 gate_passed=True fallback=functional_recovery_hungarian global_hash=2d3f3d95c0831b58e2cea8f0471cf9cb44267389c6921ce871bf79913f7c7f47
ROUND fedrad round=60 clients=[76, 35, 9, 75, 32, 97, 53, 72, 27, 91] diagnostic_accuracy=50.8300% Gamma=0.000000 gate_passed=True fallback=functional_recovery_hungarian global_hash=801d25dae920dca19db02f1b23e3b19796fb9880340389ceaf256ef36d6a3bdc
ROUND fedrad round=61 clients=[60, 14, 9, 43, 15, 68, 7, 44, 65, 89] diagnostic_accuracy=59.7400% Gamma=0.000000 gate_passed=True fallback=functional_recovery_hungarian global_hash=5307013a36771480da521dd845f8137d96cece52fe60ec85665cc154308e5e14
ROUND fedrad round=62 clients=[56, 67, 28, 93, 30, 71, 78, 48, 25, 19] diagnostic_accuracy=59.4500% Gamma=0.000000 gate_passed=True fallback=functional_recovery_hungarian global_hash=e6fb769ed8c63d0f33e2d1d166029695e4fa15dd363dffa7c1c1838187974d36
ROUND fedrad round=63 clients=[61, 18, 63, 89, 0, 99, 42, 76, 81, 9] diagnostic_accuracy=54.4900% Gamma=0.000000 gate_passed=True fallback=functional_recovery_hungarian global_hash=ca16be10beca9ee94c415eb3aad255e19ed572591c7b25c2c137d27641d246b8
ROUND fedrad round=64 clients=[14, 22, 8, 93, 29, 90, 73, 28, 57, 58] diagnostic_accuracy=59.0100% Gamma=0.000000 gate_passed=True fallback=functional_recovery_hungarian global_hash=4072ba3c52bcc87e5646bfa5cf773602179e9c4b5bc4e2051d6d990083a89fde
ROUND fedrad round=65 clients=[16, 90, 78, 23, 55, 61, 31, 0, 11, 82] diagnostic_accuracy=60.7500% Gamma=0.000000 gate_passed=True fallback=functional_recovery_hungarian global_hash=bdd8e657fe7ff00273dddf6391217cc0f39e92fc4308e6bc042d93d44b6942d6
ROUND fedrad round=66 clients=[28, 65, 16, 72, 11, 36, 19, 51, 81, 53] diagnostic_accuracy=59.7600% Gamma=0.000000 gate_passed=True fallback=functional_recovery_hungarian global_hash=8cc6f9802056f98713e9f155a52c4805128fb29a452ceba618239df8ea459023
ROUND fedrad round=67 clients=[53, 63, 96, 28, 78, 90, 58, 73, 34, 4] diagnostic_accuracy=58.8200% Gamma=0.000000 gate_passed=True fallback=functional_recovery_hungarian global_hash=cd129b4879030b69c7b45b69c0f1d3ab525abb4bb698fcb4f4be2944c3ca7f01
ROUND fedrad round=68 clients=[38, 57, 22, 41, 70, 39, 10, 5, 17, 32] diagnostic_accuracy=57.4700% Gamma=0.000000 gate_passed=True fallback=functional_recovery_hungarian global_hash=f3f3b43e2323c5613c338e5226457fbde20223ba136d51dc25a20898438ccd57
ROUND fedrad round=69 clients=[60, 67, 48, 59, 46, 94, 22, 29, 53, 97] diagnostic_accuracy=62.1000% Gamma=0.000000 gate_passed=True fallback=functional_recovery_hungarian global_hash=c066ef292921b6d907be5e51cad732ba96c768fd5e51ba939eca95ef89d46b0e
ROUND fedrad round=70 clients=[61, 33, 76, 48, 37, 54, 38, 13, 8, 39] diagnostic_accuracy=50.6400% Gamma=0.000000 gate_passed=True fallback=functional_recovery_hungarian global_hash=01a786af5033ab408f304534903eb0d243c6d17e1f5953e64f776327cb3f2190
ROUND fedrad round=71 clients=[31, 88, 91, 25, 50, 95, 67, 45, 80, 70] diagnostic_accuracy=57.9300% Gamma=0.000000 gate_passed=True fallback=functional_recovery_hungarian global_hash=20bbcb91178ac4d59c1ad1b7284441f7b5efed7b7e14da74e06154d6619f6054
ROUND fedrad round=72 clients=[3, 23, 17, 94, 61, 43, 63, 91, 37, 84] diagnostic_accuracy=46.9200% Gamma=0.000000 gate_passed=True fallback=functional_recovery_hungarian global_hash=93c94845e0619a552d294ade809ab722ef37ba79903b1c96cf9995d2010f25b0
ROUND fedrad round=73 clients=[11, 73, 78, 47, 45, 83, 36, 75, 91, 57] diagnostic_accuracy=62.0500% Gamma=0.000000 gate_passed=True fallback=functional_recovery_hungarian global_hash=56b26aaa2fa41d047b501c6952cf1869bd73b16b6a723b008c671ef1e3a209da
ROUND fedrad round=74 clients=[46, 54, 66, 62, 96, 49, 24, 75, 60, 52] diagnostic_accuracy=57.6900% Gamma=0.000000 gate_passed=True fallback=functional_recovery_hungarian global_hash=3fc433253e65e8bba0aaa2b4b4d559623d66f0714da435085af691c69175e742
ROUND fedrad round=75 clients=[75, 51, 39, 89, 14, 54, 41, 30, 24, 80] diagnostic_accuracy=58.0600% Gamma=0.000000 gate_passed=True fallback=functional_recovery_hungarian global_hash=d0755dc971dba42e2b4e5cd50ddb34f243a19fad044e8c8291720b451540cc24
ROUND fedrad round=76 clients=[67, 90, 45, 78, 32, 86, 50, 55, 33, 60] diagnostic_accuracy=62.9200% Gamma=0.000000 gate_passed=True fallback=functional_recovery_hungarian global_hash=7f064f06a13fdf7d2054409030d7fc2940a34cc2e3cf4300f6fc159ba11060b6
ROUND fedrad round=77 clients=[4, 16, 51, 33, 89, 30, 13, 77, 43, 85] diagnostic_accuracy=63.5700% Gamma=0.000000 gate_passed=True fallback=functional_recovery_hungarian global_hash=841425cec0acc8168de0b5c44ef4b76cb15ab3495ff29dc9f5a33cb8d8a9d668
ROUND fedrad round=78 clients=[97, 76, 96, 72, 42, 17, 33, 51, 24, 36] diagnostic_accuracy=60.7400% Gamma=0.000000 gate_passed=True fallback=functional_recovery_hungarian global_hash=8b3a1d4261bd92d5aeddef33c2939c68b86acbf04ef6716f401282b4a83eb64f
ROUND fedrad round=79 clients=[22, 47, 61, 27, 50, 96, 89, 97, 85, 30] diagnostic_accuracy=62.0400% Gamma=0.000000 gate_passed=True fallback=functional_recovery_hungarian global_hash=99ad772fefec9b2953eb37272a9efc1a4241b8e4373e2ac04b188da0af63d2ab
ROUND fedrad round=80 clients=[44, 70, 23, 38, 74, 21, 82, 4, 88, 98] diagnostic_accuracy=57.0200% Gamma=0.000000 gate_passed=True fallback=functional_recovery_hungarian global_hash=0155bb9d78d41a743b6827f84277770523e2ae4da6054b19b3cac911a8ce8fda
ROUND fedrad round=81 clients=[90, 72, 65, 50, 85, 56, 4, 80, 31, 17] diagnostic_accuracy=58.7400% Gamma=0.000000 gate_passed=True fallback=functional_recovery_hungarian global_hash=a036740d5e159d16924bef02dd78774dcc3e628614ab5f3b01fb08649931c577
ROUND fedrad round=82 clients=[61, 40, 41, 34, 97, 51, 50, 13, 22, 8] diagnostic_accuracy=63.2200% Gamma=0.000000 gate_passed=True fallback=functional_recovery_hungarian global_hash=a7603f2cfd4400a6a576ac00c210517045e14e3d4d373b05f8f5dd1035522457
ROUND fedrad round=83 clients=[87, 54, 63, 83, 96, 26, 0, 59, 69, 14] diagnostic_accuracy=62.1400% Gamma=0.000000 gate_passed=True fallback=functional_recovery_hungarian global_hash=a88523cb10059d59f43f6d3b7ddc1d9fcc593e2b0283ee7b6725f7c9f1deb3d6
ROUND fedrad round=84 clients=[58, 47, 83, 36, 8, 2, 56, 49, 10, 38] diagnostic_accuracy=52.8200% Gamma=0.000000 gate_passed=True fallback=functional_recovery_hungarian global_hash=88af17152af3af3c0d535bf3953b5212c67a4f9df9228afa57ea6443cac91863
ROUND fedrad round=85 clients=[89, 90, 81, 54, 59, 4, 53, 47, 52, 19] diagnostic_accuracy=64.9000% Gamma=0.000000 gate_passed=True fallback=functional_recovery_hungarian global_hash=4e02b381cacbf2a779bba0c2d4ceb674848e9c33a4c4057b2792df0ab8608ca3
ROUND fedrad round=86 clients=[24, 13, 81, 73, 19, 55, 40, 76, 57, 96] diagnostic_accuracy=61.1700% Gamma=0.000000 gate_passed=True fallback=functional_recovery_hungarian global_hash=9eab01ab46274bdc90885e2ea7edd92dbddd5439beaa73224bd45205f5769acb
ROUND fedrad round=87 clients=[31, 75, 94, 20, 87, 26, 29, 70, 2, 50] diagnostic_accuracy=57.6400% Gamma=0.000000 gate_passed=True fallback=functional_recovery_hungarian global_hash=e0ff44423c927a4c19e1413525334843a9b0fe9689e71f60e39d71a55b654125
ROUND fedrad round=88 clients=[0, 9, 46, 37, 72, 83, 73, 16, 55, 27] diagnostic_accuracy=55.9500% Gamma=0.000000 gate_passed=True fallback=functional_recovery_hungarian global_hash=81c5676541e0fc3bf1fd8c9da143a53dab5837e161c0ce33329aea0c16e89315
ROUND fedrad round=89 clients=[80, 29, 9, 50, 26, 81, 48, 82, 37, 15] diagnostic_accuracy=55.1100% Gamma=0.000000 gate_passed=True fallback=functional_recovery_hungarian global_hash=dcf48fb3d69621cc4cdd60e8c3ff98e9fa4540d36fc1e4408b750c0cd8a44dac
ROUND fedrad round=90 clients=[82, 6, 87, 74, 29, 50, 62, 67, 12, 83] diagnostic_accuracy=68.7300% Gamma=0.000000 gate_passed=True fallback=functional_recovery_hungarian global_hash=7bb575f36708e6741e8010230968fad476db40425ec55b8809dd99cd3d41cd97
ROUND fedrad round=91 clients=[36, 75, 89, 43, 12, 21, 95, 72, 24, 63] diagnostic_accuracy=55.4900% Gamma=0.000000 gate_passed=True fallback=functional_recovery_hungarian global_hash=810f1bea1fa2f4f9198e39b4bea70d714c8cb1cddd36ec2e253cf24117e25445
ROUND fedrad round=92 clients=[34, 15, 31, 94, 46, 70, 19, 80, 6, 88] diagnostic_accuracy=62.5900% Gamma=0.000000 gate_passed=True fallback=functional_recovery_hungarian global_hash=b06415164c6bd678e048a2933ec312d472410d291791099decac60d7ab683b3b
ROUND fedrad round=93 clients=[70, 92, 72, 77, 23, 53, 1, 12, 97, 93] diagnostic_accuracy=59.4800% Gamma=0.000000 gate_passed=True fallback=functional_recovery_hungarian global_hash=71165776d298e55269d551cca4c7f2a6010a0b7817ebfae13a5bf94e62080197
ROUND fedrad round=94 clients=[13, 38, 36, 14, 57, 77, 66, 73, 3, 0] diagnostic_accuracy=50.9000% Gamma=0.000000 gate_passed=True fallback=functional_recovery_hungarian global_hash=6897269befca2d90d732fe27017afbabc553cc1a85eb8ad3bbe6b30b4d8b5a79
ROUND fedrad round=95 clients=[13, 19, 10, 24, 76, 57, 88, 23, 61, 31] diagnostic_accuracy=59.9700% Gamma=0.000000 gate_passed=True fallback=functional_recovery_hungarian global_hash=b6b00244e2e538f0f6f6054b034af28e18c26e4d9ddd1934f77b6bfbec7fe86a
ROUND fedrad round=96 clients=[18, 45, 94, 24, 56, 67, 10, 14, 13, 9] diagnostic_accuracy=64.9500% Gamma=0.000000 gate_passed=True fallback=functional_recovery_hungarian global_hash=88e22ccd3c3f93cd6213face778b79c5d3f49d06006159ee526a0170f8fb88d6
ROUND fedrad round=97 clients=[13, 48, 73, 93, 70, 1, 43, 77, 76, 88] diagnostic_accuracy=59.2800% Gamma=0.000000 gate_passed=True fallback=functional_recovery_hungarian global_hash=14f213ca23a2d9cc6f3386214b6d4285ab468434e75c10139d5cc85abcbed38f
ROUND fedrad round=98 clients=[21, 45, 83, 68, 75, 65, 96, 1, 77, 73] diagnostic_accuracy=65.1200% Gamma=0.000000 gate_passed=True fallback=functional_recovery_hungarian global_hash=5789e82eb9043d99f5121e13f4bac89dba4a9115b4e8b3a53811b149d5256921
ROUND fedrad round=99 clients=[81, 84, 60, 18, 45, 47, 94, 83, 76, 22] diagnostic_accuracy=56.5100% Gamma=0.000000 gate_passed=True fallback=functional_recovery_hungarian global_hash=a41dac85f4e61edd30449bcc1d6957589fe4da31ce279b807842f8d5f4630965
ROUND fedrad round=100 clients=[21, 69, 47, 34, 65, 81, 93, 44, 30, 84] diagnostic_accuracy=59.0200% Gamma=0.000000 gate_passed=True fallback=functional_recovery_hungarian global_hash=b9779b55659cf0e50e36e2fde2e02af50fbfaecdde7ad50cc88283e2d2164cc2
ROUND fedrad round=101 clients=[22, 38, 77, 15, 11, 61, 37, 34, 87, 3] diagnostic_accuracy=60.0900% Gamma=0.000000 gate_passed=True fallback=functional_recovery_hungarian global_hash=76898835ee1e9894136adfe29da7da5b987d33e41c7675f8c4008092b2fa483c
ROUND fedrad round=102 clients=[96, 9, 26, 58, 69, 44, 13, 93, 61, 43] diagnostic_accuracy=59.6000% Gamma=0.000000 gate_passed=True fallback=functional_recovery_hungarian global_hash=c5fb86de2d1fdd01bdce3969518b30342bb22a7afa09aff6b975650ac314d40c
ROUND fedrad round=103 clients=[13, 34, 27, 16, 72, 98, 14, 19, 9, 46] diagnostic_accuracy=55.0500% Gamma=0.000000 gate_passed=True fallback=functional_recovery_hungarian global_hash=06495ced77695de15469532c487c16ac30e83e1649fca6ef1ac39b3e6318d8d7
ROUND fedrad round=104 clients=[29, 72, 81, 80, 68, 85, 14, 0, 93, 52] diagnostic_accuracy=65.6300% Gamma=0.000000 gate_passed=True fallback=functional_recovery_hungarian global_hash=0f618a6e47d4aa06fb49d27e20b79a331297aed05ff6938c0960673f995a3bec
ROUND fedrad round=105 clients=[17, 69, 35, 86, 83, 84, 23, 56, 89, 60] diagnostic_accuracy=62.4400% Gamma=0.000000 gate_passed=True fallback=functional_recovery_hungarian global_hash=c371cfad0485f7ab08bbe280d22f5e1d97fec6f5a3b8ba2502f0ae9ba6d402b7
ROUND fedrad round=106 clients=[94, 79, 36, 8, 19, 16, 13, 30, 25, 3] diagnostic_accuracy=53.6200% Gamma=0.000000 gate_passed=True fallback=functional_recovery_hungarian global_hash=ef0dc4d8512a660083a2bc88c699f4aa25cbe1339b6484d479f8faeef1ea1f0c
ROUND fedrad round=107 clients=[45, 82, 32, 52, 17, 96, 6, 57, 67, 74] diagnostic_accuracy=60.6500% Gamma=0.000000 gate_passed=True fallback=functional_recovery_hungarian global_hash=50aa288055a5af820cdda7d7d26a9ce6e34d59ce93e0f09ff2cc13675f57df80
ROUND fedrad round=108 clients=[61, 20, 59, 99, 39, 42, 73, 53, 45, 8] diagnostic_accuracy=69.9000% Gamma=0.000000 gate_passed=True fallback=functional_recovery_hungarian global_hash=5ca7e1356d16963cdbf827a0b0070c2cb9d54c43cdd05de761961aaf8c4ce76c
ROUND fedrad round=109 clients=[60, 38, 5, 54, 66, 33, 80, 83, 9, 4] diagnostic_accuracy=61.0800% Gamma=0.000000 gate_passed=True fallback=functional_recovery_hungarian global_hash=75227a1effe6c7504deadb1c581fcb3f188aa9534836550215fbdcd4e30de8b9
ROUND fedrad round=110 clients=[39, 44, 62, 4, 42, 25, 0, 45, 29, 93] diagnostic_accuracy=70.3500% Gamma=0.000000 gate_passed=True fallback=functional_recovery_hungarian global_hash=662cfb33e65389e4db6213d2291f87c2078a573ee385125a8e140bdedaa77fd2
ROUND fedrad round=111 clients=[96, 54, 19, 97, 92, 31, 81, 2, 24, 9] diagnostic_accuracy=70.3800% Gamma=0.000000 gate_passed=True fallback=functional_recovery_hungarian global_hash=d68cb6ee60ad8edbeaf2956c610495d7e1b27a41dd80b854f32053831ffcd94a
ROUND fedrad round=112 clients=[9, 19, 7, 49, 45, 35, 80, 85, 40, 89] diagnostic_accuracy=67.9100% Gamma=0.000000 gate_passed=True fallback=functional_recovery_hungarian global_hash=b50ccd14f4a2e1d155051ce099ce594844b4707ad7bfdbadff70a5744758ba79
ROUND fedrad round=113 clients=[73, 66, 18, 74, 33, 2, 87, 29, 98, 91] diagnostic_accuracy=62.5800% Gamma=0.000000 gate_passed=True fallback=functional_recovery_hungarian global_hash=ba86504df00bfe0f11868a83a692f60956f8b2e996b3311859db55451a853e7d
ROUND fedrad round=114 clients=[40, 31, 27, 50, 71, 81, 99, 97, 73, 49] diagnostic_accuracy=59.0400% Gamma=0.000000 gate_passed=True fallback=functional_recovery_hungarian global_hash=0076fbe754c36fe59efae9855c5ced9ee07e69d8b3013504b3150c9e785b5ab7
ROUND fedrad round=115 clients=[61, 64, 42, 88, 27, 95, 92, 50, 45, 85] diagnostic_accuracy=66.0400% Gamma=0.000000 gate_passed=True fallback=functional_recovery_hungarian global_hash=63faecf50fc72548a84027fba0c2801b84b9a42792c949533b3dd19f3619ab02
ROUND fedrad round=116 clients=[27, 8, 49, 32, 15, 35, 70, 59, 31, 30] diagnostic_accuracy=60.5100% Gamma=0.000000 gate_passed=True fallback=functional_recovery_hungarian global_hash=570bf46cdc5dac10254f39fdbce2a1c291d2fe81b0d04f69da34a11a2d762b97
ROUND fedrad round=117 clients=[69, 35, 52, 51, 26, 15, 76, 48, 98, 12] diagnostic_accuracy=64.2900% Gamma=0.000000 gate_passed=True fallback=functional_recovery_hungarian global_hash=dc61afa0990bd29cd5a5d255fc4ad53ad11c441715dddb5c1fa3d6c88c03fc51
ROUND fedrad round=118 clients=[46, 57, 0, 86, 26, 80, 73, 20, 63, 98] diagnostic_accuracy=64.3500% Gamma=0.000000 gate_passed=True fallback=functional_recovery_hungarian global_hash=357c2f38f647de649c903c3aee5f72283ed5ec26b7e0abe9cf54066403e14af1
ROUND fedrad round=119 clients=[81, 6, 64, 84, 20, 2, 8, 4, 66, 92] diagnostic_accuracy=63.1600% Gamma=0.000000 gate_passed=True fallback=functional_recovery_hungarian global_hash=bcc2f536b6334dbdce0227c886052a853a007f9717e36be5973eb52a755df618
ROUND fedrad round=120 clients=[61, 34, 64, 11, 96, 18, 82, 52, 72, 92] diagnostic_accuracy=67.3200% Gamma=0.000000 gate_passed=True fallback=functional_recovery_hungarian global_hash=07298530604be954f9a615c574df4d5a5cdf14ec8502f1f95995dab6c0249d19
ROUND fedrad round=121 clients=[93, 68, 94, 13, 36, 11, 5, 1, 40, 7] diagnostic_accuracy=69.3900% Gamma=0.000000 gate_passed=True fallback=functional_recovery_hungarian global_hash=75fd5c25a550dfe611fd66fee30684456a67245fa5e1b621d1a8e2de854ecd43
ROUND fedrad round=122 clients=[73, 64, 37, 69, 31, 48, 77, 41, 53, 75] diagnostic_accuracy=61.1600% Gamma=0.000000 gate_passed=True fallback=functional_recovery_hungarian global_hash=cd504ac0c4df4603db19c13ef7781970c9229eba005e47d6fc091fa4e90b1ce9
ROUND fedrad round=123 clients=[46, 43, 84, 11, 66, 92, 16, 19, 96, 37] diagnostic_accuracy=58.5700% Gamma=0.000000 gate_passed=True fallback=functional_recovery_hungarian global_hash=e053431624be582087a47802d83c5d8c968e7164557853aaa3e899de577b77fa
ROUND fedrad round=124 clients=[43, 96, 9, 0, 74, 19, 1, 23, 38, 66] diagnostic_accuracy=64.9600% Gamma=0.000000 gate_passed=True fallback=functional_recovery_hungarian global_hash=366155a7bb2743bd6f55474e22b488d48133f2b012ef0e26edd6037a97904053
ROUND fedrad round=125 clients=[27, 62, 32, 10, 22, 72, 64, 25, 86, 60] diagnostic_accuracy=63.1800% Gamma=0.000000 gate_passed=True fallback=functional_recovery_hungarian global_hash=369f3cd166999550e184b186b3ff3a670a4fefc7680803b752e190891c1e8810
ROUND fedrad round=126 clients=[84, 7, 64, 76, 15, 46, 27, 47, 40, 69] diagnostic_accuracy=62.6000% Gamma=0.000000 gate_passed=True fallback=functional_recovery_hungarian global_hash=16c207082d955e5e923cc1974adda3ead3c4b88553498046b67aa854afedcbb2
ROUND fedrad round=127 clients=[75, 97, 79, 87, 11, 7, 37, 92, 41, 12] diagnostic_accuracy=66.0900% Gamma=0.000000 gate_passed=True fallback=functional_recovery_hungarian global_hash=3db93e674b37e8f7acfa7e2f4b7b6555d0bc739e97f5878bacbbde40c502ff91
ROUND fedrad round=128 clients=[78, 4, 17, 21, 76, 74, 19, 61, 45, 86] diagnostic_accuracy=71.5200% Gamma=0.000000 gate_passed=True fallback=functional_recovery_hungarian global_hash=62268fef6389ee5f588fc45fa4e2e2e0085e8cff542a3a4fd59a7cf1f29de1c9
ROUND fedrad round=129 clients=[23, 41, 75, 36, 26, 49, 95, 16, 93, 72] diagnostic_accuracy=58.2000% Gamma=0.000000 gate_passed=True fallback=functional_recovery_hungarian global_hash=66e2d877513698eabd5c573cac1ed16e3cbbb4570176309ab273b710ed30ea5b
ROUND fedrad round=130 clients=[59, 53, 65, 8, 68, 35, 13, 55, 23, 97] diagnostic_accuracy=69.2900% Gamma=0.000000 gate_passed=True fallback=functional_recovery_hungarian global_hash=fb12ea59d39f7e2602f4d7e33ebcdd8f91053e07d36f392c5ee43c5693a86f59
ROUND fedrad round=131 clients=[74, 98, 22, 45, 97, 87, 92, 71, 47, 79] diagnostic_accuracy=67.9900% Gamma=0.000000 gate_passed=True fallback=functional_recovery_hungarian global_hash=55cddef8fbb1214e884daacc8372d412d0546f568c6b36c55792fd50816a3a72
ROUND fedrad round=132 clients=[35, 70, 59, 49, 36, 91, 82, 50, 26, 72] diagnostic_accuracy=52.1000% Gamma=0.000000 gate_passed=True fallback=functional_recovery_hungarian global_hash=1b3d76959659f31692da0c37a18a9ba7c86f6d5be7bb49cf916c97e62dabb614
ROUND fedrad round=133 clients=[22, 83, 75, 29, 66, 48, 12, 10, 86, 1] diagnostic_accuracy=64.0200% Gamma=0.000000 gate_passed=True fallback=functional_recovery_hungarian global_hash=908f88d38bbeb96851e2b4b6559d86f3632af711e8086e9a0650faf6b3c97053
ROUND fedrad round=134 clients=[76, 33, 40, 59, 65, 63, 73, 36, 99, 82] diagnostic_accuracy=67.2600% Gamma=0.000000 gate_passed=True fallback=functional_recovery_hungarian global_hash=9573ebe30338e8dbffb5d104181ae8a9a513fb49905e22bb92c47636723f82c4
ROUND fedrad round=135 clients=[85, 88, 54, 40, 70, 67, 86, 38, 58, 42] diagnostic_accuracy=73.0200% Gamma=0.000000 gate_passed=True fallback=functional_recovery_hungarian global_hash=5c437438a04254d709f624162d45d826e8f09ed6964bfb9d34e783fc18307917
ROUND fedrad round=136 clients=[89, 56, 12, 90, 94, 86, 19, 78, 92, 59] diagnostic_accuracy=69.7700% Gamma=0.000000 gate_passed=True fallback=functional_recovery_hungarian global_hash=f52c9f756110e7ee0ddddd4d02ed68f24ca3d3d527e3988fdda9b43eaa4267c4
ROUND fedrad round=137 clients=[7, 94, 69, 44, 50, 26, 75, 24, 33, 18] diagnostic_accuracy=63.4400% Gamma=0.000000 gate_passed=True fallback=functional_recovery_hungarian global_hash=f4487055f4ec9b08fa185da23ba8567f14ef44626e303d525c1a54716c049fda
ROUND fedrad round=138 clients=[89, 75, 84, 93, 35, 71, 19, 63, 59, 94] diagnostic_accuracy=57.5000% Gamma=0.000000 gate_passed=True fallback=functional_recovery_hungarian global_hash=fe8b97ea820868e84538d7d21b117b16622eb47827b4693e312753d0b9b2e033
ROUND fedrad round=139 clients=[54, 66, 17, 43, 53, 40, 76, 1, 4, 81] diagnostic_accuracy=71.0900% Gamma=0.000000 gate_passed=True fallback=functional_recovery_hungarian global_hash=61f1f8e6d7c363c99a70412ca5d3f9e28dd8db2034114a0ed277144129ad7d24
ROUND fedrad round=140 clients=[52, 51, 97, 7, 41, 61, 29, 88, 49, 26] diagnostic_accuracy=68.4200% Gamma=0.000000 gate_passed=True fallback=functional_recovery_hungarian global_hash=4c5347baf427843d267197e6aa14962c588f881f9b1a303e3ca74eb5727549d3
ROUND fedrad round=141 clients=[21, 47, 20, 59, 85, 2, 99, 70, 54, 50] diagnostic_accuracy=67.5300% Gamma=0.000000 gate_passed=True fallback=functional_recovery_hungarian global_hash=d6e237e695cf6f334be0ea49807c62615c297c50d0fb8357c2546f53efb427cd
ROUND fedrad round=142 clients=[65, 98, 79, 6, 58, 92, 19, 37, 33, 75] diagnostic_accuracy=66.6600% Gamma=0.000000 gate_passed=True fallback=functional_recovery_hungarian global_hash=52b7bc0095e93f8dae5c71542fd6fc43e9401e5847109046890deae96dce052b
ROUND fedrad round=143 clients=[44, 84, 56, 0, 69, 15, 66, 78, 42, 95] diagnostic_accuracy=59.5600% Gamma=0.000000 gate_passed=True fallback=functional_recovery_hungarian global_hash=08648afe7923949c22542f3eb19ed88004af0921f311f2ebb59e183891c6b6d2
ROUND fedrad round=144 clients=[36, 20, 53, 26, 80, 67, 25, 37, 39, 10] diagnostic_accuracy=64.3300% Gamma=0.000000 gate_passed=True fallback=functional_recovery_hungarian global_hash=f572408e73cdc9f02e26ed4097e4f5068173d144295d282a01d8d95e8ea16288
ROUND fedrad round=145 clients=[54, 62, 65, 69, 82, 46, 64, 70, 59, 11] diagnostic_accuracy=69.7000% Gamma=0.000000 gate_passed=True fallback=functional_recovery_hungarian global_hash=4acf31d941afb2924a6f05084b34a489e91412bf390c454a77d025a5b7021ffb
ROUND fedrad round=146 clients=[78, 89, 64, 25, 85, 9, 57, 41, 97, 45] diagnostic_accuracy=68.3600% Gamma=0.000000 gate_passed=True fallback=functional_recovery_hungarian global_hash=48d8a8e153f124a6f9e1a2f0431ee754320f53056d3b411e88d4300f08afabf7
ROUND fedrad round=147 clients=[32, 8, 70, 41, 12, 19, 88, 20, 98, 33] diagnostic_accuracy=59.5300% Gamma=0.000000 gate_passed=True fallback=functional_recovery_hungarian global_hash=d3b04a7e41768caef495a0f5e19541ae910c960bc3198ff980c10a70a2e88aa9
ROUND fedrad round=148 clients=[50, 29, 81, 33, 44, 69, 2, 68, 93, 85] diagnostic_accuracy=69.6100% Gamma=0.000000 gate_passed=True fallback=functional_recovery_hungarian global_hash=5f9def5a415cae070f9e22baa36c1aacfe6da376885fd12cbdc4bce93fd52ebe
ROUND fedrad round=149 clients=[5, 84, 70, 73, 31, 62, 69, 13, 86, 74] diagnostic_accuracy=52.4100% Gamma=0.000000 gate_passed=True fallback=functional_recovery_hungarian global_hash=939a1f492ec55113e193865c4d5f8b31f542a91357e8d84f1c71abc94c7d7c3f
ROUND fedrad round=150 clients=[69, 9, 41, 83, 76, 63, 34, 67, 36, 87] diagnostic_accuracy=66.5300% Gamma=0.000000 gate_passed=True fallback=functional_recovery_hungarian global_hash=445646e64fc4454adbd6f3c9d28b3cc772a4169de7779498883fd7ba7b127176
ROUND fedrad round=151 clients=[40, 77, 95, 52, 25, 38, 46, 47, 93, 88] diagnostic_accuracy=62.9500% Gamma=0.000000 gate_passed=True fallback=functional_recovery_hungarian global_hash=8f3d7e38b044bf3f224212d1b89acee0a147719e3fe3245ab7985eb56b7a311f
ROUND fedrad round=152 clients=[14, 22, 87, 6, 15, 36, 37, 44, 48, 38] diagnostic_accuracy=64.3000% Gamma=0.000000 gate_passed=True fallback=functional_recovery_hungarian global_hash=c9d9023be450a1f6587af075930314b32b228c05ed58d21a01970d497087a68e
ROUND fedrad round=153 clients=[14, 66, 74, 62, 49, 45, 18, 79, 15, 68] diagnostic_accuracy=70.8700% Gamma=0.000000 gate_passed=True fallback=functional_recovery_hungarian global_hash=a68f1c8fc322c1a7e1d653c929f4572402bd6be2d04392c55fd2ea7153752714
ROUND fedrad round=154 clients=[92, 32, 77, 87, 27, 13, 14, 47, 22, 73] diagnostic_accuracy=63.9700% Gamma=0.000000 gate_passed=True fallback=functional_recovery_hungarian global_hash=3c81ed0ad2678a2f8275d415ea6da995959bdbc4f846f7848f5947e9df4ba2f5
ROUND fedrad round=155 clients=[60, 31, 44, 3, 84, 25, 98, 73, 52, 82] diagnostic_accuracy=53.2100% Gamma=0.000000 gate_passed=True fallback=functional_recovery_hungarian global_hash=565ecb53ee611d04b7cbe15a83a4f926b4bced42f09e9b18a95873007c3886d2
ROUND fedrad round=156 clients=[66, 38, 74, 49, 46, 45, 12, 0, 81, 23] diagnostic_accuracy=65.0400% Gamma=0.000000 gate_passed=True fallback=functional_recovery_hungarian global_hash=47fea3861f0e2174ed6b630d3525f09549f5bf6dda5cf99f204c459b91f2f10e
ROUND fedrad round=157 clients=[6, 14, 56, 8, 37, 71, 68, 53, 88, 65] diagnostic_accuracy=67.1500% Gamma=0.000000 gate_passed=True fallback=functional_recovery_hungarian global_hash=7137eae98ea1f9177ff76b17d9dbaf45422148f2c3ae1f16ba5f17ac408c3d8f
ROUND fedrad round=158 clients=[76, 40, 68, 38, 91, 92, 18, 11, 69, 94] diagnostic_accuracy=71.6600% Gamma=0.000000 gate_passed=True fallback=functional_recovery_hungarian global_hash=1ac14593fe89df9c4bd71b8f146ae82933021f7bfaac222e229d3e2731bff7ec
ROUND fedrad round=159 clients=[0, 23, 91, 83, 98, 64, 90, 32, 84, 36] diagnostic_accuracy=62.5200% Gamma=0.000000 gate_passed=True fallback=functional_recovery_hungarian global_hash=1679422004b3317ea19669c4dc9f9263caa0286559bde61b8f51381712107486
ROUND fedrad round=160 clients=[15, 9, 95, 71, 80, 49, 39, 81, 30, 8] diagnostic_accuracy=72.3700% Gamma=0.000000 gate_passed=True fallback=functional_recovery_hungarian global_hash=d26162a7c5f90a13e930765a429629653f0267a1ebc8b0771941ce3a4b0692cb
ROUND fedrad round=161 clients=[29, 87, 67, 36, 35, 96, 15, 61, 24, 62] diagnostic_accuracy=62.8600% Gamma=0.000000 gate_passed=True fallback=functional_recovery_hungarian global_hash=0e1693b1b39c622a38e7be11d66da148dbd1c2f52a28e75395dbd34519e6dd98
ROUND fedrad round=162 clients=[13, 58, 87, 52, 50, 60, 3, 19, 35, 0] diagnostic_accuracy=67.2800% Gamma=0.000000 gate_passed=True fallback=functional_recovery_hungarian global_hash=af93c20d85b349d36869bb0f2e4ac5215900951f9b4c38fd31eaa0e31fe90505
ROUND fedrad round=163 clients=[55, 46, 66, 67, 73, 12, 51, 1, 57, 90] diagnostic_accuracy=70.5500% Gamma=0.000000 gate_passed=True fallback=functional_recovery_hungarian global_hash=96209c04d0a16b3c214e040d56fa8b2d0ac4caf0c744293722fa82f1f5a65d2d
ROUND fedrad round=164 clients=[40, 72, 92, 86, 89, 90, 16, 98, 73, 58] diagnostic_accuracy=73.5100% Gamma=0.000000 gate_passed=True fallback=functional_recovery_hungarian global_hash=4e90c08d1cfc7133714667ba6a06dc6d7a64d8ae03403c662f9c83a2dc123e28
ROUND fedrad round=165 clients=[0, 58, 47, 44, 94, 66, 4, 7, 27, 2] diagnostic_accuracy=68.1300% Gamma=0.000000 gate_passed=True fallback=functional_recovery_hungarian global_hash=e35528d9da96f4d339ca6b2d08d32567673833afed77b1c6e25bf7059cff26b3
ROUND fedrad round=166 clients=[58, 87, 14, 78, 40, 83, 73, 18, 52, 31] diagnostic_accuracy=68.1800% Gamma=0.000000 gate_passed=True fallback=functional_recovery_hungarian global_hash=69fd8db66c96eaf1501f1b477eed37e95eb198614daf0a639eac445c7f9bbd1b
ROUND fedrad round=167 clients=[99, 22, 62, 86, 5, 20, 9, 51, 7, 54] diagnostic_accuracy=69.6500% Gamma=0.000000 gate_passed=True fallback=functional_recovery_hungarian global_hash=74d9048063265febe7ec3e9406b54cd4d4f4b0ec31c97ff571e8be19dcb3ab70
ROUND fedrad round=168 clients=[97, 37, 42, 7, 22, 5, 24, 56, 69, 12] diagnostic_accuracy=69.2300% Gamma=0.000000 gate_passed=True fallback=functional_recovery_hungarian global_hash=9dea150a09749557be9c685bae5338c62310f0b45696947e5a53354637074225
ROUND fedrad round=169 clients=[96, 22, 76, 44, 59, 78, 12, 68, 94, 87] diagnostic_accuracy=67.7500% Gamma=0.000000 gate_passed=True fallback=functional_recovery_hungarian global_hash=293e56cc7083b5eb9394fb27e1f926a52ef1573b2a43064d09deb728bd6cb7e6
ROUND fedrad round=170 clients=[45, 7, 65, 19, 95, 16, 35, 23, 83, 88] diagnostic_accuracy=68.8500% Gamma=0.000000 gate_passed=True fallback=functional_recovery_hungarian global_hash=c6bfec4d92c928468aad1d717d7b3739ab8c4e4980101f88029141a7c9e6f10f
ROUND fedrad round=171 clients=[12, 91, 4, 90, 47, 66, 33, 9, 61, 84] diagnostic_accuracy=66.3500% Gamma=0.000000 gate_passed=True fallback=functional_recovery_hungarian global_hash=827f82c294f433a9fdcb1943604d07260b8574874f04ef98cf4b04b1059370d5
ROUND fedrad round=172 clients=[46, 60, 83, 2, 37, 70, 93, 29, 3, 43] diagnostic_accuracy=60.6400% Gamma=0.000000 gate_passed=True fallback=functional_recovery_hungarian global_hash=f5b283849ae4f9c18945a196df0a1b87ddf7c4685762dcc6a65db2ec1c0f48c3
ROUND fedrad round=173 clients=[27, 45, 49, 4, 31, 62, 9, 95, 69, 72] diagnostic_accuracy=69.1000% Gamma=0.000000 gate_passed=True fallback=functional_recovery_hungarian global_hash=4b44d6ac5c5deacff93f2aaaef67cd55cafba1bf969a975d4f46e11cf3d7e063
ROUND fedrad round=174 clients=[27, 28, 1, 92, 55, 48, 74, 7, 99, 62] diagnostic_accuracy=67.9300% Gamma=0.000000 gate_passed=True fallback=functional_recovery_hungarian global_hash=9853701cd7dc70ae23c47a13d760d16db302f76ea6478a76c80667e10cfc7cbd
ROUND fedrad round=175 clients=[24, 0, 9, 11, 31, 45, 58, 35, 69, 21] diagnostic_accuracy=73.2700% Gamma=0.000000 gate_passed=True fallback=functional_recovery_hungarian global_hash=3dfffa6654ea6869c8b136b637e448181951c861cde90f79148657e5c21d6728
ROUND fedrad round=176 clients=[42, 98, 67, 21, 24, 81, 20, 75, 29, 36] diagnostic_accuracy=68.5400% Gamma=0.000000 gate_passed=True fallback=functional_recovery_hungarian global_hash=dfeca376c6f4495fa95eb7f2f1df6f8f533e639757a56312653f874c55cab4a3
ROUND fedrad round=177 clients=[49, 75, 33, 60, 42, 64, 69, 11, 47, 70] diagnostic_accuracy=65.7700% Gamma=0.000000 gate_passed=True fallback=functional_recovery_hungarian global_hash=c27c951a81cb38354ba6dd00ac7be85e04c54943270ca612c737e2373fc7e8ee
ROUND fedrad round=178 clients=[96, 60, 16, 70, 73, 40, 11, 24, 87, 93] diagnostic_accuracy=65.8000% Gamma=0.000000 gate_passed=True fallback=functional_recovery_hungarian global_hash=d44169068a97821920778724b3fe56aaac627ffc08b5593886111a03427dd834
ROUND fedrad round=179 clients=[37, 16, 85, 31, 69, 36, 54, 25, 32, 38] diagnostic_accuracy=66.8300% Gamma=0.000000 gate_passed=True fallback=functional_recovery_hungarian global_hash=034dea4a18a6156a901b5796675f7ba373ad75a5db1c7c155a3268a18518d4d4
ROUND fedrad round=180 clients=[80, 92, 61, 76, 19, 28, 7, 73, 67, 38] diagnostic_accuracy=69.1400% Gamma=0.000000 gate_passed=True fallback=functional_recovery_hungarian global_hash=3a054f017a68305a75f486e1593c5a56906e79e55d5ef77d15366c1425d890ed
ROUND fedrad round=181 clients=[78, 26, 35, 44, 29, 85, 64, 66, 97, 21] diagnostic_accuracy=66.5800% Gamma=0.000000 gate_passed=True fallback=functional_recovery_hungarian global_hash=f3875d1ff41d6fb1264df4a2b2f7d2e3a42cf988f73ad6125f3090b69fd27300
ROUND fedrad round=182 clients=[78, 73, 10, 52, 54, 24, 44, 70, 99, 90] diagnostic_accuracy=66.8400% Gamma=0.000000 gate_passed=True fallback=functional_recovery_hungarian global_hash=b9d65c5f0abdc4c5db86da71a86d24223a780238f3443c6fdc9b69e542738d58
ROUND fedrad round=183 clients=[96, 38, 1, 4, 36, 19, 77, 52, 41, 49] diagnostic_accuracy=70.7700% Gamma=0.000000 gate_passed=True fallback=functional_recovery_hungarian global_hash=a9bac8c70795f4c4bf339048450faebca4092f7a1194b36db201c5dee6f97f3e
ROUND fedrad round=184 clients=[87, 55, 49, 7, 51, 67, 40, 21, 34, 0] diagnostic_accuracy=74.2000% Gamma=0.000000 gate_passed=True fallback=functional_recovery_hungarian global_hash=8184e9a81f29aaee862abe3338e42a73f8f8de23439ee99223d99bd6f0b50bb8
ROUND fedrad round=185 clients=[74, 63, 39, 14, 96, 82, 21, 45, 88, 13] diagnostic_accuracy=70.6200% Gamma=0.000000 gate_passed=True fallback=functional_recovery_hungarian global_hash=3f2f297bc170a769336af8a1ab948d6d211008b8327e57c98317994562aee37a
ROUND fedrad round=186 clients=[1, 26, 23, 59, 22, 57, 27, 60, 18, 69] diagnostic_accuracy=65.3800% Gamma=0.000000 gate_passed=True fallback=functional_recovery_hungarian global_hash=18d1e6e6c31e885a3ed9bd70da9189c6abbd81b100d2c03da29aca09d86a8163
ROUND fedrad round=187 clients=[34, 87, 43, 64, 27, 92, 78, 55, 68, 7] diagnostic_accuracy=70.3000% Gamma=0.000000 gate_passed=True fallback=functional_recovery_hungarian global_hash=d03fcd3c7b92ead7731b1b766130af9346ee900608d28a499d0329fbc0966dc6
ROUND fedrad round=188 clients=[67, 20, 34, 69, 85, 14, 86, 81, 36, 76] diagnostic_accuracy=73.7900% Gamma=0.000000 gate_passed=True fallback=functional_recovery_hungarian global_hash=5043a3aeda498a175ddd75e832e34444923978e9c02c9f7c9f2e29c88573aab4
ROUND fedrad round=189 clients=[57, 7, 53, 49, 74, 65, 76, 29, 78, 80] diagnostic_accuracy=71.7300% Gamma=0.000000 gate_passed=True fallback=functional_recovery_hungarian global_hash=66316a85e73375fcda2fbab8117db152f8e80414dc348bd75cbb4c4fb01b84de
ROUND fedrad round=190 clients=[71, 25, 7, 77, 39, 51, 87, 5, 45, 11] diagnostic_accuracy=67.2100% Gamma=0.000000 gate_passed=True fallback=functional_recovery_hungarian global_hash=75b1b0eb259dd609ff4ff5aee8a6799f65ba4463c887ed80a6465ec0685d3923
ROUND fedrad round=191 clients=[60, 21, 34, 0, 98, 92, 44, 65, 66, 3] diagnostic_accuracy=58.9200% Gamma=0.000000 gate_passed=True fallback=functional_recovery_hungarian global_hash=7c0c83da07e4980d09facd73530fdd94bcfbca5281b7ce21e8b4f2ebfbda190f
ROUND fedrad round=192 clients=[36, 59, 66, 20, 0, 16, 86, 71, 90, 56] diagnostic_accuracy=73.9700% Gamma=0.000000 gate_passed=True fallback=functional_recovery_hungarian global_hash=2ee9042be32d24a2aa42bc810d04e4b276ecac1e62b33f9c7a7c037310809a5b
ROUND fedrad round=193 clients=[19, 22, 51, 45, 91, 26, 14, 83, 15, 67] diagnostic_accuracy=71.9500% Gamma=0.000000 gate_passed=True fallback=functional_recovery_hungarian global_hash=fff3b6da3e716241e8c2a377726c723269c14be60fa7750a38abb1f86bf32b61
ROUND fedrad round=194 clients=[62, 14, 3, 92, 78, 33, 89, 48, 70, 31] diagnostic_accuracy=67.0800% Gamma=0.000000 gate_passed=True fallback=functional_recovery_hungarian global_hash=d78a096e7d269fdc3c074c2df470b75e3d621c9e5fc8def3b3e96f4d1d66f77f
ROUND fedrad round=195 clients=[37, 10, 88, 63, 53, 68, 2, 52, 26, 59] diagnostic_accuracy=67.0200% Gamma=0.000000 gate_passed=True fallback=functional_recovery_hungarian global_hash=6b600a51e9ebe5d8f8473ef8da22e46504acf72e1a284af32d48557774532ee9
ROUND fedrad round=196 clients=[59, 71, 85, 49, 20, 10, 3, 86, 88, 33] diagnostic_accuracy=64.1400% Gamma=0.000000 gate_passed=True fallback=functional_recovery_hungarian global_hash=7aaa45f2a442719f82cb7886031655c53ef56a5b66ab99b4083e86243262560d
ROUND fedrad round=197 clients=[9, 0, 18, 66, 44, 17, 92, 95, 64, 96] diagnostic_accuracy=70.2500% Gamma=0.000000 gate_passed=True fallback=functional_recovery_hungarian global_hash=a1ce520ce7aedcf9a308528c5c543ee07cd963c7353e59a90c0edf4c97179ae1
ROUND fedrad round=198 clients=[70, 58, 24, 57, 32, 19, 43, 65, 5, 88] diagnostic_accuracy=60.9600% Gamma=0.000000 gate_passed=True fallback=functional_recovery_hungarian global_hash=a9a4ff9a3e186fc21e5c89f00ec7f458dd8a721bdc206c5b4e5f5187466b77a0
ROUND fedrad round=199 clients=[61, 75, 68, 2, 6, 26, 1, 56, 78, 74] diagnostic_accuracy=70.3000% Gamma=0.000000 gate_passed=True fallback=functional_recovery_hungarian global_hash=35bada21e069d5c8536bed366be42caa85d6002a2b1fcc801c4e948ad6bec01c
ROUND fedrad round=200 clients=[8, 57, 22, 90, 46, 9, 56, 99, 89, 4] diagnostic_accuracy=71.2800% Gamma=0.000000 gate_passed=True fallback=functional_recovery_hungarian global_hash=146b74bb307757d64212fca8bca21478baf95399543545a28c8b05448d70e91d
FINAL_STATE_HASH 146b74bb307757d64212fca8bca21478baf95399543545a28c8b05448d70e91d
