Run directory: C:\Users\admin\Desktop\need_do\new_paper_four\FedPhoenix-new\results\recovery_measurement_functional_recovery_2of64\functional_recovery_seed1_20260908_022758_725304_m2_steps5_endpoints_mean_seed1_2of64_200r
Partition fingerprint: f8fcaa0f17c5d2078c5d24ece11b3f8cfcb82553733fb972155b7452d87a8fd0; device=cuda:0
ROUND fedrad round=1 clients=[80, 84, 33, 81, 93, 17, 36, 82, 69, 65] diagnostic_accuracy=10.0000% Gamma=0.000000 gate_passed=True fallback=functional_recovery_hungarian global_hash=c6432dd6d30651954c718691d66b95ead53f9f364bd41132c4908756853390e2
ROUND fedrad round=2 clients=[44, 96, 1, 35, 26, 11, 38, 82, 87, 3] diagnostic_accuracy=16.5600% Gamma=0.000000 gate_passed=True fallback=functional_recovery_hungarian global_hash=38f1bbec73363a3bce65e167fb1d76da9770d9ef726ad5cb8a3db273112fcb56
ROUND fedrad round=3 clients=[95, 67, 96, 71, 1, 80, 99, 45, 52, 27] diagnostic_accuracy=17.9500% Gamma=0.000000 gate_passed=True fallback=functional_recovery_hungarian global_hash=89fc5d73bda80b1867ffd6187462d2d72403d4cf596f5f6e03a96c41f4975e1b
ROUND fedrad round=4 clients=[40, 10, 96, 66, 89, 32, 95, 55, 25, 5] diagnostic_accuracy=15.7600% Gamma=0.000000 gate_passed=True fallback=functional_recovery_hungarian global_hash=602bd83ac6abeff92f06d353f321aeb208afc2e6bb699ac2468748090309ebb6
ROUND fedrad round=5 clients=[89, 99, 45, 96, 72, 9, 74, 88, 1, 38] diagnostic_accuracy=21.2500% Gamma=0.000000 gate_passed=True fallback=functional_recovery_hungarian global_hash=34462cd2c8486ea732e4c255527a88087053da2a5cb922e628c56ee190c019dd
ROUND fedrad round=6 clients=[0, 86, 4, 23, 24, 1, 62, 83, 66, 93] diagnostic_accuracy=21.9000% Gamma=0.000000 gate_passed=True fallback=functional_recovery_hungarian global_hash=76915bba7d2affa3820f9dd9f59b91d9fa9e3cf16408a2529902ed652e0f3964
ROUND fedrad round=7 clients=[6, 59, 72, 30, 91, 43, 75, 76, 15, 61] diagnostic_accuracy=24.3000% Gamma=0.000000 gate_passed=True fallback=functional_recovery_hungarian global_hash=8989b32aecfe58784499f6071d0451d0d951b63c7ad95987c735367189a1c32c
ROUND fedrad round=8 clients=[44, 88, 74, 48, 59, 79, 25, 52, 45, 55] diagnostic_accuracy=20.1000% Gamma=0.000000 gate_passed=True fallback=functional_recovery_hungarian global_hash=08a887a56d86195b2fda3912f670d1b5661e6086fef96a0f810e350ff08734d6
ROUND fedrad round=9 clients=[3, 60, 35, 33, 22, 66, 45, 68, 67, 75] diagnostic_accuracy=24.2600% Gamma=0.000000 gate_passed=True fallback=functional_recovery_hungarian global_hash=24bfada1dfe4707717cb1407090ee1c1915954bf4ff5752ef6089668aa9a9f4f
ROUND fedrad round=10 clients=[64, 91, 12, 52, 16, 65, 50, 68, 33, 30] diagnostic_accuracy=27.0800% Gamma=0.000000 gate_passed=True fallback=functional_recovery_hungarian global_hash=646bf2c16a1dca81146f2b21a02ca3bb211e489a2f03c6d25eff0e0f1c08aff6
ROUND fedrad round=11 clients=[54, 27, 23, 37, 75, 33, 41, 46, 52, 24] diagnostic_accuracy=26.0600% Gamma=0.000000 gate_passed=True fallback=functional_recovery_hungarian global_hash=5b1af566da50e891d5846222fa4350ecad9077200450cfb2c46f248e77b9fc68
ROUND fedrad round=12 clients=[54, 45, 28, 44, 15, 1, 93, 12, 88, 40] diagnostic_accuracy=28.4000% Gamma=0.000000 gate_passed=True fallback=functional_recovery_hungarian global_hash=85aeccbb394865d5e32e2b4e9f8cafddef7aa3fc7cca11a70982dab48f9a64ca
ROUND fedrad round=13 clients=[70, 75, 5, 68, 36, 79, 72, 78, 57, 44] diagnostic_accuracy=27.9000% Gamma=0.000000 gate_passed=True fallback=functional_recovery_hungarian global_hash=29efcadba3182b539d9d72e56cd11e891e442acebc3086aa23a9d3a704c00be8
ROUND fedrad round=14 clients=[41, 9, 30, 89, 40, 49, 3, 22, 8, 16] diagnostic_accuracy=30.0800% Gamma=0.000000 gate_passed=True fallback=functional_recovery_hungarian global_hash=b8cb5bed43cf21b93b6b4b28e7257aa94fc5cfab8e7981ffad12dca0f10ba7b1
ROUND fedrad round=15 clients=[82, 28, 69, 81, 56, 71, 85, 27, 37, 66] diagnostic_accuracy=28.4600% Gamma=0.000000 gate_passed=True fallback=functional_recovery_hungarian global_hash=1b45d609d03f96f3679216eb00e512b2fcca8c34220c09e52b0b79ed667c7a7f
ROUND fedrad round=16 clients=[60, 13, 26, 12, 1, 28, 88, 86, 11, 43] diagnostic_accuracy=31.0800% Gamma=0.000000 gate_passed=True fallback=functional_recovery_hungarian global_hash=af9c2fdc1db04e60bd5a4d244b8d2de42a3b137e085d19d00e4c943eb69d8bce
ROUND fedrad round=17 clients=[93, 16, 72, 75, 10, 4, 38, 71, 42, 62] diagnostic_accuracy=29.8200% Gamma=0.000000 gate_passed=True fallback=functional_recovery_hungarian global_hash=2e0660d9c862b055f7d4b13292e6bdb92fdd018ba0077a7e52bd4c161deca26d
ROUND fedrad round=18 clients=[36, 47, 1, 64, 57, 97, 29, 6, 67, 92] diagnostic_accuracy=33.0200% Gamma=0.000000 gate_passed=True fallback=functional_recovery_hungarian global_hash=0df87fe3440a3066e07a00335ad48c7968e1a89eeb250ec576d8d20218b8a6b6
ROUND fedrad round=19 clients=[48, 87, 17, 57, 22, 81, 4, 51, 94, 63] diagnostic_accuracy=30.7200% Gamma=0.000000 gate_passed=True fallback=functional_recovery_hungarian global_hash=31a62c97964ed77bddb7e25e95b5e81eebf489641bbda8b42fef9f44b0aa2a3d
ROUND fedrad round=20 clients=[9, 17, 59, 11, 2, 95, 68, 28, 60, 14] diagnostic_accuracy=33.1700% Gamma=0.000000 gate_passed=True fallback=functional_recovery_hungarian global_hash=770e85b86c326af66aa1f4e2a57978a48011e5a3eba213e0d99c14620cbab789
ROUND fedrad round=21 clients=[26, 25, 15, 93, 45, 54, 68, 90, 76, 10] diagnostic_accuracy=28.1900% Gamma=0.000000 gate_passed=True fallback=functional_recovery_hungarian global_hash=59d27006ba71c5a0f7a52ce170d6616d057b9f2ede31dd83342ed87458a1f722
ROUND fedrad round=22 clients=[84, 74, 93, 1, 48, 44, 29, 26, 94, 75] diagnostic_accuracy=33.1700% Gamma=0.000000 gate_passed=True fallback=functional_recovery_hungarian global_hash=c2bf90698ec6808d35a1f1c8309f7f2008a7c210979dea706dab0b57d5cb3f1b
ROUND fedrad round=23 clients=[71, 58, 50, 22, 59, 84, 10, 70, 43, 67] diagnostic_accuracy=32.7400% Gamma=0.000000 gate_passed=True fallback=functional_recovery_hungarian global_hash=3fbf7d9509e1446168f91ac8d3bf4ad33cb0ee6e60aa3159b30cefa16310fc6f
ROUND fedrad round=24 clients=[70, 54, 33, 75, 31, 58, 17, 6, 3, 51] diagnostic_accuracy=33.2000% Gamma=0.000000 gate_passed=True fallback=functional_recovery_hungarian global_hash=be46975b7b015dc4efe2eb6c576866257f8ba7d42ef5942899cc3e29b264e410
ROUND fedrad round=25 clients=[42, 87, 33, 36, 30, 84, 78, 98, 71, 75] diagnostic_accuracy=17.6500% Gamma=0.000000 gate_passed=True fallback=functional_recovery_hungarian global_hash=b1464e4e34bcc0ba2515d5e9a81e51c394c622e653b261fc03cf70748a3c60e4
ROUND fedrad round=26 clients=[41, 47, 34, 10, 51, 11, 50, 16, 86, 64] diagnostic_accuracy=38.3200% Gamma=0.000000 gate_passed=True fallback=functional_recovery_hungarian global_hash=be82eabdc2519be414757cb94697a7942357098adb2af8b262651a4e958b3daf
ROUND fedrad round=27 clients=[58, 82, 63, 50, 98, 84, 4, 46, 65, 88] diagnostic_accuracy=31.6600% Gamma=0.000000 gate_passed=True fallback=functional_recovery_hungarian global_hash=64c1c5c8436243376bd6f5bbf30302588da9db19cb812c4061e58d518860f273
ROUND fedrad round=28 clients=[99, 88, 69, 16, 46, 29, 90, 91, 4, 45] diagnostic_accuracy=37.1400% Gamma=0.000000 gate_passed=True fallback=functional_recovery_hungarian global_hash=27e82bcede53506c26931af726938640103e6b017f81d39c63077a2aa0e94a84
ROUND fedrad round=29 clients=[80, 73, 28, 34, 1, 10, 13, 65, 5, 49] diagnostic_accuracy=41.4000% Gamma=0.000000 gate_passed=True fallback=functional_recovery_hungarian global_hash=3ba7d0e984a4e96443e7b0508539420a0efeceb6524da4c66bba91641facd72b
ROUND fedrad round=30 clients=[62, 41, 74, 11, 99, 8, 75, 26, 81, 85] diagnostic_accuracy=36.0700% Gamma=0.000000 gate_passed=True fallback=functional_recovery_hungarian global_hash=9b7737b59008a90812070ea8f4a3ff61140d1a2eddaff66f869d81498186dfd0
ROUND fedrad round=31 clients=[96, 81, 77, 83, 14, 50, 13, 67, 53, 91] diagnostic_accuracy=46.9400% Gamma=0.000000 gate_passed=True fallback=functional_recovery_hungarian global_hash=eb6225c0bebbec8579874457ebcafe24615ad601474a11f7f38c8319d54f4c7c
ROUND fedrad round=32 clients=[40, 73, 70, 3, 6, 94, 1, 25, 20, 10] diagnostic_accuracy=35.7800% Gamma=0.000000 gate_passed=True fallback=functional_recovery_hungarian global_hash=a9c19ac3503bc861058f7094f2c877655fa40ba75c4b6f83b7f0a8a864eab001
ROUND fedrad round=33 clients=[45, 16, 51, 88, 17, 78, 36, 44, 21, 62] diagnostic_accuracy=41.4900% Gamma=0.000000 gate_passed=True fallback=functional_recovery_hungarian global_hash=d0cb0fef5ee4ad63540ecc02fbc5d6417e6de14bca98e5fe4cc39b9999dd83ab
ROUND fedrad round=34 clients=[92, 43, 97, 61, 58, 67, 1, 98, 30, 75] diagnostic_accuracy=40.5600% Gamma=0.000000 gate_passed=True fallback=functional_recovery_hungarian global_hash=a26deea378507109385629ab421b3cb6192d1241335be1848860b7516c46d577
ROUND fedrad round=35 clients=[31, 89, 17, 66, 92, 23, 96, 9, 35, 20] diagnostic_accuracy=40.3600% Gamma=0.000000 gate_passed=True fallback=functional_recovery_hungarian global_hash=746bf96ab13ef8eb1724f118a3a273057bb12caff0d02b641e4de7b98fda9cb0
ROUND fedrad round=36 clients=[72, 68, 65, 28, 23, 85, 16, 60, 73, 78] diagnostic_accuracy=47.3700% Gamma=0.000000 gate_passed=True fallback=functional_recovery_hungarian global_hash=a7598fd2134daf97bdd6019980a9146544e1d3f27d44b396756a79af66cee10c
ROUND fedrad round=37 clients=[66, 49, 62, 9, 84, 68, 74, 3, 44, 71] diagnostic_accuracy=30.1400% Gamma=0.000000 gate_passed=True fallback=functional_recovery_hungarian global_hash=1b44fcf534095065ce7f175c16bbcf1c6f3833ad628723a1d3de6676cad6581d
ROUND fedrad round=38 clients=[50, 73, 27, 38, 8, 53, 21, 14, 28, 64] diagnostic_accuracy=47.2800% Gamma=0.000000 gate_passed=True fallback=functional_recovery_hungarian global_hash=ca8d84e8338bce6632c314b3a5ffbe6a009c6800af5de229d38845d1e9c6f1c3
ROUND fedrad round=39 clients=[48, 87, 40, 59, 3, 10, 75, 35, 49, 89] diagnostic_accuracy=45.0500% Gamma=0.000000 gate_passed=True fallback=functional_recovery_hungarian global_hash=79d0e8a1b1fde8f1e995ba9073ad153aa8295931d30382afa298aa301ab2e8d1
ROUND fedrad round=40 clients=[83, 93, 34, 60, 90, 45, 42, 41, 91, 36] diagnostic_accuracy=49.9800% Gamma=0.000000 gate_passed=True fallback=functional_recovery_hungarian global_hash=82110ff4c4b911df2bb0b66979414752444afd3a83c5ab685995269a19668b52
ROUND fedrad round=41 clients=[75, 52, 20, 80, 90, 93, 4, 51, 13, 98] diagnostic_accuracy=42.2200% Gamma=0.000000 gate_passed=True fallback=functional_recovery_hungarian global_hash=280b90c64eff97242c62b96f86abda19f6cf9e9bf424105a3aecc74ee3afd3ba
ROUND fedrad round=42 clients=[98, 79, 17, 10, 3, 12, 29, 26, 54, 58] diagnostic_accuracy=31.9600% Gamma=0.000000 gate_passed=True fallback=functional_recovery_hungarian global_hash=186daf40a8336ab98df1ec35cfa09d6f58f9e330ca984541a12422c78f725fad
ROUND fedrad round=43 clients=[32, 15, 47, 9, 7, 16, 24, 57, 71, 28] diagnostic_accuracy=42.4500% Gamma=0.000000 gate_passed=True fallback=functional_recovery_hungarian global_hash=b3862fba036c99d0d0e410e8785940bc9fbf1a6772715ea608084814c40b0cb1
ROUND fedrad round=44 clients=[76, 67, 81, 35, 44, 49, 32, 99, 69, 51] diagnostic_accuracy=48.5200% Gamma=0.000000 gate_passed=True fallback=functional_recovery_hungarian global_hash=c582380acaa92b9cd67c8faefb09be03474c5d4c76687dc35dc61bbb1b198969
ROUND fedrad round=45 clients=[42, 4, 95, 71, 84, 22, 61, 5, 10, 28] diagnostic_accuracy=46.5600% Gamma=0.000000 gate_passed=True fallback=functional_recovery_hungarian global_hash=988d9857f2460ab12589c4bae17167f099179aa694985df85e9f66d711a3dbd0
ROUND fedrad round=46 clients=[61, 52, 80, 26, 37, 44, 85, 1, 99, 55] diagnostic_accuracy=55.4100% Gamma=0.000000 gate_passed=True fallback=functional_recovery_hungarian global_hash=f21c1b9c77fb21df298f71af02787c7d9d3f913c55f3d91ceebf2cf80cb88fc5
ROUND fedrad round=47 clients=[23, 10, 75, 28, 19, 22, 43, 13, 98, 85] diagnostic_accuracy=52.9400% Gamma=0.000000 gate_passed=True fallback=functional_recovery_hungarian global_hash=6c8974f9c36f1968c7699d3eb7ab555becd969f13c395b0868cf3299a8054820
ROUND fedrad round=48 clients=[18, 1, 96, 63, 59, 71, 88, 39, 97, 68] diagnostic_accuracy=49.4300% Gamma=0.000000 gate_passed=True fallback=functional_recovery_hungarian global_hash=0a15ca3b1517d9961f21d383a6d8d9f54eb26204c78c2b1626657d4833100218
ROUND fedrad round=49 clients=[44, 11, 93, 47, 54, 9, 81, 94, 45, 65] diagnostic_accuracy=56.1200% Gamma=0.000000 gate_passed=True fallback=functional_recovery_hungarian global_hash=ca4b48a5e20f728ae5af873e215707d3b9982ba68e8ed53eb10c2260a989d332
ROUND fedrad round=50 clients=[48, 43, 51, 76, 99, 39, 38, 73, 89, 80] diagnostic_accuracy=48.6200% Gamma=0.000000 gate_passed=True fallback=functional_recovery_hungarian global_hash=3c4fbe42626f5cc066ad8653c72e9584c892121b08ef2726fa37ca028d22b695
ROUND fedrad round=51 clients=[34, 16, 99, 17, 62, 58, 96, 29, 90, 30] diagnostic_accuracy=54.4200% Gamma=0.000000 gate_passed=True fallback=functional_recovery_hungarian global_hash=a96a510bc4215f026dbc008c840e8b86e13e33a054be91eee08ea7613375b8e3
ROUND fedrad round=52 clients=[8, 59, 78, 95, 25, 35, 99, 86, 54, 64] diagnostic_accuracy=58.1000% Gamma=0.000000 gate_passed=True fallback=functional_recovery_hungarian global_hash=0320c929b4726ea4a7b96dcd633146e2014983d432acbb62684f458c8b6dbe97
ROUND fedrad round=53 clients=[87, 42, 55, 74, 37, 10, 26, 23, 57, 62] diagnostic_accuracy=50.1800% Gamma=0.000000 gate_passed=True fallback=functional_recovery_hungarian global_hash=1f1319d6724ad763952fd6e964fe5af68638f1fcacc92f5955e5e6bc4461fc93
ROUND fedrad round=54 clients=[84, 2, 76, 48, 68, 40, 92, 8, 42, 46] diagnostic_accuracy=55.1800% Gamma=0.000000 gate_passed=True fallback=functional_recovery_hungarian global_hash=2944fe2b41885416f62ff55902fc43676b01e9316c07da0cb1f752082cb46b58
ROUND fedrad round=55 clients=[91, 70, 16, 58, 10, 35, 31, 86, 62, 54] diagnostic_accuracy=55.4600% Gamma=0.000000 gate_passed=True fallback=functional_recovery_hungarian global_hash=7da76cfcb8555cd0fc3970dcf1a4a27972b1abf8116e3f808eece9edafc70535
ROUND fedrad round=56 clients=[32, 41, 20, 75, 69, 62, 74, 38, 80, 58] diagnostic_accuracy=46.7200% Gamma=0.000000 gate_passed=True fallback=functional_recovery_hungarian global_hash=008c233d8f9650ad3a3b5d529f6b745ec47cf8f96d3407d6f63c0169a0cf5a71
ROUND fedrad round=57 clients=[89, 0, 84, 16, 97, 67, 41, 38, 59, 60] diagnostic_accuracy=49.9600% Gamma=0.000000 gate_passed=True fallback=functional_recovery_hungarian global_hash=7e7b157abd2619f12ea3664957e28d5d8ef1dbaabbcab9cc22ff0b3d072e0aaf
ROUND fedrad round=58 clients=[59, 21, 34, 35, 95, 41, 9, 12, 47, 42] diagnostic_accuracy=52.6400% Gamma=0.000000 gate_passed=True fallback=functional_recovery_hungarian global_hash=afd2996ac2b58840d37d7346bf784e4191281212bf27d35cfc354d551471bfcd
ROUND fedrad round=59 clients=[88, 78, 75, 43, 57, 63, 34, 79, 17, 93] diagnostic_accuracy=51.6400% Gamma=0.000000 gate_passed=True fallback=functional_recovery_hungarian global_hash=95fc79531e1791554d1a84b229e4685fc4ed35d46521cb3ef9334012b40f2f80
ROUND fedrad round=60 clients=[76, 35, 9, 75, 32, 97, 53, 72, 27, 91] diagnostic_accuracy=50.0200% Gamma=0.000000 gate_passed=True fallback=functional_recovery_hungarian global_hash=0f8d94eae6109d52e0606c07151c4abc123aa23b9a25b39e65cd999d5e6a6859
ROUND fedrad round=61 clients=[60, 14, 9, 43, 15, 68, 7, 44, 65, 89] diagnostic_accuracy=59.7200% Gamma=0.000000 gate_passed=True fallback=functional_recovery_hungarian global_hash=b3280de386af36afefc850fae37808aaecdf24dfdf157a22f72f6861cddb16ff
ROUND fedrad round=62 clients=[56, 67, 28, 93, 30, 71, 78, 48, 25, 19] diagnostic_accuracy=59.8300% Gamma=0.000000 gate_passed=True fallback=functional_recovery_hungarian global_hash=68f49167b4bc42c318856050ffdea91cc5b5066bea9f07ae6dc075a84323602b
ROUND fedrad round=63 clients=[61, 18, 63, 89, 0, 99, 42, 76, 81, 9] diagnostic_accuracy=54.7000% Gamma=0.000000 gate_passed=True fallback=functional_recovery_hungarian global_hash=ed65d60b1a317940c438a36196d5684dcd80c3598adfbadadf18f1cc4fc2f7d7
ROUND fedrad round=64 clients=[14, 22, 8, 93, 29, 90, 73, 28, 57, 58] diagnostic_accuracy=58.5800% Gamma=0.000000 gate_passed=True fallback=functional_recovery_hungarian global_hash=253de14b32118cabb81ac2231c6a03cd262f19a31064685b4e6dc1299fe61e2c
ROUND fedrad round=65 clients=[16, 90, 78, 23, 55, 61, 31, 0, 11, 82] diagnostic_accuracy=60.8900% Gamma=0.000000 gate_passed=True fallback=functional_recovery_hungarian global_hash=44d54ad5e8cc0aa1a6338a91dea9737c5f4e6e3fdd18e402a1423fef8b8b633a
ROUND fedrad round=66 clients=[28, 65, 16, 72, 11, 36, 19, 51, 81, 53] diagnostic_accuracy=59.5200% Gamma=0.000000 gate_passed=True fallback=functional_recovery_hungarian global_hash=21ef04f7203b47d644f6f9e671522c222b8300a0c240a978e0db48e76172bf53
ROUND fedrad round=67 clients=[53, 63, 96, 28, 78, 90, 58, 73, 34, 4] diagnostic_accuracy=58.9500% Gamma=0.000000 gate_passed=True fallback=functional_recovery_hungarian global_hash=eb0f8e56a6eaf330a28b7644aa490f5c6deabd530babc63a4a673d1efc32314f
ROUND fedrad round=68 clients=[38, 57, 22, 41, 70, 39, 10, 5, 17, 32] diagnostic_accuracy=57.9000% Gamma=0.000000 gate_passed=True fallback=functional_recovery_hungarian global_hash=da0eee91a212ffa167314b03a850cb63d140989b35c3c06d1a2b7390ce4856ac
ROUND fedrad round=69 clients=[60, 67, 48, 59, 46, 94, 22, 29, 53, 97] diagnostic_accuracy=61.7800% Gamma=0.000000 gate_passed=True fallback=functional_recovery_hungarian global_hash=6c81a0eb9b02953edd9a0ae3f5158217347db97686b3cb2e58d8bf6b487b1f83
ROUND fedrad round=70 clients=[61, 33, 76, 48, 37, 54, 38, 13, 8, 39] diagnostic_accuracy=51.1600% Gamma=0.000000 gate_passed=True fallback=functional_recovery_hungarian global_hash=c51023453e02627b5d613a9492e58c04586ebd60e3576c2a152432284e429b53
ROUND fedrad round=71 clients=[31, 88, 91, 25, 50, 95, 67, 45, 80, 70] diagnostic_accuracy=58.2300% Gamma=0.000000 gate_passed=True fallback=functional_recovery_hungarian global_hash=a226d2a41ddf8fdc4fd9557975ff185bdd791314810a3a3bdd666c0933f6b55d
ROUND fedrad round=72 clients=[3, 23, 17, 94, 61, 43, 63, 91, 37, 84] diagnostic_accuracy=48.0000% Gamma=0.000000 gate_passed=True fallback=functional_recovery_hungarian global_hash=34ea508d7c1a5d44f2eafdb3b2b7471919ac3192a4fa6384d2db0e27bee6b9e0
ROUND fedrad round=73 clients=[11, 73, 78, 47, 45, 83, 36, 75, 91, 57] diagnostic_accuracy=62.9600% Gamma=0.000000 gate_passed=True fallback=functional_recovery_hungarian global_hash=f184eec1faea0236550a31394b56ef28371a25b0f0897c57e0e0424e16762d00
ROUND fedrad round=74 clients=[46, 54, 66, 62, 96, 49, 24, 75, 60, 52] diagnostic_accuracy=57.2900% Gamma=0.000000 gate_passed=True fallback=functional_recovery_hungarian global_hash=c4c158bf5ea13baa1cf8b5c5d1baeff949e0dd4cdf593999ee5b615e036113f1
ROUND fedrad round=75 clients=[75, 51, 39, 89, 14, 54, 41, 30, 24, 80] diagnostic_accuracy=55.6800% Gamma=0.000000 gate_passed=True fallback=functional_recovery_hungarian global_hash=b5279c0fb1a8ee730bfb8d7ee4d44f882752dbeba90af12586b007114779ad5e
ROUND fedrad round=76 clients=[67, 90, 45, 78, 32, 86, 50, 55, 33, 60] diagnostic_accuracy=64.8500% Gamma=0.000000 gate_passed=True fallback=functional_recovery_hungarian global_hash=a4b47c6c8289c7e3c188a3e023e20bd3e809e1b4a14ec7aa36cc6a8e56d14317
ROUND fedrad round=77 clients=[4, 16, 51, 33, 89, 30, 13, 77, 43, 85] diagnostic_accuracy=64.2600% Gamma=0.000000 gate_passed=True fallback=functional_recovery_hungarian global_hash=4a60f56a2c4de396cbbdcbe22fb273ba2e2a25fcbc9c1a511891601a11947f4d
ROUND fedrad round=78 clients=[97, 76, 96, 72, 42, 17, 33, 51, 24, 36] diagnostic_accuracy=61.2700% Gamma=0.000000 gate_passed=True fallback=functional_recovery_hungarian global_hash=14c9e5bf6b60d666f0c5fae2e13779108fa65126eac6a34924c88f82beab9e6a
ROUND fedrad round=79 clients=[22, 47, 61, 27, 50, 96, 89, 97, 85, 30] diagnostic_accuracy=60.0000% Gamma=0.000000 gate_passed=True fallback=functional_recovery_hungarian global_hash=d1d175f93d4151bec7162fca7929e72db5ddbce0072a71702b134833d583a81f
ROUND fedrad round=80 clients=[44, 70, 23, 38, 74, 21, 82, 4, 88, 98] diagnostic_accuracy=56.7300% Gamma=0.000000 gate_passed=True fallback=functional_recovery_hungarian global_hash=d8801268d983098d1015590ec28c41a4fc62592d1fef0b06ef5393c959851faf
ROUND fedrad round=81 clients=[90, 72, 65, 50, 85, 56, 4, 80, 31, 17] diagnostic_accuracy=56.9800% Gamma=0.000000 gate_passed=True fallback=functional_recovery_hungarian global_hash=436d17ac30c588c6a4d2b83fd19e7540f57c15f42caa507a1d7a186bf3a69a09
ROUND fedrad round=82 clients=[61, 40, 41, 34, 97, 51, 50, 13, 22, 8] diagnostic_accuracy=61.9000% Gamma=0.000000 gate_passed=True fallback=functional_recovery_hungarian global_hash=be610cc6ee8c1f08f10fb98a2764395f5a062369440c04adf24f52e98c26f792
ROUND fedrad round=83 clients=[87, 54, 63, 83, 96, 26, 0, 59, 69, 14] diagnostic_accuracy=61.4900% Gamma=0.000000 gate_passed=True fallback=functional_recovery_hungarian global_hash=c87d5ea08adb51d709f059c1dc152d7ff961298dac87d63b3d4b25a4de9a6c0f
ROUND fedrad round=84 clients=[58, 47, 83, 36, 8, 2, 56, 49, 10, 38] diagnostic_accuracy=54.0500% Gamma=0.000000 gate_passed=True fallback=functional_recovery_hungarian global_hash=7e6873b621802f9d7b773ada734670438045bbbe0eed38af8048be52d7869306
ROUND fedrad round=85 clients=[89, 90, 81, 54, 59, 4, 53, 47, 52, 19] diagnostic_accuracy=65.8200% Gamma=0.000000 gate_passed=True fallback=functional_recovery_hungarian global_hash=2c28881320e37bd854979c66a61c86f735c9c74a9319d88ce193100f6c800b8c
ROUND fedrad round=86 clients=[24, 13, 81, 73, 19, 55, 40, 76, 57, 96] diagnostic_accuracy=62.2500% Gamma=0.000000 gate_passed=True fallback=functional_recovery_hungarian global_hash=7364b6143002dc7af6cbbcf5b85e3326e867bf0b328b4a569a41db41ce76071b
ROUND fedrad round=87 clients=[31, 75, 94, 20, 87, 26, 29, 70, 2, 50] diagnostic_accuracy=58.5800% Gamma=0.000000 gate_passed=True fallback=functional_recovery_hungarian global_hash=0c8d0a80cfd945729df1f071476ffb6810823742c321b110179a04c797cf37aa
ROUND fedrad round=88 clients=[0, 9, 46, 37, 72, 83, 73, 16, 55, 27] diagnostic_accuracy=55.3400% Gamma=0.000000 gate_passed=True fallback=functional_recovery_hungarian global_hash=c89ed036b41af9d230661af74d3e855827d5388e4d8732d2bbbe07d3a1bd799b
ROUND fedrad round=89 clients=[80, 29, 9, 50, 26, 81, 48, 82, 37, 15] diagnostic_accuracy=54.3200% Gamma=0.000000 gate_passed=True fallback=functional_recovery_hungarian global_hash=9c1712cb1901aa8eecd36a8281d3f7d958d8f1fe22ffc2c054cc6a2ffa9b9b21
ROUND fedrad round=90 clients=[82, 6, 87, 74, 29, 50, 62, 67, 12, 83] diagnostic_accuracy=68.6300% Gamma=0.000000 gate_passed=True fallback=functional_recovery_hungarian global_hash=69dbe646669cdb63cb68d3ca35a365349c38ea8c2f1465b8d2985b0d5b9fa931
ROUND fedrad round=91 clients=[36, 75, 89, 43, 12, 21, 95, 72, 24, 63] diagnostic_accuracy=56.3000% Gamma=0.000000 gate_passed=True fallback=functional_recovery_hungarian global_hash=f8388682011fb4730b470afc4b0b46a7ce1b84cd01f90d88b7c31f00405a425b
ROUND fedrad round=92 clients=[34, 15, 31, 94, 46, 70, 19, 80, 6, 88] diagnostic_accuracy=62.2500% Gamma=0.000000 gate_passed=True fallback=functional_recovery_hungarian global_hash=6aa2f835f32d62b60911713cc508807fab5ef77dc8c533197717ca429e332c01
ROUND fedrad round=93 clients=[70, 92, 72, 77, 23, 53, 1, 12, 97, 93] diagnostic_accuracy=57.9700% Gamma=0.000000 gate_passed=True fallback=functional_recovery_hungarian global_hash=2f02c4a907431007a98e1a5396cac2aa2fd82714dd872381b97ee302599c1195
ROUND fedrad round=94 clients=[13, 38, 36, 14, 57, 77, 66, 73, 3, 0] diagnostic_accuracy=56.4900% Gamma=0.000000 gate_passed=True fallback=functional_recovery_hungarian global_hash=3dc138f20b4eab357b1c6d2525cf7fb3ec7d846762cb168a7b315f437246f93c
ROUND fedrad round=95 clients=[13, 19, 10, 24, 76, 57, 88, 23, 61, 31] diagnostic_accuracy=60.6700% Gamma=0.000000 gate_passed=True fallback=functional_recovery_hungarian global_hash=2d963c652fa603504f6f11e17408c8b158642dd8f255f28d2170bb849a66737c
ROUND fedrad round=96 clients=[18, 45, 94, 24, 56, 67, 10, 14, 13, 9] diagnostic_accuracy=64.4800% Gamma=0.000000 gate_passed=True fallback=functional_recovery_hungarian global_hash=317368456d1443587dbdd1a4e9ce7ab1a45e07fa230f85df65c3222f70f9db40
ROUND fedrad round=97 clients=[13, 48, 73, 93, 70, 1, 43, 77, 76, 88] diagnostic_accuracy=59.8100% Gamma=0.000000 gate_passed=True fallback=functional_recovery_hungarian global_hash=4f93e04a3e5df8c3efad830dd44315bc35cb1992de8db9750efa02869a73fb00
ROUND fedrad round=98 clients=[21, 45, 83, 68, 75, 65, 96, 1, 77, 73] diagnostic_accuracy=65.1400% Gamma=0.000000 gate_passed=True fallback=functional_recovery_hungarian global_hash=e90edb2dc9afc1fe30e6f974d5e71c4a938a6c8486f9069b6e6af41fb7f83d13
ROUND fedrad round=99 clients=[81, 84, 60, 18, 45, 47, 94, 83, 76, 22] diagnostic_accuracy=58.1700% Gamma=0.000000 gate_passed=True fallback=functional_recovery_hungarian global_hash=60bbef6ec39d320cc453e96403af48ae6bf98a296ee71cf866ef840ba80c3d7a
ROUND fedrad round=100 clients=[21, 69, 47, 34, 65, 81, 93, 44, 30, 84] diagnostic_accuracy=60.3600% Gamma=0.000000 gate_passed=True fallback=functional_recovery_hungarian global_hash=60fc17fe09be2b34e00320d61b5ef787bc15fa91b99d992b94e873face47f02e
ROUND fedrad round=101 clients=[22, 38, 77, 15, 11, 61, 37, 34, 87, 3] diagnostic_accuracy=63.0800% Gamma=0.000000 gate_passed=True fallback=functional_recovery_hungarian global_hash=7c3449f2a600dad4c923e1f797c77ced53cb7bd815e319aabb1f8443acdced8f
ROUND fedrad round=102 clients=[96, 9, 26, 58, 69, 44, 13, 93, 61, 43] diagnostic_accuracy=60.0600% Gamma=0.000000 gate_passed=True fallback=functional_recovery_hungarian global_hash=09f37d12dd449c78e84a0e0c83adb2f16beb95f2c50586d16266800eac46d661
ROUND fedrad round=103 clients=[13, 34, 27, 16, 72, 98, 14, 19, 9, 46] diagnostic_accuracy=58.2400% Gamma=0.000000 gate_passed=True fallback=functional_recovery_hungarian global_hash=1ccad46cd836050421a5639b9881209783cbe20e620878d54f68fe80e03d4f4d
ROUND fedrad round=104 clients=[29, 72, 81, 80, 68, 85, 14, 0, 93, 52] diagnostic_accuracy=66.6900% Gamma=0.000000 gate_passed=True fallback=functional_recovery_hungarian global_hash=798e0afc3bc85fa7598a8385aa41aa17ba946baa0848ab769f9f1d2270007f74
ROUND fedrad round=105 clients=[17, 69, 35, 86, 83, 84, 23, 56, 89, 60] diagnostic_accuracy=63.3900% Gamma=0.000000 gate_passed=True fallback=functional_recovery_hungarian global_hash=425d90215cb987ed976279c2ff9993b1392a43a3f21ac85ca135ce3519f2f5f2
ROUND fedrad round=106 clients=[94, 79, 36, 8, 19, 16, 13, 30, 25, 3] diagnostic_accuracy=53.9200% Gamma=0.000000 gate_passed=True fallback=functional_recovery_hungarian global_hash=cec6c2b783ec163e2c81f536bd96642a751fe6ba99423483d4e20150c69325b8
ROUND fedrad round=107 clients=[45, 82, 32, 52, 17, 96, 6, 57, 67, 74] diagnostic_accuracy=61.3800% Gamma=0.000000 gate_passed=True fallback=functional_recovery_hungarian global_hash=1756afaa0d2c46b253213300d1eb5389f34552df3fe5a7a8d17a2cfd44dc560a
ROUND fedrad round=108 clients=[61, 20, 59, 99, 39, 42, 73, 53, 45, 8] diagnostic_accuracy=67.5600% Gamma=0.000000 gate_passed=True fallback=functional_recovery_hungarian global_hash=8a92b6dcf0f8f40fb14dbb52eb3b524ed26f1e233c703d99f7bd6ffa95eee010
ROUND fedrad round=109 clients=[60, 38, 5, 54, 66, 33, 80, 83, 9, 4] diagnostic_accuracy=61.2600% Gamma=0.000000 gate_passed=True fallback=functional_recovery_hungarian global_hash=ab897eb0c8324b8425a0c145a8c0b0741a55109cbef3bc1404a585234cc906f4
ROUND fedrad round=110 clients=[39, 44, 62, 4, 42, 25, 0, 45, 29, 93] diagnostic_accuracy=69.1200% Gamma=0.000000 gate_passed=True fallback=functional_recovery_hungarian global_hash=dd8e8456213de5a4e3aa036e85b108485384933de09ea918928ca0bcfdcaf537
ROUND fedrad round=111 clients=[96, 54, 19, 97, 92, 31, 81, 2, 24, 9] diagnostic_accuracy=70.9800% Gamma=0.000000 gate_passed=True fallback=functional_recovery_hungarian global_hash=593797cbd2ec42a00ff7a485c243c42fdb6b5a8b0b8327cc84da2f98ab97df66
ROUND fedrad round=112 clients=[9, 19, 7, 49, 45, 35, 80, 85, 40, 89] diagnostic_accuracy=66.5200% Gamma=0.000000 gate_passed=True fallback=functional_recovery_hungarian global_hash=bccf476ca4a467bb9b39b9bdb37b621847903cb72741654917e92a2b3bdffc72
ROUND fedrad round=113 clients=[73, 66, 18, 74, 33, 2, 87, 29, 98, 91] diagnostic_accuracy=63.2600% Gamma=0.000000 gate_passed=True fallback=functional_recovery_hungarian global_hash=a56272932da1cba4ee5e989ee528371e06ca28a5f553e2c0a963519701854bad
ROUND fedrad round=114 clients=[40, 31, 27, 50, 71, 81, 99, 97, 73, 49] diagnostic_accuracy=58.1300% Gamma=0.000000 gate_passed=True fallback=functional_recovery_hungarian global_hash=7c29a445bef0fcee9ae97b8769708f634fef90a7c4d56e69b12a5820eff9bac3
ROUND fedrad round=115 clients=[61, 64, 42, 88, 27, 95, 92, 50, 45, 85] diagnostic_accuracy=67.2200% Gamma=0.000000 gate_passed=True fallback=functional_recovery_hungarian global_hash=2fa6aef282c3b24e68d8fc6105ae5fe637db310262bb863c96210924d182cc6f
ROUND fedrad round=116 clients=[27, 8, 49, 32, 15, 35, 70, 59, 31, 30] diagnostic_accuracy=59.1100% Gamma=0.000000 gate_passed=True fallback=functional_recovery_hungarian global_hash=88b912dbd1f0d8b3083c86cc0c15d0896b2d9024527e009f2840c17be563d29b
ROUND fedrad round=117 clients=[69, 35, 52, 51, 26, 15, 76, 48, 98, 12] diagnostic_accuracy=64.4500% Gamma=0.000000 gate_passed=True fallback=functional_recovery_hungarian global_hash=48f4b39ab70e5115c117a6c423a25727a6a12249e2f912c6440ef1e8fe388dec
ROUND fedrad round=118 clients=[46, 57, 0, 86, 26, 80, 73, 20, 63, 98] diagnostic_accuracy=64.5800% Gamma=0.000000 gate_passed=True fallback=functional_recovery_hungarian global_hash=b39db16c431644024e40c71c5a59dff87e3504279b2cbf587031688c89051dbf
ROUND fedrad round=119 clients=[81, 6, 64, 84, 20, 2, 8, 4, 66, 92] diagnostic_accuracy=61.6100% Gamma=0.000000 gate_passed=True fallback=functional_recovery_hungarian global_hash=47ded4e93cfcaf1a2ea07c14254081c3bd38278607ad3048011558d16f476292
ROUND fedrad round=120 clients=[61, 34, 64, 11, 96, 18, 82, 52, 72, 92] diagnostic_accuracy=66.2200% Gamma=0.000000 gate_passed=True fallback=functional_recovery_hungarian global_hash=1b2c4b3991f44aeb66ac511d5df97c65d9eca69b07b69aea65088380748a4648
ROUND fedrad round=121 clients=[93, 68, 94, 13, 36, 11, 5, 1, 40, 7] diagnostic_accuracy=68.0900% Gamma=0.000000 gate_passed=True fallback=functional_recovery_hungarian global_hash=e7078d50fcdbffb5649f6f59228fb917ef579880da1a76670046ef30fcfa552a
ROUND fedrad round=122 clients=[73, 64, 37, 69, 31, 48, 77, 41, 53, 75] diagnostic_accuracy=60.8700% Gamma=0.000000 gate_passed=True fallback=functional_recovery_hungarian global_hash=51eb05fc2f8ed916b142c1b4de4b812f808e7dd34642f277209a8f5a46f76c0c
ROUND fedrad round=123 clients=[46, 43, 84, 11, 66, 92, 16, 19, 96, 37] diagnostic_accuracy=59.4900% Gamma=0.000000 gate_passed=True fallback=functional_recovery_hungarian global_hash=e66355ea45286745565a5f7030e5e843282901937e0bc94001ecee175f56f3c3
ROUND fedrad round=124 clients=[43, 96, 9, 0, 74, 19, 1, 23, 38, 66] diagnostic_accuracy=63.6900% Gamma=0.000000 gate_passed=True fallback=functional_recovery_hungarian global_hash=deb63ecc24d7ba7a0431b218cc57ac755fa338b43392839c463aa92cd8623013
ROUND fedrad round=125 clients=[27, 62, 32, 10, 22, 72, 64, 25, 86, 60] diagnostic_accuracy=62.2800% Gamma=0.000000 gate_passed=True fallback=functional_recovery_hungarian global_hash=6778597019d1fa7e3370b47a0924767b79fe492b287d398eea5258b50f81ade6
ROUND fedrad round=126 clients=[84, 7, 64, 76, 15, 46, 27, 47, 40, 69] diagnostic_accuracy=64.4500% Gamma=0.000000 gate_passed=True fallback=functional_recovery_hungarian global_hash=0ad191d7df8aec3f460626d9fc9cbe48c646cef77e769a2de7808351c855c7cc
ROUND fedrad round=127 clients=[75, 97, 79, 87, 11, 7, 37, 92, 41, 12] diagnostic_accuracy=65.4500% Gamma=0.000000 gate_passed=True fallback=functional_recovery_hungarian global_hash=e243879068ade454dd83ce3dc5062c3e99d20f844223d46ec9d1ef94e140ab8b
ROUND fedrad round=128 clients=[78, 4, 17, 21, 76, 74, 19, 61, 45, 86] diagnostic_accuracy=71.6400% Gamma=0.000000 gate_passed=True fallback=functional_recovery_hungarian global_hash=a32b9d717a4a724a4b4b19fe5c8ae791f07cd385d2e9eeb521bab9f93c39e312
ROUND fedrad round=129 clients=[23, 41, 75, 36, 26, 49, 95, 16, 93, 72] diagnostic_accuracy=57.9300% Gamma=0.000000 gate_passed=True fallback=functional_recovery_hungarian global_hash=e3866633847eaf580cfeb161a4a8c0d7c01cb04bb412b91f9e24602025a4b0ea
ROUND fedrad round=130 clients=[59, 53, 65, 8, 68, 35, 13, 55, 23, 97] diagnostic_accuracy=67.3600% Gamma=0.000000 gate_passed=True fallback=functional_recovery_hungarian global_hash=4939f2fb0e03762c40657cc8cc5a3dec9ede1c2996c982673f004976531d7484
ROUND fedrad round=131 clients=[74, 98, 22, 45, 97, 87, 92, 71, 47, 79] diagnostic_accuracy=68.7600% Gamma=0.000000 gate_passed=True fallback=functional_recovery_hungarian global_hash=ccaee2e6f9eab9984c3efb30f3c7a4ecf454929febac9576bf23f49b76858810
ROUND fedrad round=132 clients=[35, 70, 59, 49, 36, 91, 82, 50, 26, 72] diagnostic_accuracy=51.9900% Gamma=0.000000 gate_passed=True fallback=functional_recovery_hungarian global_hash=3fa07c6721ffdf9e6363af7cff1ac4ba975430c131b4e7ac6ed3c9f0289e98b9
ROUND fedrad round=133 clients=[22, 83, 75, 29, 66, 48, 12, 10, 86, 1] diagnostic_accuracy=64.9800% Gamma=0.000000 gate_passed=True fallback=functional_recovery_hungarian global_hash=08abe4dd3f9d5d2161534496fafd528acca083df17b7dea371cefab9acaff7a9
ROUND fedrad round=134 clients=[76, 33, 40, 59, 65, 63, 73, 36, 99, 82] diagnostic_accuracy=68.0800% Gamma=0.000000 gate_passed=True fallback=functional_recovery_hungarian global_hash=6e53ef1bf60f89f566e62dcdbac2f6d922b6965fac7de04cf0169e31bdf9e0d9
ROUND fedrad round=135 clients=[85, 88, 54, 40, 70, 67, 86, 38, 58, 42] diagnostic_accuracy=73.3100% Gamma=0.000000 gate_passed=True fallback=functional_recovery_hungarian global_hash=a5a0a8e731ebe933622ddba8f9a7d3ef94b8e8d736899835c7977dac2970e61f
ROUND fedrad round=136 clients=[89, 56, 12, 90, 94, 86, 19, 78, 92, 59] diagnostic_accuracy=70.5700% Gamma=0.000000 gate_passed=True fallback=functional_recovery_hungarian global_hash=18d1c59ed52c4c305081b7d53cdb880e203ce08886e05e4affe28cb461da22c5
ROUND fedrad round=137 clients=[7, 94, 69, 44, 50, 26, 75, 24, 33, 18] diagnostic_accuracy=63.7800% Gamma=0.000000 gate_passed=True fallback=functional_recovery_hungarian global_hash=6f4e39edd453c5950ea9cd645e31d555390f1c598758d99b1087a238ff2f21de
ROUND fedrad round=138 clients=[89, 75, 84, 93, 35, 71, 19, 63, 59, 94] diagnostic_accuracy=61.7000% Gamma=0.000000 gate_passed=True fallback=functional_recovery_hungarian global_hash=e95971de2dd83b9ae2030859391d0d4e3c8e5378c230a7e305ffc7503744ea42
ROUND fedrad round=139 clients=[54, 66, 17, 43, 53, 40, 76, 1, 4, 81] diagnostic_accuracy=71.2300% Gamma=0.000000 gate_passed=True fallback=functional_recovery_hungarian global_hash=13ba53abf62f7afdbf028bb5a3f2a12070ac37633582582e7a050c8214035d01
ROUND fedrad round=140 clients=[52, 51, 97, 7, 41, 61, 29, 88, 49, 26] diagnostic_accuracy=68.4800% Gamma=0.000000 gate_passed=True fallback=functional_recovery_hungarian global_hash=6bdfbcb86db2316cf8fbb65d764d6b11a1d2266436a0b4870d4879bf15c60c64
ROUND fedrad round=141 clients=[21, 47, 20, 59, 85, 2, 99, 70, 54, 50] diagnostic_accuracy=65.9800% Gamma=0.000000 gate_passed=True fallback=functional_recovery_hungarian global_hash=7f6fd5c4e784157ee8bedebc6009a450c43e27ba42993c5c1b46e84e811bbcee
ROUND fedrad round=142 clients=[65, 98, 79, 6, 58, 92, 19, 37, 33, 75] diagnostic_accuracy=68.4300% Gamma=0.000000 gate_passed=True fallback=functional_recovery_hungarian global_hash=52703c83f2a07e79c590fc7b7d9e0ac80068e03b62dd6db7ea54ba5b327afee7
ROUND fedrad round=143 clients=[44, 84, 56, 0, 69, 15, 66, 78, 42, 95] diagnostic_accuracy=59.5200% Gamma=0.000000 gate_passed=True fallback=functional_recovery_hungarian global_hash=cf78804c422d3191b0b1dd2ed44513ad29fd777cc791d4a33cc57a5e8dbd61ed
ROUND fedrad round=144 clients=[36, 20, 53, 26, 80, 67, 25, 37, 39, 10] diagnostic_accuracy=61.7300% Gamma=0.000000 gate_passed=True fallback=functional_recovery_hungarian global_hash=5124a8f31e0e9a5d8b3927652f183e214c0edaf8eb5ff508650432578485366f
ROUND fedrad round=145 clients=[54, 62, 65, 69, 82, 46, 64, 70, 59, 11] diagnostic_accuracy=69.6100% Gamma=0.000000 gate_passed=True fallback=functional_recovery_hungarian global_hash=d6b85ee941e44139a4bb2cc4879794086b566e8df0360eaadc879224722db7d7
ROUND fedrad round=146 clients=[78, 89, 64, 25, 85, 9, 57, 41, 97, 45] diagnostic_accuracy=66.4100% Gamma=0.000000 gate_passed=True fallback=functional_recovery_hungarian global_hash=aa91dffbe02fa6fa82e8460ef1de47d6e5e6153b02d78dbdc27748c05e3651a9
ROUND fedrad round=147 clients=[32, 8, 70, 41, 12, 19, 88, 20, 98, 33] diagnostic_accuracy=58.4300% Gamma=0.000000 gate_passed=True fallback=functional_recovery_hungarian global_hash=582fe017ccd9344f14b45bb901db305e6656528af36848ab50c5bd05cb62a3a6
ROUND fedrad round=148 clients=[50, 29, 81, 33, 44, 69, 2, 68, 93, 85] diagnostic_accuracy=68.5200% Gamma=0.000000 gate_passed=True fallback=functional_recovery_hungarian global_hash=b323152580eedd167827d981ac39efa23800409e57d1d7e1d17d363599e66567
ROUND fedrad round=149 clients=[5, 84, 70, 73, 31, 62, 69, 13, 86, 74] diagnostic_accuracy=53.4300% Gamma=0.000000 gate_passed=True fallback=functional_recovery_hungarian global_hash=2e1629d6785cbcd22bf2c04f7c3cd088a43398f90027a98c54618a2775ee3d7e
ROUND fedrad round=150 clients=[69, 9, 41, 83, 76, 63, 34, 67, 36, 87] diagnostic_accuracy=67.5300% Gamma=0.000000 gate_passed=True fallback=functional_recovery_hungarian global_hash=eceee8ed5ab96bad9a0a50697c68f3683daba15c4a9c436508a7a2f68e430eb2
ROUND fedrad round=151 clients=[40, 77, 95, 52, 25, 38, 46, 47, 93, 88] diagnostic_accuracy=63.7600% Gamma=0.000000 gate_passed=True fallback=functional_recovery_hungarian global_hash=c9047f2619760e9486c772662dc893f40c9837e9ae0b6cb6669e82cf8a50665a
ROUND fedrad round=152 clients=[14, 22, 87, 6, 15, 36, 37, 44, 48, 38] diagnostic_accuracy=65.2200% Gamma=0.000000 gate_passed=True fallback=functional_recovery_hungarian global_hash=5c2337d56d53e923c771cd92fa952e435f179e7ffc1f1b8f0c45b99b2dce7b27
ROUND fedrad round=153 clients=[14, 66, 74, 62, 49, 45, 18, 79, 15, 68] diagnostic_accuracy=70.8700% Gamma=0.000000 gate_passed=True fallback=functional_recovery_hungarian global_hash=66fe2dc2a595de107d161cc584b47bde665708b2298061e70cae9c0323c0eb26
ROUND fedrad round=154 clients=[92, 32, 77, 87, 27, 13, 14, 47, 22, 73] diagnostic_accuracy=67.0500% Gamma=0.000000 gate_passed=True fallback=functional_recovery_hungarian global_hash=3127f5758bfaa60a3d57b4b3643c20155ef21d619bd046794fbf939ded3bb747
ROUND fedrad round=155 clients=[60, 31, 44, 3, 84, 25, 98, 73, 52, 82] diagnostic_accuracy=53.2700% Gamma=0.000000 gate_passed=True fallback=functional_recovery_hungarian global_hash=7abeda77008f2fd4ff645e4aa8f43e3446c6076c5dc2b24bb6f3cbfc9825478a
ROUND fedrad round=156 clients=[66, 38, 74, 49, 46, 45, 12, 0, 81, 23] diagnostic_accuracy=64.9900% Gamma=0.000000 gate_passed=True fallback=functional_recovery_hungarian global_hash=878825679b710626679cbc7bbf858ceaf4dfc7984704bb8b47a18f2e711ae5b1
ROUND fedrad round=157 clients=[6, 14, 56, 8, 37, 71, 68, 53, 88, 65] diagnostic_accuracy=68.0200% Gamma=0.000000 gate_passed=True fallback=functional_recovery_hungarian global_hash=11cede14119aaa31b8f97cf7645d63f75f5227afb6fd8812635b6b871afe703a
ROUND fedrad round=158 clients=[76, 40, 68, 38, 91, 92, 18, 11, 69, 94] diagnostic_accuracy=71.7300% Gamma=0.000000 gate_passed=True fallback=functional_recovery_hungarian global_hash=f6726e1c6b4d7cd26eb518e8f23837793b87235a5ddb9778ffdf2e4584f2b500
ROUND fedrad round=159 clients=[0, 23, 91, 83, 98, 64, 90, 32, 84, 36] diagnostic_accuracy=63.0300% Gamma=0.000000 gate_passed=True fallback=functional_recovery_hungarian global_hash=935b0628596a4938768d6e2aaaf69ae4623af62b0d5b1d9c912ffcd842a320e0
ROUND fedrad round=160 clients=[15, 9, 95, 71, 80, 49, 39, 81, 30, 8] diagnostic_accuracy=72.3700% Gamma=0.000000 gate_passed=True fallback=functional_recovery_hungarian global_hash=b94ddd5c6d866b248c4f747155954c6d0100c152e455a3f9c0bcfb121054f11f
ROUND fedrad round=161 clients=[29, 87, 67, 36, 35, 96, 15, 61, 24, 62] diagnostic_accuracy=64.2100% Gamma=0.000000 gate_passed=True fallback=functional_recovery_hungarian global_hash=2b77290802e4f5c274e425e966b8ba5bf752081d8532223a77c0f442dbddadd6
ROUND fedrad round=162 clients=[13, 58, 87, 52, 50, 60, 3, 19, 35, 0] diagnostic_accuracy=65.3700% Gamma=0.000000 gate_passed=True fallback=functional_recovery_hungarian global_hash=ec475bdb366bbf4142123d07b4a5f7551b6ad0f483c76e426ffe1f94ff95f328
ROUND fedrad round=163 clients=[55, 46, 66, 67, 73, 12, 51, 1, 57, 90] diagnostic_accuracy=71.0800% Gamma=0.000000 gate_passed=True fallback=functional_recovery_hungarian global_hash=c3cafce8cfa9a9e336f45e696221506d97de588ac7d9214f489040467c90e13f
ROUND fedrad round=164 clients=[40, 72, 92, 86, 89, 90, 16, 98, 73, 58] diagnostic_accuracy=74.4400% Gamma=0.000000 gate_passed=True fallback=functional_recovery_hungarian global_hash=0fc30b51f23c9088810c854dd7f177a5bc1db46f0bab3e4607e2b4b965a7c74a
ROUND fedrad round=165 clients=[0, 58, 47, 44, 94, 66, 4, 7, 27, 2] diagnostic_accuracy=68.1600% Gamma=0.000000 gate_passed=True fallback=functional_recovery_hungarian global_hash=584846f59a33735e2f3a77581b69725b162c6e2b2a246c8086fe4a32be941719
ROUND fedrad round=166 clients=[58, 87, 14, 78, 40, 83, 73, 18, 52, 31] diagnostic_accuracy=67.1300% Gamma=0.000000 gate_passed=True fallback=functional_recovery_hungarian global_hash=c4f42809d8ad484984bb51cd117d00fe039fb8df2beffdeba49166d7fad8670f
ROUND fedrad round=167 clients=[99, 22, 62, 86, 5, 20, 9, 51, 7, 54] diagnostic_accuracy=69.9300% Gamma=0.000000 gate_passed=True fallback=functional_recovery_hungarian global_hash=138b253c78ff52e7186080a581b034dbdc4e99d6342004abc400df7387266003
ROUND fedrad round=168 clients=[97, 37, 42, 7, 22, 5, 24, 56, 69, 12] diagnostic_accuracy=70.6900% Gamma=0.000000 gate_passed=True fallback=functional_recovery_hungarian global_hash=74d56ae6daa5fd6ef1b6d6c4e067c50fb318569e0cc1d470a388f546cf95a7bd
ROUND fedrad round=169 clients=[96, 22, 76, 44, 59, 78, 12, 68, 94, 87] diagnostic_accuracy=69.8200% Gamma=0.000000 gate_passed=True fallback=functional_recovery_hungarian global_hash=758b3101af5a18dfe230348c0987408a54ba9e20c63682071967d486ca8fcdca
ROUND fedrad round=170 clients=[45, 7, 65, 19, 95, 16, 35, 23, 83, 88] diagnostic_accuracy=70.2600% Gamma=0.000000 gate_passed=True fallback=functional_recovery_hungarian global_hash=67e799bbdee8bac5e4dfa90c71a3cd79492f38009017a53757763725827b34f0
ROUND fedrad round=171 clients=[12, 91, 4, 90, 47, 66, 33, 9, 61, 84] diagnostic_accuracy=69.4900% Gamma=0.000000 gate_passed=True fallback=functional_recovery_hungarian global_hash=a31c1e40a004ab254bfb799cfc1cb5edda641521d97974e1860e54c63fa237f9
ROUND fedrad round=172 clients=[46, 60, 83, 2, 37, 70, 93, 29, 3, 43] diagnostic_accuracy=57.1800% Gamma=0.000000 gate_passed=True fallback=functional_recovery_hungarian global_hash=1de436bb25739a2c76c06bde0ca91f09a2e64b606367fc24cf876c59f98b66b1
ROUND fedrad round=173 clients=[27, 45, 49, 4, 31, 62, 9, 95, 69, 72] diagnostic_accuracy=67.9500% Gamma=0.000000 gate_passed=True fallback=functional_recovery_hungarian global_hash=b164a6fd4766dfd90d8fe508b3d458960cecbe26f418a0528b582d6458cdb437
ROUND fedrad round=174 clients=[27, 28, 1, 92, 55, 48, 74, 7, 99, 62] diagnostic_accuracy=68.5200% Gamma=0.000000 gate_passed=True fallback=functional_recovery_hungarian global_hash=d929c15c1596169257c9fd914a5130ca22b43ada0cc207ca1b86529c86ff57e1
ROUND fedrad round=175 clients=[24, 0, 9, 11, 31, 45, 58, 35, 69, 21] diagnostic_accuracy=73.7400% Gamma=0.000000 gate_passed=True fallback=functional_recovery_hungarian global_hash=833cc3dec80f2acef868b844359a65cfd7a93760bedbb73e6f4c253aafc574e2
ROUND fedrad round=176 clients=[42, 98, 67, 21, 24, 81, 20, 75, 29, 36] diagnostic_accuracy=68.4300% Gamma=0.000000 gate_passed=True fallback=functional_recovery_hungarian global_hash=6b44d7c8ac1968877cc706bbaf07e772ccb0804ef23078406f19210b7d8f78c2
ROUND fedrad round=177 clients=[49, 75, 33, 60, 42, 64, 69, 11, 47, 70] diagnostic_accuracy=67.4000% Gamma=0.000000 gate_passed=True fallback=functional_recovery_hungarian global_hash=3b5c9ca89df56369320dcf0f2bbc3ffff621dd01f827b141eb3b03f1fd65da4f
ROUND fedrad round=178 clients=[96, 60, 16, 70, 73, 40, 11, 24, 87, 93] diagnostic_accuracy=66.4300% Gamma=0.000000 gate_passed=True fallback=functional_recovery_hungarian global_hash=bddda2bcab568ff98de36e19443dcbf11bfd74cf4f86d7173fb4428e2f73b296
ROUND fedrad round=179 clients=[37, 16, 85, 31, 69, 36, 54, 25, 32, 38] diagnostic_accuracy=66.3300% Gamma=0.000000 gate_passed=True fallback=functional_recovery_hungarian global_hash=ae7be296f1fbb18c793257db883118b382ce376af07aefa4e1c445725c4fd716
ROUND fedrad round=180 clients=[80, 92, 61, 76, 19, 28, 7, 73, 67, 38] diagnostic_accuracy=70.2400% Gamma=0.000000 gate_passed=True fallback=functional_recovery_hungarian global_hash=056f2744e75ace23861ebee014c0c036c1c47fbd2f224d3a3b4980df7a30031b
ROUND fedrad round=181 clients=[78, 26, 35, 44, 29, 85, 64, 66, 97, 21] diagnostic_accuracy=66.5000% Gamma=0.000000 gate_passed=True fallback=functional_recovery_hungarian global_hash=e61c111672dab988fc784ccf9d1f599aa6a575b09e5f20a1e93676f7e65ddd1c
ROUND fedrad round=182 clients=[78, 73, 10, 52, 54, 24, 44, 70, 99, 90] diagnostic_accuracy=64.9900% Gamma=0.000000 gate_passed=True fallback=functional_recovery_hungarian global_hash=f7a20f28b521f919eea1909c5ccea1c1016942948770c13f243888a406b0f99a
ROUND fedrad round=183 clients=[96, 38, 1, 4, 36, 19, 77, 52, 41, 49] diagnostic_accuracy=70.6300% Gamma=0.000000 gate_passed=True fallback=functional_recovery_hungarian global_hash=2e49192ee06cf966985f1b076e96f0933a71f35cc52e98fe4d5a9c6cef3bbbed
ROUND fedrad round=184 clients=[87, 55, 49, 7, 51, 67, 40, 21, 34, 0] diagnostic_accuracy=73.5700% Gamma=0.000000 gate_passed=True fallback=functional_recovery_hungarian global_hash=76e9b41fdd4c5066ed5a10830658dff28e966813a3c7fd1cb837fb4922175b5d
ROUND fedrad round=185 clients=[74, 63, 39, 14, 96, 82, 21, 45, 88, 13] diagnostic_accuracy=66.4700% Gamma=0.000000 gate_passed=True fallback=functional_recovery_hungarian global_hash=056c6baa21f9b6ffde284d50d880fff09d67bd73bb825b0e52f7f3535dee8a0a
ROUND fedrad round=186 clients=[1, 26, 23, 59, 22, 57, 27, 60, 18, 69] diagnostic_accuracy=66.6700% Gamma=0.000000 gate_passed=True fallback=functional_recovery_hungarian global_hash=4ab03611c180545b6539ed79617a14e7fc860fe29d73620d6249c26435986b20
ROUND fedrad round=187 clients=[34, 87, 43, 64, 27, 92, 78, 55, 68, 7] diagnostic_accuracy=70.4000% Gamma=0.000000 gate_passed=True fallback=functional_recovery_hungarian global_hash=a82b2ae42d7cbc3a9861e09ee28f0867a49a9861fdf2341fbf34d6fada94d966
ROUND fedrad round=188 clients=[67, 20, 34, 69, 85, 14, 86, 81, 36, 76] diagnostic_accuracy=73.8700% Gamma=0.000000 gate_passed=True fallback=functional_recovery_hungarian global_hash=c9fc0d8fd2dc26c82cd6b1525c428f85a40ce36b64539dc2ea2f50c467b5bb9f
ROUND fedrad round=189 clients=[57, 7, 53, 49, 74, 65, 76, 29, 78, 80] diagnostic_accuracy=72.0800% Gamma=0.000000 gate_passed=True fallback=functional_recovery_hungarian global_hash=4df3aa8f863bd5e3cfb807cdb28232e7002851ea02041e622d91e9edcc920190
ROUND fedrad round=190 clients=[71, 25, 7, 77, 39, 51, 87, 5, 45, 11] diagnostic_accuracy=68.7600% Gamma=0.000000 gate_passed=True fallback=functional_recovery_hungarian global_hash=0e840f4ab5ce98cc6ca3bedb3f08f864de993ffec6cc33ccbc50189c6e7a466e
ROUND fedrad round=191 clients=[60, 21, 34, 0, 98, 92, 44, 65, 66, 3] diagnostic_accuracy=56.5400% Gamma=0.000000 gate_passed=True fallback=functional_recovery_hungarian global_hash=9363be2a66a57cb3ce282bf57ae61a5a93681242f9fc76e8eee638d76b66b74b
ROUND fedrad round=192 clients=[36, 59, 66, 20, 0, 16, 86, 71, 90, 56] diagnostic_accuracy=73.4800% Gamma=0.000000 gate_passed=True fallback=functional_recovery_hungarian global_hash=b4ae7198517075359223609909052ce3ca4cd8bf0da014534baecaa8220ba240
ROUND fedrad round=193 clients=[19, 22, 51, 45, 91, 26, 14, 83, 15, 67] diagnostic_accuracy=72.2800% Gamma=0.000000 gate_passed=True fallback=functional_recovery_hungarian global_hash=c40562e84e5f9d5ca505b8d9f3859bffaed29c67a666e95a5e7fb9fad57ea30e
ROUND fedrad round=194 clients=[62, 14, 3, 92, 78, 33, 89, 48, 70, 31] diagnostic_accuracy=67.4500% Gamma=0.000000 gate_passed=True fallback=functional_recovery_hungarian global_hash=84836f0644e2065c74389d87714b4b40d4c453c005c7316f850fd0fdc812b37b
ROUND fedrad round=195 clients=[37, 10, 88, 63, 53, 68, 2, 52, 26, 59] diagnostic_accuracy=67.2700% Gamma=0.000000 gate_passed=True fallback=functional_recovery_hungarian global_hash=9bf1e8200792dd7573ea46d5545aca44fadbdd29b167e08d94649cd60883a8ca
ROUND fedrad round=196 clients=[59, 71, 85, 49, 20, 10, 3, 86, 88, 33] diagnostic_accuracy=51.3600% Gamma=0.000000 gate_passed=True fallback=functional_recovery_hungarian global_hash=10e38981c9235d340379204a69427beecef11982ec78a6fc5fb1dc0a41924a45
ROUND fedrad round=197 clients=[9, 0, 18, 66, 44, 17, 92, 95, 64, 96] diagnostic_accuracy=70.3500% Gamma=0.000000 gate_passed=True fallback=functional_recovery_hungarian global_hash=04c6b35e40e48fb3f3bef6bf045bcc39abb22ef851a131e2882c41f836f8a42d
ROUND fedrad round=198 clients=[70, 58, 24, 57, 32, 19, 43, 65, 5, 88] diagnostic_accuracy=61.2600% Gamma=0.000000 gate_passed=True fallback=functional_recovery_hungarian global_hash=564938dd7aa9062a2203d95859366bc29720201db6a7c25e2f625eee7097c142
ROUND fedrad round=199 clients=[61, 75, 68, 2, 6, 26, 1, 56, 78, 74] diagnostic_accuracy=69.6300% Gamma=0.000000 gate_passed=True fallback=functional_recovery_hungarian global_hash=b573a268ba2fcbf9798756ea5a7fc48c775e391e6e38615eafeb9afa91490d43
ROUND fedrad round=200 clients=[8, 57, 22, 90, 46, 9, 56, 99, 89, 4] diagnostic_accuracy=69.5900% Gamma=0.000000 gate_passed=True fallback=functional_recovery_hungarian global_hash=2e7b45c6d5ed3a77e7b174b593df026c921e6ef1b4cace118fd753f2c659341e
FINAL_STATE_HASH 2e7b45c6d5ed3a77e7b174b593df026c921e6ef1b4cace118fd753f2c659341e
