Run directory: C:\Users\admin\Desktop\need_do\new_paper_four\FedPhoenix-new\results\recovery_measurement_functional_recovery_2of64\functional_recovery_seed1_20260907_225821_726706_m2_steps8_terminal_seed1_2of64_200r
Partition fingerprint: f8fcaa0f17c5d2078c5d24ece11b3f8cfcb82553733fb972155b7452d87a8fd0; device=cuda:0
ROUND fedrad round=1 clients=[80, 84, 33, 81, 93, 17, 36, 82, 69, 65] diagnostic_accuracy=10.0000% Gamma=0.000000 gate_passed=True fallback=functional_recovery_hungarian global_hash=7b9d9fa2177c0be8903b59890b31d8928c4d3775f72c9277d244391e61a933ec
ROUND fedrad round=2 clients=[44, 96, 1, 35, 26, 11, 38, 82, 87, 3] diagnostic_accuracy=15.9900% Gamma=0.000000 gate_passed=True fallback=functional_recovery_hungarian global_hash=bd6003a1aba706e286c57f71695d6c68ab8286d67a07332784337d1fffdfc4e1
ROUND fedrad round=3 clients=[95, 67, 96, 71, 1, 80, 99, 45, 52, 27] diagnostic_accuracy=17.6200% Gamma=0.000000 gate_passed=True fallback=functional_recovery_hungarian global_hash=628d94ce894904d375b64018a75c73a2aee73c890e5a43df45c539a99c389f57
ROUND fedrad round=4 clients=[40, 10, 96, 66, 89, 32, 95, 55, 25, 5] diagnostic_accuracy=15.6000% Gamma=0.000000 gate_passed=True fallback=functional_recovery_hungarian global_hash=2ff6655cab268de96a5216c2f18ebd0d1e7b9db25093c2c3e93c03bbec7d4e4f
ROUND fedrad round=5 clients=[89, 99, 45, 96, 72, 9, 74, 88, 1, 38] diagnostic_accuracy=19.8400% Gamma=0.000000 gate_passed=True fallback=functional_recovery_hungarian global_hash=c95af0699b6f39b8d73ab2a00f0b2f76e040b13cfe0b0670f00b914057f334dc
ROUND fedrad round=6 clients=[0, 86, 4, 23, 24, 1, 62, 83, 66, 93] diagnostic_accuracy=21.0700% Gamma=0.000000 gate_passed=True fallback=functional_recovery_hungarian global_hash=7a8b844bcdaf07bcedfec4c65c144996a3088af22d55a6ee571bedd6c1b33232
ROUND fedrad round=7 clients=[6, 59, 72, 30, 91, 43, 75, 76, 15, 61] diagnostic_accuracy=25.0100% Gamma=0.000000 gate_passed=True fallback=functional_recovery_hungarian global_hash=7008e9fa2aa68108f3cdfb3ea8bc8a02fc315f340cd215459fde48650979a600
ROUND fedrad round=8 clients=[44, 88, 74, 48, 59, 79, 25, 52, 45, 55] diagnostic_accuracy=22.6600% Gamma=0.000000 gate_passed=True fallback=functional_recovery_hungarian global_hash=8d43280aa30a9b90f859eccb24b792ebf8c3bf6977e7e7179ce0e7ad602fdb8d
ROUND fedrad round=9 clients=[3, 60, 35, 33, 22, 66, 45, 68, 67, 75] diagnostic_accuracy=25.9600% Gamma=0.000000 gate_passed=True fallback=functional_recovery_hungarian global_hash=e5246f802fc5e044b33829037e6823500be3606806279471972938ce9906b84a
ROUND fedrad round=10 clients=[64, 91, 12, 52, 16, 65, 50, 68, 33, 30] diagnostic_accuracy=29.3500% Gamma=0.000000 gate_passed=True fallback=functional_recovery_hungarian global_hash=3b299bf74c7475594a5e1c30dd4cc10e3a6e0dca1a83ea75ddd3de0e9676dcdc
ROUND fedrad round=11 clients=[54, 27, 23, 37, 75, 33, 41, 46, 52, 24] diagnostic_accuracy=26.7600% Gamma=0.000000 gate_passed=True fallback=functional_recovery_hungarian global_hash=17b49053e8da63177f00e0f4e0bcc2a5067f90d25840a861b28572399d3d49ab
ROUND fedrad round=12 clients=[54, 45, 28, 44, 15, 1, 93, 12, 88, 40] diagnostic_accuracy=28.8800% Gamma=0.000000 gate_passed=True fallback=functional_recovery_hungarian global_hash=e6f0e46a182db4bf93f727cb7479f9625f83386a6b2078a2deb5ebc26cbe11a8
ROUND fedrad round=13 clients=[70, 75, 5, 68, 36, 79, 72, 78, 57, 44] diagnostic_accuracy=25.8900% Gamma=0.000000 gate_passed=True fallback=functional_recovery_hungarian global_hash=7c905403b43ce9f7f7669c6063d5e5f5243dc1281714a0beb3251769f36cae80
ROUND fedrad round=14 clients=[41, 9, 30, 89, 40, 49, 3, 22, 8, 16] diagnostic_accuracy=31.0400% Gamma=0.000000 gate_passed=True fallback=functional_recovery_hungarian global_hash=8f568b42931d83f97f7f1f593c53a02a8e7e1024bbd7b4e5d4099013cffaa75a
ROUND fedrad round=15 clients=[82, 28, 69, 81, 56, 71, 85, 27, 37, 66] diagnostic_accuracy=28.4300% Gamma=0.000000 gate_passed=True fallback=functional_recovery_hungarian global_hash=6c8fdd0e1e1501ed805e959190f0ea620ea193b482de20f6ed4655f8cc5df495
ROUND fedrad round=16 clients=[60, 13, 26, 12, 1, 28, 88, 86, 11, 43] diagnostic_accuracy=32.2600% Gamma=0.000000 gate_passed=True fallback=functional_recovery_hungarian global_hash=c583afd50b98d27edd31271a061f3668d38a19b16c73db930d7106f69ac1f48b
ROUND fedrad round=17 clients=[93, 16, 72, 75, 10, 4, 38, 71, 42, 62] diagnostic_accuracy=30.1700% Gamma=0.000000 gate_passed=True fallback=functional_recovery_hungarian global_hash=82b059780fb0dedb474edb4aa7b9da2b61f0dc84b024c5a17d8b9c0b69cee2d8
ROUND fedrad round=18 clients=[36, 47, 1, 64, 57, 97, 29, 6, 67, 92] diagnostic_accuracy=34.1300% Gamma=0.000000 gate_passed=True fallback=functional_recovery_hungarian global_hash=459de97034426a5dd21868508e9a1254058dfadff70e5f28463996db04b6b105
ROUND fedrad round=19 clients=[48, 87, 17, 57, 22, 81, 4, 51, 94, 63] diagnostic_accuracy=32.2200% Gamma=0.000000 gate_passed=True fallback=functional_recovery_hungarian global_hash=cb503d700f6abbda31143394eb0dd9e7d7da5a2fbba14bb79e35836afc5b9f7c
ROUND fedrad round=20 clients=[9, 17, 59, 11, 2, 95, 68, 28, 60, 14] diagnostic_accuracy=34.4000% Gamma=0.000000 gate_passed=True fallback=functional_recovery_hungarian global_hash=3238af9e54f999fb62f05f1e71ce610fe73bdea7cd085820f76ff7d439fc83f3
ROUND fedrad round=21 clients=[26, 25, 15, 93, 45, 54, 68, 90, 76, 10] diagnostic_accuracy=29.4700% Gamma=0.000000 gate_passed=True fallback=functional_recovery_hungarian global_hash=18291d1e3d06ece882551c6939020a3206d2f5ef2395955db14bed53444490dc
ROUND fedrad round=22 clients=[84, 74, 93, 1, 48, 44, 29, 26, 94, 75] diagnostic_accuracy=31.0700% Gamma=0.000000 gate_passed=True fallback=functional_recovery_hungarian global_hash=9562a88d6682fa22d28284a6e7d0a87bab993510bddc1d14af868b770866c0d5
ROUND fedrad round=23 clients=[71, 58, 50, 22, 59, 84, 10, 70, 43, 67] diagnostic_accuracy=33.9300% Gamma=0.000000 gate_passed=True fallback=functional_recovery_hungarian global_hash=5b548b3a07f2c4df9bf32de2f705a2771e84435e0efaa5ecb652f861231e3628
ROUND fedrad round=24 clients=[70, 54, 33, 75, 31, 58, 17, 6, 3, 51] diagnostic_accuracy=38.1900% Gamma=0.000000 gate_passed=True fallback=functional_recovery_hungarian global_hash=3c8b3f627e332a37a799a88f555dcc689e9892c98c02efdae99000ca76673dfe
ROUND fedrad round=25 clients=[42, 87, 33, 36, 30, 84, 78, 98, 71, 75] diagnostic_accuracy=17.3400% Gamma=0.000000 gate_passed=True fallback=functional_recovery_hungarian global_hash=6e657cccd165d675556b69f112d531f4b716bdd7016ffc4be14f7b3e8237ab9c
ROUND fedrad round=26 clients=[41, 47, 34, 10, 51, 11, 50, 16, 86, 64] diagnostic_accuracy=39.9100% Gamma=0.000000 gate_passed=True fallback=functional_recovery_hungarian global_hash=53bc4a7f9f36203e1f7e00d090b624f45a443453b914d7c310ad57d54983c822
ROUND fedrad round=27 clients=[58, 82, 63, 50, 98, 84, 4, 46, 65, 88] diagnostic_accuracy=32.3200% Gamma=0.000000 gate_passed=True fallback=functional_recovery_hungarian global_hash=9a0c992cd94fd245503d145ec5779b28b7c6bf8be3bf3bd4dbef96fc669aa751
ROUND fedrad round=28 clients=[99, 88, 69, 16, 46, 29, 90, 91, 4, 45] diagnostic_accuracy=39.9600% Gamma=0.000000 gate_passed=True fallback=functional_recovery_hungarian global_hash=f89b04460e908c48d643109fce632c9b48a7af758194c5185293ddbaa9aa4f2f
ROUND fedrad round=29 clients=[80, 73, 28, 34, 1, 10, 13, 65, 5, 49] diagnostic_accuracy=42.0200% Gamma=0.000000 gate_passed=True fallback=functional_recovery_hungarian global_hash=b0c61bb9571e1e5925ab190ecfc44b438808715c5437b04674eaab86327cf155
ROUND fedrad round=30 clients=[62, 41, 74, 11, 99, 8, 75, 26, 81, 85] diagnostic_accuracy=37.0300% Gamma=0.000000 gate_passed=True fallback=functional_recovery_hungarian global_hash=a985bb61771cc888a7bb55a8c106c8a62d3576fa38becfac564e2944c1ae1d6a
ROUND fedrad round=31 clients=[96, 81, 77, 83, 14, 50, 13, 67, 53, 91] diagnostic_accuracy=49.3200% Gamma=0.000000 gate_passed=True fallback=functional_recovery_hungarian global_hash=317cb98db1882f730129c9df004f00a75f0c669f46c3978928bdfb662c487d68
ROUND fedrad round=32 clients=[40, 73, 70, 3, 6, 94, 1, 25, 20, 10] diagnostic_accuracy=38.4100% Gamma=0.000000 gate_passed=True fallback=functional_recovery_hungarian global_hash=949228ccf418dbfdce6cd73cb4426e099052f9b8c611856a9276e1bde2622802
ROUND fedrad round=33 clients=[45, 16, 51, 88, 17, 78, 36, 44, 21, 62] diagnostic_accuracy=43.8400% Gamma=0.000000 gate_passed=True fallback=functional_recovery_hungarian global_hash=2877f92c84846a0be6b0e768cde2f5e764c157d8d080f3da102291c26b08e098
ROUND fedrad round=34 clients=[92, 43, 97, 61, 58, 67, 1, 98, 30, 75] diagnostic_accuracy=43.5800% Gamma=0.000000 gate_passed=True fallback=functional_recovery_hungarian global_hash=f0cb14b511e56206f81e3904b1f9619196a3241c29a250a73572465ec63d96ca
ROUND fedrad round=35 clients=[31, 89, 17, 66, 92, 23, 96, 9, 35, 20] diagnostic_accuracy=41.9400% Gamma=0.000000 gate_passed=True fallback=functional_recovery_hungarian global_hash=78ad8fe1976e1555fd2cd00fa14e60dcc5d47259aaec12347019fcc6868a12e9
ROUND fedrad round=36 clients=[72, 68, 65, 28, 23, 85, 16, 60, 73, 78] diagnostic_accuracy=48.0300% Gamma=0.000000 gate_passed=True fallback=functional_recovery_hungarian global_hash=3aca0b853166ce52140daf2e2f0dad6ad4e9b94ccb81c1b12cf827131e40aa69
ROUND fedrad round=37 clients=[66, 49, 62, 9, 84, 68, 74, 3, 44, 71] diagnostic_accuracy=30.3100% Gamma=0.000000 gate_passed=True fallback=functional_recovery_hungarian global_hash=411fac1b1057da9efb19eddd74d94a87a84912b2fd658619e4f42a4712e8e2bc
ROUND fedrad round=38 clients=[50, 73, 27, 38, 8, 53, 21, 14, 28, 64] diagnostic_accuracy=47.8500% Gamma=0.000000 gate_passed=True fallback=functional_recovery_hungarian global_hash=3283c422412a4bcd906998a13c6a87aeb1d9f84c667107067a1cb48023150640
ROUND fedrad round=39 clients=[48, 87, 40, 59, 3, 10, 75, 35, 49, 89] diagnostic_accuracy=45.0200% Gamma=0.000000 gate_passed=True fallback=functional_recovery_hungarian global_hash=ff934bda030875fc1cde8f24ca4a83354eeae961ad9cbe99c20a74fdc1c6c40b
ROUND fedrad round=40 clients=[83, 93, 34, 60, 90, 45, 42, 41, 91, 36] diagnostic_accuracy=48.8700% Gamma=0.000000 gate_passed=True fallback=functional_recovery_hungarian global_hash=17d017f8eebda05823d14cf36e2a7a6b34ca6af895aad3e4acc01c62f87996a2
ROUND fedrad round=41 clients=[75, 52, 20, 80, 90, 93, 4, 51, 13, 98] diagnostic_accuracy=38.1500% Gamma=0.000000 gate_passed=True fallback=functional_recovery_hungarian global_hash=ec7eb62e26983d02f9939bc64a0b2c1039d0de94475f1549fdc1b0a7b2830bf3
ROUND fedrad round=42 clients=[98, 79, 17, 10, 3, 12, 29, 26, 54, 58] diagnostic_accuracy=36.1800% Gamma=0.000000 gate_passed=True fallback=functional_recovery_hungarian global_hash=fee13f150f48c432e340ee986fdcc7e74035ea997e0166637b057972a42b293f
ROUND fedrad round=43 clients=[32, 15, 47, 9, 7, 16, 24, 57, 71, 28] diagnostic_accuracy=46.3400% Gamma=0.000000 gate_passed=True fallback=functional_recovery_hungarian global_hash=12fc6b0306079f386909a2a0727846d9830af73fcc4ccc38f390fdd21ad04345
ROUND fedrad round=44 clients=[76, 67, 81, 35, 44, 49, 32, 99, 69, 51] diagnostic_accuracy=47.1400% Gamma=0.000000 gate_passed=True fallback=functional_recovery_hungarian global_hash=d6e294b599de7a6cbd8aa037936b9f7b756814fa026a4297e015581c949a1db1
ROUND fedrad round=45 clients=[42, 4, 95, 71, 84, 22, 61, 5, 10, 28] diagnostic_accuracy=44.9500% Gamma=0.000000 gate_passed=True fallback=functional_recovery_hungarian global_hash=f0a596a6c4ba4d52f1241a537844d8474a0fceaaff751a8ee2ab5c083964b723
ROUND fedrad round=46 clients=[61, 52, 80, 26, 37, 44, 85, 1, 99, 55] diagnostic_accuracy=55.6700% Gamma=0.000000 gate_passed=True fallback=functional_recovery_hungarian global_hash=e34763879646d3cf4b2663849ab80ce6dcf15e8cc8aa94932e903afa32600510
ROUND fedrad round=47 clients=[23, 10, 75, 28, 19, 22, 43, 13, 98, 85] diagnostic_accuracy=52.8300% Gamma=0.000000 gate_passed=True fallback=functional_recovery_hungarian global_hash=dcf868121245b27d51e18c3a4ba0f27f60006b791b27c6b26f219d247754b741
ROUND fedrad round=48 clients=[18, 1, 96, 63, 59, 71, 88, 39, 97, 68] diagnostic_accuracy=50.3400% Gamma=0.000000 gate_passed=True fallback=functional_recovery_hungarian global_hash=924531a7e29da22e000c3e4c2477bb71f976010a199445d5e8e47593526168e8
ROUND fedrad round=49 clients=[44, 11, 93, 47, 54, 9, 81, 94, 45, 65] diagnostic_accuracy=58.1700% Gamma=0.000000 gate_passed=True fallback=functional_recovery_hungarian global_hash=2598c3ac05ae2a4a1acded2ac4ee447cc181c36563de96ca5c6f20b6dd4fd812
ROUND fedrad round=50 clients=[48, 43, 51, 76, 99, 39, 38, 73, 89, 80] diagnostic_accuracy=52.0200% Gamma=0.000000 gate_passed=True fallback=functional_recovery_hungarian global_hash=58423c52c4923b10bfd89409b051b943e164f8a5bcf995bf4b23641736e019ce
ROUND fedrad round=51 clients=[34, 16, 99, 17, 62, 58, 96, 29, 90, 30] diagnostic_accuracy=56.0200% Gamma=0.000000 gate_passed=True fallback=functional_recovery_hungarian global_hash=ef66bd7260d1ea7baefd548734409164dea93ab6b159ca2a43a9f60c7c9f862c
ROUND fedrad round=52 clients=[8, 59, 78, 95, 25, 35, 99, 86, 54, 64] diagnostic_accuracy=58.4900% Gamma=0.000000 gate_passed=True fallback=functional_recovery_hungarian global_hash=9a28673d2039e50b4fcbc8f40e8048dd2b915adced9e00b0f791221d4fad9b1f
ROUND fedrad round=53 clients=[87, 42, 55, 74, 37, 10, 26, 23, 57, 62] diagnostic_accuracy=48.8400% Gamma=0.000000 gate_passed=True fallback=functional_recovery_hungarian global_hash=628d63e49056d3c2c591c16a9ae3d0046a7b4444e172294ec956a5bd7ba0a55c
ROUND fedrad round=54 clients=[84, 2, 76, 48, 68, 40, 92, 8, 42, 46] diagnostic_accuracy=56.1400% Gamma=0.000000 gate_passed=True fallback=functional_recovery_hungarian global_hash=f60f5f6024431af64805454c9b70cd91525681c573bbb0f9c728e4e9ff30a544
ROUND fedrad round=55 clients=[91, 70, 16, 58, 10, 35, 31, 86, 62, 54] diagnostic_accuracy=55.0600% Gamma=0.000000 gate_passed=True fallback=functional_recovery_hungarian global_hash=4920e8bc2d1b6065571fd2c3765ebb44a7ca9e0c3c7d19bd810b92948aac5624
ROUND fedrad round=56 clients=[32, 41, 20, 75, 69, 62, 74, 38, 80, 58] diagnostic_accuracy=47.6700% Gamma=0.000000 gate_passed=True fallback=functional_recovery_hungarian global_hash=3c2b4dc9b820effe6d7c01b5acc2b8a7ec6e6a6c22e6b878d6a5a3294a79d1d1
ROUND fedrad round=57 clients=[89, 0, 84, 16, 97, 67, 41, 38, 59, 60] diagnostic_accuracy=49.9900% Gamma=0.000000 gate_passed=True fallback=functional_recovery_hungarian global_hash=9f8a356e8624235b7e40109baa67844fb684b5e82089772819dadf424e56a0f2
ROUND fedrad round=58 clients=[59, 21, 34, 35, 95, 41, 9, 12, 47, 42] diagnostic_accuracy=53.4100% Gamma=0.000000 gate_passed=True fallback=functional_recovery_hungarian global_hash=947c92fc385aef5134c3912fb9bf4dac44311fbde35c9b83fd327579fd0362e6
ROUND fedrad round=59 clients=[88, 78, 75, 43, 57, 63, 34, 79, 17, 93] diagnostic_accuracy=53.0500% Gamma=0.000000 gate_passed=True fallback=functional_recovery_hungarian global_hash=73ab1cee406ad7e69f434d8e99a2dd7cb80596e48ae2f65f726199a6d6d96d68
ROUND fedrad round=60 clients=[76, 35, 9, 75, 32, 97, 53, 72, 27, 91] diagnostic_accuracy=51.8500% Gamma=0.000000 gate_passed=True fallback=functional_recovery_hungarian global_hash=ae874e8c3efbe3f42a7b4ce100e7d88c11e5efa52ee11b804a14efa8f2a55fb2
ROUND fedrad round=61 clients=[60, 14, 9, 43, 15, 68, 7, 44, 65, 89] diagnostic_accuracy=60.8900% Gamma=0.000000 gate_passed=True fallback=functional_recovery_hungarian global_hash=b7dcbb051b7bc1fa0d86aac0581bbdab13172a593bf2a0a7ecd5dde4cbdba3c3
ROUND fedrad round=62 clients=[56, 67, 28, 93, 30, 71, 78, 48, 25, 19] diagnostic_accuracy=59.8100% Gamma=0.000000 gate_passed=True fallback=functional_recovery_hungarian global_hash=ca7cf799bb009b4de92410af011b8cc1b3b1a520e7ddb02b6973b9720eb98f83
ROUND fedrad round=63 clients=[61, 18, 63, 89, 0, 99, 42, 76, 81, 9] diagnostic_accuracy=54.5800% Gamma=0.000000 gate_passed=True fallback=functional_recovery_hungarian global_hash=fcfbdecd0b11cf943109118c6baa5e66c7b27b94017b064590f2d971d022f6c6
ROUND fedrad round=64 clients=[14, 22, 8, 93, 29, 90, 73, 28, 57, 58] diagnostic_accuracy=59.0400% Gamma=0.000000 gate_passed=True fallback=functional_recovery_hungarian global_hash=f13e232e1c8144dc42d50f3f6d1676743ca89ea813519f16c39fa95cf3b782f6
ROUND fedrad round=65 clients=[16, 90, 78, 23, 55, 61, 31, 0, 11, 82] diagnostic_accuracy=60.9400% Gamma=0.000000 gate_passed=True fallback=functional_recovery_hungarian global_hash=ab1820910f3b0c7910d2c6c2b2d2b5d7b6b242b477aee00eebc263ad6208a322
ROUND fedrad round=66 clients=[28, 65, 16, 72, 11, 36, 19, 51, 81, 53] diagnostic_accuracy=60.0400% Gamma=0.000000 gate_passed=True fallback=functional_recovery_hungarian global_hash=323142962df68703fb9aa3bcc686ae96d4a41e709b42c06af54dec87de60cf1e
ROUND fedrad round=67 clients=[53, 63, 96, 28, 78, 90, 58, 73, 34, 4] diagnostic_accuracy=57.9100% Gamma=0.000000 gate_passed=True fallback=functional_recovery_hungarian global_hash=b4ddab9cd917e808da0a5e23087fd08fcf7312f0895e0640b8caa7b4f6ab596c
ROUND fedrad round=68 clients=[38, 57, 22, 41, 70, 39, 10, 5, 17, 32] diagnostic_accuracy=58.8700% Gamma=0.000000 gate_passed=True fallback=functional_recovery_hungarian global_hash=0a2365f5d6ce38540a132ce08f8ad6a42f333d2ef5f3077f63136fe77164b21b
ROUND fedrad round=69 clients=[60, 67, 48, 59, 46, 94, 22, 29, 53, 97] diagnostic_accuracy=61.8000% Gamma=0.000000 gate_passed=True fallback=functional_recovery_hungarian global_hash=a542daf6397aaf2749d71bddd5296e17ca4c1d439f25d292ee2e62959590492c
ROUND fedrad round=70 clients=[61, 33, 76, 48, 37, 54, 38, 13, 8, 39] diagnostic_accuracy=50.3200% Gamma=0.000000 gate_passed=True fallback=functional_recovery_hungarian global_hash=25aa06fd98225a9c0960f0cd67f19e7d878b004f96949ea886e1f5642550dbc7
ROUND fedrad round=71 clients=[31, 88, 91, 25, 50, 95, 67, 45, 80, 70] diagnostic_accuracy=58.9900% Gamma=0.000000 gate_passed=True fallback=functional_recovery_hungarian global_hash=427028fc89d66f4a55f4109b4fa2942bef0ca291f05983fff90b48f150aa0b54
ROUND fedrad round=72 clients=[3, 23, 17, 94, 61, 43, 63, 91, 37, 84] diagnostic_accuracy=46.5000% Gamma=0.000000 gate_passed=True fallback=functional_recovery_hungarian global_hash=7526a0292d97195e0461ae95b79e8e008eb857bcce5da91c1450541df7b17616
ROUND fedrad round=73 clients=[11, 73, 78, 47, 45, 83, 36, 75, 91, 57] diagnostic_accuracy=60.9100% Gamma=0.000000 gate_passed=True fallback=functional_recovery_hungarian global_hash=fb29354c1bb9975970b09bd4748acd652c49df04db81428ca285e9019d7faa4c
ROUND fedrad round=74 clients=[46, 54, 66, 62, 96, 49, 24, 75, 60, 52] diagnostic_accuracy=55.5200% Gamma=0.000000 gate_passed=True fallback=functional_recovery_hungarian global_hash=89586eadfaad222bc3b1c5b7ca17096ff6bd0750404736ee2ba802de3d7402b6
ROUND fedrad round=75 clients=[75, 51, 39, 89, 14, 54, 41, 30, 24, 80] diagnostic_accuracy=54.1600% Gamma=0.000000 gate_passed=True fallback=functional_recovery_hungarian global_hash=bf52824021bf9ac7ea600107beb85f5416544e59560f04cf279d6ede89db26dc
ROUND fedrad round=76 clients=[67, 90, 45, 78, 32, 86, 50, 55, 33, 60] diagnostic_accuracy=62.5100% Gamma=0.000000 gate_passed=True fallback=functional_recovery_hungarian global_hash=c016593bdd2960f67688044108524a5b33573154e151e02fef269a1254b6643d
ROUND fedrad round=77 clients=[4, 16, 51, 33, 89, 30, 13, 77, 43, 85] diagnostic_accuracy=61.5000% Gamma=0.000000 gate_passed=True fallback=functional_recovery_hungarian global_hash=1f16fd07f7ada3b10a867704c8d9bce33b325aed689d39d4117f84b275f559d7
ROUND fedrad round=78 clients=[97, 76, 96, 72, 42, 17, 33, 51, 24, 36] diagnostic_accuracy=61.7000% Gamma=0.000000 gate_passed=True fallback=functional_recovery_hungarian global_hash=7726d98022d5e1e7a3c4b810559d651e467316c111202fa05bb2568b6c4e090c
ROUND fedrad round=79 clients=[22, 47, 61, 27, 50, 96, 89, 97, 85, 30] diagnostic_accuracy=62.1500% Gamma=0.000000 gate_passed=True fallback=functional_recovery_hungarian global_hash=f12dad8bff34590abb9e14c1c29c0bdc8ebb3b5771db5af196afaa016d343ba8
ROUND fedrad round=80 clients=[44, 70, 23, 38, 74, 21, 82, 4, 88, 98] diagnostic_accuracy=56.8800% Gamma=0.000000 gate_passed=True fallback=functional_recovery_hungarian global_hash=ade709b802f380c7d706fa5e5134fd2a7d5a83d8c88ceb6aed6bc2e798b14657
ROUND fedrad round=81 clients=[90, 72, 65, 50, 85, 56, 4, 80, 31, 17] diagnostic_accuracy=57.6800% Gamma=0.000000 gate_passed=True fallback=functional_recovery_hungarian global_hash=74ceffd51427b1652a7305cc5a56108f672c445de1b2b08a071866ab7a885c76
ROUND fedrad round=82 clients=[61, 40, 41, 34, 97, 51, 50, 13, 22, 8] diagnostic_accuracy=59.8100% Gamma=0.000000 gate_passed=True fallback=functional_recovery_hungarian global_hash=121eac4320c20f8685f676a9b3e514b29a7026cefe5dd77a81ebf262f5863f97
ROUND fedrad round=83 clients=[87, 54, 63, 83, 96, 26, 0, 59, 69, 14] diagnostic_accuracy=61.8000% Gamma=0.000000 gate_passed=True fallback=functional_recovery_hungarian global_hash=d903eebdb5c53f3ff82669c94edbbfc179d5a952cf11545a6462755a1dc37b60
ROUND fedrad round=84 clients=[58, 47, 83, 36, 8, 2, 56, 49, 10, 38] diagnostic_accuracy=53.9100% Gamma=0.000000 gate_passed=True fallback=functional_recovery_hungarian global_hash=e9e0eb5ed04f6d54cf8f7e513c5b3693a34ee9d44bffe3535ec256cd3da1dd96
ROUND fedrad round=85 clients=[89, 90, 81, 54, 59, 4, 53, 47, 52, 19] diagnostic_accuracy=65.5200% Gamma=0.000000 gate_passed=True fallback=functional_recovery_hungarian global_hash=0a9e27d81f3544c86f61805d7c7e9f6093149c1e35c6ed833be3a0e1c913ad5d
ROUND fedrad round=86 clients=[24, 13, 81, 73, 19, 55, 40, 76, 57, 96] diagnostic_accuracy=61.2900% Gamma=0.000000 gate_passed=True fallback=functional_recovery_hungarian global_hash=2b757479cbdbe2d8e3ac01e1d79a637ccb39aaddb0cbc6ef27ee2ddb4838e61e
ROUND fedrad round=87 clients=[31, 75, 94, 20, 87, 26, 29, 70, 2, 50] diagnostic_accuracy=56.2300% Gamma=0.000000 gate_passed=True fallback=functional_recovery_hungarian global_hash=f755f5367a6d425f5b9bf04ab00aa68ca84ca271f0fa5148ca4d3b4fe6cda57b
ROUND fedrad round=88 clients=[0, 9, 46, 37, 72, 83, 73, 16, 55, 27] diagnostic_accuracy=56.6500% Gamma=0.000000 gate_passed=True fallback=functional_recovery_hungarian global_hash=519a216bd5cf85ce1522a6699802d89a3220fece2c98f82c94e01a447711a648
ROUND fedrad round=89 clients=[80, 29, 9, 50, 26, 81, 48, 82, 37, 15] diagnostic_accuracy=53.7900% Gamma=0.000000 gate_passed=True fallback=functional_recovery_hungarian global_hash=712fe29e410e0a7ea12fc30d1eb5ac8d905b9808b33de9f5bf715003b047c63e
ROUND fedrad round=90 clients=[82, 6, 87, 74, 29, 50, 62, 67, 12, 83] diagnostic_accuracy=68.9800% Gamma=0.000000 gate_passed=True fallback=functional_recovery_hungarian global_hash=9acf8ef475ea3029b3375c24ad5eafb2e900034a6a77f0f0abc8f5f75f4c4f76
ROUND fedrad round=91 clients=[36, 75, 89, 43, 12, 21, 95, 72, 24, 63] diagnostic_accuracy=54.7700% Gamma=0.000000 gate_passed=True fallback=functional_recovery_hungarian global_hash=830c5f5cf5b04840587b6f33c682f2bc187d0507ca05b4e6ad90b3e5395d66b2
ROUND fedrad round=92 clients=[34, 15, 31, 94, 46, 70, 19, 80, 6, 88] diagnostic_accuracy=60.9800% Gamma=0.000000 gate_passed=True fallback=functional_recovery_hungarian global_hash=081853ea983466b02276eec0ff79285b7516eae76eb4e2645dd58fcb814920f4
ROUND fedrad round=93 clients=[70, 92, 72, 77, 23, 53, 1, 12, 97, 93] diagnostic_accuracy=57.7100% Gamma=0.000000 gate_passed=True fallback=functional_recovery_hungarian global_hash=bad45a03ae31feace2d0c391b120c644680c5448ffa586cbee2d00acaec90a0e
ROUND fedrad round=94 clients=[13, 38, 36, 14, 57, 77, 66, 73, 3, 0] diagnostic_accuracy=56.3200% Gamma=0.000000 gate_passed=True fallback=functional_recovery_hungarian global_hash=726ff9f03ec04d366aaf7b19da0e24fe292d66035addc35d1f5efb04e8f584c2
ROUND fedrad round=95 clients=[13, 19, 10, 24, 76, 57, 88, 23, 61, 31] diagnostic_accuracy=58.4300% Gamma=0.000000 gate_passed=True fallback=functional_recovery_hungarian global_hash=02838e976d041e83ea82bba9f6f78cd4894e6fdc508763ce50385757a96fd5b9
ROUND fedrad round=96 clients=[18, 45, 94, 24, 56, 67, 10, 14, 13, 9] diagnostic_accuracy=66.5000% Gamma=0.000000 gate_passed=True fallback=functional_recovery_hungarian global_hash=4640830163655b39f1fafb8bb7568132be4d215fa7afadd599aa6cb36df0fb58
ROUND fedrad round=97 clients=[13, 48, 73, 93, 70, 1, 43, 77, 76, 88] diagnostic_accuracy=57.3800% Gamma=0.000000 gate_passed=True fallback=functional_recovery_hungarian global_hash=16882a5445d649fc09dc9ac56f6835ab5ff8631a1253055f1bf03282fb204124
ROUND fedrad round=98 clients=[21, 45, 83, 68, 75, 65, 96, 1, 77, 73] diagnostic_accuracy=65.7200% Gamma=0.000000 gate_passed=True fallback=functional_recovery_hungarian global_hash=1d234805064c3ae78ee47e60bc843902e05e2f385f38b5112cbba213916308eb
ROUND fedrad round=99 clients=[81, 84, 60, 18, 45, 47, 94, 83, 76, 22] diagnostic_accuracy=58.8000% Gamma=0.000000 gate_passed=True fallback=functional_recovery_hungarian global_hash=aa36b312957f817e6823a69f78b0cecd952db78ecd41c06dfa626f97ad242214
ROUND fedrad round=100 clients=[21, 69, 47, 34, 65, 81, 93, 44, 30, 84] diagnostic_accuracy=58.6400% Gamma=0.000000 gate_passed=True fallback=functional_recovery_hungarian global_hash=a3d23e8a2485cc1711ea91ad95c40f5cdb9fc817f13f87e881655294430c49be
ROUND fedrad round=101 clients=[22, 38, 77, 15, 11, 61, 37, 34, 87, 3] diagnostic_accuracy=64.0900% Gamma=0.000000 gate_passed=True fallback=functional_recovery_hungarian global_hash=180151cd575adb4489d04d0e00d5db915a99ea0bf46444044ce405403fd01e8f
ROUND fedrad round=102 clients=[96, 9, 26, 58, 69, 44, 13, 93, 61, 43] diagnostic_accuracy=59.8100% Gamma=0.000000 gate_passed=True fallback=functional_recovery_hungarian global_hash=bb3444ed1ab8d43275bfd9a00216ffef474e4b359929299d734d6ba2dec9497f
ROUND fedrad round=103 clients=[13, 34, 27, 16, 72, 98, 14, 19, 9, 46] diagnostic_accuracy=56.3500% Gamma=0.000000 gate_passed=True fallback=functional_recovery_hungarian global_hash=58beae7fc0b96fb06f78d6be8154930a8f9758ce7e6648663cd45a38ad1c6cee
ROUND fedrad round=104 clients=[29, 72, 81, 80, 68, 85, 14, 0, 93, 52] diagnostic_accuracy=67.0400% Gamma=0.000000 gate_passed=True fallback=functional_recovery_hungarian global_hash=d6cea5a50222dcef19c8e17305ebe554de3cb55e431e83a83836a627f07df401
ROUND fedrad round=105 clients=[17, 69, 35, 86, 83, 84, 23, 56, 89, 60] diagnostic_accuracy=63.0900% Gamma=0.000000 gate_passed=True fallback=functional_recovery_hungarian global_hash=448cac0cc04d47e6161972605f486f58010aba5b32004eeddbf658325083db97
ROUND fedrad round=106 clients=[94, 79, 36, 8, 19, 16, 13, 30, 25, 3] diagnostic_accuracy=55.7800% Gamma=0.000000 gate_passed=True fallback=functional_recovery_hungarian global_hash=e4711de1d59b9c636b7b53b7001ad82877c0f4053881d38debffe42586857947
ROUND fedrad round=107 clients=[45, 82, 32, 52, 17, 96, 6, 57, 67, 74] diagnostic_accuracy=61.5100% Gamma=0.000000 gate_passed=True fallback=functional_recovery_hungarian global_hash=7a116ea12d5d150255cecaa0269af9788995e6a333f7cb155b9e06fa099c9458
ROUND fedrad round=108 clients=[61, 20, 59, 99, 39, 42, 73, 53, 45, 8] diagnostic_accuracy=69.4600% Gamma=0.000000 gate_passed=True fallback=functional_recovery_hungarian global_hash=cca4100b0c120d24e3123623b7239bbc62ed3b6f59992b8d25997d8d5ef4bf45
ROUND fedrad round=109 clients=[60, 38, 5, 54, 66, 33, 80, 83, 9, 4] diagnostic_accuracy=60.5800% Gamma=0.000000 gate_passed=True fallback=functional_recovery_hungarian global_hash=9425a3070ca63cc897a7e467f75282d956c12823756e4ab5d99b13e1122cba9e
ROUND fedrad round=110 clients=[39, 44, 62, 4, 42, 25, 0, 45, 29, 93] diagnostic_accuracy=69.6900% Gamma=0.000000 gate_passed=True fallback=functional_recovery_hungarian global_hash=46b5d8ee063ebc48f9b639e2033ffba230846ae3bdb1093699f7eee971646cf5
ROUND fedrad round=111 clients=[96, 54, 19, 97, 92, 31, 81, 2, 24, 9] diagnostic_accuracy=69.9000% Gamma=0.000000 gate_passed=True fallback=functional_recovery_hungarian global_hash=0b2308a3732966cdd70e8c4d50e158cac7d6f660f0872ee8bc0a113119c686d7
ROUND fedrad round=112 clients=[9, 19, 7, 49, 45, 35, 80, 85, 40, 89] diagnostic_accuracy=66.7500% Gamma=0.000000 gate_passed=True fallback=functional_recovery_hungarian global_hash=ed4a9d0d1019364ebdbdcb7a9665d2d6d45b0ffbc8ebcfea10b701afb048180b
ROUND fedrad round=113 clients=[73, 66, 18, 74, 33, 2, 87, 29, 98, 91] diagnostic_accuracy=62.0200% Gamma=0.000000 gate_passed=True fallback=functional_recovery_hungarian global_hash=a078436a861935f724b4f862e6d99856d94bc07fae0266f1a3745106609cf0b9
ROUND fedrad round=114 clients=[40, 31, 27, 50, 71, 81, 99, 97, 73, 49] diagnostic_accuracy=57.0800% Gamma=0.000000 gate_passed=True fallback=functional_recovery_hungarian global_hash=461b5ed7fd0bc6a666c0ebf4609c930c01a4248fe5ed4d091189d46dd08cd93b
ROUND fedrad round=115 clients=[61, 64, 42, 88, 27, 95, 92, 50, 45, 85] diagnostic_accuracy=65.6000% Gamma=0.000000 gate_passed=True fallback=functional_recovery_hungarian global_hash=8a90166fd2edafd6bd34d282155503349a529ba6061e75dc1a547d74c0dc53e0
ROUND fedrad round=116 clients=[27, 8, 49, 32, 15, 35, 70, 59, 31, 30] diagnostic_accuracy=60.2100% Gamma=0.000000 gate_passed=True fallback=functional_recovery_hungarian global_hash=859427554b5efb531c15d89873d07e2401ec3f2458b9230310581183fc4dfece
ROUND fedrad round=117 clients=[69, 35, 52, 51, 26, 15, 76, 48, 98, 12] diagnostic_accuracy=64.3100% Gamma=0.000000 gate_passed=True fallback=functional_recovery_hungarian global_hash=8e9921800f8fdebf3d4ed750d85d1523e4d2a30d4f4ffa76c19aae06c3bcbdd3
ROUND fedrad round=118 clients=[46, 57, 0, 86, 26, 80, 73, 20, 63, 98] diagnostic_accuracy=65.2700% Gamma=0.000000 gate_passed=True fallback=functional_recovery_hungarian global_hash=97845e1727b8a836200a2b5d6053bd05ef6981073cd781bc536f0438689a6ae3
ROUND fedrad round=119 clients=[81, 6, 64, 84, 20, 2, 8, 4, 66, 92] diagnostic_accuracy=62.8200% Gamma=0.000000 gate_passed=True fallback=functional_recovery_hungarian global_hash=8f4bd8e43c32de1ee256ab5eb71b4357585372604861e45303db7d2d89ab92f5
ROUND fedrad round=120 clients=[61, 34, 64, 11, 96, 18, 82, 52, 72, 92] diagnostic_accuracy=66.9200% Gamma=0.000000 gate_passed=True fallback=functional_recovery_hungarian global_hash=94c902dbcc2f197c96a6f74ccf45474bacb7de215bd09beb55f401008f72058b
ROUND fedrad round=121 clients=[93, 68, 94, 13, 36, 11, 5, 1, 40, 7] diagnostic_accuracy=68.9800% Gamma=0.000000 gate_passed=True fallback=functional_recovery_hungarian global_hash=0d7f04bd5b07e5b99d2d91512c1aad501482913e65376941ef1a87cd2bea5fe6
ROUND fedrad round=122 clients=[73, 64, 37, 69, 31, 48, 77, 41, 53, 75] diagnostic_accuracy=61.2600% Gamma=0.000000 gate_passed=True fallback=functional_recovery_hungarian global_hash=8221221e58b0978c509d0a5feabd5b5f41f2d444b0429145554cce2c7da585fb
ROUND fedrad round=123 clients=[46, 43, 84, 11, 66, 92, 16, 19, 96, 37] diagnostic_accuracy=57.3900% Gamma=0.000000 gate_passed=True fallback=functional_recovery_hungarian global_hash=9c4810a7e5024ae8882346a12d6cc27fbe25b27a6547a813521e5c75a539dac0
ROUND fedrad round=124 clients=[43, 96, 9, 0, 74, 19, 1, 23, 38, 66] diagnostic_accuracy=64.9900% Gamma=0.000000 gate_passed=True fallback=functional_recovery_hungarian global_hash=945e1e24d5453c20381460f031317f0c5b947309da33f8eafc8738b346705fc6
ROUND fedrad round=125 clients=[27, 62, 32, 10, 22, 72, 64, 25, 86, 60] diagnostic_accuracy=61.9800% Gamma=0.000000 gate_passed=True fallback=functional_recovery_hungarian global_hash=b6d15b3f842d7b8749961843a0acd60dd8f023c527bc196d30202f214bf64c77
ROUND fedrad round=126 clients=[84, 7, 64, 76, 15, 46, 27, 47, 40, 69] diagnostic_accuracy=64.2800% Gamma=0.000000 gate_passed=True fallback=functional_recovery_hungarian global_hash=21e89bec50fef1567bf6c36c9c5b6bd328feb07d543637552501a683abdd4a36
ROUND fedrad round=127 clients=[75, 97, 79, 87, 11, 7, 37, 92, 41, 12] diagnostic_accuracy=65.5200% Gamma=0.000000 gate_passed=True fallback=functional_recovery_hungarian global_hash=777b316e65298ca0ed6b99b6c7e688e95e57a4c7620cf4a9381a9c2138a93603
ROUND fedrad round=128 clients=[78, 4, 17, 21, 76, 74, 19, 61, 45, 86] diagnostic_accuracy=72.1400% Gamma=0.000000 gate_passed=True fallback=functional_recovery_hungarian global_hash=37329a92a3e9ab36c1476f91ee67de4b4227388189e9e5d3a4e9e45f7b3e9741
ROUND fedrad round=129 clients=[23, 41, 75, 36, 26, 49, 95, 16, 93, 72] diagnostic_accuracy=59.2700% Gamma=0.000000 gate_passed=True fallback=functional_recovery_hungarian global_hash=2cfdd1ba4043975081438037e11882af420c6d0738e71a5533880afdb02f928d
ROUND fedrad round=130 clients=[59, 53, 65, 8, 68, 35, 13, 55, 23, 97] diagnostic_accuracy=66.9800% Gamma=0.000000 gate_passed=True fallback=functional_recovery_hungarian global_hash=0f36264c9cadfe0dc27fde63d38d41dafd78b48b12c0f8d607d8a7ec492b791b
ROUND fedrad round=131 clients=[74, 98, 22, 45, 97, 87, 92, 71, 47, 79] diagnostic_accuracy=68.4200% Gamma=0.000000 gate_passed=True fallback=functional_recovery_hungarian global_hash=ea409f38e234ffab74c5bc10c288da8017f27071f235245f19cd8dd83fb809b3
ROUND fedrad round=132 clients=[35, 70, 59, 49, 36, 91, 82, 50, 26, 72] diagnostic_accuracy=51.9900% Gamma=0.000000 gate_passed=True fallback=functional_recovery_hungarian global_hash=a87fa52befef360249bf2e893480215aac1e8161f5bab1b7d8f0c6fa2c40e592
ROUND fedrad round=133 clients=[22, 83, 75, 29, 66, 48, 12, 10, 86, 1] diagnostic_accuracy=63.4200% Gamma=0.000000 gate_passed=True fallback=functional_recovery_hungarian global_hash=b0d9aa9d2c872ee197f601017402476b21c78ce952e3339237ffb9ecb5d08fa4
ROUND fedrad round=134 clients=[76, 33, 40, 59, 65, 63, 73, 36, 99, 82] diagnostic_accuracy=68.4000% Gamma=0.000000 gate_passed=True fallback=functional_recovery_hungarian global_hash=eb0b994aa1782165cbd080551a826b5be28f4c770c86d0c2c4b1d3ea445009ad
ROUND fedrad round=135 clients=[85, 88, 54, 40, 70, 67, 86, 38, 58, 42] diagnostic_accuracy=73.4200% Gamma=0.000000 gate_passed=True fallback=functional_recovery_hungarian global_hash=4974961fd31cbc1268b1c8b11598417d9305490520c5e76473fe1fb737d58cc0
ROUND fedrad round=136 clients=[89, 56, 12, 90, 94, 86, 19, 78, 92, 59] diagnostic_accuracy=69.9200% Gamma=0.000000 gate_passed=True fallback=functional_recovery_hungarian global_hash=64b1cfe9dd9e21017a49e9169a1930c4f3d44a94add4d93ac832cad41ef3f66d
ROUND fedrad round=137 clients=[7, 94, 69, 44, 50, 26, 75, 24, 33, 18] diagnostic_accuracy=63.9200% Gamma=0.000000 gate_passed=True fallback=functional_recovery_hungarian global_hash=9ba8834212771d6b9d1c1e70e0fda1fd38a5d27f3ddd9ac7940589454c438b28
ROUND fedrad round=138 clients=[89, 75, 84, 93, 35, 71, 19, 63, 59, 94] diagnostic_accuracy=61.0600% Gamma=0.000000 gate_passed=True fallback=functional_recovery_hungarian global_hash=78340a0107af252cc7c0bdc629df8648fabbfd50d9b3564b17edc1f3435117c4
ROUND fedrad round=139 clients=[54, 66, 17, 43, 53, 40, 76, 1, 4, 81] diagnostic_accuracy=70.8700% Gamma=0.000000 gate_passed=True fallback=functional_recovery_hungarian global_hash=3500541d62edbbafee21e588b3d6ea7d9d95e75f8441051b7a0c354d5b1a72c4
ROUND fedrad round=140 clients=[52, 51, 97, 7, 41, 61, 29, 88, 49, 26] diagnostic_accuracy=67.7800% Gamma=0.000000 gate_passed=True fallback=functional_recovery_hungarian global_hash=648e7014e8726aba36ed3dfea98181fc5cd1e24e5a42223fb8d9039343563c92
ROUND fedrad round=141 clients=[21, 47, 20, 59, 85, 2, 99, 70, 54, 50] diagnostic_accuracy=66.1700% Gamma=0.000000 gate_passed=True fallback=functional_recovery_hungarian global_hash=94175c0bfe56b1f937de58e77c3b3a1192c6beaa33cfb387e3fb4062954bf07b
ROUND fedrad round=142 clients=[65, 98, 79, 6, 58, 92, 19, 37, 33, 75] diagnostic_accuracy=66.8100% Gamma=0.000000 gate_passed=True fallback=functional_recovery_hungarian global_hash=b5a1f6348a3fbd78e33a3397bd42e096842ab9f746ef882b387ef7c241da754e
ROUND fedrad round=143 clients=[44, 84, 56, 0, 69, 15, 66, 78, 42, 95] diagnostic_accuracy=56.9800% Gamma=0.000000 gate_passed=True fallback=functional_recovery_hungarian global_hash=4becf5683dc24001ccec86969fa60ac21d3b92fae7e2c86f010251d5935d9e16
ROUND fedrad round=144 clients=[36, 20, 53, 26, 80, 67, 25, 37, 39, 10] diagnostic_accuracy=62.4100% Gamma=0.000000 gate_passed=True fallback=functional_recovery_hungarian global_hash=8a527a6f7c822a1aa4d013d333e2142c4edd8fa20cb947930d31224c0bae02a9
ROUND fedrad round=145 clients=[54, 62, 65, 69, 82, 46, 64, 70, 59, 11] diagnostic_accuracy=68.8200% Gamma=0.000000 gate_passed=True fallback=functional_recovery_hungarian global_hash=fa380d528d6b55b52fda296d2711dcd7db23229e0c44774b78c7549a0b4fea5f
ROUND fedrad round=146 clients=[78, 89, 64, 25, 85, 9, 57, 41, 97, 45] diagnostic_accuracy=68.4000% Gamma=0.000000 gate_passed=True fallback=functional_recovery_hungarian global_hash=71541f9e73077590bf42f30b2a3afadbc0e4b28330ed0346902f543850c3e35a
ROUND fedrad round=147 clients=[32, 8, 70, 41, 12, 19, 88, 20, 98, 33] diagnostic_accuracy=58.3200% Gamma=0.000000 gate_passed=True fallback=functional_recovery_hungarian global_hash=8e1b97c9188ccb3f8be60e3c40e85b2a9c0704e4c36f0e017175830553adedcf
ROUND fedrad round=148 clients=[50, 29, 81, 33, 44, 69, 2, 68, 93, 85] diagnostic_accuracy=68.9200% Gamma=0.000000 gate_passed=True fallback=functional_recovery_hungarian global_hash=f2d01f4f1fdf6f792a0d11db4446d07279e720492af2b1f005037ab62e86d72e
ROUND fedrad round=149 clients=[5, 84, 70, 73, 31, 62, 69, 13, 86, 74] diagnostic_accuracy=42.2700% Gamma=0.000000 gate_passed=True fallback=functional_recovery_hungarian global_hash=6b8f3565673f534fdbff86ac597864bba38ec1494284c7c333dc2810dc4dd309
ROUND fedrad round=150 clients=[69, 9, 41, 83, 76, 63, 34, 67, 36, 87] diagnostic_accuracy=66.3700% Gamma=0.000000 gate_passed=True fallback=functional_recovery_hungarian global_hash=05651a5c6628c2f5a18b4189ade235155c2768b95e4b5c489d74c376aa4c4a60
ROUND fedrad round=151 clients=[40, 77, 95, 52, 25, 38, 46, 47, 93, 88] diagnostic_accuracy=62.6900% Gamma=0.000000 gate_passed=True fallback=functional_recovery_hungarian global_hash=4d1928c153317c56c2dc1bfa941ca0b60b0481dbfd27ccadfeab639af6a55e05
ROUND fedrad round=152 clients=[14, 22, 87, 6, 15, 36, 37, 44, 48, 38] diagnostic_accuracy=64.7600% Gamma=0.000000 gate_passed=True fallback=functional_recovery_hungarian global_hash=f3f816998d1c58d802c21ccd721a3dcb2b7a7e1b03ddbf0fa93c8c17f981d6cb
ROUND fedrad round=153 clients=[14, 66, 74, 62, 49, 45, 18, 79, 15, 68] diagnostic_accuracy=70.7700% Gamma=0.000000 gate_passed=True fallback=functional_recovery_hungarian global_hash=3c5a9f0a9c8f36a90768723421623d8b8a746f28c1c6e28e718de83cd310d9cf
ROUND fedrad round=154 clients=[92, 32, 77, 87, 27, 13, 14, 47, 22, 73] diagnostic_accuracy=63.4500% Gamma=0.000000 gate_passed=True fallback=functional_recovery_hungarian global_hash=35bef0eea95259a6d8533c1aa2d021add5b129a2d0db632e1b5f311e971d4e56
ROUND fedrad round=155 clients=[60, 31, 44, 3, 84, 25, 98, 73, 52, 82] diagnostic_accuracy=47.4700% Gamma=0.000000 gate_passed=True fallback=functional_recovery_hungarian global_hash=5a06957e2f0b0be04319c6f8d381d1085dba905aa5d83f8aca504e44a75c073a
ROUND fedrad round=156 clients=[66, 38, 74, 49, 46, 45, 12, 0, 81, 23] diagnostic_accuracy=65.0900% Gamma=0.000000 gate_passed=True fallback=functional_recovery_hungarian global_hash=7d6cd7fc8bc0fa21da3de951456436270d4c5af97c477dd96acb36e0ed7e17b3
ROUND fedrad round=157 clients=[6, 14, 56, 8, 37, 71, 68, 53, 88, 65] diagnostic_accuracy=68.2300% Gamma=0.000000 gate_passed=True fallback=functional_recovery_hungarian global_hash=7e20cf875db2e4b5f7d8f35f50d1abe132e7d0e8d50a7c60efcca5e56f488f22
ROUND fedrad round=158 clients=[76, 40, 68, 38, 91, 92, 18, 11, 69, 94] diagnostic_accuracy=71.4400% Gamma=0.000000 gate_passed=True fallback=functional_recovery_hungarian global_hash=843281fe934ee3ec4f32bec9e140ac8996f7f9b6fc808bc9aec58052fab5d395
ROUND fedrad round=159 clients=[0, 23, 91, 83, 98, 64, 90, 32, 84, 36] diagnostic_accuracy=63.0300% Gamma=0.000000 gate_passed=True fallback=functional_recovery_hungarian global_hash=2578301ad0fe6c1e0cea8069654ffe3da6080fddc8a7a59a9d17f7ad4138f420
ROUND fedrad round=160 clients=[15, 9, 95, 71, 80, 49, 39, 81, 30, 8] diagnostic_accuracy=71.9600% Gamma=0.000000 gate_passed=True fallback=functional_recovery_hungarian global_hash=685962324597d8edaed018a2fc907e762c93c2e19baad271fdf8247473408198
ROUND fedrad round=161 clients=[29, 87, 67, 36, 35, 96, 15, 61, 24, 62] diagnostic_accuracy=62.8100% Gamma=0.000000 gate_passed=True fallback=functional_recovery_hungarian global_hash=20b570220afab196fe40a4877f7d367a67b0883e4e6249542285f7163f54e8a7
ROUND fedrad round=162 clients=[13, 58, 87, 52, 50, 60, 3, 19, 35, 0] diagnostic_accuracy=62.1700% Gamma=0.000000 gate_passed=True fallback=functional_recovery_hungarian global_hash=ee631ff1878c234cdfba09e145f511e7e16390017ebed0a75737ac3dacb4926c
ROUND fedrad round=163 clients=[55, 46, 66, 67, 73, 12, 51, 1, 57, 90] diagnostic_accuracy=71.5100% Gamma=0.000000 gate_passed=True fallback=functional_recovery_hungarian global_hash=dbb9b960f6aead0b6d1a0741eb1e686bf566c48a508a384fc8fa57003e8779bf
ROUND fedrad round=164 clients=[40, 72, 92, 86, 89, 90, 16, 98, 73, 58] diagnostic_accuracy=73.1600% Gamma=0.000000 gate_passed=True fallback=functional_recovery_hungarian global_hash=dffccf47333503d9e3d8bda1d51bd0cdb1d3ad2430af266dcc97356b291a0fa3
ROUND fedrad round=165 clients=[0, 58, 47, 44, 94, 66, 4, 7, 27, 2] diagnostic_accuracy=68.6700% Gamma=0.000000 gate_passed=True fallback=functional_recovery_hungarian global_hash=c975e1dd8f2ac9bf263b523b7d4d44d9b383ebd5cb7e2b1fa6a418b28edeab84
ROUND fedrad round=166 clients=[58, 87, 14, 78, 40, 83, 73, 18, 52, 31] diagnostic_accuracy=67.9500% Gamma=0.000000 gate_passed=True fallback=functional_recovery_hungarian global_hash=ad7cf5438fa31de978a7b055a5fb0930d00bcedbf20d10182356e0a175619a82
ROUND fedrad round=167 clients=[99, 22, 62, 86, 5, 20, 9, 51, 7, 54] diagnostic_accuracy=70.2100% Gamma=0.000000 gate_passed=True fallback=functional_recovery_hungarian global_hash=52d1413433cffc76698b78fa9324717e826416df8711289583e773e4bdb6d861
ROUND fedrad round=168 clients=[97, 37, 42, 7, 22, 5, 24, 56, 69, 12] diagnostic_accuracy=67.0800% Gamma=0.000000 gate_passed=True fallback=functional_recovery_hungarian global_hash=fdaa8d520bec5c8ce852de76f7d8742f87cc39f4c9c179c5a924c851b505b5a4
ROUND fedrad round=169 clients=[96, 22, 76, 44, 59, 78, 12, 68, 94, 87] diagnostic_accuracy=68.6300% Gamma=0.000000 gate_passed=True fallback=functional_recovery_hungarian global_hash=a8aed71bbf401952aead5d3927a63db2a609e3166aee3ce1c5654602d69b261f
ROUND fedrad round=170 clients=[45, 7, 65, 19, 95, 16, 35, 23, 83, 88] diagnostic_accuracy=69.0400% Gamma=0.000000 gate_passed=True fallback=functional_recovery_hungarian global_hash=f871fd919e34211cc3ea6952f61bbda75ceb266f37a202b8cec87541fc0a45fa
ROUND fedrad round=171 clients=[12, 91, 4, 90, 47, 66, 33, 9, 61, 84] diagnostic_accuracy=68.3700% Gamma=0.000000 gate_passed=True fallback=functional_recovery_hungarian global_hash=8cffc61e0ff65e8e3b2c9d3ddf905a4a2032eaf60159a0f0438c38d129b5d7c5
ROUND fedrad round=172 clients=[46, 60, 83, 2, 37, 70, 93, 29, 3, 43] diagnostic_accuracy=56.3000% Gamma=0.000000 gate_passed=True fallback=functional_recovery_hungarian global_hash=88dabf9aff7460fb6015fa4c399eef7580f14d0065bafc48918efe3c01b9790e
ROUND fedrad round=173 clients=[27, 45, 49, 4, 31, 62, 9, 95, 69, 72] diagnostic_accuracy=69.5700% Gamma=0.000000 gate_passed=True fallback=functional_recovery_hungarian global_hash=9b889f5217bd175e11d3755f975c482850c977938e332ea3abf327852ab459e7
ROUND fedrad round=174 clients=[27, 28, 1, 92, 55, 48, 74, 7, 99, 62] diagnostic_accuracy=66.6600% Gamma=0.000000 gate_passed=True fallback=functional_recovery_hungarian global_hash=3dec1be70ce55f080f07eb36ae7c87e68a7bb4fa782f7f27efcd0842d7f9a7fb
ROUND fedrad round=175 clients=[24, 0, 9, 11, 31, 45, 58, 35, 69, 21] diagnostic_accuracy=74.0400% Gamma=0.000000 gate_passed=True fallback=functional_recovery_hungarian global_hash=b15df44131b6ce2fa903f59ef43a37e801e4d20592af39639ecbdf02a93ab9bd
ROUND fedrad round=176 clients=[42, 98, 67, 21, 24, 81, 20, 75, 29, 36] diagnostic_accuracy=68.2600% Gamma=0.000000 gate_passed=True fallback=functional_recovery_hungarian global_hash=ebc74ef9121d811d31cd076705883515baefa23be096cfd57771156d452b6f32
ROUND fedrad round=177 clients=[49, 75, 33, 60, 42, 64, 69, 11, 47, 70] diagnostic_accuracy=64.7800% Gamma=0.000000 gate_passed=True fallback=functional_recovery_hungarian global_hash=dd04ccd8753ce753e4c0d9a2712dc4034ffdd3733e9742084aabcbe4a1ea0389
ROUND fedrad round=178 clients=[96, 60, 16, 70, 73, 40, 11, 24, 87, 93] diagnostic_accuracy=66.5600% Gamma=0.000000 gate_passed=True fallback=functional_recovery_hungarian global_hash=6d27d13b06b23c7b8c1fa78f0bde377a81ebd508ac6b7ed0fd27db36e7c2c5a4
ROUND fedrad round=179 clients=[37, 16, 85, 31, 69, 36, 54, 25, 32, 38] diagnostic_accuracy=62.3600% Gamma=0.000000 gate_passed=True fallback=functional_recovery_hungarian global_hash=4f7f20a6016a2743a34c9ab56c89fa3f7fe0a1e8b7e061ab528a3d2c90eac835
ROUND fedrad round=180 clients=[80, 92, 61, 76, 19, 28, 7, 73, 67, 38] diagnostic_accuracy=70.5600% Gamma=0.000000 gate_passed=True fallback=functional_recovery_hungarian global_hash=5d1d4a92134755b6c6fd8c41abf4f545d30aa9a1c927b70f128b737612bbd970
ROUND fedrad round=181 clients=[78, 26, 35, 44, 29, 85, 64, 66, 97, 21] diagnostic_accuracy=66.3100% Gamma=0.000000 gate_passed=True fallback=functional_recovery_hungarian global_hash=b761b41fd8075f041607c9e7569f00d00bcc3158a0e6f5cc42beabf3fe95b791
ROUND fedrad round=182 clients=[78, 73, 10, 52, 54, 24, 44, 70, 99, 90] diagnostic_accuracy=66.2600% Gamma=0.000000 gate_passed=True fallback=functional_recovery_hungarian global_hash=fdc7084d58b09faab8ef6480eb3d97176b43a532d4fe10c4648292e65f5630d7
ROUND fedrad round=183 clients=[96, 38, 1, 4, 36, 19, 77, 52, 41, 49] diagnostic_accuracy=70.7800% Gamma=0.000000 gate_passed=True fallback=functional_recovery_hungarian global_hash=dde0577de47d5865d4a687ec26448ed86ef296ccbb0ba4a9f558dccfc6c9edab
ROUND fedrad round=184 clients=[87, 55, 49, 7, 51, 67, 40, 21, 34, 0] diagnostic_accuracy=73.1600% Gamma=0.000000 gate_passed=True fallback=functional_recovery_hungarian global_hash=da7326716584ec69a702b0a974818a3aace822d7f08726fd8038ea6e891db416
ROUND fedrad round=185 clients=[74, 63, 39, 14, 96, 82, 21, 45, 88, 13] diagnostic_accuracy=67.8900% Gamma=0.000000 gate_passed=True fallback=functional_recovery_hungarian global_hash=0fcf1e0f1f47c1c7f2c345fb7fa63efd6876e97525d35c6ab4fdd4a503d3ddb7
ROUND fedrad round=186 clients=[1, 26, 23, 59, 22, 57, 27, 60, 18, 69] diagnostic_accuracy=65.8000% Gamma=0.000000 gate_passed=True fallback=functional_recovery_hungarian global_hash=097f0aac0764c7f8087263b6ca61e771d121f7c22d0179094e559baa16902730
ROUND fedrad round=187 clients=[34, 87, 43, 64, 27, 92, 78, 55, 68, 7] diagnostic_accuracy=69.9400% Gamma=0.000000 gate_passed=True fallback=functional_recovery_hungarian global_hash=c2aae767547b6a9773d321d58500c2c2651479455bf9a28acf903fb98872db12
ROUND fedrad round=188 clients=[67, 20, 34, 69, 85, 14, 86, 81, 36, 76] diagnostic_accuracy=73.0700% Gamma=0.000000 gate_passed=True fallback=functional_recovery_hungarian global_hash=0399d5a360529e2feae965652f87140fb74da02368960e09e8c87bb57700937b
ROUND fedrad round=189 clients=[57, 7, 53, 49, 74, 65, 76, 29, 78, 80] diagnostic_accuracy=71.4500% Gamma=0.000000 gate_passed=True fallback=functional_recovery_hungarian global_hash=be6458d062c2c4ff7467910fdaf4ca372bc30a5f963f1ab4326322f3a0945422
ROUND fedrad round=190 clients=[71, 25, 7, 77, 39, 51, 87, 5, 45, 11] diagnostic_accuracy=67.6700% Gamma=0.000000 gate_passed=True fallback=functional_recovery_hungarian global_hash=c29c07484b981221888f90f57f821fafabb809448106939e3107f3b01ec914d2
ROUND fedrad round=191 clients=[60, 21, 34, 0, 98, 92, 44, 65, 66, 3] diagnostic_accuracy=69.1300% Gamma=0.000000 gate_passed=True fallback=functional_recovery_hungarian global_hash=e42523c136d9792513cc5ea612fbaf5b2c47843906fc1e2ec06b77f2a57633ac
ROUND fedrad round=192 clients=[36, 59, 66, 20, 0, 16, 86, 71, 90, 56] diagnostic_accuracy=72.8700% Gamma=0.000000 gate_passed=True fallback=functional_recovery_hungarian global_hash=dcb5ac60933e8156847793e0dcc49460216e41a7f755babeb9c046e94a8ce8ba
ROUND fedrad round=193 clients=[19, 22, 51, 45, 91, 26, 14, 83, 15, 67] diagnostic_accuracy=71.4200% Gamma=0.000000 gate_passed=True fallback=functional_recovery_hungarian global_hash=1c7841e9e273f1601ba4285ad6b8ea237ecf0d047385109d345269323d4ddd54
ROUND fedrad round=194 clients=[62, 14, 3, 92, 78, 33, 89, 48, 70, 31] diagnostic_accuracy=68.1300% Gamma=0.000000 gate_passed=True fallback=functional_recovery_hungarian global_hash=60e6a5b117af84b61f328f03048b4811f051245d6be39e624a4a96130afdb816
ROUND fedrad round=195 clients=[37, 10, 88, 63, 53, 68, 2, 52, 26, 59] diagnostic_accuracy=67.4600% Gamma=0.000000 gate_passed=True fallback=functional_recovery_hungarian global_hash=421c61d0ef907b240d4fb651986ba71390616db1490bafbd83bdbb6e659edc8f
ROUND fedrad round=196 clients=[59, 71, 85, 49, 20, 10, 3, 86, 88, 33] diagnostic_accuracy=61.3900% Gamma=0.000000 gate_passed=True fallback=functional_recovery_hungarian global_hash=57a06b4d9e7032065096516fa2d0163d43ae105095142e642ebb2c9bc1c96ae0
ROUND fedrad round=197 clients=[9, 0, 18, 66, 44, 17, 92, 95, 64, 96] diagnostic_accuracy=69.0700% Gamma=0.000000 gate_passed=True fallback=functional_recovery_hungarian global_hash=e083da9f1932207d8a9c057a74496575860ddcfc06449ce307d90004481d4f16
ROUND fedrad round=198 clients=[70, 58, 24, 57, 32, 19, 43, 65, 5, 88] diagnostic_accuracy=62.7800% Gamma=0.000000 gate_passed=True fallback=functional_recovery_hungarian global_hash=20c1ed42394379d2d605a779223b633a589cba49d87a03c803808fb28ca0da9a
ROUND fedrad round=199 clients=[61, 75, 68, 2, 6, 26, 1, 56, 78, 74] diagnostic_accuracy=69.3500% Gamma=0.000000 gate_passed=True fallback=functional_recovery_hungarian global_hash=7f1e4aedeb8f1b9d35c14498af6fef154d8f5b306a514c0a6e54596f08238877
ROUND fedrad round=200 clients=[8, 57, 22, 90, 46, 9, 56, 99, 89, 4] diagnostic_accuracy=70.1100% Gamma=0.000000 gate_passed=True fallback=functional_recovery_hungarian global_hash=d9e48b3bfb5e5aad70c6ef0ac5dcde8fa8d3ebf4a4d7e01d6f22a5ad30d47b67
FINAL_STATE_HASH d9e48b3bfb5e5aad70c6ef0ac5dcde8fa8d3ebf4a4d7e01d6f22a5ad30d47b67
