Run directory: C:\Users\admin\Desktop\need_do\new_paper_four\FedPhoenix-new\results\query_coverage_functional_recovery_2of64\20260908_165530\2\functional_recovery_seed1_20260908_165535_291038_m2_steps5_2_seed1_200r
Partition fingerprint: f8fcaa0f17c5d2078c5d24ece11b3f8cfcb82553733fb972155b7452d87a8fd0; device=cuda:0
ROUND fedrad round=1 clients=[80, 84, 33, 81, 93, 17, 36, 82, 69, 65] diagnostic_accuracy=10.0000% Gamma=0.000000 gate_passed=True fallback=functional_recovery_hungarian global_hash=c6432dd6d30651954c718691d66b95ead53f9f364bd41132c4908756853390e2
ROUND fedrad round=2 clients=[44, 96, 1, 35, 26, 11, 38, 82, 87, 3] diagnostic_accuracy=15.6400% Gamma=0.000000 gate_passed=True fallback=functional_recovery_hungarian global_hash=8b1cdb7cc4e01bac8f8eef2ceb4fe7e406917deaab4c039f54b9d45063474831
ROUND fedrad round=3 clients=[95, 67, 96, 71, 1, 80, 99, 45, 52, 27] diagnostic_accuracy=17.9400% Gamma=0.000000 gate_passed=True fallback=functional_recovery_hungarian global_hash=f683cb9b8765a4a46791bd537ce7085bd50343a842d197375067d60691228166
ROUND fedrad round=4 clients=[40, 10, 96, 66, 89, 32, 95, 55, 25, 5] diagnostic_accuracy=14.2600% Gamma=0.000000 gate_passed=True fallback=functional_recovery_hungarian global_hash=d0677a06fd266b5a67a6b860189fa2a275d47562726c71e8d9db93ada4f3f3e9
ROUND fedrad round=5 clients=[89, 99, 45, 96, 72, 9, 74, 88, 1, 38] diagnostic_accuracy=20.4500% Gamma=0.000000 gate_passed=True fallback=functional_recovery_hungarian global_hash=2ccef3950eb92a145da6e955011fb6eceb3cfb1c76a3d07caaa9036731b5604c
ROUND fedrad round=6 clients=[0, 86, 4, 23, 24, 1, 62, 83, 66, 93] diagnostic_accuracy=20.5900% Gamma=0.000000 gate_passed=True fallback=functional_recovery_hungarian global_hash=787be789063827c1c36c00ffe61c7b534e162845903616dd09a66f332b57d77b
ROUND fedrad round=7 clients=[6, 59, 72, 30, 91, 43, 75, 76, 15, 61] diagnostic_accuracy=24.3300% Gamma=0.000000 gate_passed=True fallback=functional_recovery_hungarian global_hash=845bf646c0639058fc0aed8c1a477ae4cc85c5a0ff6c11c930a9de118412111e
ROUND fedrad round=8 clients=[44, 88, 74, 48, 59, 79, 25, 52, 45, 55] diagnostic_accuracy=20.2900% Gamma=0.000000 gate_passed=True fallback=functional_recovery_hungarian global_hash=2468c1274c633b056cdea1d7552dd752bcb4fd2c079758f4be5f1ebffaf29190
ROUND fedrad round=9 clients=[3, 60, 35, 33, 22, 66, 45, 68, 67, 75] diagnostic_accuracy=26.1400% Gamma=0.000000 gate_passed=True fallback=functional_recovery_hungarian global_hash=682da0fedb55d552c2675e88e77430dfa2ba62284141725ebf15f231b38990d2
ROUND fedrad round=10 clients=[64, 91, 12, 52, 16, 65, 50, 68, 33, 30] diagnostic_accuracy=26.7900% Gamma=0.000000 gate_passed=True fallback=functional_recovery_hungarian global_hash=13b0704a56c36184819e21552889990db21e7b05ac90e93a837ed2194421418f
ROUND fedrad round=11 clients=[54, 27, 23, 37, 75, 33, 41, 46, 52, 24] diagnostic_accuracy=25.1100% Gamma=0.000000 gate_passed=True fallback=functional_recovery_hungarian global_hash=1272978f67986addfcea7b2d9029ecba02275636329fe66f6a00d7f9b897f113
ROUND fedrad round=12 clients=[54, 45, 28, 44, 15, 1, 93, 12, 88, 40] diagnostic_accuracy=27.1900% Gamma=0.000000 gate_passed=True fallback=functional_recovery_hungarian global_hash=a1ce4a481cfb95660866b11d0d07359fb9dfaf9d5ecc1d04de354a044a1ac6dc
ROUND fedrad round=13 clients=[70, 75, 5, 68, 36, 79, 72, 78, 57, 44] diagnostic_accuracy=26.4700% Gamma=0.000000 gate_passed=True fallback=functional_recovery_hungarian global_hash=8f9c2725e5849edf53ecd6352affe9673b7e6ee485f9dd16967dbd3bfc6c7bbe
ROUND fedrad round=14 clients=[41, 9, 30, 89, 40, 49, 3, 22, 8, 16] diagnostic_accuracy=26.9300% Gamma=0.000000 gate_passed=True fallback=functional_recovery_hungarian global_hash=5a6e74f385e6ff3c03d27098d28b64da68a38d32ceb338782f1cbc5893bc43cc
ROUND fedrad round=15 clients=[82, 28, 69, 81, 56, 71, 85, 27, 37, 66] diagnostic_accuracy=24.6800% Gamma=0.000000 gate_passed=True fallback=functional_recovery_hungarian global_hash=d4644c202853458cc6d5e7960476152db570d03d4d16c944cff16b9d9491e442
ROUND fedrad round=16 clients=[60, 13, 26, 12, 1, 28, 88, 86, 11, 43] diagnostic_accuracy=29.7200% Gamma=0.000000 gate_passed=True fallback=functional_recovery_hungarian global_hash=a4324f858b8055b47378b103ddb924dd003a8377a8be119cd246d804748859cf
ROUND fedrad round=17 clients=[93, 16, 72, 75, 10, 4, 38, 71, 42, 62] diagnostic_accuracy=27.7500% Gamma=0.000000 gate_passed=True fallback=functional_recovery_hungarian global_hash=67285d4f086ac396c3a23596108244148283e271f5db755977470e4cb907ebc2
ROUND fedrad round=18 clients=[36, 47, 1, 64, 57, 97, 29, 6, 67, 92] diagnostic_accuracy=31.1700% Gamma=0.000000 gate_passed=True fallback=functional_recovery_hungarian global_hash=1ecf049b49edccf8edbc9c2e3de39391ba198efc16a6b3ea8a9e08112237c8d1
ROUND fedrad round=19 clients=[48, 87, 17, 57, 22, 81, 4, 51, 94, 63] diagnostic_accuracy=30.1500% Gamma=0.000000 gate_passed=True fallback=functional_recovery_hungarian global_hash=fe9335d07030d0bc1702fd379b40ddd9a548624efe941364b6bf5b1830756c92
ROUND fedrad round=20 clients=[9, 17, 59, 11, 2, 95, 68, 28, 60, 14] diagnostic_accuracy=32.4900% Gamma=0.000000 gate_passed=True fallback=functional_recovery_hungarian global_hash=8443b1323da2270b480b0d65ebeea25310eb511aea5b268b3d57dd49ff2e018e
ROUND fedrad round=21 clients=[26, 25, 15, 93, 45, 54, 68, 90, 76, 10] diagnostic_accuracy=26.7700% Gamma=0.000000 gate_passed=True fallback=functional_recovery_hungarian global_hash=01464f3e53b75cff4b8d1e5706030403b0dcd3d413cfcf2d3b33f63b4e15d92d
ROUND fedrad round=22 clients=[84, 74, 93, 1, 48, 44, 29, 26, 94, 75] diagnostic_accuracy=30.8400% Gamma=0.000000 gate_passed=True fallback=functional_recovery_hungarian global_hash=c6d42ffedfac8f9f440335565e75eb6382fc50db6a03a082410c67a9b879c68a
ROUND fedrad round=23 clients=[71, 58, 50, 22, 59, 84, 10, 70, 43, 67] diagnostic_accuracy=33.1500% Gamma=0.000000 gate_passed=True fallback=functional_recovery_hungarian global_hash=ef43620a0b5e406582ab2503c8ed487545e356273a134762b0cfbfcb47986c05
ROUND fedrad round=24 clients=[70, 54, 33, 75, 31, 58, 17, 6, 3, 51] diagnostic_accuracy=32.9000% Gamma=0.000000 gate_passed=True fallback=functional_recovery_hungarian global_hash=9b01f2b7b988709f44b4a3d0d13ace3ad0ce16f8a3a190407c52388b554227a6
ROUND fedrad round=25 clients=[42, 87, 33, 36, 30, 84, 78, 98, 71, 75] diagnostic_accuracy=15.9100% Gamma=0.000000 gate_passed=True fallback=functional_recovery_hungarian global_hash=21e2bcc635e97e6e46d6a919e9a033b9f80029e40fcf08895ade224da95f3455
ROUND fedrad round=26 clients=[41, 47, 34, 10, 51, 11, 50, 16, 86, 64] diagnostic_accuracy=39.2200% Gamma=0.000000 gate_passed=True fallback=functional_recovery_hungarian global_hash=698c738756a5b75d9103f489969b973f01feacf6783ac9304c24b3c2a7997b23
ROUND fedrad round=27 clients=[58, 82, 63, 50, 98, 84, 4, 46, 65, 88] diagnostic_accuracy=32.6200% Gamma=0.000000 gate_passed=True fallback=functional_recovery_hungarian global_hash=fc451390c2ff143764582ec5cc1280f72115933bab838e737c5ba93d13daf481
ROUND fedrad round=28 clients=[99, 88, 69, 16, 46, 29, 90, 91, 4, 45] diagnostic_accuracy=39.4400% Gamma=0.000000 gate_passed=True fallback=functional_recovery_hungarian global_hash=7c195acdf1e841e576dd37b6b3ceabb12f3bacddd4da0544a43855db1f5a509b
ROUND fedrad round=29 clients=[80, 73, 28, 34, 1, 10, 13, 65, 5, 49] diagnostic_accuracy=40.5900% Gamma=0.000000 gate_passed=True fallback=functional_recovery_hungarian global_hash=1af7a63017fe08d3a93cf3e8a37d2a48be72f690ff2de724d23720a812841276
ROUND fedrad round=30 clients=[62, 41, 74, 11, 99, 8, 75, 26, 81, 85] diagnostic_accuracy=35.7600% Gamma=0.000000 gate_passed=True fallback=functional_recovery_hungarian global_hash=0700184f761ba7340c5883b7809c44dfb3e9c5d75f6eaa1fbe9510f4ecc21ceb
ROUND fedrad round=31 clients=[96, 81, 77, 83, 14, 50, 13, 67, 53, 91] diagnostic_accuracy=47.1300% Gamma=0.000000 gate_passed=True fallback=functional_recovery_hungarian global_hash=78241f46741f0c3631fda51ceaa53328ee1b8acf46f070c10ae79f4466748f1f
ROUND fedrad round=32 clients=[40, 73, 70, 3, 6, 94, 1, 25, 20, 10] diagnostic_accuracy=38.8000% Gamma=0.000000 gate_passed=True fallback=functional_recovery_hungarian global_hash=50986c30ca8cc3c2cab738852c6c65cd7d97042327dcdc33ac7a258f83ba153e
ROUND fedrad round=33 clients=[45, 16, 51, 88, 17, 78, 36, 44, 21, 62] diagnostic_accuracy=43.3800% Gamma=0.000000 gate_passed=True fallback=functional_recovery_hungarian global_hash=5170201ecc5f8da5f2cc6cc750c69488629b50ffa6a5d625a3f35abb2c58483b
ROUND fedrad round=34 clients=[92, 43, 97, 61, 58, 67, 1, 98, 30, 75] diagnostic_accuracy=42.8900% Gamma=0.000000 gate_passed=True fallback=functional_recovery_hungarian global_hash=01023d85ae38ea24c0e796fb3ebd975769e849e0bdf67bb23a407cffc651a1fb
ROUND fedrad round=35 clients=[31, 89, 17, 66, 92, 23, 96, 9, 35, 20] diagnostic_accuracy=40.6400% Gamma=0.000000 gate_passed=True fallback=functional_recovery_hungarian global_hash=98c330e5023a39fcbfca2de9e20380dca1486d58dcf3375e27cd17f487d23c62
ROUND fedrad round=36 clients=[72, 68, 65, 28, 23, 85, 16, 60, 73, 78] diagnostic_accuracy=48.3100% Gamma=0.000000 gate_passed=True fallback=functional_recovery_hungarian global_hash=56593cb55c2877c3947ed0cf1e6c8f9b510ffd280bad9a7f1f7e991616b05cb2
ROUND fedrad round=37 clients=[66, 49, 62, 9, 84, 68, 74, 3, 44, 71] diagnostic_accuracy=30.6500% Gamma=0.000000 gate_passed=True fallback=functional_recovery_hungarian global_hash=112658d23f79b27b2a3fe03cc5f2c6304fe789b65f3b9e2a31c5ca8a209a6095
ROUND fedrad round=38 clients=[50, 73, 27, 38, 8, 53, 21, 14, 28, 64] diagnostic_accuracy=48.0100% Gamma=0.000000 gate_passed=True fallback=functional_recovery_hungarian global_hash=1da66b7f34b61651046e9042e0eca6d8cc834ee06527e82b4e2f684004ac826d
ROUND fedrad round=39 clients=[48, 87, 40, 59, 3, 10, 75, 35, 49, 89] diagnostic_accuracy=45.0100% Gamma=0.000000 gate_passed=True fallback=functional_recovery_hungarian global_hash=a15f4fc557b611947bc91bf4c21e40c0f81c992186d7df962d487f380e5590c0
ROUND fedrad round=40 clients=[83, 93, 34, 60, 90, 45, 42, 41, 91, 36] diagnostic_accuracy=49.3000% Gamma=0.000000 gate_passed=True fallback=functional_recovery_hungarian global_hash=39a8beb5db731dd21a60fe37254ba922f71f044b82cbe4dbb258ed60032a2c8d
ROUND fedrad round=41 clients=[75, 52, 20, 80, 90, 93, 4, 51, 13, 98] diagnostic_accuracy=36.3600% Gamma=0.000000 gate_passed=True fallback=functional_recovery_hungarian global_hash=c144b342002bbd0c286b22845bf983f6b871c4d5e0b5b48965516ddd2ff23c0f
ROUND fedrad round=42 clients=[98, 79, 17, 10, 3, 12, 29, 26, 54, 58] diagnostic_accuracy=33.0700% Gamma=0.000000 gate_passed=True fallback=functional_recovery_hungarian global_hash=823a4a9104497aee27220109c02fda636dfa0d79fb5b0e461b1b4d5ebc2331f2
ROUND fedrad round=43 clients=[32, 15, 47, 9, 7, 16, 24, 57, 71, 28] diagnostic_accuracy=43.1400% Gamma=0.000000 gate_passed=True fallback=functional_recovery_hungarian global_hash=462a71e5184bab806b2f60200f563b5329b811f5828bc0e1fe60fafaab161ff8
ROUND fedrad round=44 clients=[76, 67, 81, 35, 44, 49, 32, 99, 69, 51] diagnostic_accuracy=48.4900% Gamma=0.000000 gate_passed=True fallback=functional_recovery_hungarian global_hash=8ceac7aea82ec06cbefc0df22f1f88ed33a38a1b1fc5e1cb3f913191420db4ff
ROUND fedrad round=45 clients=[42, 4, 95, 71, 84, 22, 61, 5, 10, 28] diagnostic_accuracy=47.9600% Gamma=0.000000 gate_passed=True fallback=functional_recovery_hungarian global_hash=9ff33fab6eb1c9f1f80974520be57b583f56dcaab8b8b1af6eb8f76ee8556c68
ROUND fedrad round=46 clients=[61, 52, 80, 26, 37, 44, 85, 1, 99, 55] diagnostic_accuracy=55.7300% Gamma=0.000000 gate_passed=True fallback=functional_recovery_hungarian global_hash=0a12fa2b8b3fc33d29e12f120e4d507c27b1dfd469cf9d420518e51864821e0b
ROUND fedrad round=47 clients=[23, 10, 75, 28, 19, 22, 43, 13, 98, 85] diagnostic_accuracy=53.7300% Gamma=0.000000 gate_passed=True fallback=functional_recovery_hungarian global_hash=91d93c57543c7b286357e7b5228cb868d0d4883078b252a2b02e312ef657c002
ROUND fedrad round=48 clients=[18, 1, 96, 63, 59, 71, 88, 39, 97, 68] diagnostic_accuracy=48.2100% Gamma=0.000000 gate_passed=True fallback=functional_recovery_hungarian global_hash=4292e51963d70de4d22bd2152c09abb06919769a28bbe9561f1bdc9cb175bc89
ROUND fedrad round=49 clients=[44, 11, 93, 47, 54, 9, 81, 94, 45, 65] diagnostic_accuracy=57.4300% Gamma=0.000000 gate_passed=True fallback=functional_recovery_hungarian global_hash=a203aafe1ad0a72116dc1881e9d66d00645bbc9198263ed9601a31e936582b57
ROUND fedrad round=50 clients=[48, 43, 51, 76, 99, 39, 38, 73, 89, 80] diagnostic_accuracy=49.9300% Gamma=0.000000 gate_passed=True fallback=functional_recovery_hungarian global_hash=46f2d2681503f7b8b1c3122448f707e3883a57781e3bcb1aa6cb044559f57ee2
ROUND fedrad round=51 clients=[34, 16, 99, 17, 62, 58, 96, 29, 90, 30] diagnostic_accuracy=54.4500% Gamma=0.000000 gate_passed=True fallback=functional_recovery_hungarian global_hash=440f66211dfb06aec54568140dad382700c8c546810e5e71c2f8ed11da609475
ROUND fedrad round=52 clients=[8, 59, 78, 95, 25, 35, 99, 86, 54, 64] diagnostic_accuracy=57.2000% Gamma=0.000000 gate_passed=True fallback=functional_recovery_hungarian global_hash=a5418e32d7eed6b80d2a0d261cde7b4c56d014c164f7aa26e5b38cd7e298596c
ROUND fedrad round=53 clients=[87, 42, 55, 74, 37, 10, 26, 23, 57, 62] diagnostic_accuracy=49.0700% Gamma=0.000000 gate_passed=True fallback=functional_recovery_hungarian global_hash=58f0f82aa396ada328173cdf1d47b7a25c140ed886349c85aa925b0c50982529
ROUND fedrad round=54 clients=[84, 2, 76, 48, 68, 40, 92, 8, 42, 46] diagnostic_accuracy=54.3200% Gamma=0.000000 gate_passed=True fallback=functional_recovery_hungarian global_hash=2f36b0c7ec3ed86b1d24c23a8224bfb1d885c849e2b82e80c98f15d092993799
ROUND fedrad round=55 clients=[91, 70, 16, 58, 10, 35, 31, 86, 62, 54] diagnostic_accuracy=55.0100% Gamma=0.000000 gate_passed=True fallback=functional_recovery_hungarian global_hash=47798f2af6f8d96ca12fa2aba4bf90c1aef27c1dfae56083346d33e8f9b9e456
ROUND fedrad round=56 clients=[32, 41, 20, 75, 69, 62, 74, 38, 80, 58] diagnostic_accuracy=47.5900% Gamma=0.000000 gate_passed=True fallback=functional_recovery_hungarian global_hash=40b88eaae311aaf5bf6f101830e807267bd09623552c7a2f553f58781bc1d2b2
ROUND fedrad round=57 clients=[89, 0, 84, 16, 97, 67, 41, 38, 59, 60] diagnostic_accuracy=49.5300% Gamma=0.000000 gate_passed=True fallback=functional_recovery_hungarian global_hash=cfce6315cea4893b4da5f36c0c2215994a8ca9725af89c4e71c611a68f2b2332
ROUND fedrad round=58 clients=[59, 21, 34, 35, 95, 41, 9, 12, 47, 42] diagnostic_accuracy=50.7000% Gamma=0.000000 gate_passed=True fallback=functional_recovery_hungarian global_hash=d5609572645f88d6f3dda0c19729e1094e8d25e89140d7babf9815aca4f8110a
ROUND fedrad round=59 clients=[88, 78, 75, 43, 57, 63, 34, 79, 17, 93] diagnostic_accuracy=51.0800% Gamma=0.000000 gate_passed=True fallback=functional_recovery_hungarian global_hash=63fee24ffd686286163bd0634e40200f81174c76fa9c6940bfa8b1acaa23dd5a
ROUND fedrad round=60 clients=[76, 35, 9, 75, 32, 97, 53, 72, 27, 91] diagnostic_accuracy=50.1500% Gamma=0.000000 gate_passed=True fallback=functional_recovery_hungarian global_hash=e336b287c9fa64703239a796dc1def03b86073f3ca8515110b5e1cf98c0dafa0
ROUND fedrad round=61 clients=[60, 14, 9, 43, 15, 68, 7, 44, 65, 89] diagnostic_accuracy=59.3700% Gamma=0.000000 gate_passed=True fallback=functional_recovery_hungarian global_hash=0e2a67af6c6dd26c59ed7515b255f72cf12ac0d2d8e4eac44dad31207e3217c5
ROUND fedrad round=62 clients=[56, 67, 28, 93, 30, 71, 78, 48, 25, 19] diagnostic_accuracy=57.7500% Gamma=0.000000 gate_passed=True fallback=functional_recovery_hungarian global_hash=f5dd3a30ae43713c5b281b7f3c3c1f18e84669a7a4d74361c60248fe9ba642a7
ROUND fedrad round=63 clients=[61, 18, 63, 89, 0, 99, 42, 76, 81, 9] diagnostic_accuracy=55.8600% Gamma=0.000000 gate_passed=True fallback=functional_recovery_hungarian global_hash=fd82112bfe9ff1f0aa61e5f33627236fa0f0c88a8c840c0945e623abbde49f2c
ROUND fedrad round=64 clients=[14, 22, 8, 93, 29, 90, 73, 28, 57, 58] diagnostic_accuracy=58.8000% Gamma=0.000000 gate_passed=True fallback=functional_recovery_hungarian global_hash=9c4e6e803f55a1ba3e83f725329c4c8b9c9b891e1666ca8ad231e1158c81f0e3
ROUND fedrad round=65 clients=[16, 90, 78, 23, 55, 61, 31, 0, 11, 82] diagnostic_accuracy=61.5700% Gamma=0.000000 gate_passed=True fallback=functional_recovery_hungarian global_hash=9d32d3e78814e1e295c6a8870bb1e7a8e474033f058d83b04987149711694082
ROUND fedrad round=66 clients=[28, 65, 16, 72, 11, 36, 19, 51, 81, 53] diagnostic_accuracy=59.5200% Gamma=0.000000 gate_passed=True fallback=functional_recovery_hungarian global_hash=7b4587e4594a4df69ea066536cbd1f134a94e45c32922f2c8e2fb85f9e0ea6fa
ROUND fedrad round=67 clients=[53, 63, 96, 28, 78, 90, 58, 73, 34, 4] diagnostic_accuracy=59.5100% Gamma=0.000000 gate_passed=True fallback=functional_recovery_hungarian global_hash=c06874e4264eabd75dc0c3f83c64ffeac2302ff6e3cef65489740ee3587fd445
ROUND fedrad round=68 clients=[38, 57, 22, 41, 70, 39, 10, 5, 17, 32] diagnostic_accuracy=56.9000% Gamma=0.000000 gate_passed=True fallback=functional_recovery_hungarian global_hash=e3b0f524a8e4bb2249a457735e49a4d8cf56105635feb6ce111caf917ef86591
ROUND fedrad round=69 clients=[60, 67, 48, 59, 46, 94, 22, 29, 53, 97] diagnostic_accuracy=61.9300% Gamma=0.000000 gate_passed=True fallback=functional_recovery_hungarian global_hash=11d5f8bd89ae331b365ea9d8ef71a2dcd0f713ea4d4a6fb5fcd0f6627317af23
ROUND fedrad round=70 clients=[61, 33, 76, 48, 37, 54, 38, 13, 8, 39] diagnostic_accuracy=53.5300% Gamma=0.000000 gate_passed=True fallback=functional_recovery_hungarian global_hash=1703cf228c0296be8430257d977f6d4481e4a0a5af8239950de52f56aa732209
ROUND fedrad round=71 clients=[31, 88, 91, 25, 50, 95, 67, 45, 80, 70] diagnostic_accuracy=57.5200% Gamma=0.000000 gate_passed=True fallback=functional_recovery_hungarian global_hash=2b89c82d76f4bee73d5bf5c4d238740e5345cd73f431222513f22e7b3cd8a273
ROUND fedrad round=72 clients=[3, 23, 17, 94, 61, 43, 63, 91, 37, 84] diagnostic_accuracy=43.9100% Gamma=0.000000 gate_passed=True fallback=functional_recovery_hungarian global_hash=8fc495e4b3a428a77aed8f3484496e6f848bd061449c5f2611c4e958b08c8946
ROUND fedrad round=73 clients=[11, 73, 78, 47, 45, 83, 36, 75, 91, 57] diagnostic_accuracy=60.4200% Gamma=0.000000 gate_passed=True fallback=functional_recovery_hungarian global_hash=a553618c4c3c1184eb078ebd69c81486c638b8f2eb5f6110bbdef56079db6baa
ROUND fedrad round=74 clients=[46, 54, 66, 62, 96, 49, 24, 75, 60, 52] diagnostic_accuracy=56.7300% Gamma=0.000000 gate_passed=True fallback=functional_recovery_hungarian global_hash=a64b3a9d32414f138542fdfa5f65afe832532a85c848ba1fa9808d1c88307ef6
ROUND fedrad round=75 clients=[75, 51, 39, 89, 14, 54, 41, 30, 24, 80] diagnostic_accuracy=55.1700% Gamma=0.000000 gate_passed=True fallback=functional_recovery_hungarian global_hash=efbc6957cbdf348e3d6298671a40b8b08406ea5981b4db6f4373b59c86330c38
ROUND fedrad round=76 clients=[67, 90, 45, 78, 32, 86, 50, 55, 33, 60] diagnostic_accuracy=62.6300% Gamma=0.000000 gate_passed=True fallback=functional_recovery_hungarian global_hash=439eedd4ea2248c8bc9ec27c2b08a783afefe9da4a3439713ca273c03c617e37
ROUND fedrad round=77 clients=[4, 16, 51, 33, 89, 30, 13, 77, 43, 85] diagnostic_accuracy=63.3600% Gamma=0.000000 gate_passed=True fallback=functional_recovery_hungarian global_hash=159038e617c2b36271b405da2bc9c00595d4278df77a2bf2793e0d9ffde0db2d
ROUND fedrad round=78 clients=[97, 76, 96, 72, 42, 17, 33, 51, 24, 36] diagnostic_accuracy=61.5900% Gamma=0.000000 gate_passed=True fallback=functional_recovery_hungarian global_hash=ec0041819833203bfaf7886a3750858b300382ced604a40fd889c7d498a02930
ROUND fedrad round=79 clients=[22, 47, 61, 27, 50, 96, 89, 97, 85, 30] diagnostic_accuracy=61.1500% Gamma=0.000000 gate_passed=True fallback=functional_recovery_hungarian global_hash=4a648bb3dfb41ed613a72d096abe572370d7e8b1105eb6d9f1336e4ffc18b1e1
ROUND fedrad round=80 clients=[44, 70, 23, 38, 74, 21, 82, 4, 88, 98] diagnostic_accuracy=57.6100% Gamma=0.000000 gate_passed=True fallback=functional_recovery_hungarian global_hash=ccb1dc01370ae104e8fd3f956f031ae9ec8a33accfbc47673fd4c05828d0f180
ROUND fedrad round=81 clients=[90, 72, 65, 50, 85, 56, 4, 80, 31, 17] diagnostic_accuracy=57.7100% Gamma=0.000000 gate_passed=True fallback=functional_recovery_hungarian global_hash=3759a228fabd15a7a87fdc356469393cdfdd8bf3da44d38a1d014036b39b2326
ROUND fedrad round=82 clients=[61, 40, 41, 34, 97, 51, 50, 13, 22, 8] diagnostic_accuracy=61.4000% Gamma=0.000000 gate_passed=True fallback=functional_recovery_hungarian global_hash=f6624669be737c2a69a1b3c62abe35b5f81e39d393378364ec19dac29a8599d0
ROUND fedrad round=83 clients=[87, 54, 63, 83, 96, 26, 0, 59, 69, 14] diagnostic_accuracy=62.0000% Gamma=0.000000 gate_passed=True fallback=functional_recovery_hungarian global_hash=5fad91226d7280c5460433ad51455965950ef7dc45980f1f5b51182e51756e9b
ROUND fedrad round=84 clients=[58, 47, 83, 36, 8, 2, 56, 49, 10, 38] diagnostic_accuracy=55.0100% Gamma=0.000000 gate_passed=True fallback=functional_recovery_hungarian global_hash=5fa4baefeed08187f9dad6e98a19a556760458d48ae5dd048bf047cad1e43567
ROUND fedrad round=85 clients=[89, 90, 81, 54, 59, 4, 53, 47, 52, 19] diagnostic_accuracy=63.3800% Gamma=0.000000 gate_passed=True fallback=functional_recovery_hungarian global_hash=811410c5ec102370a1946dbd59442dce3db0efd7fa28c196ebcfa9f4ac326138
ROUND fedrad round=86 clients=[24, 13, 81, 73, 19, 55, 40, 76, 57, 96] diagnostic_accuracy=61.4400% Gamma=0.000000 gate_passed=True fallback=functional_recovery_hungarian global_hash=8e561721626e72f85100258b4a7fb62794c28c6d4fd1553ef6c525e14d58e609
ROUND fedrad round=87 clients=[31, 75, 94, 20, 87, 26, 29, 70, 2, 50] diagnostic_accuracy=58.1000% Gamma=0.000000 gate_passed=True fallback=functional_recovery_hungarian global_hash=d60079feed359fac5673f450bf4e2f8c0d1833cc5164b177cd689fb56919d960
ROUND fedrad round=88 clients=[0, 9, 46, 37, 72, 83, 73, 16, 55, 27] diagnostic_accuracy=55.8300% Gamma=0.000000 gate_passed=True fallback=functional_recovery_hungarian global_hash=3c086faf3bc8fbf82586765175f9e58fd0707955900afaa0d8bedcf79389c66e
ROUND fedrad round=89 clients=[80, 29, 9, 50, 26, 81, 48, 82, 37, 15] diagnostic_accuracy=55.0900% Gamma=0.000000 gate_passed=True fallback=functional_recovery_hungarian global_hash=a8d888c2e64faa69ae5a3504248c0e8745222ffb2d7f3e2abdfddcc7770d15f2
ROUND fedrad round=90 clients=[82, 6, 87, 74, 29, 50, 62, 67, 12, 83] diagnostic_accuracy=68.4600% Gamma=0.000000 gate_passed=True fallback=functional_recovery_hungarian global_hash=b431ef5ae0a2b78df09df0af8c39864d26414bdc5b31f3aeda1b76ce0e090eba
ROUND fedrad round=91 clients=[36, 75, 89, 43, 12, 21, 95, 72, 24, 63] diagnostic_accuracy=55.2200% Gamma=0.000000 gate_passed=True fallback=functional_recovery_hungarian global_hash=c12763a53582cd118c4ec304e9fb53a0602ab6b8baceb36f283bfa86edc523cf
ROUND fedrad round=92 clients=[34, 15, 31, 94, 46, 70, 19, 80, 6, 88] diagnostic_accuracy=61.0800% Gamma=0.000000 gate_passed=True fallback=functional_recovery_hungarian global_hash=2c1ae1bc72ec659398406d90f7a227ed15813bd19b6b0376d02a2d96afd94d1b
ROUND fedrad round=93 clients=[70, 92, 72, 77, 23, 53, 1, 12, 97, 93] diagnostic_accuracy=57.8700% Gamma=0.000000 gate_passed=True fallback=functional_recovery_hungarian global_hash=bd2145073024e4f15d0ccf38b006daaf937d04122d70ed5a3cd8a2e1fdb7215e
ROUND fedrad round=94 clients=[13, 38, 36, 14, 57, 77, 66, 73, 3, 0] diagnostic_accuracy=55.9700% Gamma=0.000000 gate_passed=True fallback=functional_recovery_hungarian global_hash=6092e024a8cc9f49bb57678f3d03d220cecf4d4bf1c4766a4c8f9b1ac73f46a4
ROUND fedrad round=95 clients=[13, 19, 10, 24, 76, 57, 88, 23, 61, 31] diagnostic_accuracy=60.8000% Gamma=0.000000 gate_passed=True fallback=functional_recovery_hungarian global_hash=899a38b3f7ff24ba4d7e939b495f5b2c5fddfdbb56c2e10b43f0dd7350208f4d
ROUND fedrad round=96 clients=[18, 45, 94, 24, 56, 67, 10, 14, 13, 9] diagnostic_accuracy=65.6500% Gamma=0.000000 gate_passed=True fallback=functional_recovery_hungarian global_hash=14202941ec16fd7cfe16b705532bbd3d7c36612e586655c7f0318b1f2bc2e12c
ROUND fedrad round=97 clients=[13, 48, 73, 93, 70, 1, 43, 77, 76, 88] diagnostic_accuracy=52.5500% Gamma=0.000000 gate_passed=True fallback=functional_recovery_hungarian global_hash=8aba3f132d451d52a8149f385f52a494ae97103ca4dcfb7be2eb199ac5bb6bff
ROUND fedrad round=98 clients=[21, 45, 83, 68, 75, 65, 96, 1, 77, 73] diagnostic_accuracy=64.2500% Gamma=0.000000 gate_passed=True fallback=functional_recovery_hungarian global_hash=db9a07fa82e07124d9b90c9f8155b343503004d169e28eb98b28c5502172426e
ROUND fedrad round=99 clients=[81, 84, 60, 18, 45, 47, 94, 83, 76, 22] diagnostic_accuracy=58.6600% Gamma=0.000000 gate_passed=True fallback=functional_recovery_hungarian global_hash=b92ea3704313d8199c936ff134106ac0e0e049f19c55cb8803de1015a612f694
ROUND fedrad round=100 clients=[21, 69, 47, 34, 65, 81, 93, 44, 30, 84] diagnostic_accuracy=59.6700% Gamma=0.000000 gate_passed=True fallback=functional_recovery_hungarian global_hash=5e7fb1ded5af4ba9ff1dfd16040ad51cb67236c4c747d98c0b573e30b53d2ce1
ROUND fedrad round=101 clients=[22, 38, 77, 15, 11, 61, 37, 34, 87, 3] diagnostic_accuracy=66.4300% Gamma=0.000000 gate_passed=True fallback=functional_recovery_hungarian global_hash=a7b031de30445b7513f04b04acf13819a216b3f8d32b529bbd1f7e40c8af7849
ROUND fedrad round=102 clients=[96, 9, 26, 58, 69, 44, 13, 93, 61, 43] diagnostic_accuracy=60.2300% Gamma=0.000000 gate_passed=True fallback=functional_recovery_hungarian global_hash=f91a8624dd9e6e6f7e3d2949addedf2b46fa24abdbe247ec672dfb8ee70669c3
ROUND fedrad round=103 clients=[13, 34, 27, 16, 72, 98, 14, 19, 9, 46] diagnostic_accuracy=56.2800% Gamma=0.000000 gate_passed=True fallback=functional_recovery_hungarian global_hash=25972d644db0c0f3715bc5cdcad49884a12149c13476891f75999b0e7aad22d2
ROUND fedrad round=104 clients=[29, 72, 81, 80, 68, 85, 14, 0, 93, 52] diagnostic_accuracy=67.2500% Gamma=0.000000 gate_passed=True fallback=functional_recovery_hungarian global_hash=e1551fee58a5c25b11706783f88a3400c8265304f7d2d3da9094ca265a54b215
ROUND fedrad round=105 clients=[17, 69, 35, 86, 83, 84, 23, 56, 89, 60] diagnostic_accuracy=64.4800% Gamma=0.000000 gate_passed=True fallback=functional_recovery_hungarian global_hash=9dca2a7abea11330119a5f3f4a145f7cbc99fda1baed5df133cbf5dfba115bcd
ROUND fedrad round=106 clients=[94, 79, 36, 8, 19, 16, 13, 30, 25, 3] diagnostic_accuracy=46.3300% Gamma=0.000000 gate_passed=True fallback=functional_recovery_hungarian global_hash=5ef9bee61816c89a7679341ba1fb19b046f4247eaf1460174c7b99e00230258a
ROUND fedrad round=107 clients=[45, 82, 32, 52, 17, 96, 6, 57, 67, 74] diagnostic_accuracy=62.0700% Gamma=0.000000 gate_passed=True fallback=functional_recovery_hungarian global_hash=6e8a6e53ff82bc9410fc0aefb3ec9c30ec259f765a35a7c4904a60e2a70c5513
ROUND fedrad round=108 clients=[61, 20, 59, 99, 39, 42, 73, 53, 45, 8] diagnostic_accuracy=64.9000% Gamma=0.000000 gate_passed=True fallback=functional_recovery_hungarian global_hash=064477f6ce2954ce97d414c6af772b12b85b8a994e4963c6d677078c5229bb84
ROUND fedrad round=109 clients=[60, 38, 5, 54, 66, 33, 80, 83, 9, 4] diagnostic_accuracy=60.9500% Gamma=0.000000 gate_passed=True fallback=functional_recovery_hungarian global_hash=8f9e97567e8f05b5f43086a597614536faaddc8258d1daf363baef84b73286d2
ROUND fedrad round=110 clients=[39, 44, 62, 4, 42, 25, 0, 45, 29, 93] diagnostic_accuracy=69.7600% Gamma=0.000000 gate_passed=True fallback=functional_recovery_hungarian global_hash=718e18d27f21112e9256064a55fe60eb66ba954e8d21e1b709652da96ec15297
ROUND fedrad round=111 clients=[96, 54, 19, 97, 92, 31, 81, 2, 24, 9] diagnostic_accuracy=70.8100% Gamma=0.000000 gate_passed=True fallback=functional_recovery_hungarian global_hash=3169fb0052609c812d6d650531b2e5d1f8577a088adc5bf233cb0a78322b52e3
ROUND fedrad round=112 clients=[9, 19, 7, 49, 45, 35, 80, 85, 40, 89] diagnostic_accuracy=65.8400% Gamma=0.000000 gate_passed=True fallback=functional_recovery_hungarian global_hash=4aeb5201351115363df74b6b488f81433b12715141d18868e670b991bad2ab6c
ROUND fedrad round=113 clients=[73, 66, 18, 74, 33, 2, 87, 29, 98, 91] diagnostic_accuracy=62.5100% Gamma=0.000000 gate_passed=True fallback=functional_recovery_hungarian global_hash=b896755781894680f93d77803067ca9514ce2de201632b9f2fc7acb3d3653342
ROUND fedrad round=114 clients=[40, 31, 27, 50, 71, 81, 99, 97, 73, 49] diagnostic_accuracy=58.0500% Gamma=0.000000 gate_passed=True fallback=functional_recovery_hungarian global_hash=968e38fcb4b87e255b23032c395b882a8c5fc794a7098aa7f78ea46d3900c1b0
ROUND fedrad round=115 clients=[61, 64, 42, 88, 27, 95, 92, 50, 45, 85] diagnostic_accuracy=66.0600% Gamma=0.000000 gate_passed=True fallback=functional_recovery_hungarian global_hash=9de4a5e571c7b454a8872d1172d7b236108cf81a7bab6b0c7f6b36888acb7c82
ROUND fedrad round=116 clients=[27, 8, 49, 32, 15, 35, 70, 59, 31, 30] diagnostic_accuracy=59.2700% Gamma=0.000000 gate_passed=True fallback=functional_recovery_hungarian global_hash=b8cc7637b030b709233e94df457b1dd92fc13c33262540499d8eec46a486847d
ROUND fedrad round=117 clients=[69, 35, 52, 51, 26, 15, 76, 48, 98, 12] diagnostic_accuracy=63.7800% Gamma=0.000000 gate_passed=True fallback=functional_recovery_hungarian global_hash=55bbad261e1f002682eed06e1a7b7ce326a2c3f3ec8285ebc2370a53a4c8b3cb
ROUND fedrad round=118 clients=[46, 57, 0, 86, 26, 80, 73, 20, 63, 98] diagnostic_accuracy=64.8600% Gamma=0.000000 gate_passed=True fallback=functional_recovery_hungarian global_hash=1b34fedcbbb14855c85401940bfff0ea5427c998b06d639678668d0c66d7f7ff
ROUND fedrad round=119 clients=[81, 6, 64, 84, 20, 2, 8, 4, 66, 92] diagnostic_accuracy=64.8200% Gamma=0.000000 gate_passed=True fallback=functional_recovery_hungarian global_hash=fbd2f75edab6c4a27121a7390194e0211ad726417cd551d726a4c3fe5e21f392
ROUND fedrad round=120 clients=[61, 34, 64, 11, 96, 18, 82, 52, 72, 92] diagnostic_accuracy=67.4300% Gamma=0.000000 gate_passed=True fallback=functional_recovery_hungarian global_hash=ad178db2f370d6dd6f9696638c822ba516a51496dab94e38c790df4be729eff7
ROUND fedrad round=121 clients=[93, 68, 94, 13, 36, 11, 5, 1, 40, 7] diagnostic_accuracy=69.1000% Gamma=0.000000 gate_passed=True fallback=functional_recovery_hungarian global_hash=ae2e9f87e015d687dbd699d3e6e3bd334d6b25a2be61db09d823fff4775539b4
ROUND fedrad round=122 clients=[73, 64, 37, 69, 31, 48, 77, 41, 53, 75] diagnostic_accuracy=61.1200% Gamma=0.000000 gate_passed=True fallback=functional_recovery_hungarian global_hash=04d199d74c6cdecd36d6b5c32bf430eb08c6b3d594cc39ad8900631485c69ba2
ROUND fedrad round=123 clients=[46, 43, 84, 11, 66, 92, 16, 19, 96, 37] diagnostic_accuracy=58.4400% Gamma=0.000000 gate_passed=True fallback=functional_recovery_hungarian global_hash=be99788f5b48d08c31acbccd2a682bf744854b4dfe60f224b0b880f46158899e
ROUND fedrad round=124 clients=[43, 96, 9, 0, 74, 19, 1, 23, 38, 66] diagnostic_accuracy=64.8200% Gamma=0.000000 gate_passed=True fallback=functional_recovery_hungarian global_hash=e03f76de5bef9db2c1534775dbf51e639cacaa700351729c0bfd2dd7a17e4385
ROUND fedrad round=125 clients=[27, 62, 32, 10, 22, 72, 64, 25, 86, 60] diagnostic_accuracy=61.2400% Gamma=0.000000 gate_passed=True fallback=functional_recovery_hungarian global_hash=784ddf915828d88aa68a45523b617119865607d32dfcdabeef48028256676eac
ROUND fedrad round=126 clients=[84, 7, 64, 76, 15, 46, 27, 47, 40, 69] diagnostic_accuracy=61.7900% Gamma=0.000000 gate_passed=True fallback=functional_recovery_hungarian global_hash=5f08c02810982b71afd4dbe2a54ee2abee04bd57f11cdf5b17b8f825bd308c2e
ROUND fedrad round=127 clients=[75, 97, 79, 87, 11, 7, 37, 92, 41, 12] diagnostic_accuracy=65.7500% Gamma=0.000000 gate_passed=True fallback=functional_recovery_hungarian global_hash=d0201ca09c95d01e4144a482b0395fb1bcad434f37f978053979d8266474a3d0
ROUND fedrad round=128 clients=[78, 4, 17, 21, 76, 74, 19, 61, 45, 86] diagnostic_accuracy=71.7600% Gamma=0.000000 gate_passed=True fallback=functional_recovery_hungarian global_hash=37d397b3f12153e339b10cd77e38333520b1705e96dbfba243049e979fc582d8
ROUND fedrad round=129 clients=[23, 41, 75, 36, 26, 49, 95, 16, 93, 72] diagnostic_accuracy=58.5300% Gamma=0.000000 gate_passed=True fallback=functional_recovery_hungarian global_hash=59386d1eb71323f6da577822f1e9a067ad75de68b5e0c54cca1569595884df4b
ROUND fedrad round=130 clients=[59, 53, 65, 8, 68, 35, 13, 55, 23, 97] diagnostic_accuracy=68.7400% Gamma=0.000000 gate_passed=True fallback=functional_recovery_hungarian global_hash=fc03bdd125b306bf23a7cbba0c480e36574aed08c77e545632595871972483e5
ROUND fedrad round=131 clients=[74, 98, 22, 45, 97, 87, 92, 71, 47, 79] diagnostic_accuracy=68.2300% Gamma=0.000000 gate_passed=True fallback=functional_recovery_hungarian global_hash=196b77c5af4f41f17d1789778cea74eeea5aba9ebc78ac59827afa27cfb6aa5e
ROUND fedrad round=132 clients=[35, 70, 59, 49, 36, 91, 82, 50, 26, 72] diagnostic_accuracy=50.2000% Gamma=0.000000 gate_passed=True fallback=functional_recovery_hungarian global_hash=50fc4c2be02ad81b372ca26fe15137946e5a7e3726d9a585da2f32dca3a96a99
ROUND fedrad round=133 clients=[22, 83, 75, 29, 66, 48, 12, 10, 86, 1] diagnostic_accuracy=64.0100% Gamma=0.000000 gate_passed=True fallback=functional_recovery_hungarian global_hash=0fdcc419471143dec218dda93b375a3e92f10808ac20c6254fb254647e4bd87c
ROUND fedrad round=134 clients=[76, 33, 40, 59, 65, 63, 73, 36, 99, 82] diagnostic_accuracy=68.7100% Gamma=0.000000 gate_passed=True fallback=functional_recovery_hungarian global_hash=863753d5fdf64f2986753dd2b0f32c92fd0060cc6d979ebf518d0eebf195dfa1
ROUND fedrad round=135 clients=[85, 88, 54, 40, 70, 67, 86, 38, 58, 42] diagnostic_accuracy=72.8500% Gamma=0.000000 gate_passed=True fallback=functional_recovery_hungarian global_hash=f96499f80b2cd88e1f2cec18efbe84adb3322be078f7399364d3300bb67c2af4
ROUND fedrad round=136 clients=[89, 56, 12, 90, 94, 86, 19, 78, 92, 59] diagnostic_accuracy=70.2800% Gamma=0.000000 gate_passed=True fallback=functional_recovery_hungarian global_hash=5094e57109924f58fa259f57fcb191d5dde4a0d99e507cc0a0fc12523474f50e
ROUND fedrad round=137 clients=[7, 94, 69, 44, 50, 26, 75, 24, 33, 18] diagnostic_accuracy=63.8600% Gamma=0.000000 gate_passed=True fallback=functional_recovery_hungarian global_hash=0fa506e00a468f45472b82da20e4457f258c135164a1cc6f374085faebda57e4
ROUND fedrad round=138 clients=[89, 75, 84, 93, 35, 71, 19, 63, 59, 94] diagnostic_accuracy=61.9400% Gamma=0.000000 gate_passed=True fallback=functional_recovery_hungarian global_hash=6003eae7d851ebab3a6a06bed9e484cab9a554854f20fbe05a46675f25c90bab
ROUND fedrad round=139 clients=[54, 66, 17, 43, 53, 40, 76, 1, 4, 81] diagnostic_accuracy=70.9900% Gamma=0.000000 gate_passed=True fallback=functional_recovery_hungarian global_hash=3ebb9ef26d2425c394f913c79236c0e77b12fddae5c278b6c906eb3d3e7708b6
ROUND fedrad round=140 clients=[52, 51, 97, 7, 41, 61, 29, 88, 49, 26] diagnostic_accuracy=68.3200% Gamma=0.000000 gate_passed=True fallback=functional_recovery_hungarian global_hash=ed0e95472229912a35b5dc74ed181bde181aaf42ebbdc3af3ead353cc9058a0b
ROUND fedrad round=141 clients=[21, 47, 20, 59, 85, 2, 99, 70, 54, 50] diagnostic_accuracy=66.6500% Gamma=0.000000 gate_passed=True fallback=functional_recovery_hungarian global_hash=cc7455ad9ecad3e26c154e64268aadf8c29562b71063631605646c0e9db6d4ac
ROUND fedrad round=142 clients=[65, 98, 79, 6, 58, 92, 19, 37, 33, 75] diagnostic_accuracy=66.9300% Gamma=0.000000 gate_passed=True fallback=functional_recovery_hungarian global_hash=b75f96dc1b49ce714d5273366c9c563e3a994a313f6b7ae54a01ea4836dab2ac
ROUND fedrad round=143 clients=[44, 84, 56, 0, 69, 15, 66, 78, 42, 95] diagnostic_accuracy=59.5000% Gamma=0.000000 gate_passed=True fallback=functional_recovery_hungarian global_hash=4adb6f9c5e6b2f08c20d44eaf0870c2d155a3a67a978c5edc36aea2e45cb5a4f
ROUND fedrad round=144 clients=[36, 20, 53, 26, 80, 67, 25, 37, 39, 10] diagnostic_accuracy=62.5300% Gamma=0.000000 gate_passed=True fallback=functional_recovery_hungarian global_hash=2e1e920cd416aae4c24e602e2fb2f3f7cda18836eb0b80832b3ad060a8a0f8ce
ROUND fedrad round=145 clients=[54, 62, 65, 69, 82, 46, 64, 70, 59, 11] diagnostic_accuracy=69.1700% Gamma=0.000000 gate_passed=True fallback=functional_recovery_hungarian global_hash=a0f2e6c7ee4b7e61645eceeb06a0f841bbb4f066b02c936635428e7a2ad22514
ROUND fedrad round=146 clients=[78, 89, 64, 25, 85, 9, 57, 41, 97, 45] diagnostic_accuracy=66.4800% Gamma=0.000000 gate_passed=True fallback=functional_recovery_hungarian global_hash=36d85b0b93c380c86a11626aefaf5a09f6e03f42bb7bcd62837dbbf2d7e80c24
ROUND fedrad round=147 clients=[32, 8, 70, 41, 12, 19, 88, 20, 98, 33] diagnostic_accuracy=58.9100% Gamma=0.000000 gate_passed=True fallback=functional_recovery_hungarian global_hash=0ad3e584d488fca0856c63f47d3d44a9b96450309c0492433f70918e9196a428
ROUND fedrad round=148 clients=[50, 29, 81, 33, 44, 69, 2, 68, 93, 85] diagnostic_accuracy=69.5300% Gamma=0.000000 gate_passed=True fallback=functional_recovery_hungarian global_hash=98260ac2696fb3bbbcdac6e73a2c6f0d02d2a336a45e6d3510965aa3d378e7f4
ROUND fedrad round=149 clients=[5, 84, 70, 73, 31, 62, 69, 13, 86, 74] diagnostic_accuracy=47.8900% Gamma=0.000000 gate_passed=True fallback=functional_recovery_hungarian global_hash=3653f31fbf23782f256115f7c89495a762f91be3a596598c099e979b73ccc9aa
ROUND fedrad round=150 clients=[69, 9, 41, 83, 76, 63, 34, 67, 36, 87] diagnostic_accuracy=66.0700% Gamma=0.000000 gate_passed=True fallback=functional_recovery_hungarian global_hash=55ac74bb85c83f79c67bf9976fbfc54538b1d4b936302cdd77a7ecf007479462
ROUND fedrad round=151 clients=[40, 77, 95, 52, 25, 38, 46, 47, 93, 88] diagnostic_accuracy=63.3500% Gamma=0.000000 gate_passed=True fallback=functional_recovery_hungarian global_hash=3623326f4cc839919b96d2db0777629042c8b41195001ed2f2cb6f939219cad5
ROUND fedrad round=152 clients=[14, 22, 87, 6, 15, 36, 37, 44, 48, 38] diagnostic_accuracy=64.8600% Gamma=0.000000 gate_passed=True fallback=functional_recovery_hungarian global_hash=f98088fd944c3e6aab25363082488949ca878e0e5af5955513ad81979c66aea6
ROUND fedrad round=153 clients=[14, 66, 74, 62, 49, 45, 18, 79, 15, 68] diagnostic_accuracy=71.6100% Gamma=0.000000 gate_passed=True fallback=functional_recovery_hungarian global_hash=e5f1759d42eaf443c8ea31f1408b2027006936b89b85fcc9360ce3fac5fc4698
ROUND fedrad round=154 clients=[92, 32, 77, 87, 27, 13, 14, 47, 22, 73] diagnostic_accuracy=66.9500% Gamma=0.000000 gate_passed=True fallback=functional_recovery_hungarian global_hash=63957915e16aea7bb77f17d9b5c282bc02d2240150a11e4ad67f1574abc4b14e
ROUND fedrad round=155 clients=[60, 31, 44, 3, 84, 25, 98, 73, 52, 82] diagnostic_accuracy=48.5500% Gamma=0.000000 gate_passed=True fallback=functional_recovery_hungarian global_hash=e1a804f787ce18ca217d3b42b1c9aa3a531610e2b939689c3a78b195595b530c
ROUND fedrad round=156 clients=[66, 38, 74, 49, 46, 45, 12, 0, 81, 23] diagnostic_accuracy=66.4000% Gamma=0.000000 gate_passed=True fallback=functional_recovery_hungarian global_hash=3591307b93112188a784d1e24a283214862a792856124c01772c9a998de57656
ROUND fedrad round=157 clients=[6, 14, 56, 8, 37, 71, 68, 53, 88, 65] diagnostic_accuracy=67.6100% Gamma=0.000000 gate_passed=True fallback=functional_recovery_hungarian global_hash=86c492b62ef86550f7309762a4c91b78db2136f549fec8655a094217dcf8c297
ROUND fedrad round=158 clients=[76, 40, 68, 38, 91, 92, 18, 11, 69, 94] diagnostic_accuracy=71.1000% Gamma=0.000000 gate_passed=True fallback=functional_recovery_hungarian global_hash=95f935cf25ec68bfd1765e88ecbcd2eae7095fa6da371bea490989344b9f7ddc
ROUND fedrad round=159 clients=[0, 23, 91, 83, 98, 64, 90, 32, 84, 36] diagnostic_accuracy=64.1300% Gamma=0.000000 gate_passed=True fallback=functional_recovery_hungarian global_hash=d7fdcd0bd28c95c291aac79bec041a183106ae901844925ffcaa75355895af18
ROUND fedrad round=160 clients=[15, 9, 95, 71, 80, 49, 39, 81, 30, 8] diagnostic_accuracy=72.0000% Gamma=0.000000 gate_passed=True fallback=functional_recovery_hungarian global_hash=f817890a5e4402eda35cba8c458fcbacd885622ee9cecc32a003e2afa237b286
ROUND fedrad round=161 clients=[29, 87, 67, 36, 35, 96, 15, 61, 24, 62] diagnostic_accuracy=62.6400% Gamma=0.000000 gate_passed=True fallback=functional_recovery_hungarian global_hash=5671f4e8e0d9193adaa02a75ab1461063dca6aee3aaaf040c055ba9b69cdc9bf
ROUND fedrad round=162 clients=[13, 58, 87, 52, 50, 60, 3, 19, 35, 0] diagnostic_accuracy=65.8600% Gamma=0.000000 gate_passed=True fallback=functional_recovery_hungarian global_hash=687f0f1054007ca116a1beebbb5df54b43792b789c4158885361db014b812947
ROUND fedrad round=163 clients=[55, 46, 66, 67, 73, 12, 51, 1, 57, 90] diagnostic_accuracy=70.0300% Gamma=0.000000 gate_passed=True fallback=functional_recovery_hungarian global_hash=b4fb1815ad5f728548659516499501736ee8f9057035d772cc7a88f1c8a28a16
ROUND fedrad round=164 clients=[40, 72, 92, 86, 89, 90, 16, 98, 73, 58] diagnostic_accuracy=74.0100% Gamma=0.000000 gate_passed=True fallback=functional_recovery_hungarian global_hash=2da7c8e859ebe2508df350c39ff8767892141c8fddcdc3c20b81a4d7feb85985
ROUND fedrad round=165 clients=[0, 58, 47, 44, 94, 66, 4, 7, 27, 2] diagnostic_accuracy=68.6200% Gamma=0.000000 gate_passed=True fallback=functional_recovery_hungarian global_hash=b722c0145a0d41ab61381c4f694621a75bfa03d92fbddd0a455158b96d3c0cbd
ROUND fedrad round=166 clients=[58, 87, 14, 78, 40, 83, 73, 18, 52, 31] diagnostic_accuracy=67.2600% Gamma=0.000000 gate_passed=True fallback=functional_recovery_hungarian global_hash=7fcc22ffb6a9e65166bd5bf936b7d36acd69f6694caa18b38dba89364ec005b0
ROUND fedrad round=167 clients=[99, 22, 62, 86, 5, 20, 9, 51, 7, 54] diagnostic_accuracy=69.9900% Gamma=0.000000 gate_passed=True fallback=functional_recovery_hungarian global_hash=f013f525b03591f14538aba26f4af3574b470ddea1587e27df6d7c088ee11805
ROUND fedrad round=168 clients=[97, 37, 42, 7, 22, 5, 24, 56, 69, 12] diagnostic_accuracy=66.7200% Gamma=0.000000 gate_passed=True fallback=functional_recovery_hungarian global_hash=cf6f85d07dfb4670bf6ef6437e9fadc689fcc89c460e7562728c03104b1801f0
ROUND fedrad round=169 clients=[96, 22, 76, 44, 59, 78, 12, 68, 94, 87] diagnostic_accuracy=68.3300% Gamma=0.000000 gate_passed=True fallback=functional_recovery_hungarian global_hash=ab5cdd054be6c70f5853baf4e07edde885e62d1c5cead31cba8f60043935f2a2
ROUND fedrad round=170 clients=[45, 7, 65, 19, 95, 16, 35, 23, 83, 88] diagnostic_accuracy=68.8600% Gamma=0.000000 gate_passed=True fallback=functional_recovery_hungarian global_hash=9898de24eb60d5c37f905b97ba727c5af0802bfc110f3c448c631e0666287573
ROUND fedrad round=171 clients=[12, 91, 4, 90, 47, 66, 33, 9, 61, 84] diagnostic_accuracy=69.4100% Gamma=0.000000 gate_passed=True fallback=functional_recovery_hungarian global_hash=548efcdf41b01b88ccc3fbe9195f768ad74b16090cf7aaf3d1320196acdb332b
ROUND fedrad round=172 clients=[46, 60, 83, 2, 37, 70, 93, 29, 3, 43] diagnostic_accuracy=59.8300% Gamma=0.000000 gate_passed=True fallback=functional_recovery_hungarian global_hash=ca68fd4fb0777f068ee465ffa2739d617b99fb803af3fdb9f7cc6c363a38c49e
ROUND fedrad round=173 clients=[27, 45, 49, 4, 31, 62, 9, 95, 69, 72] diagnostic_accuracy=67.8500% Gamma=0.000000 gate_passed=True fallback=functional_recovery_hungarian global_hash=9c11a696fea3d9baed9b4d5db2101233577939c5d1232d3a85352326974228e9
ROUND fedrad round=174 clients=[27, 28, 1, 92, 55, 48, 74, 7, 99, 62] diagnostic_accuracy=66.5800% Gamma=0.000000 gate_passed=True fallback=functional_recovery_hungarian global_hash=acc7546dcda20502a15f3e53393e00567a09d136b6054fa82530215d85b0f295
ROUND fedrad round=175 clients=[24, 0, 9, 11, 31, 45, 58, 35, 69, 21] diagnostic_accuracy=74.5000% Gamma=0.000000 gate_passed=True fallback=functional_recovery_hungarian global_hash=29fa3985d3950c57f8f19f5d5ac07915c8cc8dae44ab623523b2df6287906f63
ROUND fedrad round=176 clients=[42, 98, 67, 21, 24, 81, 20, 75, 29, 36] diagnostic_accuracy=68.4500% Gamma=0.000000 gate_passed=True fallback=functional_recovery_hungarian global_hash=402fec6b19f9d23ac49b90cd7fde567ec3562f05574c204542e7c582af09f1ae
ROUND fedrad round=177 clients=[49, 75, 33, 60, 42, 64, 69, 11, 47, 70] diagnostic_accuracy=66.6000% Gamma=0.000000 gate_passed=True fallback=functional_recovery_hungarian global_hash=7c658e6fdabed4c04bd0bc3392493c8c20d59eedc90f879da26b2ddf85c021f2
ROUND fedrad round=178 clients=[96, 60, 16, 70, 73, 40, 11, 24, 87, 93] diagnostic_accuracy=66.7700% Gamma=0.000000 gate_passed=True fallback=functional_recovery_hungarian global_hash=31fa716f680b3d7867f7d31d6e0e7a16be9b7cd5c4259c91b6bcbb202b56c176
ROUND fedrad round=179 clients=[37, 16, 85, 31, 69, 36, 54, 25, 32, 38] diagnostic_accuracy=67.6000% Gamma=0.000000 gate_passed=True fallback=functional_recovery_hungarian global_hash=1984b23b821e5048dd116448241b92f62ff7f23cc3786d805898c1c33db9a6c8
ROUND fedrad round=180 clients=[80, 92, 61, 76, 19, 28, 7, 73, 67, 38] diagnostic_accuracy=69.3600% Gamma=0.000000 gate_passed=True fallback=functional_recovery_hungarian global_hash=92e2d19c049064de3b26b27d9db3ca3e872d08990e750b474edee91a11ab8a1a
ROUND fedrad round=181 clients=[78, 26, 35, 44, 29, 85, 64, 66, 97, 21] diagnostic_accuracy=65.6600% Gamma=0.000000 gate_passed=True fallback=functional_recovery_hungarian global_hash=51622ea11055cfac9424c2cd608ac3dcf4ac3893a3da48a831c2682f15536a3e
ROUND fedrad round=182 clients=[78, 73, 10, 52, 54, 24, 44, 70, 99, 90] diagnostic_accuracy=67.1200% Gamma=0.000000 gate_passed=True fallback=functional_recovery_hungarian global_hash=4480718fe4dc7473a9d8d2b0798ec44acc2c8aad4029ea90ef5d0cd63618e6d9
ROUND fedrad round=183 clients=[96, 38, 1, 4, 36, 19, 77, 52, 41, 49] diagnostic_accuracy=70.9800% Gamma=0.000000 gate_passed=True fallback=functional_recovery_hungarian global_hash=1305ea29257a2ffef022968d27aeea6505b83eceb7c3ad61430102b0412c22e5
ROUND fedrad round=184 clients=[87, 55, 49, 7, 51, 67, 40, 21, 34, 0] diagnostic_accuracy=72.7200% Gamma=0.000000 gate_passed=True fallback=functional_recovery_hungarian global_hash=facbb34580f729329360428572b17c59790b0203ac4139a506c59e04963072d7
ROUND fedrad round=185 clients=[74, 63, 39, 14, 96, 82, 21, 45, 88, 13] diagnostic_accuracy=67.7600% Gamma=0.000000 gate_passed=True fallback=functional_recovery_hungarian global_hash=3466146fb893a81510ea932e828272dcee6c4c58f2d10e0d4b18d01c74980d77
ROUND fedrad round=186 clients=[1, 26, 23, 59, 22, 57, 27, 60, 18, 69] diagnostic_accuracy=65.7000% Gamma=0.000000 gate_passed=True fallback=functional_recovery_hungarian global_hash=b7b76a1c08d5acfff2c7a193e67b394b66ccc7fbbac66daf25b85437b9117e58
ROUND fedrad round=187 clients=[34, 87, 43, 64, 27, 92, 78, 55, 68, 7] diagnostic_accuracy=69.9500% Gamma=0.000000 gate_passed=True fallback=functional_recovery_hungarian global_hash=c3e38f16442af559c1331eb8cf665dba4e36f5746ed9abed51a1edf0dc8a9649
ROUND fedrad round=188 clients=[67, 20, 34, 69, 85, 14, 86, 81, 36, 76] diagnostic_accuracy=72.0000% Gamma=0.000000 gate_passed=True fallback=functional_recovery_hungarian global_hash=a3ce7a50692b35517de143ae5fecc40a5136b5322dc8c76830dc47c8556b59dd
ROUND fedrad round=189 clients=[57, 7, 53, 49, 74, 65, 76, 29, 78, 80] diagnostic_accuracy=71.0800% Gamma=0.000000 gate_passed=True fallback=functional_recovery_hungarian global_hash=b3801c8e9db4f5b44f7d77500b45952eb9b8ba167c84249704c6012f57aeeffa
ROUND fedrad round=190 clients=[71, 25, 7, 77, 39, 51, 87, 5, 45, 11] diagnostic_accuracy=68.3900% Gamma=0.000000 gate_passed=True fallback=functional_recovery_hungarian global_hash=c6bcd60755f5dae0b1d4b3966dbba12d4143c60964de71bb06a16f0c82a5998d
ROUND fedrad round=191 clients=[60, 21, 34, 0, 98, 92, 44, 65, 66, 3] diagnostic_accuracy=64.8300% Gamma=0.000000 gate_passed=True fallback=functional_recovery_hungarian global_hash=75ae0588074bdf4ab6923318d40f2ddf4883dd801c8cf1f72f0c77af30e9bb88
ROUND fedrad round=192 clients=[36, 59, 66, 20, 0, 16, 86, 71, 90, 56] diagnostic_accuracy=72.7400% Gamma=0.000000 gate_passed=True fallback=functional_recovery_hungarian global_hash=f1e49ec7b059253e95710ec21cd0d5ab766274e9b4e7aae999b2e44068a13e70
ROUND fedrad round=193 clients=[19, 22, 51, 45, 91, 26, 14, 83, 15, 67] diagnostic_accuracy=71.7400% Gamma=0.000000 gate_passed=True fallback=functional_recovery_hungarian global_hash=1dabcb9334bb569809fff3b0f650ec34a9ca5075692186f4721fd0420af65009
ROUND fedrad round=194 clients=[62, 14, 3, 92, 78, 33, 89, 48, 70, 31] diagnostic_accuracy=67.7400% Gamma=0.000000 gate_passed=True fallback=functional_recovery_hungarian global_hash=8e4409939eec4faa200109c18fdd7afc22266570cbc2dd0a4ae263a793b1dcec
ROUND fedrad round=195 clients=[37, 10, 88, 63, 53, 68, 2, 52, 26, 59] diagnostic_accuracy=67.1600% Gamma=0.000000 gate_passed=True fallback=functional_recovery_hungarian global_hash=25d38ec80e88b41c9d0f02af1d2101771f1d4818715e4c520f319da03cc0ae51
ROUND fedrad round=196 clients=[59, 71, 85, 49, 20, 10, 3, 86, 88, 33] diagnostic_accuracy=52.1400% Gamma=0.000000 gate_passed=True fallback=functional_recovery_hungarian global_hash=3a5417d39c336aa00889e4126d491990683c098864db2fce6fce9b092a58ff3b
ROUND fedrad round=197 clients=[9, 0, 18, 66, 44, 17, 92, 95, 64, 96] diagnostic_accuracy=68.5300% Gamma=0.000000 gate_passed=True fallback=functional_recovery_hungarian global_hash=5be6fea46e7861c468bb0ffcb4e0f276b6cb03b0ffaa645f7ed0a3a0005407ba
ROUND fedrad round=198 clients=[70, 58, 24, 57, 32, 19, 43, 65, 5, 88] diagnostic_accuracy=60.3300% Gamma=0.000000 gate_passed=True fallback=functional_recovery_hungarian global_hash=4ac8336e67c0db262bc41b9508e681d9b7c02fb4990b8399a839bef8124caa71
ROUND fedrad round=199 clients=[61, 75, 68, 2, 6, 26, 1, 56, 78, 74] diagnostic_accuracy=69.6800% Gamma=0.000000 gate_passed=True fallback=functional_recovery_hungarian global_hash=f69047411a58fda2c532f99453a62fa41b6ec6afc52ffda926c5a962290f8497
ROUND fedrad round=200 clients=[8, 57, 22, 90, 46, 9, 56, 99, 89, 4] diagnostic_accuracy=71.3200% Gamma=0.000000 gate_passed=True fallback=functional_recovery_hungarian global_hash=9914281dd37e3793e8dbbfd312fb56277df62cc2576f0c7b48a2d2e197622345
FINAL_STATE_HASH 9914281dd37e3793e8dbbfd312fb56277df62cc2576f0c7b48a2d2e197622345
