Run directory: C:\Users\admin\Desktop\need_do\new_paper_four\FedPhoenix-new\results\probe_horizon_functional_recovery_2of64\functional_recovery_seed1_20260907_144726_432266_m2_steps3_seed1_2of64_200r
Partition fingerprint: f8fcaa0f17c5d2078c5d24ece11b3f8cfcb82553733fb972155b7452d87a8fd0; device=cuda:0
ROUND fedrad round=1 clients=[80, 84, 33, 81, 93, 17, 36, 82, 69, 65] diagnostic_accuracy=10.0000% Gamma=0.000000 gate_passed=True fallback=functional_recovery_hungarian global_hash=c6432dd6d30651954c718691d66b95ead53f9f364bd41132c4908756853390e2
ROUND fedrad round=2 clients=[44, 96, 1, 35, 26, 11, 38, 82, 87, 3] diagnostic_accuracy=16.5600% Gamma=0.000000 gate_passed=True fallback=functional_recovery_hungarian global_hash=38f1bbec73363a3bce65e167fb1d76da9770d9ef726ad5cb8a3db273112fcb56
ROUND fedrad round=3 clients=[95, 67, 96, 71, 1, 80, 99, 45, 52, 27] diagnostic_accuracy=17.9500% Gamma=0.000000 gate_passed=True fallback=functional_recovery_hungarian global_hash=89fc5d73bda80b1867ffd6187462d2d72403d4cf596f5f6e03a96c41f4975e1b
ROUND fedrad round=4 clients=[40, 10, 96, 66, 89, 32, 95, 55, 25, 5] diagnostic_accuracy=15.7600% Gamma=0.000000 gate_passed=True fallback=functional_recovery_hungarian global_hash=602bd83ac6abeff92f06d353f321aeb208afc2e6bb699ac2468748090309ebb6
ROUND fedrad round=5 clients=[89, 99, 45, 96, 72, 9, 74, 88, 1, 38] diagnostic_accuracy=21.2500% Gamma=0.000000 gate_passed=True fallback=functional_recovery_hungarian global_hash=34462cd2c8486ea732e4c255527a88087053da2a5cb922e628c56ee190c019dd
ROUND fedrad round=6 clients=[0, 86, 4, 23, 24, 1, 62, 83, 66, 93] diagnostic_accuracy=21.9000% Gamma=0.000000 gate_passed=True fallback=functional_recovery_hungarian global_hash=76915bba7d2affa3820f9dd9f59b91d9fa9e3cf16408a2529902ed652e0f3964
ROUND fedrad round=7 clients=[6, 59, 72, 30, 91, 43, 75, 76, 15, 61] diagnostic_accuracy=24.3000% Gamma=0.000000 gate_passed=True fallback=functional_recovery_hungarian global_hash=8989b32aecfe58784499f6071d0451d0d951b63c7ad95987c735367189a1c32c
ROUND fedrad round=8 clients=[44, 88, 74, 48, 59, 79, 25, 52, 45, 55] diagnostic_accuracy=20.1800% Gamma=0.000000 gate_passed=True fallback=functional_recovery_hungarian global_hash=377159742aeb79454325e2edf368d24f8512799896998b9c11a688d5a410541b
ROUND fedrad round=9 clients=[3, 60, 35, 33, 22, 66, 45, 68, 67, 75] diagnostic_accuracy=25.3100% Gamma=0.000000 gate_passed=True fallback=functional_recovery_hungarian global_hash=7615cb0977af1aee597200b745a74d9a77e267f1e44a8ea496f71f0a6776cda1
ROUND fedrad round=10 clients=[64, 91, 12, 52, 16, 65, 50, 68, 33, 30] diagnostic_accuracy=27.6600% Gamma=0.000000 gate_passed=True fallback=functional_recovery_hungarian global_hash=ec9c1e4cdab0ef9ff666eb6bdb223f59b9c9ec78af79f28edcb2d32c21468638
ROUND fedrad round=11 clients=[54, 27, 23, 37, 75, 33, 41, 46, 52, 24] diagnostic_accuracy=25.3500% Gamma=0.000000 gate_passed=True fallback=functional_recovery_hungarian global_hash=888b625200defd8b6a98e487e80003673a751e722a4f852bc681ad50d112f1f5
ROUND fedrad round=12 clients=[54, 45, 28, 44, 15, 1, 93, 12, 88, 40] diagnostic_accuracy=26.3700% Gamma=0.000000 gate_passed=True fallback=functional_recovery_hungarian global_hash=495006259026824d99fcc8d42a0ca9ad13c220c3a72efca8673ca322c802ecd2
ROUND fedrad round=13 clients=[70, 75, 5, 68, 36, 79, 72, 78, 57, 44] diagnostic_accuracy=27.4500% Gamma=0.000000 gate_passed=True fallback=functional_recovery_hungarian global_hash=61a7812e574a638d5b93edb64a25420c6f81b2ae0fcb6e71838e8d9f892e60cd
ROUND fedrad round=14 clients=[41, 9, 30, 89, 40, 49, 3, 22, 8, 16] diagnostic_accuracy=29.0500% Gamma=0.000000 gate_passed=True fallback=functional_recovery_hungarian global_hash=94fad474ac3b533dbf71f8fca8924ae7574a2bc0be19253763fed7516a1f7608
ROUND fedrad round=15 clients=[82, 28, 69, 81, 56, 71, 85, 27, 37, 66] diagnostic_accuracy=29.9000% Gamma=0.000000 gate_passed=True fallback=functional_recovery_hungarian global_hash=b5154c2b2dd87fb0b76b09f7bbc4e447077c0aa56af938e0ed15e9e4b782cf3a
ROUND fedrad round=16 clients=[60, 13, 26, 12, 1, 28, 88, 86, 11, 43] diagnostic_accuracy=32.3200% Gamma=0.000000 gate_passed=True fallback=functional_recovery_hungarian global_hash=17c21aa69a04227c5f598a3711eff2fd9201a7c3c054fa9556ad9e2072bd3088
ROUND fedrad round=17 clients=[93, 16, 72, 75, 10, 4, 38, 71, 42, 62] diagnostic_accuracy=30.8700% Gamma=0.000000 gate_passed=True fallback=functional_recovery_hungarian global_hash=adc023b3daf8c96fdc071319aa93bfad7e8714a753be10188f751c2805e19055
ROUND fedrad round=18 clients=[36, 47, 1, 64, 57, 97, 29, 6, 67, 92] diagnostic_accuracy=33.2500% Gamma=0.000000 gate_passed=True fallback=functional_recovery_hungarian global_hash=ee8b0b4f736fb5772c894d5a81dbe5348a572808a11d8df10296db04a1808653
ROUND fedrad round=19 clients=[48, 87, 17, 57, 22, 81, 4, 51, 94, 63] diagnostic_accuracy=31.4600% Gamma=0.000000 gate_passed=True fallback=functional_recovery_hungarian global_hash=b798b91dc0a7033c085e60ccc85ce06d8cafc6c6cea29931c91de93e9d9ae614
ROUND fedrad round=20 clients=[9, 17, 59, 11, 2, 95, 68, 28, 60, 14] diagnostic_accuracy=33.9500% Gamma=0.000000 gate_passed=True fallback=functional_recovery_hungarian global_hash=c52397bb6fd33c94a8cab04edf3a769bebf43a5ec5758cfc2867b5d0ceeebc84
ROUND fedrad round=21 clients=[26, 25, 15, 93, 45, 54, 68, 90, 76, 10] diagnostic_accuracy=26.0400% Gamma=0.000000 gate_passed=True fallback=functional_recovery_hungarian global_hash=71da890b234e6b5d8ccacd15fa8b42a466b4d36c5ed42079868ce108cba81bbe
ROUND fedrad round=22 clients=[84, 74, 93, 1, 48, 44, 29, 26, 94, 75] diagnostic_accuracy=31.6500% Gamma=0.000000 gate_passed=True fallback=functional_recovery_hungarian global_hash=8235883620b6717642e9060bb35cb2b9e1b7b2ba9318865b1eb4ca2ad9ac2df2
ROUND fedrad round=23 clients=[71, 58, 50, 22, 59, 84, 10, 70, 43, 67] diagnostic_accuracy=32.5400% Gamma=0.000000 gate_passed=True fallback=functional_recovery_hungarian global_hash=e17322adb0ea2bce70c1b20f4b173bde0ccc469eca4da38b90751981f169b546
ROUND fedrad round=24 clients=[70, 54, 33, 75, 31, 58, 17, 6, 3, 51] diagnostic_accuracy=34.6500% Gamma=0.000000 gate_passed=True fallback=functional_recovery_hungarian global_hash=c9e053f327e142d0d4adb223526bcdda14949349fcbd85dbf49e984a5739cb0b
ROUND fedrad round=25 clients=[42, 87, 33, 36, 30, 84, 78, 98, 71, 75] diagnostic_accuracy=16.7600% Gamma=0.000000 gate_passed=True fallback=functional_recovery_hungarian global_hash=237eb2e3a2f71113205bc8479308d5e179b9c0258f3c79b926b158c665f1d073
ROUND fedrad round=26 clients=[41, 47, 34, 10, 51, 11, 50, 16, 86, 64] diagnostic_accuracy=40.0600% Gamma=0.000000 gate_passed=True fallback=functional_recovery_hungarian global_hash=5a350572b4c69a34147e5752bcf4d26e242aea43102960fb3b0899661f5f1ee7
ROUND fedrad round=27 clients=[58, 82, 63, 50, 98, 84, 4, 46, 65, 88] diagnostic_accuracy=32.5900% Gamma=0.000000 gate_passed=True fallback=functional_recovery_hungarian global_hash=5c3d1441bec409afab291df20987d80992e1e1233dbdfc1b1ef17aeb3a809411
ROUND fedrad round=28 clients=[99, 88, 69, 16, 46, 29, 90, 91, 4, 45] diagnostic_accuracy=39.2900% Gamma=0.000000 gate_passed=True fallback=functional_recovery_hungarian global_hash=10adc8e198279901a09fcf398e6c5e34f7e04b2c699742fd2f55f082cc25d48e
ROUND fedrad round=29 clients=[80, 73, 28, 34, 1, 10, 13, 65, 5, 49] diagnostic_accuracy=40.7700% Gamma=0.000000 gate_passed=True fallback=functional_recovery_hungarian global_hash=ce4300b5b3b6cd6ca9764d818476381f9992c2d3cb1412f483ebd1c1341e892f
ROUND fedrad round=30 clients=[62, 41, 74, 11, 99, 8, 75, 26, 81, 85] diagnostic_accuracy=37.2200% Gamma=0.000000 gate_passed=True fallback=functional_recovery_hungarian global_hash=d3358ef930855d6d1b9730f1ea7db1eab45366bfe57eae0b0134b78905586b22
ROUND fedrad round=31 clients=[96, 81, 77, 83, 14, 50, 13, 67, 53, 91] diagnostic_accuracy=47.2600% Gamma=0.000000 gate_passed=True fallback=functional_recovery_hungarian global_hash=4b24aa3c676161dd9ab1e6e9229f2a1fd50848ff4f1db75da29ae433de664827
ROUND fedrad round=32 clients=[40, 73, 70, 3, 6, 94, 1, 25, 20, 10] diagnostic_accuracy=35.9800% Gamma=0.000000 gate_passed=True fallback=functional_recovery_hungarian global_hash=e3007f188e1d6b85c29fc020743db64adecf8a8210e6d79a327d7c25314dca41
ROUND fedrad round=33 clients=[45, 16, 51, 88, 17, 78, 36, 44, 21, 62] diagnostic_accuracy=42.3800% Gamma=0.000000 gate_passed=True fallback=functional_recovery_hungarian global_hash=d173359c214b79ce3850a53f9c0a8c7799a825eb4c45dd4b499ae335c54aa609
ROUND fedrad round=34 clients=[92, 43, 97, 61, 58, 67, 1, 98, 30, 75] diagnostic_accuracy=41.4100% Gamma=0.000000 gate_passed=True fallback=functional_recovery_hungarian global_hash=d9a405a947f6f9a03b847d0fa8a9e851796435462663bc57502a61c2e435b7d4
ROUND fedrad round=35 clients=[31, 89, 17, 66, 92, 23, 96, 9, 35, 20] diagnostic_accuracy=41.1500% Gamma=0.000000 gate_passed=True fallback=functional_recovery_hungarian global_hash=7f1beb2ceacfff85731a4a28957279a1bc37e5ebe4227e47065eb2d1fa7367bf
ROUND fedrad round=36 clients=[72, 68, 65, 28, 23, 85, 16, 60, 73, 78] diagnostic_accuracy=47.8100% Gamma=0.000000 gate_passed=True fallback=functional_recovery_hungarian global_hash=10ceab80f5d4548bbfb65bbad1e422d1b721414f1975de4e954ea0f53e13bb2a
ROUND fedrad round=37 clients=[66, 49, 62, 9, 84, 68, 74, 3, 44, 71] diagnostic_accuracy=29.8100% Gamma=0.000000 gate_passed=True fallback=functional_recovery_hungarian global_hash=f7b269575af02718afe99910c8336085415281c4d5a06e30db237893793361b4
ROUND fedrad round=38 clients=[50, 73, 27, 38, 8, 53, 21, 14, 28, 64] diagnostic_accuracy=47.8700% Gamma=0.000000 gate_passed=True fallback=functional_recovery_hungarian global_hash=1c916b5c1e88e9474a1d4732c32a2b6d066de940110f583598f86dd8824b98d2
ROUND fedrad round=39 clients=[48, 87, 40, 59, 3, 10, 75, 35, 49, 89] diagnostic_accuracy=44.7200% Gamma=0.000000 gate_passed=True fallback=functional_recovery_hungarian global_hash=2dfdf666765733738fd909d60c8efbeca3e16377399fe0430ca36bac2b963952
ROUND fedrad round=40 clients=[83, 93, 34, 60, 90, 45, 42, 41, 91, 36] diagnostic_accuracy=49.2100% Gamma=0.000000 gate_passed=True fallback=functional_recovery_hungarian global_hash=9b63c15e70286f5be49036a3b3292667a4ddaae455dcdf0dba3830e96558c852
ROUND fedrad round=41 clients=[75, 52, 20, 80, 90, 93, 4, 51, 13, 98] diagnostic_accuracy=41.1600% Gamma=0.000000 gate_passed=True fallback=functional_recovery_hungarian global_hash=2db18253ba3ecc39fede90fae49ae920c42c1ef1b7a92af1910c2878fce87f62
ROUND fedrad round=42 clients=[98, 79, 17, 10, 3, 12, 29, 26, 54, 58] diagnostic_accuracy=32.4500% Gamma=0.000000 gate_passed=True fallback=functional_recovery_hungarian global_hash=74f40709ea41def1f8c5fa8843670007b9b055d7384cc4fc888558b521459948
ROUND fedrad round=43 clients=[32, 15, 47, 9, 7, 16, 24, 57, 71, 28] diagnostic_accuracy=46.9400% Gamma=0.000000 gate_passed=True fallback=functional_recovery_hungarian global_hash=42c3dbcf6a31180fb699c05ddbeef4b369cc8fd8207848bf56bc8485e0796a42
ROUND fedrad round=44 clients=[76, 67, 81, 35, 44, 49, 32, 99, 69, 51] diagnostic_accuracy=48.2900% Gamma=0.000000 gate_passed=True fallback=functional_recovery_hungarian global_hash=8e73b963ba1b44223872f3bfc696a65f8318011338d6d237d2446aa975b5d3ed
ROUND fedrad round=45 clients=[42, 4, 95, 71, 84, 22, 61, 5, 10, 28] diagnostic_accuracy=41.7400% Gamma=0.000000 gate_passed=True fallback=functional_recovery_hungarian global_hash=076d4fffd1044e62250af5a1ad9047c76dddc537b67e953447393b4d9cdcebdf
ROUND fedrad round=46 clients=[61, 52, 80, 26, 37, 44, 85, 1, 99, 55] diagnostic_accuracy=55.4000% Gamma=0.000000 gate_passed=True fallback=functional_recovery_hungarian global_hash=9a44754c4f201b3e5ba1bbe49a4c4d0eab208518e7c696d3a050d1e5b1825856
ROUND fedrad round=47 clients=[23, 10, 75, 28, 19, 22, 43, 13, 98, 85] diagnostic_accuracy=45.6800% Gamma=0.000000 gate_passed=True fallback=functional_recovery_hungarian global_hash=ccdca69397c37626d9e00c2f8d8015cbd438ff933ad1fe8cfba4fe332930dd04
ROUND fedrad round=48 clients=[18, 1, 96, 63, 59, 71, 88, 39, 97, 68] diagnostic_accuracy=50.2300% Gamma=0.000000 gate_passed=True fallback=functional_recovery_hungarian global_hash=2e43dd56b8d6655d61e690ce06582668ced1a74a2e7aef162866ed448f105224
ROUND fedrad round=49 clients=[44, 11, 93, 47, 54, 9, 81, 94, 45, 65] diagnostic_accuracy=56.4800% Gamma=0.000000 gate_passed=True fallback=functional_recovery_hungarian global_hash=3c5fa6f93ab68d5e3055e769ef72f98ec1a519984a6e670c810c5bdb83762263
ROUND fedrad round=50 clients=[48, 43, 51, 76, 99, 39, 38, 73, 89, 80] diagnostic_accuracy=44.3300% Gamma=0.000000 gate_passed=True fallback=functional_recovery_hungarian global_hash=3fa6a70188345816665398995babfb06c3dde7c8a832197dd4c323f57e4d9552
ROUND fedrad round=51 clients=[34, 16, 99, 17, 62, 58, 96, 29, 90, 30] diagnostic_accuracy=57.4200% Gamma=0.000000 gate_passed=True fallback=functional_recovery_hungarian global_hash=e7fa77fd2455f3616c346923d6e9d40a9cb035b40c76658eb19a73ae6a31e083
ROUND fedrad round=52 clients=[8, 59, 78, 95, 25, 35, 99, 86, 54, 64] diagnostic_accuracy=58.5400% Gamma=0.000000 gate_passed=True fallback=functional_recovery_hungarian global_hash=b4a1cc81e59cee4843755786fcba407eccf5d262e158cb9be59d37e4b7dd1655
ROUND fedrad round=53 clients=[87, 42, 55, 74, 37, 10, 26, 23, 57, 62] diagnostic_accuracy=50.1600% Gamma=0.000000 gate_passed=True fallback=functional_recovery_hungarian global_hash=aa5bdf06608f429afd67750031f51fd496637912d1c0955623a99b75a9bc1aa6
ROUND fedrad round=54 clients=[84, 2, 76, 48, 68, 40, 92, 8, 42, 46] diagnostic_accuracy=54.5100% Gamma=0.000000 gate_passed=True fallback=functional_recovery_hungarian global_hash=cdfb6ba545362d46714c7e02edd6e5d5961178db8c8e270819ab7fd620a4184e
ROUND fedrad round=55 clients=[91, 70, 16, 58, 10, 35, 31, 86, 62, 54] diagnostic_accuracy=54.8200% Gamma=0.000000 gate_passed=True fallback=functional_recovery_hungarian global_hash=5232b2af19f6836a804d161694b078070828ad1c8ced9e7e7806b2478717a8be
ROUND fedrad round=56 clients=[32, 41, 20, 75, 69, 62, 74, 38, 80, 58] diagnostic_accuracy=46.6200% Gamma=0.000000 gate_passed=True fallback=functional_recovery_hungarian global_hash=534eafe97d154b3918fc6c6c0245621ee23237f046f978389adfa5e6552e6168
ROUND fedrad round=57 clients=[89, 0, 84, 16, 97, 67, 41, 38, 59, 60] diagnostic_accuracy=50.4900% Gamma=0.000000 gate_passed=True fallback=functional_recovery_hungarian global_hash=2f74e2cb38c8a19ebc7e8aa9411ebb08072ff5cc873337dd11a9152da42e7dd0
ROUND fedrad round=58 clients=[59, 21, 34, 35, 95, 41, 9, 12, 47, 42] diagnostic_accuracy=49.8900% Gamma=0.000000 gate_passed=True fallback=functional_recovery_hungarian global_hash=623cf0ef869b9e0e64b6b1b9fe176f843fea898170f9a14db4e7085ada3a10e3
ROUND fedrad round=59 clients=[88, 78, 75, 43, 57, 63, 34, 79, 17, 93] diagnostic_accuracy=51.8600% Gamma=0.000000 gate_passed=True fallback=functional_recovery_hungarian global_hash=0aef73b2d111c4980d2c513d1709d3313b9130aadf78ec4878b227922ecfe52d
ROUND fedrad round=60 clients=[76, 35, 9, 75, 32, 97, 53, 72, 27, 91] diagnostic_accuracy=50.3400% Gamma=0.000000 gate_passed=True fallback=functional_recovery_hungarian global_hash=5cde67cb9029ad47750db68ac106f70955eff9287c96a1a4d0d20c67dd3b42a1
ROUND fedrad round=61 clients=[60, 14, 9, 43, 15, 68, 7, 44, 65, 89] diagnostic_accuracy=59.8300% Gamma=0.000000 gate_passed=True fallback=functional_recovery_hungarian global_hash=7c029630a1abd9f00ec72c87f94591a71ae1302f960b1ce30d0308eee1abd8b3
ROUND fedrad round=62 clients=[56, 67, 28, 93, 30, 71, 78, 48, 25, 19] diagnostic_accuracy=58.8500% Gamma=0.000000 gate_passed=True fallback=functional_recovery_hungarian global_hash=ef93b14fc4b1b3e680a3572a989b93a5e0124df653c09d97aef795ed0844230b
ROUND fedrad round=63 clients=[61, 18, 63, 89, 0, 99, 42, 76, 81, 9] diagnostic_accuracy=54.6400% Gamma=0.000000 gate_passed=True fallback=functional_recovery_hungarian global_hash=29e2c53393538204545dd5fd8e35ec38658f32477a35eee1e1f590625df0f25f
ROUND fedrad round=64 clients=[14, 22, 8, 93, 29, 90, 73, 28, 57, 58] diagnostic_accuracy=58.8800% Gamma=0.000000 gate_passed=True fallback=functional_recovery_hungarian global_hash=3e852c2eef970ca01ac74e40bbb3df13048c37d942c08ccc331e8d0972c57e8a
ROUND fedrad round=65 clients=[16, 90, 78, 23, 55, 61, 31, 0, 11, 82] diagnostic_accuracy=60.5700% Gamma=0.000000 gate_passed=True fallback=functional_recovery_hungarian global_hash=4c3c46c0a16c62173638ced8cc8906e2897b122d09f2a48f49da139491b36a72
ROUND fedrad round=66 clients=[28, 65, 16, 72, 11, 36, 19, 51, 81, 53] diagnostic_accuracy=59.4600% Gamma=0.000000 gate_passed=True fallback=functional_recovery_hungarian global_hash=dfc203694eec603c4f738d597c42fc8d84dcff6982f03df0980dc28da1aec3dd
ROUND fedrad round=67 clients=[53, 63, 96, 28, 78, 90, 58, 73, 34, 4] diagnostic_accuracy=59.7000% Gamma=0.000000 gate_passed=True fallback=functional_recovery_hungarian global_hash=be4687d0835f069a5119be8c8e43db61734ab38033461168663168d8754e7940
ROUND fedrad round=68 clients=[38, 57, 22, 41, 70, 39, 10, 5, 17, 32] diagnostic_accuracy=57.1300% Gamma=0.000000 gate_passed=True fallback=functional_recovery_hungarian global_hash=9147a88fc681f8d78094709b2f47feadcb926951f9589e8d87f68390c3aed680
ROUND fedrad round=69 clients=[60, 67, 48, 59, 46, 94, 22, 29, 53, 97] diagnostic_accuracy=61.0900% Gamma=0.000000 gate_passed=True fallback=functional_recovery_hungarian global_hash=3bead7b03ece1b927715da8147f54c6dd9fd43e0b3e0e491c4cc15637431fc71
ROUND fedrad round=70 clients=[61, 33, 76, 48, 37, 54, 38, 13, 8, 39] diagnostic_accuracy=52.6300% Gamma=0.000000 gate_passed=True fallback=functional_recovery_hungarian global_hash=3734d50ec68b8ca45e7fd2db69298a8fc18441061532d64a8e354125e56dcec0
ROUND fedrad round=71 clients=[31, 88, 91, 25, 50, 95, 67, 45, 80, 70] diagnostic_accuracy=58.7000% Gamma=0.000000 gate_passed=True fallback=functional_recovery_hungarian global_hash=ed4d251b477f3233f5f63b35aa7d071617015170493cf0d714db26dcde4e8f01
ROUND fedrad round=72 clients=[3, 23, 17, 94, 61, 43, 63, 91, 37, 84] diagnostic_accuracy=46.1500% Gamma=0.000000 gate_passed=True fallback=functional_recovery_hungarian global_hash=710faab6a95dd9a2233bec53e7b411e9cf5103c0315491ed2029e31f16b72118
ROUND fedrad round=73 clients=[11, 73, 78, 47, 45, 83, 36, 75, 91, 57] diagnostic_accuracy=61.4400% Gamma=0.000000 gate_passed=True fallback=functional_recovery_hungarian global_hash=9e714a8e1174a19a06dbc7b7869ebb8504339b41ce3f15ee7c890a7a41563d64
ROUND fedrad round=74 clients=[46, 54, 66, 62, 96, 49, 24, 75, 60, 52] diagnostic_accuracy=58.4000% Gamma=0.000000 gate_passed=True fallback=functional_recovery_hungarian global_hash=f80bc77f7c4a53706e8e85ad23f85c2cf37e581d85b8177840198c9252cf81f0
ROUND fedrad round=75 clients=[75, 51, 39, 89, 14, 54, 41, 30, 24, 80] diagnostic_accuracy=53.4700% Gamma=0.000000 gate_passed=True fallback=functional_recovery_hungarian global_hash=864e6968d3d1b8d7a21fc2454c89c0792a8ed2f36055e836bd482e545a81c357
ROUND fedrad round=76 clients=[67, 90, 45, 78, 32, 86, 50, 55, 33, 60] diagnostic_accuracy=65.5100% Gamma=0.000000 gate_passed=True fallback=functional_recovery_hungarian global_hash=bb654e4362c8fbf555c71c9b9eff2636a0e6b3fee2debe2069b46288a5b4f6b5
ROUND fedrad round=77 clients=[4, 16, 51, 33, 89, 30, 13, 77, 43, 85] diagnostic_accuracy=58.5300% Gamma=0.000000 gate_passed=True fallback=functional_recovery_hungarian global_hash=9e619db3020c013ce5aef1f26e51ff97a881abdab3ec5a43c8b52a18c00544f0
ROUND fedrad round=78 clients=[97, 76, 96, 72, 42, 17, 33, 51, 24, 36] diagnostic_accuracy=61.2500% Gamma=0.000000 gate_passed=True fallback=functional_recovery_hungarian global_hash=f360ed5a1685cb4772115a0386287c5d08e548bf376d887eb0467d87a53585ab
ROUND fedrad round=79 clients=[22, 47, 61, 27, 50, 96, 89, 97, 85, 30] diagnostic_accuracy=60.5800% Gamma=0.000000 gate_passed=True fallback=functional_recovery_hungarian global_hash=dce186142546225cf1deb337ccfe6d267feca2bc16871be105332ae4567896dd
ROUND fedrad round=80 clients=[44, 70, 23, 38, 74, 21, 82, 4, 88, 98] diagnostic_accuracy=56.4200% Gamma=0.000000 gate_passed=True fallback=functional_recovery_hungarian global_hash=2d5aa599aa73d6421f13d07de5e46b0f0a67aef90d0ba39cdfe064430e04e671
ROUND fedrad round=81 clients=[90, 72, 65, 50, 85, 56, 4, 80, 31, 17] diagnostic_accuracy=58.0600% Gamma=0.000000 gate_passed=True fallback=functional_recovery_hungarian global_hash=b7c33bcd35220db6855aab9bef23ae90774c7fd9fd645fd7fdf91ffee18b2902
ROUND fedrad round=82 clients=[61, 40, 41, 34, 97, 51, 50, 13, 22, 8] diagnostic_accuracy=62.4300% Gamma=0.000000 gate_passed=True fallback=functional_recovery_hungarian global_hash=b489d1ee0a9c56f4976fd83ac196e307cfadd0f97340071bc861bff7bcffb73b
ROUND fedrad round=83 clients=[87, 54, 63, 83, 96, 26, 0, 59, 69, 14] diagnostic_accuracy=61.9600% Gamma=0.000000 gate_passed=True fallback=functional_recovery_hungarian global_hash=0550e794bc6e466e6d156417566e6defc0b8122533530776b5c5bf3949b74686
ROUND fedrad round=84 clients=[58, 47, 83, 36, 8, 2, 56, 49, 10, 38] diagnostic_accuracy=54.6600% Gamma=0.000000 gate_passed=True fallback=functional_recovery_hungarian global_hash=bbb9a3193a2f35663e2b9ce59239c4c95b789b2a71525892f4cc71e7595983e3
ROUND fedrad round=85 clients=[89, 90, 81, 54, 59, 4, 53, 47, 52, 19] diagnostic_accuracy=65.5400% Gamma=0.000000 gate_passed=True fallback=functional_recovery_hungarian global_hash=091b0053645efe5c79ae2833a70b1ee38792d9789cb8c5a7f954b1e4478c31df
ROUND fedrad round=86 clients=[24, 13, 81, 73, 19, 55, 40, 76, 57, 96] diagnostic_accuracy=60.5900% Gamma=0.000000 gate_passed=True fallback=functional_recovery_hungarian global_hash=d50f162185c3ddbe2e97d95007bd8194658a885842cbc85b6bb9cb51a2ac735b
ROUND fedrad round=87 clients=[31, 75, 94, 20, 87, 26, 29, 70, 2, 50] diagnostic_accuracy=57.9100% Gamma=0.000000 gate_passed=True fallback=functional_recovery_hungarian global_hash=6e4098130d06de240a411e0997af920cfefa0f6b0179c225c44ebb23920ad17f
ROUND fedrad round=88 clients=[0, 9, 46, 37, 72, 83, 73, 16, 55, 27] diagnostic_accuracy=55.8000% Gamma=0.000000 gate_passed=True fallback=functional_recovery_hungarian global_hash=3d5479a33e9448afd1121a2114c6d4c63dd7fcdb373e33453c96fb14a9c6779a
ROUND fedrad round=89 clients=[80, 29, 9, 50, 26, 81, 48, 82, 37, 15] diagnostic_accuracy=56.5800% Gamma=0.000000 gate_passed=True fallback=functional_recovery_hungarian global_hash=12044a5cbe836574e1a4729257a01bde27d19335bef79fac2e9ad86e5c273834
ROUND fedrad round=90 clients=[82, 6, 87, 74, 29, 50, 62, 67, 12, 83] diagnostic_accuracy=69.3800% Gamma=0.000000 gate_passed=True fallback=functional_recovery_hungarian global_hash=c9872546eb7d9501a805bfc58b05928de18f2b919d0e7ad647a9174f237d308e
ROUND fedrad round=91 clients=[36, 75, 89, 43, 12, 21, 95, 72, 24, 63] diagnostic_accuracy=55.1600% Gamma=0.000000 gate_passed=True fallback=functional_recovery_hungarian global_hash=d2fc254f1a62ea075b9549c91e082e03b9855a1fbb88881b0da997e9bc356794
ROUND fedrad round=92 clients=[34, 15, 31, 94, 46, 70, 19, 80, 6, 88] diagnostic_accuracy=62.3100% Gamma=0.000000 gate_passed=True fallback=functional_recovery_hungarian global_hash=f7d3ff5090b8bfbd0723b279d29f6ece80299f9ef74bd2d1f122fdefa719b851
ROUND fedrad round=93 clients=[70, 92, 72, 77, 23, 53, 1, 12, 97, 93] diagnostic_accuracy=56.8500% Gamma=0.000000 gate_passed=True fallback=functional_recovery_hungarian global_hash=7dccfb3a718ffeb39dccac806a4f909e71d3db0d51e393c4dfdc944cd0f77a2c
ROUND fedrad round=94 clients=[13, 38, 36, 14, 57, 77, 66, 73, 3, 0] diagnostic_accuracy=56.6300% Gamma=0.000000 gate_passed=True fallback=functional_recovery_hungarian global_hash=e2f0854bfcb705cf83ecaf7044f9c27596e454f348d81f383df284d27a039e81
ROUND fedrad round=95 clients=[13, 19, 10, 24, 76, 57, 88, 23, 61, 31] diagnostic_accuracy=59.4800% Gamma=0.000000 gate_passed=True fallback=functional_recovery_hungarian global_hash=75cca0cd1ac04d495e7e49645ad3188d7f2ddaf4c3977e3f6de621ad62603502
ROUND fedrad round=96 clients=[18, 45, 94, 24, 56, 67, 10, 14, 13, 9] diagnostic_accuracy=65.6300% Gamma=0.000000 gate_passed=True fallback=functional_recovery_hungarian global_hash=cc80156a57ee14918d63dbdc401cf6004befdddada59082275830961ea89cb8a
ROUND fedrad round=97 clients=[13, 48, 73, 93, 70, 1, 43, 77, 76, 88] diagnostic_accuracy=60.7900% Gamma=0.000000 gate_passed=True fallback=functional_recovery_hungarian global_hash=9b410d83aae3b6d500700c59091b458e4f167ee657bd6a9d423b6513a5a7341a
ROUND fedrad round=98 clients=[21, 45, 83, 68, 75, 65, 96, 1, 77, 73] diagnostic_accuracy=62.9700% Gamma=0.000000 gate_passed=True fallback=functional_recovery_hungarian global_hash=21c6577399128a917bbea073478ef45a092286c65678f00d7f14ffc42546657d
ROUND fedrad round=99 clients=[81, 84, 60, 18, 45, 47, 94, 83, 76, 22] diagnostic_accuracy=57.5300% Gamma=0.000000 gate_passed=True fallback=functional_recovery_hungarian global_hash=9b1495d9e5ecca830efc16f7a841348eada6936543d6fe0f0270cd910909138f
ROUND fedrad round=100 clients=[21, 69, 47, 34, 65, 81, 93, 44, 30, 84] diagnostic_accuracy=58.9200% Gamma=0.000000 gate_passed=True fallback=functional_recovery_hungarian global_hash=c079dd5054deb0f320f1e9fcedf59475216a452b2c78454c429d6ce83ab5e01d
ROUND fedrad round=101 clients=[22, 38, 77, 15, 11, 61, 37, 34, 87, 3] diagnostic_accuracy=63.3600% Gamma=0.000000 gate_passed=True fallback=functional_recovery_hungarian global_hash=a260c172b4b0f6e520758d8b1d815e6961764bc123365ba6aa4055c4fc7c8e93
ROUND fedrad round=102 clients=[96, 9, 26, 58, 69, 44, 13, 93, 61, 43] diagnostic_accuracy=60.6300% Gamma=0.000000 gate_passed=True fallback=functional_recovery_hungarian global_hash=0917242f24d8adbe833ab705ef12779b114d7bb1b4b2c950199c50cd17b345cc
ROUND fedrad round=103 clients=[13, 34, 27, 16, 72, 98, 14, 19, 9, 46] diagnostic_accuracy=57.0900% Gamma=0.000000 gate_passed=True fallback=functional_recovery_hungarian global_hash=29f80e32b326778d264ac02810f35cd5341cde35906b555892615bb68def1d87
ROUND fedrad round=104 clients=[29, 72, 81, 80, 68, 85, 14, 0, 93, 52] diagnostic_accuracy=65.5500% Gamma=0.000000 gate_passed=True fallback=functional_recovery_hungarian global_hash=d4f655f9ae2be4f1e5a7ae1343d4ea8d0f8d7bedfed80c9962dd6aa3749de435
ROUND fedrad round=105 clients=[17, 69, 35, 86, 83, 84, 23, 56, 89, 60] diagnostic_accuracy=64.7300% Gamma=0.000000 gate_passed=True fallback=functional_recovery_hungarian global_hash=6c947c9a561be98f7e2978a6f32d15c8745240090e7db199ab88c1468fa51079
ROUND fedrad round=106 clients=[94, 79, 36, 8, 19, 16, 13, 30, 25, 3] diagnostic_accuracy=49.9300% Gamma=0.000000 gate_passed=True fallback=functional_recovery_hungarian global_hash=2a609ca5ad7b555fce9789ee56be851c28df50f2f4432f1091c5d42091adff1d
ROUND fedrad round=107 clients=[45, 82, 32, 52, 17, 96, 6, 57, 67, 74] diagnostic_accuracy=60.8500% Gamma=0.000000 gate_passed=True fallback=functional_recovery_hungarian global_hash=be63c5f3f658de83e863374acfc923f8b379ad9801820fa8746256f7298fdd7b
ROUND fedrad round=108 clients=[61, 20, 59, 99, 39, 42, 73, 53, 45, 8] diagnostic_accuracy=68.6200% Gamma=0.000000 gate_passed=True fallback=functional_recovery_hungarian global_hash=43d583d2406e049fe1b655c0a26692e69669d1ad9d2f1c008ddd5f92fd34bdb8
ROUND fedrad round=109 clients=[60, 38, 5, 54, 66, 33, 80, 83, 9, 4] diagnostic_accuracy=60.4600% Gamma=0.000000 gate_passed=True fallback=functional_recovery_hungarian global_hash=e75cb85a0bca855d53dc56a25fbf3c3ce7f5acba567a39f7c2d80dab185d7a8f
ROUND fedrad round=110 clients=[39, 44, 62, 4, 42, 25, 0, 45, 29, 93] diagnostic_accuracy=67.9100% Gamma=0.000000 gate_passed=True fallback=functional_recovery_hungarian global_hash=ec7577ce3089d952c756ba65c1cd063b6f293be59aefd83589f6d0c7b3daee3b
ROUND fedrad round=111 clients=[96, 54, 19, 97, 92, 31, 81, 2, 24, 9] diagnostic_accuracy=70.0800% Gamma=0.000000 gate_passed=True fallback=functional_recovery_hungarian global_hash=64993915658ed501838838f999521709c86ad9c01cecf6c8f52c0d6bc7c834c2
ROUND fedrad round=112 clients=[9, 19, 7, 49, 45, 35, 80, 85, 40, 89] diagnostic_accuracy=66.4000% Gamma=0.000000 gate_passed=True fallback=functional_recovery_hungarian global_hash=681871de4d9d32837918fb9b677fbc1a8a9d7da7f91c8617b0866440260ec3b5
ROUND fedrad round=113 clients=[73, 66, 18, 74, 33, 2, 87, 29, 98, 91] diagnostic_accuracy=62.4300% Gamma=0.000000 gate_passed=True fallback=functional_recovery_hungarian global_hash=2d2ea666152d2f4ea3f46afb4e3309a60203391f693da097a4faac8bb7b40df2
ROUND fedrad round=114 clients=[40, 31, 27, 50, 71, 81, 99, 97, 73, 49] diagnostic_accuracy=58.1600% Gamma=0.000000 gate_passed=True fallback=functional_recovery_hungarian global_hash=3588b6bb0ee79fcedd008b415db2ea16771cf56ee5eb539111a5c75d9abcc5f1
ROUND fedrad round=115 clients=[61, 64, 42, 88, 27, 95, 92, 50, 45, 85] diagnostic_accuracy=66.8100% Gamma=0.000000 gate_passed=True fallback=functional_recovery_hungarian global_hash=99adbcab9e6cbdf1d0a2312e688a243f8db876e1cbc76f2561ab2cb2afaf9ca3
ROUND fedrad round=116 clients=[27, 8, 49, 32, 15, 35, 70, 59, 31, 30] diagnostic_accuracy=62.0600% Gamma=0.000000 gate_passed=True fallback=functional_recovery_hungarian global_hash=8a823b65539137118c9000354f0418791f1741eb2653dbe68766b6cd4d09115b
ROUND fedrad round=117 clients=[69, 35, 52, 51, 26, 15, 76, 48, 98, 12] diagnostic_accuracy=63.5400% Gamma=0.000000 gate_passed=True fallback=functional_recovery_hungarian global_hash=2ab239a44e3ad244b261d37ab5de2362febb2ec32b5910726ace0629c1aad746
ROUND fedrad round=118 clients=[46, 57, 0, 86, 26, 80, 73, 20, 63, 98] diagnostic_accuracy=64.5400% Gamma=0.000000 gate_passed=True fallback=functional_recovery_hungarian global_hash=6d9fcbfb7fcf670193b9e7f9fdacf31d35a2e3a06acbf77caf456a37a4c1ba2e
ROUND fedrad round=119 clients=[81, 6, 64, 84, 20, 2, 8, 4, 66, 92] diagnostic_accuracy=63.0600% Gamma=0.000000 gate_passed=True fallback=functional_recovery_hungarian global_hash=be76a49ba8d1011444eeb0e1ffe5946ef78b131c9b4d61f247947aa10fc1362b
ROUND fedrad round=120 clients=[61, 34, 64, 11, 96, 18, 82, 52, 72, 92] diagnostic_accuracy=65.9200% Gamma=0.000000 gate_passed=True fallback=functional_recovery_hungarian global_hash=d94bdd75ac7d2a3033042387cd35d611e54c3791bfe180c5c63fca26f442a8e7
ROUND fedrad round=121 clients=[93, 68, 94, 13, 36, 11, 5, 1, 40, 7] diagnostic_accuracy=68.9600% Gamma=0.000000 gate_passed=True fallback=functional_recovery_hungarian global_hash=4277bafa87de5a355d035f4458de13ef80d895219b3b773170369586e59e332b
ROUND fedrad round=122 clients=[73, 64, 37, 69, 31, 48, 77, 41, 53, 75] diagnostic_accuracy=61.1500% Gamma=0.000000 gate_passed=True fallback=functional_recovery_hungarian global_hash=bb18e6fb6c7f2160794c27d7f716364d6093ae8dbcd2c4f0d6a171a716813619
ROUND fedrad round=123 clients=[46, 43, 84, 11, 66, 92, 16, 19, 96, 37] diagnostic_accuracy=57.8400% Gamma=0.000000 gate_passed=True fallback=functional_recovery_hungarian global_hash=b2ba481b2f4f47fab452208839c3fe56889327951fae7f29c90ec19a69900814
ROUND fedrad round=124 clients=[43, 96, 9, 0, 74, 19, 1, 23, 38, 66] diagnostic_accuracy=64.0700% Gamma=0.000000 gate_passed=True fallback=functional_recovery_hungarian global_hash=f8b8bbbd4b0945e35e9a9d5f33c6e5fbaa9abffed9e282bce7a773e28ff3d126
ROUND fedrad round=125 clients=[27, 62, 32, 10, 22, 72, 64, 25, 86, 60] diagnostic_accuracy=61.9300% Gamma=0.000000 gate_passed=True fallback=functional_recovery_hungarian global_hash=0730cb14b5ec056f5900931dad6e8a93b7a923255ca213751f7362e22b29d3f0
ROUND fedrad round=126 clients=[84, 7, 64, 76, 15, 46, 27, 47, 40, 69] diagnostic_accuracy=64.2500% Gamma=0.000000 gate_passed=True fallback=functional_recovery_hungarian global_hash=05f93e2dce0b27994cf91d1b07672d6ee72f452d52472e9d63a1c48a3c0cf7de
ROUND fedrad round=127 clients=[75, 97, 79, 87, 11, 7, 37, 92, 41, 12] diagnostic_accuracy=64.5500% Gamma=0.000000 gate_passed=True fallback=functional_recovery_hungarian global_hash=4a71b28b2b927c3e4dc23f86f523e3ea20c0b5be9e1ed0a22ab0242ecee7d408
ROUND fedrad round=128 clients=[78, 4, 17, 21, 76, 74, 19, 61, 45, 86] diagnostic_accuracy=71.5900% Gamma=0.000000 gate_passed=True fallback=functional_recovery_hungarian global_hash=d66fad2836b4fc5d6d48d6754ca430535dfc08536607744458e8312c77f121f5
ROUND fedrad round=129 clients=[23, 41, 75, 36, 26, 49, 95, 16, 93, 72] diagnostic_accuracy=58.1200% Gamma=0.000000 gate_passed=True fallback=functional_recovery_hungarian global_hash=edf6b0fa593494f00dbf4545b2fa6412dbb44d8108907ad8e6cd8de79ca4fcb0
ROUND fedrad round=130 clients=[59, 53, 65, 8, 68, 35, 13, 55, 23, 97] diagnostic_accuracy=68.4800% Gamma=0.000000 gate_passed=True fallback=functional_recovery_hungarian global_hash=6fec92be0b9d124cd802aada212e41dbb995e9fbff3ff2c41ad3744ada842191
ROUND fedrad round=131 clients=[74, 98, 22, 45, 97, 87, 92, 71, 47, 79] diagnostic_accuracy=69.3300% Gamma=0.000000 gate_passed=True fallback=functional_recovery_hungarian global_hash=1ee7de187f732d84beac7d03d71f38eba552dd731f6ada1bbdced9a3f65bc846
ROUND fedrad round=132 clients=[35, 70, 59, 49, 36, 91, 82, 50, 26, 72] diagnostic_accuracy=51.9000% Gamma=0.000000 gate_passed=True fallback=functional_recovery_hungarian global_hash=660b4466976742bfb345e72417a1fa73e1e3924f0786404ba63a426e5b5bab63
ROUND fedrad round=133 clients=[22, 83, 75, 29, 66, 48, 12, 10, 86, 1] diagnostic_accuracy=63.4600% Gamma=0.000000 gate_passed=True fallback=functional_recovery_hungarian global_hash=cd102925bd1ebc3f8831691434347c88adcc96fe174ed179beeada715f86a72e
ROUND fedrad round=134 clients=[76, 33, 40, 59, 65, 63, 73, 36, 99, 82] diagnostic_accuracy=69.5700% Gamma=0.000000 gate_passed=True fallback=functional_recovery_hungarian global_hash=c4feb242e559fee5a9be2477cabaaf5dc317a4fe75b76e84c507cddf914950e8
ROUND fedrad round=135 clients=[85, 88, 54, 40, 70, 67, 86, 38, 58, 42] diagnostic_accuracy=72.5800% Gamma=0.000000 gate_passed=True fallback=functional_recovery_hungarian global_hash=6cb3100d2357ff397e7d4dccb9af743ae464af82bc21bd62e4b2139daac273cd
ROUND fedrad round=136 clients=[89, 56, 12, 90, 94, 86, 19, 78, 92, 59] diagnostic_accuracy=70.0700% Gamma=0.000000 gate_passed=True fallback=functional_recovery_hungarian global_hash=0be6ed97f421b7069bf3539c29ddbefa9b874e5bf911c98f6edd12178c53737f
ROUND fedrad round=137 clients=[7, 94, 69, 44, 50, 26, 75, 24, 33, 18] diagnostic_accuracy=64.4900% Gamma=0.000000 gate_passed=True fallback=functional_recovery_hungarian global_hash=1f93a4360b82a30a5affebde88165326631dace306f48fc1a2646b6297165bfc
ROUND fedrad round=138 clients=[89, 75, 84, 93, 35, 71, 19, 63, 59, 94] diagnostic_accuracy=61.2500% Gamma=0.000000 gate_passed=True fallback=functional_recovery_hungarian global_hash=fdd58e3d617a3ad268f7bf2b57763995144790ddecfade19989eb99864af6d94
ROUND fedrad round=139 clients=[54, 66, 17, 43, 53, 40, 76, 1, 4, 81] diagnostic_accuracy=70.7600% Gamma=0.000000 gate_passed=True fallback=functional_recovery_hungarian global_hash=a98daaab8c7dd368f012e3e170d3257515102ca6d515d4ed956490fbf01d1bb8
ROUND fedrad round=140 clients=[52, 51, 97, 7, 41, 61, 29, 88, 49, 26] diagnostic_accuracy=67.9800% Gamma=0.000000 gate_passed=True fallback=functional_recovery_hungarian global_hash=a1e63201cfdc98157dca0fe14789d8f68c5ea8ede15b2cd916b524f87d9e2860
ROUND fedrad round=141 clients=[21, 47, 20, 59, 85, 2, 99, 70, 54, 50] diagnostic_accuracy=63.9700% Gamma=0.000000 gate_passed=True fallback=functional_recovery_hungarian global_hash=27864e4a08191743be65896c65ee51e0c3e7f079cd9941f45c4fc9cfd84d2f9e
ROUND fedrad round=142 clients=[65, 98, 79, 6, 58, 92, 19, 37, 33, 75] diagnostic_accuracy=67.3500% Gamma=0.000000 gate_passed=True fallback=functional_recovery_hungarian global_hash=fc51a3e38c221b0e36d42a48520cc1f8f66c87bd291072ad2bbc400e919b3a97
ROUND fedrad round=143 clients=[44, 84, 56, 0, 69, 15, 66, 78, 42, 95] diagnostic_accuracy=58.6700% Gamma=0.000000 gate_passed=True fallback=functional_recovery_hungarian global_hash=1848bf7d3252a5cbe6f02e7099a88cb7dbfbc60ae204f416166854b6b33ce376
ROUND fedrad round=144 clients=[36, 20, 53, 26, 80, 67, 25, 37, 39, 10] diagnostic_accuracy=60.5100% Gamma=0.000000 gate_passed=True fallback=functional_recovery_hungarian global_hash=146afe5f95970dd9debd5a63bc5209e1c91027ce2ea506a3ffd30259b3d18ace
ROUND fedrad round=145 clients=[54, 62, 65, 69, 82, 46, 64, 70, 59, 11] diagnostic_accuracy=68.8400% Gamma=0.000000 gate_passed=True fallback=functional_recovery_hungarian global_hash=94a0ca900bdf6bbb7ca8efee6e2fe543052fee718b3716b40cbe0a47185ace6f
ROUND fedrad round=146 clients=[78, 89, 64, 25, 85, 9, 57, 41, 97, 45] diagnostic_accuracy=67.6200% Gamma=0.000000 gate_passed=True fallback=functional_recovery_hungarian global_hash=c149cfd1b608dbb139141fd96faa0dbcf6c12876a5cde84fcd3565f0b9bb0ed7
ROUND fedrad round=147 clients=[32, 8, 70, 41, 12, 19, 88, 20, 98, 33] diagnostic_accuracy=59.2400% Gamma=0.000000 gate_passed=True fallback=functional_recovery_hungarian global_hash=6d01eecb6a808e95ac99421d7cb3fc02268488793067bda33e9569f5e5400496
ROUND fedrad round=148 clients=[50, 29, 81, 33, 44, 69, 2, 68, 93, 85] diagnostic_accuracy=69.1500% Gamma=0.000000 gate_passed=True fallback=functional_recovery_hungarian global_hash=47b99979f0393cc2401e330ed1e86f44b9bea75c182c199f3228486ca80ad494
ROUND fedrad round=149 clients=[5, 84, 70, 73, 31, 62, 69, 13, 86, 74] diagnostic_accuracy=51.4800% Gamma=0.000000 gate_passed=True fallback=functional_recovery_hungarian global_hash=937e5d391495c31ec24484c555532f7853badff2d4018092486786d86634b5c4
ROUND fedrad round=150 clients=[69, 9, 41, 83, 76, 63, 34, 67, 36, 87] diagnostic_accuracy=67.0500% Gamma=0.000000 gate_passed=True fallback=functional_recovery_hungarian global_hash=adff743d7ec8e0b9da0c3b59ee8b9793acdcdaa89a158752036205cfac321f87
ROUND fedrad round=151 clients=[40, 77, 95, 52, 25, 38, 46, 47, 93, 88] diagnostic_accuracy=64.4000% Gamma=0.000000 gate_passed=True fallback=functional_recovery_hungarian global_hash=904889e717757fa387c99208ecd4c9e71b52b9d89ee1a8502b411f749537ab83
ROUND fedrad round=152 clients=[14, 22, 87, 6, 15, 36, 37, 44, 48, 38] diagnostic_accuracy=63.9700% Gamma=0.000000 gate_passed=True fallback=functional_recovery_hungarian global_hash=ef32eaf2b58835dc5be9ee3d0129c8b01d3eee23881351144033c94125c98cdb
ROUND fedrad round=153 clients=[14, 66, 74, 62, 49, 45, 18, 79, 15, 68] diagnostic_accuracy=71.0900% Gamma=0.000000 gate_passed=True fallback=functional_recovery_hungarian global_hash=4caba24f71a285e5a246a75482ec72538052d31601782b4f94cd97cf89e60973
ROUND fedrad round=154 clients=[92, 32, 77, 87, 27, 13, 14, 47, 22, 73] diagnostic_accuracy=64.5300% Gamma=0.000000 gate_passed=True fallback=functional_recovery_hungarian global_hash=bb1ebcfd6636258a93f8234ed00bf5ac40d42be291a3e29693eeedc6353b51c7
ROUND fedrad round=155 clients=[60, 31, 44, 3, 84, 25, 98, 73, 52, 82] diagnostic_accuracy=49.4300% Gamma=0.000000 gate_passed=True fallback=functional_recovery_hungarian global_hash=06a08649221d5270a4e58a51151a43fff3357acb32f1d2334607ba284e8f7c4f
ROUND fedrad round=156 clients=[66, 38, 74, 49, 46, 45, 12, 0, 81, 23] diagnostic_accuracy=64.3900% Gamma=0.000000 gate_passed=True fallback=functional_recovery_hungarian global_hash=5ff5fe8b92d09e3393301fadfe9cfddccae2d3ee1efc2cc87782f1965ca577c7
ROUND fedrad round=157 clients=[6, 14, 56, 8, 37, 71, 68, 53, 88, 65] diagnostic_accuracy=67.9600% Gamma=0.000000 gate_passed=True fallback=functional_recovery_hungarian global_hash=68b9f590dd8fb44855f92822ef8673970a92a472db284a07203a42435df7fd38
ROUND fedrad round=158 clients=[76, 40, 68, 38, 91, 92, 18, 11, 69, 94] diagnostic_accuracy=71.5200% Gamma=0.000000 gate_passed=True fallback=functional_recovery_hungarian global_hash=178df376f984b3184d406a64bac4eb5f5dbdcc6eadb291e9124759e7d324a57c
ROUND fedrad round=159 clients=[0, 23, 91, 83, 98, 64, 90, 32, 84, 36] diagnostic_accuracy=63.2700% Gamma=0.000000 gate_passed=True fallback=functional_recovery_hungarian global_hash=d4b4b448ccc7e2ff726912466a74da0f31e2883e36d8701f69f53d5d43818225
ROUND fedrad round=160 clients=[15, 9, 95, 71, 80, 49, 39, 81, 30, 8] diagnostic_accuracy=67.2300% Gamma=0.000000 gate_passed=True fallback=functional_recovery_hungarian global_hash=ce1e13ce8cc92fb9ce9f4d10b2c1cbd38cda395f7d82b8cd28ca4fe0068cc970
ROUND fedrad round=161 clients=[29, 87, 67, 36, 35, 96, 15, 61, 24, 62] diagnostic_accuracy=61.6100% Gamma=0.000000 gate_passed=True fallback=functional_recovery_hungarian global_hash=b1e3833ded67355778751ac7e9bd303d45da5dd2ce2a2c148c5e8c7333c8e22b
ROUND fedrad round=162 clients=[13, 58, 87, 52, 50, 60, 3, 19, 35, 0] diagnostic_accuracy=66.4400% Gamma=0.000000 gate_passed=True fallback=functional_recovery_hungarian global_hash=9025aaa4b28dba169eee4fd4579051aa6313eb3e860ce81d4b06a78eb698715e
ROUND fedrad round=163 clients=[55, 46, 66, 67, 73, 12, 51, 1, 57, 90] diagnostic_accuracy=69.7000% Gamma=0.000000 gate_passed=True fallback=functional_recovery_hungarian global_hash=af4a3bd854838fc3b83e3752039cda7aad1d882a6582a178c55bc694ca8a495c
ROUND fedrad round=164 clients=[40, 72, 92, 86, 89, 90, 16, 98, 73, 58] diagnostic_accuracy=73.3700% Gamma=0.000000 gate_passed=True fallback=functional_recovery_hungarian global_hash=c75b261b034493958c4f0a20fa863a4089d0acb2d0c3651523909a45ea909204
ROUND fedrad round=165 clients=[0, 58, 47, 44, 94, 66, 4, 7, 27, 2] diagnostic_accuracy=68.0900% Gamma=0.000000 gate_passed=True fallback=functional_recovery_hungarian global_hash=80f35aa09f51634d8abfbcd80d78c9f2bb813dae5e91bde69b85e844fbf20aa4
ROUND fedrad round=166 clients=[58, 87, 14, 78, 40, 83, 73, 18, 52, 31] diagnostic_accuracy=66.6500% Gamma=0.000000 gate_passed=True fallback=functional_recovery_hungarian global_hash=5949c744b713ce881a909ccf2c1cc44496da91c8514501eb92d0ffd203d0806d
ROUND fedrad round=167 clients=[99, 22, 62, 86, 5, 20, 9, 51, 7, 54] diagnostic_accuracy=70.6000% Gamma=0.000000 gate_passed=True fallback=functional_recovery_hungarian global_hash=de8388800113304580b644fcfa16d1f7c59f394e3a32c78b3888d562d186981d
ROUND fedrad round=168 clients=[97, 37, 42, 7, 22, 5, 24, 56, 69, 12] diagnostic_accuracy=68.5600% Gamma=0.000000 gate_passed=True fallback=functional_recovery_hungarian global_hash=0818e5f5729c92a45c719ddb4160d52327d3ea39102829d18265cb8ca341cd80
ROUND fedrad round=169 clients=[96, 22, 76, 44, 59, 78, 12, 68, 94, 87] diagnostic_accuracy=69.5400% Gamma=0.000000 gate_passed=True fallback=functional_recovery_hungarian global_hash=ae82685850a173ae6327f61ac8ea848c9555d26179e23c6609708f11bdf2b73a
ROUND fedrad round=170 clients=[45, 7, 65, 19, 95, 16, 35, 23, 83, 88] diagnostic_accuracy=69.5600% Gamma=0.000000 gate_passed=True fallback=functional_recovery_hungarian global_hash=46208323c3c6485dd71bc3d711dca169b3f11b6bcfcdd6081872075b70605fcc
ROUND fedrad round=171 clients=[12, 91, 4, 90, 47, 66, 33, 9, 61, 84] diagnostic_accuracy=69.8100% Gamma=0.000000 gate_passed=True fallback=functional_recovery_hungarian global_hash=a6b8836c78aa67f34e50845ab0e78ffc7ea4c3abdc4a00d344a568a8228ddfd1
ROUND fedrad round=172 clients=[46, 60, 83, 2, 37, 70, 93, 29, 3, 43] diagnostic_accuracy=61.1100% Gamma=0.000000 gate_passed=True fallback=functional_recovery_hungarian global_hash=60e042041c57e22305adb9b1693434a42226515310ae90b38640033788b735f7
ROUND fedrad round=173 clients=[27, 45, 49, 4, 31, 62, 9, 95, 69, 72] diagnostic_accuracy=67.8400% Gamma=0.000000 gate_passed=True fallback=functional_recovery_hungarian global_hash=b71fabbaefcff815760801a3af8478c0ab48603b3b330b4a8b4423e2c48e475b
ROUND fedrad round=174 clients=[27, 28, 1, 92, 55, 48, 74, 7, 99, 62] diagnostic_accuracy=67.6100% Gamma=0.000000 gate_passed=True fallback=functional_recovery_hungarian global_hash=4e02a304259c0e5054201c58b3d75dd37cb5b18389b24bd38dc13c5ccde8f7f9
ROUND fedrad round=175 clients=[24, 0, 9, 11, 31, 45, 58, 35, 69, 21] diagnostic_accuracy=73.1800% Gamma=0.000000 gate_passed=True fallback=functional_recovery_hungarian global_hash=8b01e3f0e981a03ff3c3fd7df0f127de407c6049cd984127a07dff1cf861ad9b
ROUND fedrad round=176 clients=[42, 98, 67, 21, 24, 81, 20, 75, 29, 36] diagnostic_accuracy=67.6900% Gamma=0.000000 gate_passed=True fallback=functional_recovery_hungarian global_hash=6a26e753fbb4d1d2a0e0d70435e8f68a6ffe8f2311c068c14cbab297eb56e2a2
ROUND fedrad round=177 clients=[49, 75, 33, 60, 42, 64, 69, 11, 47, 70] diagnostic_accuracy=65.8900% Gamma=0.000000 gate_passed=True fallback=functional_recovery_hungarian global_hash=b42767f96494fc7c7681e213d5edf8e2761511e51c39983826cd462e85d639a5
ROUND fedrad round=178 clients=[96, 60, 16, 70, 73, 40, 11, 24, 87, 93] diagnostic_accuracy=66.1200% Gamma=0.000000 gate_passed=True fallback=functional_recovery_hungarian global_hash=3720a49133e86f886f5a1c8500717266734a305ac785afa05a85ecae5226594a
ROUND fedrad round=179 clients=[37, 16, 85, 31, 69, 36, 54, 25, 32, 38] diagnostic_accuracy=63.2300% Gamma=0.000000 gate_passed=True fallback=functional_recovery_hungarian global_hash=e8d6542c26df6b4573837fe578e874f70a567162669067cf643e6f1372ddf658
ROUND fedrad round=180 clients=[80, 92, 61, 76, 19, 28, 7, 73, 67, 38] diagnostic_accuracy=69.7000% Gamma=0.000000 gate_passed=True fallback=functional_recovery_hungarian global_hash=d397d6abe98caaecbdc879f5b589abc445ffac191467d90562175e76a3c56cf3
ROUND fedrad round=181 clients=[78, 26, 35, 44, 29, 85, 64, 66, 97, 21] diagnostic_accuracy=65.0200% Gamma=0.000000 gate_passed=True fallback=functional_recovery_hungarian global_hash=bc81c3932eed6d263193dbf8dabb8234def9c6420621ff72a6661c03ef557047
ROUND fedrad round=182 clients=[78, 73, 10, 52, 54, 24, 44, 70, 99, 90] diagnostic_accuracy=66.2200% Gamma=0.000000 gate_passed=True fallback=functional_recovery_hungarian global_hash=d4a6bec18410204747aaf04186fb697fd61f5226164cff4ca9c86716aff941d2
ROUND fedrad round=183 clients=[96, 38, 1, 4, 36, 19, 77, 52, 41, 49] diagnostic_accuracy=70.4900% Gamma=0.000000 gate_passed=True fallback=functional_recovery_hungarian global_hash=0bd64412671a22bbb514ee559cf23feab321195baade6c94ebb8ede636b855f4
ROUND fedrad round=184 clients=[87, 55, 49, 7, 51, 67, 40, 21, 34, 0] diagnostic_accuracy=73.6300% Gamma=0.000000 gate_passed=True fallback=functional_recovery_hungarian global_hash=5955e75933b4a03ae4f1ca3f40e965d9344a668f7c8c3862d4aa0c583ee6bb98
ROUND fedrad round=185 clients=[74, 63, 39, 14, 96, 82, 21, 45, 88, 13] diagnostic_accuracy=67.7600% Gamma=0.000000 gate_passed=True fallback=functional_recovery_hungarian global_hash=fa49174f8c54536620de44bf05c5a4f98539ff4d6e9fc6387e98671abb46082d
ROUND fedrad round=186 clients=[1, 26, 23, 59, 22, 57, 27, 60, 18, 69] diagnostic_accuracy=65.4000% Gamma=0.000000 gate_passed=True fallback=functional_recovery_hungarian global_hash=52c505ff31dfd6f9027fb968f39ca0d3fdef6db2e01bcc8ce06e9bfd6eeb6120
ROUND fedrad round=187 clients=[34, 87, 43, 64, 27, 92, 78, 55, 68, 7] diagnostic_accuracy=69.3400% Gamma=0.000000 gate_passed=True fallback=functional_recovery_hungarian global_hash=c7009eaf5546056dafc2c135e44962d10954a722e83400af6e048e01d139baef
ROUND fedrad round=188 clients=[67, 20, 34, 69, 85, 14, 86, 81, 36, 76] diagnostic_accuracy=72.1800% Gamma=0.000000 gate_passed=True fallback=functional_recovery_hungarian global_hash=8b2506a1096fbc43d41ad524995428a7261c1e4b0d7c0a9e9b226d8985480b70
ROUND fedrad round=189 clients=[57, 7, 53, 49, 74, 65, 76, 29, 78, 80] diagnostic_accuracy=71.7000% Gamma=0.000000 gate_passed=True fallback=functional_recovery_hungarian global_hash=321e51987a7b2aa0ee146ad59732969bb62c3d48afe996293140dd6b32584d86
ROUND fedrad round=190 clients=[71, 25, 7, 77, 39, 51, 87, 5, 45, 11] diagnostic_accuracy=61.5800% Gamma=0.000000 gate_passed=True fallback=functional_recovery_hungarian global_hash=24e0697facb7e560bb90f48e4201c0f4ff1ca60eede0a8140032f45ceebb1dd4
ROUND fedrad round=191 clients=[60, 21, 34, 0, 98, 92, 44, 65, 66, 3] diagnostic_accuracy=65.5600% Gamma=0.000000 gate_passed=True fallback=functional_recovery_hungarian global_hash=ceeb90734c774f6af7c2ec4a280403a40e4e57f054fe7ec02951c613d83fb6d7
ROUND fedrad round=192 clients=[36, 59, 66, 20, 0, 16, 86, 71, 90, 56] diagnostic_accuracy=72.3400% Gamma=0.000000 gate_passed=True fallback=functional_recovery_hungarian global_hash=4b57c6aad4d550c70bd1be954098b7f75f7dbe128143413f67a0b795a7589588
ROUND fedrad round=193 clients=[19, 22, 51, 45, 91, 26, 14, 83, 15, 67] diagnostic_accuracy=71.8500% Gamma=0.000000 gate_passed=True fallback=functional_recovery_hungarian global_hash=9946af6c66c7aa9830b89a4c99b055e477e968994a0b6e0ef4e15a6d59e49904
ROUND fedrad round=194 clients=[62, 14, 3, 92, 78, 33, 89, 48, 70, 31] diagnostic_accuracy=66.9500% Gamma=0.000000 gate_passed=True fallback=functional_recovery_hungarian global_hash=1457ea18ff1a5a2816b9092c6b4286bd1b21e93016b87561ccf9c1d9cc590078
ROUND fedrad round=195 clients=[37, 10, 88, 63, 53, 68, 2, 52, 26, 59] diagnostic_accuracy=66.3200% Gamma=0.000000 gate_passed=True fallback=functional_recovery_hungarian global_hash=27006f7b3382615f78f060a8a1682e16954d631bebcd84ce94acafef41aa0fc3
ROUND fedrad round=196 clients=[59, 71, 85, 49, 20, 10, 3, 86, 88, 33] diagnostic_accuracy=35.3600% Gamma=0.000000 gate_passed=True fallback=functional_recovery_hungarian global_hash=4f93e984baa76137d08e3a517099be03a9af5686aece04511be6b714da2913d5
ROUND fedrad round=197 clients=[9, 0, 18, 66, 44, 17, 92, 95, 64, 96] diagnostic_accuracy=67.6000% Gamma=0.000000 gate_passed=True fallback=functional_recovery_hungarian global_hash=70711fe977e505ccc34ca959c6c067007e48e59b5890e77d122f025390434f95
ROUND fedrad round=198 clients=[70, 58, 24, 57, 32, 19, 43, 65, 5, 88] diagnostic_accuracy=61.5500% Gamma=0.000000 gate_passed=True fallback=functional_recovery_hungarian global_hash=7b1660c7341cc632b7c1411a0452a64f3ac134ac67665779e9f3d58cd1e72500
ROUND fedrad round=199 clients=[61, 75, 68, 2, 6, 26, 1, 56, 78, 74] diagnostic_accuracy=68.9400% Gamma=0.000000 gate_passed=True fallback=functional_recovery_hungarian global_hash=1309c3455e964d92af476e7958b8eab7e8778b812e9fbd5377f3ac566be644f4
ROUND fedrad round=200 clients=[8, 57, 22, 90, 46, 9, 56, 99, 89, 4] diagnostic_accuracy=70.6300% Gamma=0.000000 gate_passed=True fallback=functional_recovery_hungarian global_hash=47332977434f40f9ee2b8d28580d9e89167ae4668ec7e83876c7404166acfe08
FINAL_STATE_HASH 47332977434f40f9ee2b8d28580d9e89167ae4668ec7e83876c7404166acfe08
