Run directory: C:\Users\admin\Desktop\need_do\new_paper_four\FedPhoenix-new\results\probe_horizon_functional_recovery_2of64\functional_recovery_seed1_20260907_144726_027266_m2_steps5_seed1_2of64_200r
Partition fingerprint: f8fcaa0f17c5d2078c5d24ece11b3f8cfcb82553733fb972155b7452d87a8fd0; device=cuda:0
ROUND fedrad round=1 clients=[80, 84, 33, 81, 93, 17, 36, 82, 69, 65] diagnostic_accuracy=10.0000% Gamma=0.000000 gate_passed=True fallback=functional_recovery_hungarian global_hash=c6432dd6d30651954c718691d66b95ead53f9f364bd41132c4908756853390e2
ROUND fedrad round=2 clients=[44, 96, 1, 35, 26, 11, 38, 82, 87, 3] diagnostic_accuracy=15.8900% Gamma=0.000000 gate_passed=True fallback=functional_recovery_hungarian global_hash=f8ab12fa705e66897feef1f3834bc94af1323fa57f8e1d9fc85f9acd87ef7680
ROUND fedrad round=3 clients=[95, 67, 96, 71, 1, 80, 99, 45, 52, 27] diagnostic_accuracy=17.8800% Gamma=0.000000 gate_passed=True fallback=functional_recovery_hungarian global_hash=0abffac28c032e1c96317c56b255b5fc78f1485642ec44e20fca6aa42752360d
ROUND fedrad round=4 clients=[40, 10, 96, 66, 89, 32, 95, 55, 25, 5] diagnostic_accuracy=15.3800% Gamma=0.000000 gate_passed=True fallback=functional_recovery_hungarian global_hash=064a9cd7886b1d8883079a9b0f31d1a3ba7280440116daf62a33e87b24391950
ROUND fedrad round=5 clients=[89, 99, 45, 96, 72, 9, 74, 88, 1, 38] diagnostic_accuracy=20.7900% Gamma=0.000000 gate_passed=True fallback=functional_recovery_hungarian global_hash=534951f43121fb6052f440422df9d7c27f6bd005cc400b2d62a81c5354ec3de0
ROUND fedrad round=6 clients=[0, 86, 4, 23, 24, 1, 62, 83, 66, 93] diagnostic_accuracy=21.6400% Gamma=0.000000 gate_passed=True fallback=functional_recovery_hungarian global_hash=e598d2dd0da84a5c739a619bd90b10db95a9c4657c9950734d17956e4d961bae
ROUND fedrad round=7 clients=[6, 59, 72, 30, 91, 43, 75, 76, 15, 61] diagnostic_accuracy=24.8000% Gamma=0.000000 gate_passed=True fallback=functional_recovery_hungarian global_hash=e267cff14dd052838dd9ac870d05626bda9425500ac51d4ae92124a4d837a8ff
ROUND fedrad round=8 clients=[44, 88, 74, 48, 59, 79, 25, 52, 45, 55] diagnostic_accuracy=20.4800% Gamma=0.000000 gate_passed=True fallback=functional_recovery_hungarian global_hash=a95b0aea1a52a2e1edfe01c8555a4bebd651a7a43e48a93c9987b4ce3c9af6d3
ROUND fedrad round=9 clients=[3, 60, 35, 33, 22, 66, 45, 68, 67, 75] diagnostic_accuracy=24.7700% Gamma=0.000000 gate_passed=True fallback=functional_recovery_hungarian global_hash=ee46aa954d5bfc50ceaa320f9707f179908fe22b9170b535dcbc85c4097f134d
ROUND fedrad round=10 clients=[64, 91, 12, 52, 16, 65, 50, 68, 33, 30] diagnostic_accuracy=26.3300% Gamma=0.000000 gate_passed=True fallback=functional_recovery_hungarian global_hash=873c5ebe2ccf4eb8d8b1fede19ac544cb953d07d8871a657187778dd433f5ddc
ROUND fedrad round=11 clients=[54, 27, 23, 37, 75, 33, 41, 46, 52, 24] diagnostic_accuracy=26.2300% Gamma=0.000000 gate_passed=True fallback=functional_recovery_hungarian global_hash=9687934bf3281967b48176f0a6eb0b62fd032dc30950c8ec170474b3363107c9
ROUND fedrad round=12 clients=[54, 45, 28, 44, 15, 1, 93, 12, 88, 40] diagnostic_accuracy=26.9400% Gamma=0.000000 gate_passed=True fallback=functional_recovery_hungarian global_hash=02b9759200e67dcd3c395b5b95c89b8b21fcce4c21a318b1f90377aaf8747e34
ROUND fedrad round=13 clients=[70, 75, 5, 68, 36, 79, 72, 78, 57, 44] diagnostic_accuracy=26.0300% Gamma=0.000000 gate_passed=True fallback=functional_recovery_hungarian global_hash=8abcbbd4fcacafcdeb9f24705e87d73c5b345930406f676c07e6650cdf31197d
ROUND fedrad round=14 clients=[41, 9, 30, 89, 40, 49, 3, 22, 8, 16] diagnostic_accuracy=29.0300% Gamma=0.000000 gate_passed=True fallback=functional_recovery_hungarian global_hash=38f53a517e4a747308f92368c3acfdd1647180c2ca66df3f476c33c1ac182ee7
ROUND fedrad round=15 clients=[82, 28, 69, 81, 56, 71, 85, 27, 37, 66] diagnostic_accuracy=27.2700% Gamma=0.000000 gate_passed=True fallback=functional_recovery_hungarian global_hash=0d6e7d54216cc4f391ad580b0c1ed26e0b4960c646ccdbe6c5d3499880d5d772
ROUND fedrad round=16 clients=[60, 13, 26, 12, 1, 28, 88, 86, 11, 43] diagnostic_accuracy=30.1800% Gamma=0.000000 gate_passed=True fallback=functional_recovery_hungarian global_hash=3b45420ab2c42172a1705738c008b9c1b60a0a1693bb7cce9d618e405757d696
ROUND fedrad round=17 clients=[93, 16, 72, 75, 10, 4, 38, 71, 42, 62] diagnostic_accuracy=27.4600% Gamma=0.000000 gate_passed=True fallback=functional_recovery_hungarian global_hash=5efb45d18478ed5b7f8a16893ef3152e342718431d06b04c05f3273b807e4125
ROUND fedrad round=18 clients=[36, 47, 1, 64, 57, 97, 29, 6, 67, 92] diagnostic_accuracy=31.8900% Gamma=0.000000 gate_passed=True fallback=functional_recovery_hungarian global_hash=171f795689286793c635b06cee0af6f76e4ad68c75aa4e96f42cd3bbfa84cff6
ROUND fedrad round=19 clients=[48, 87, 17, 57, 22, 81, 4, 51, 94, 63] diagnostic_accuracy=30.3900% Gamma=0.000000 gate_passed=True fallback=functional_recovery_hungarian global_hash=2dcbf1fc9e51630380a05741f9687a8e4f9049296dc99d95056b685c4a9377b7
ROUND fedrad round=20 clients=[9, 17, 59, 11, 2, 95, 68, 28, 60, 14] diagnostic_accuracy=32.9100% Gamma=0.000000 gate_passed=True fallback=functional_recovery_hungarian global_hash=b3cc363c72f4968882357a2ce4fd33e3700d60032df9e65d4acd8236d215e7de
ROUND fedrad round=21 clients=[26, 25, 15, 93, 45, 54, 68, 90, 76, 10] diagnostic_accuracy=27.4200% Gamma=0.000000 gate_passed=True fallback=functional_recovery_hungarian global_hash=d1fbb3436b9044328205280e0503f790ba08669244ee12cb81658ab7124c03c9
ROUND fedrad round=22 clients=[84, 74, 93, 1, 48, 44, 29, 26, 94, 75] diagnostic_accuracy=29.6500% Gamma=0.000000 gate_passed=True fallback=functional_recovery_hungarian global_hash=d27fc5320c99298ec81f274d6dca67997452d41be84d943c98c9362a71988096
ROUND fedrad round=23 clients=[71, 58, 50, 22, 59, 84, 10, 70, 43, 67] diagnostic_accuracy=31.2100% Gamma=0.000000 gate_passed=True fallback=functional_recovery_hungarian global_hash=840ddbb6833d90054882cb19f8be201f4601bd947e123e59b0cd966d8b8fa8bd
ROUND fedrad round=24 clients=[70, 54, 33, 75, 31, 58, 17, 6, 3, 51] diagnostic_accuracy=37.3500% Gamma=0.000000 gate_passed=True fallback=functional_recovery_hungarian global_hash=a78003e4ee8fb5c2ec102ad50ce6cab81d5792a20fca3cf4dbc055a9b2056166
ROUND fedrad round=25 clients=[42, 87, 33, 36, 30, 84, 78, 98, 71, 75] diagnostic_accuracy=18.3800% Gamma=0.000000 gate_passed=True fallback=functional_recovery_hungarian global_hash=6b35458f18a56109b46de34a72e4ce39db9961cd06d7e0e19fc82e00aae37f41
ROUND fedrad round=26 clients=[41, 47, 34, 10, 51, 11, 50, 16, 86, 64] diagnostic_accuracy=38.1200% Gamma=0.000000 gate_passed=True fallback=functional_recovery_hungarian global_hash=cf31e913771428fed6aa1a56d16f92681ffef5ba9603cf1c02795f7baa1a74d8
ROUND fedrad round=27 clients=[58, 82, 63, 50, 98, 84, 4, 46, 65, 88] diagnostic_accuracy=32.0300% Gamma=0.000000 gate_passed=True fallback=functional_recovery_hungarian global_hash=6af243f16682433ef68f25ce5d7213f2bd15ed84443995f7d695d364c3bbeb46
ROUND fedrad round=28 clients=[99, 88, 69, 16, 46, 29, 90, 91, 4, 45] diagnostic_accuracy=39.4200% Gamma=0.000000 gate_passed=True fallback=functional_recovery_hungarian global_hash=325eabc26a77f4d444dd575bd78f522da3cb1725e9c565ba9af0ad864cb7dfaf
ROUND fedrad round=29 clients=[80, 73, 28, 34, 1, 10, 13, 65, 5, 49] diagnostic_accuracy=40.8500% Gamma=0.000000 gate_passed=True fallback=functional_recovery_hungarian global_hash=e317ca7baf11a61db221acd79a8b7bc79bdf89c6ac6c21049c701336fee3982f
ROUND fedrad round=30 clients=[62, 41, 74, 11, 99, 8, 75, 26, 81, 85] diagnostic_accuracy=35.9100% Gamma=0.000000 gate_passed=True fallback=functional_recovery_hungarian global_hash=b39c36125169d57aa569e67e5e4312a10bd7c47b2d0f1413f2ef12c118d25427
ROUND fedrad round=31 clients=[96, 81, 77, 83, 14, 50, 13, 67, 53, 91] diagnostic_accuracy=46.9800% Gamma=0.000000 gate_passed=True fallback=functional_recovery_hungarian global_hash=e80419bb40bd7eb173f4247a3607ef4d32745fd734e44c0d818ecfd45ab54aa9
ROUND fedrad round=32 clients=[40, 73, 70, 3, 6, 94, 1, 25, 20, 10] diagnostic_accuracy=33.1500% Gamma=0.000000 gate_passed=True fallback=functional_recovery_hungarian global_hash=c95e23b2ee8e1ba2ff2f7869bee878dc94ee28c69a200805183b46a7d117f4e9
ROUND fedrad round=33 clients=[45, 16, 51, 88, 17, 78, 36, 44, 21, 62] diagnostic_accuracy=42.1100% Gamma=0.000000 gate_passed=True fallback=functional_recovery_hungarian global_hash=2a80ed5c9e5ec44e9a2664fb3ee66255a4817950a25439d67454edf8d0a98877
ROUND fedrad round=34 clients=[92, 43, 97, 61, 58, 67, 1, 98, 30, 75] diagnostic_accuracy=42.3700% Gamma=0.000000 gate_passed=True fallback=functional_recovery_hungarian global_hash=3d5705bf9076e8f9a3279b7c921f262b74b8cfdab4f30d37fa975a9a9ee9adb1
ROUND fedrad round=35 clients=[31, 89, 17, 66, 92, 23, 96, 9, 35, 20] diagnostic_accuracy=41.0100% Gamma=0.000000 gate_passed=True fallback=functional_recovery_hungarian global_hash=8285c497a04e8dd9d60580123eea1f3f5dba5f600eac19fcc277f38984f1e819
ROUND fedrad round=36 clients=[72, 68, 65, 28, 23, 85, 16, 60, 73, 78] diagnostic_accuracy=48.0700% Gamma=0.000000 gate_passed=True fallback=functional_recovery_hungarian global_hash=caa6ffbc96e8943ee6b81c12929e727fc79287c47452029e5f3cb888048ac9c2
ROUND fedrad round=37 clients=[66, 49, 62, 9, 84, 68, 74, 3, 44, 71] diagnostic_accuracy=29.3300% Gamma=0.000000 gate_passed=True fallback=functional_recovery_hungarian global_hash=5ef7d747366eda50d2ed9a2076b18ba05fa976d94140781763df96cd2b1d7c90
ROUND fedrad round=38 clients=[50, 73, 27, 38, 8, 53, 21, 14, 28, 64] diagnostic_accuracy=47.2300% Gamma=0.000000 gate_passed=True fallback=functional_recovery_hungarian global_hash=53a0b89ed5c911683d18c606c71dfd02e34b00d6328c41b851ba206e65341bc5
ROUND fedrad round=39 clients=[48, 87, 40, 59, 3, 10, 75, 35, 49, 89] diagnostic_accuracy=44.8700% Gamma=0.000000 gate_passed=True fallback=functional_recovery_hungarian global_hash=aca0647ec0db8405064afb0707cca815bb15251977e7bd56636993be5db16a8d
ROUND fedrad round=40 clients=[83, 93, 34, 60, 90, 45, 42, 41, 91, 36] diagnostic_accuracy=50.0500% Gamma=0.000000 gate_passed=True fallback=functional_recovery_hungarian global_hash=ba04ce105bb48d3d757decf6c1d4709ec5488f21890bf5817db2e370f7cf2ae4
ROUND fedrad round=41 clients=[75, 52, 20, 80, 90, 93, 4, 51, 13, 98] diagnostic_accuracy=40.4400% Gamma=0.000000 gate_passed=True fallback=functional_recovery_hungarian global_hash=617b82c073dd0b35049814017aa31972b9273d75de4cb3b93cafa5001a4fbde8
ROUND fedrad round=42 clients=[98, 79, 17, 10, 3, 12, 29, 26, 54, 58] diagnostic_accuracy=36.1300% Gamma=0.000000 gate_passed=True fallback=functional_recovery_hungarian global_hash=36591217628b29344224c393b5df4e9243c24022732f519157e94f2ef1b43c69
ROUND fedrad round=43 clients=[32, 15, 47, 9, 7, 16, 24, 57, 71, 28] diagnostic_accuracy=47.8300% Gamma=0.000000 gate_passed=True fallback=functional_recovery_hungarian global_hash=ce6e00421b70eb7c846f7e4a4dfbfbcda8d6bd07fa60d190ab324915ab6e66d2
ROUND fedrad round=44 clients=[76, 67, 81, 35, 44, 49, 32, 99, 69, 51] diagnostic_accuracy=47.3600% Gamma=0.000000 gate_passed=True fallback=functional_recovery_hungarian global_hash=bf3ec6a0b4f8a1da432bc893f777e4351b869fd6221fa9a463be53a75f29bd9d
ROUND fedrad round=45 clients=[42, 4, 95, 71, 84, 22, 61, 5, 10, 28] diagnostic_accuracy=42.5400% Gamma=0.000000 gate_passed=True fallback=functional_recovery_hungarian global_hash=d084b9af0c7ef4d1846dedcb2d2884970ea0b7948b8b9fc56e7b29f770c648e7
ROUND fedrad round=46 clients=[61, 52, 80, 26, 37, 44, 85, 1, 99, 55] diagnostic_accuracy=54.6200% Gamma=0.000000 gate_passed=True fallback=functional_recovery_hungarian global_hash=d435ad8900b605d7fbee7ec5991f11644747a3c064dd70f4e8fe9dac4924587d
ROUND fedrad round=47 clients=[23, 10, 75, 28, 19, 22, 43, 13, 98, 85] diagnostic_accuracy=50.7000% Gamma=0.000000 gate_passed=True fallback=functional_recovery_hungarian global_hash=3350e030b913a9f6aa394f72561095b86504ff74ee447922665f4e042878022a
ROUND fedrad round=48 clients=[18, 1, 96, 63, 59, 71, 88, 39, 97, 68] diagnostic_accuracy=46.6700% Gamma=0.000000 gate_passed=True fallback=functional_recovery_hungarian global_hash=7a46de22c76839ef8d5510057210f63bc185028f3a20dc496e7f971ad18e4ec7
ROUND fedrad round=49 clients=[44, 11, 93, 47, 54, 9, 81, 94, 45, 65] diagnostic_accuracy=55.3700% Gamma=0.000000 gate_passed=True fallback=functional_recovery_hungarian global_hash=9946f5ff26d43416fb55ca964bd4d61f34c05ed49e96ccabbe1101d417ff3939
ROUND fedrad round=50 clients=[48, 43, 51, 76, 99, 39, 38, 73, 89, 80] diagnostic_accuracy=53.3200% Gamma=0.000000 gate_passed=True fallback=functional_recovery_hungarian global_hash=5db11229d703dfba147166d6a7c759220ed6ef26f7d48fbe9c6bd2d0cd221709
ROUND fedrad round=51 clients=[34, 16, 99, 17, 62, 58, 96, 29, 90, 30] diagnostic_accuracy=53.0700% Gamma=0.000000 gate_passed=True fallback=functional_recovery_hungarian global_hash=ab85c65f9ec5c97ece84c75851b0c8080033b367b5e05c0d2e9d596995457d64
ROUND fedrad round=52 clients=[8, 59, 78, 95, 25, 35, 99, 86, 54, 64] diagnostic_accuracy=55.7100% Gamma=0.000000 gate_passed=True fallback=functional_recovery_hungarian global_hash=1394b76302c3175f5d6ede8fc07d14f7c5cf37f6655f6b53258a2e637bac204d
ROUND fedrad round=53 clients=[87, 42, 55, 74, 37, 10, 26, 23, 57, 62] diagnostic_accuracy=48.4300% Gamma=0.000000 gate_passed=True fallback=functional_recovery_hungarian global_hash=dd0c83d5a23b603a2650c09387825d4785b4b771fc4fa77fe59013d0c9dc7697
ROUND fedrad round=54 clients=[84, 2, 76, 48, 68, 40, 92, 8, 42, 46] diagnostic_accuracy=52.2900% Gamma=0.000000 gate_passed=True fallback=functional_recovery_hungarian global_hash=299a68714375e9a602571d3ca6d195ec1b121cfc135e26730203d59800641671
ROUND fedrad round=55 clients=[91, 70, 16, 58, 10, 35, 31, 86, 62, 54] diagnostic_accuracy=56.5800% Gamma=0.000000 gate_passed=True fallback=functional_recovery_hungarian global_hash=2ea4b09f1cbaaf198a5cf30710384ee4ccd1a3f36aff99adfeac2f18b99c4638
ROUND fedrad round=56 clients=[32, 41, 20, 75, 69, 62, 74, 38, 80, 58] diagnostic_accuracy=44.7800% Gamma=0.000000 gate_passed=True fallback=functional_recovery_hungarian global_hash=af96842c731ddd942ad39cde91186bd694eb0c2663406d5dd790cff13aa478dc
ROUND fedrad round=57 clients=[89, 0, 84, 16, 97, 67, 41, 38, 59, 60] diagnostic_accuracy=48.3500% Gamma=0.000000 gate_passed=True fallback=functional_recovery_hungarian global_hash=61d0eb1575a310f57428f482688aa72f8f595600f61a2a8d3a2cf777426c7133
ROUND fedrad round=58 clients=[59, 21, 34, 35, 95, 41, 9, 12, 47, 42] diagnostic_accuracy=52.3200% Gamma=0.000000 gate_passed=True fallback=functional_recovery_hungarian global_hash=ac56f3e6c78b501a5db7fcb462301617eefd7268dc0a9eabca166c68143b2e16
ROUND fedrad round=59 clients=[88, 78, 75, 43, 57, 63, 34, 79, 17, 93] diagnostic_accuracy=52.7900% Gamma=0.000000 gate_passed=True fallback=functional_recovery_hungarian global_hash=719982907f224f2a9892b2a3c45bcf202b89fcfa048dd9656b0b00990cebccc0
ROUND fedrad round=60 clients=[76, 35, 9, 75, 32, 97, 53, 72, 27, 91] diagnostic_accuracy=50.4800% Gamma=0.000000 gate_passed=True fallback=functional_recovery_hungarian global_hash=a449583002ea201c3c7b301aa1b52716a42c9d65ec00b4e1d1d357e0c3d5d564
ROUND fedrad round=61 clients=[60, 14, 9, 43, 15, 68, 7, 44, 65, 89] diagnostic_accuracy=59.3800% Gamma=0.000000 gate_passed=True fallback=functional_recovery_hungarian global_hash=8e4c4dd48b4dd42fa41ea67b9cba5d8143086ae4f62f32f4c0faf02829790c7d
ROUND fedrad round=62 clients=[56, 67, 28, 93, 30, 71, 78, 48, 25, 19] diagnostic_accuracy=58.4000% Gamma=0.000000 gate_passed=True fallback=functional_recovery_hungarian global_hash=e6366dab5f82e8f3e88b457836460758aebbaed02c35643d62c1f70a6c8404a7
ROUND fedrad round=63 clients=[61, 18, 63, 89, 0, 99, 42, 76, 81, 9] diagnostic_accuracy=54.5900% Gamma=0.000000 gate_passed=True fallback=functional_recovery_hungarian global_hash=1c6c7a70dfa93e3918a64041c752d730e42ec077b9ae179ee015951891a9d5a2
ROUND fedrad round=64 clients=[14, 22, 8, 93, 29, 90, 73, 28, 57, 58] diagnostic_accuracy=58.8800% Gamma=0.000000 gate_passed=True fallback=functional_recovery_hungarian global_hash=2418fcd611dc80cfbc80be7c12bf4c84245947e7eaef00781235c15791048564
ROUND fedrad round=65 clients=[16, 90, 78, 23, 55, 61, 31, 0, 11, 82] diagnostic_accuracy=60.2400% Gamma=0.000000 gate_passed=True fallback=functional_recovery_hungarian global_hash=84c169c1f1a729a1b683983eb77b7cac2490f394f7ed5e147def16f1c12d141e
ROUND fedrad round=66 clients=[28, 65, 16, 72, 11, 36, 19, 51, 81, 53] diagnostic_accuracy=59.5200% Gamma=0.000000 gate_passed=True fallback=functional_recovery_hungarian global_hash=8b4d39e9be22bb69725fc2daf8ed3f35d949b7231bd6735803faf4c58ac5d480
ROUND fedrad round=67 clients=[53, 63, 96, 28, 78, 90, 58, 73, 34, 4] diagnostic_accuracy=57.7000% Gamma=0.000000 gate_passed=True fallback=functional_recovery_hungarian global_hash=0a3a3a160de8b3a8e35026fc6cb7c5309b122ae604d969f2939e2f8bedf5fb80
ROUND fedrad round=68 clients=[38, 57, 22, 41, 70, 39, 10, 5, 17, 32] diagnostic_accuracy=55.9300% Gamma=0.000000 gate_passed=True fallback=functional_recovery_hungarian global_hash=93037a719bbf3f5b2c0085e30d46f0953435fbb9a823a2060aa8192eb0778ebe
ROUND fedrad round=69 clients=[60, 67, 48, 59, 46, 94, 22, 29, 53, 97] diagnostic_accuracy=60.2800% Gamma=0.000000 gate_passed=True fallback=functional_recovery_hungarian global_hash=db51a9f9325df3c8e463f0958bd8b8a8968891b14a8f574b934de0d346a1e561
ROUND fedrad round=70 clients=[61, 33, 76, 48, 37, 54, 38, 13, 8, 39] diagnostic_accuracy=52.5600% Gamma=0.000000 gate_passed=True fallback=functional_recovery_hungarian global_hash=72ec6627c362637ab943e55888d054d8ad68da6789934224fb969e70aae09bd1
ROUND fedrad round=71 clients=[31, 88, 91, 25, 50, 95, 67, 45, 80, 70] diagnostic_accuracy=58.1600% Gamma=0.000000 gate_passed=True fallback=functional_recovery_hungarian global_hash=921c7452a233557453d088d09f950d813537e79f9e2c711299d120cf4f66bd7e
ROUND fedrad round=72 clients=[3, 23, 17, 94, 61, 43, 63, 91, 37, 84] diagnostic_accuracy=49.2600% Gamma=0.000000 gate_passed=True fallback=functional_recovery_hungarian global_hash=d94167c2a6e8f1c3911434b61309731508c824990b0cc5f13d0ae91a177ece01
ROUND fedrad round=73 clients=[11, 73, 78, 47, 45, 83, 36, 75, 91, 57] diagnostic_accuracy=60.8500% Gamma=0.000000 gate_passed=True fallback=functional_recovery_hungarian global_hash=c6f5437d31e2f4770c9d06d6d46806b9f1c9b8af124c15f7c32e7ae365d9c42e
ROUND fedrad round=74 clients=[46, 54, 66, 62, 96, 49, 24, 75, 60, 52] diagnostic_accuracy=57.5300% Gamma=0.000000 gate_passed=True fallback=functional_recovery_hungarian global_hash=04c124ad11833b8b1f2b05ad542419fe7f95d7c4a1a010f8bb1d29631e633c94
ROUND fedrad round=75 clients=[75, 51, 39, 89, 14, 54, 41, 30, 24, 80] diagnostic_accuracy=55.0600% Gamma=0.000000 gate_passed=True fallback=functional_recovery_hungarian global_hash=e75d59e0d60c11aebd374e609f2e7a6e6e6cf2e9f8d6cdc9fc23bbb4998cec60
ROUND fedrad round=76 clients=[67, 90, 45, 78, 32, 86, 50, 55, 33, 60] diagnostic_accuracy=63.3300% Gamma=0.000000 gate_passed=True fallback=functional_recovery_hungarian global_hash=04f0e2442d86df71d2543f6046880dcc9b60d199e02ed2b607c369bc27231b90
ROUND fedrad round=77 clients=[4, 16, 51, 33, 89, 30, 13, 77, 43, 85] diagnostic_accuracy=61.6500% Gamma=0.000000 gate_passed=True fallback=functional_recovery_hungarian global_hash=6a3e392974f6143acc7fffe1dd4bc736fbf9c4b58766ff50720db5ea171d1fb5
ROUND fedrad round=78 clients=[97, 76, 96, 72, 42, 17, 33, 51, 24, 36] diagnostic_accuracy=61.2200% Gamma=0.000000 gate_passed=True fallback=functional_recovery_hungarian global_hash=6477d21d2cd3b090ff7d79d7bf1a9d9dc0bd3e01b874799beb07036c4cf2612d
ROUND fedrad round=79 clients=[22, 47, 61, 27, 50, 96, 89, 97, 85, 30] diagnostic_accuracy=60.2000% Gamma=0.000000 gate_passed=True fallback=functional_recovery_hungarian global_hash=dffee38aafdbd6beb939f3bf89f72f39c02ad4abbe5e51115791093ea75ff3e4
ROUND fedrad round=80 clients=[44, 70, 23, 38, 74, 21, 82, 4, 88, 98] diagnostic_accuracy=57.3700% Gamma=0.000000 gate_passed=True fallback=functional_recovery_hungarian global_hash=0d7a891cb1229b54cf4203233732c9b2962c44062af49748d9fa7152a022595a
ROUND fedrad round=81 clients=[90, 72, 65, 50, 85, 56, 4, 80, 31, 17] diagnostic_accuracy=58.5900% Gamma=0.000000 gate_passed=True fallback=functional_recovery_hungarian global_hash=e76144126fb22e0713de141afc957053283c9f7bb9ed850dde8acbbcc383ed34
ROUND fedrad round=82 clients=[61, 40, 41, 34, 97, 51, 50, 13, 22, 8] diagnostic_accuracy=60.4800% Gamma=0.000000 gate_passed=True fallback=functional_recovery_hungarian global_hash=bb2eb1cd9924195d9155de2275a51099eebffbaeb632bbbd2f4400aedb85e042
ROUND fedrad round=83 clients=[87, 54, 63, 83, 96, 26, 0, 59, 69, 14] diagnostic_accuracy=62.5200% Gamma=0.000000 gate_passed=True fallback=functional_recovery_hungarian global_hash=37acc21c8d18942382e137a976f722f470c490fe0397007f4127ded7d0d976c7
ROUND fedrad round=84 clients=[58, 47, 83, 36, 8, 2, 56, 49, 10, 38] diagnostic_accuracy=54.7200% Gamma=0.000000 gate_passed=True fallback=functional_recovery_hungarian global_hash=216bdf62f2ea196ccb95e8a5168ba9810761f4d1679d770d28054371bb1491c1
ROUND fedrad round=85 clients=[89, 90, 81, 54, 59, 4, 53, 47, 52, 19] diagnostic_accuracy=65.6400% Gamma=0.000000 gate_passed=True fallback=functional_recovery_hungarian global_hash=f3ddc0d1be8f2ae507f8f4be8c209c2026161b66bd5a04dd50b405e335d7cc63
ROUND fedrad round=86 clients=[24, 13, 81, 73, 19, 55, 40, 76, 57, 96] diagnostic_accuracy=49.8700% Gamma=0.000000 gate_passed=True fallback=functional_recovery_hungarian global_hash=bc76e27b39cdf9ea6569354b2bda6e77f4bc21e4b9b04a853fee1e0c410c3cc6
ROUND fedrad round=87 clients=[31, 75, 94, 20, 87, 26, 29, 70, 2, 50] diagnostic_accuracy=56.0800% Gamma=0.000000 gate_passed=True fallback=functional_recovery_hungarian global_hash=d3bbcea1c3b72139e542017ca296770c422fc50bcaa2dc5d6448f46b0fc802fb
ROUND fedrad round=88 clients=[0, 9, 46, 37, 72, 83, 73, 16, 55, 27] diagnostic_accuracy=54.3900% Gamma=0.000000 gate_passed=True fallback=functional_recovery_hungarian global_hash=3c498bb1dfe53e9ebfc9d82a91b33426de28b3401c748183ba2074a322ca2c01
ROUND fedrad round=89 clients=[80, 29, 9, 50, 26, 81, 48, 82, 37, 15] diagnostic_accuracy=55.4500% Gamma=0.000000 gate_passed=True fallback=functional_recovery_hungarian global_hash=df4e42be40865fecc0509c1896e7a3074530bf2344a4e18411d8c7b6076fc5d6
ROUND fedrad round=90 clients=[82, 6, 87, 74, 29, 50, 62, 67, 12, 83] diagnostic_accuracy=68.8300% Gamma=0.000000 gate_passed=True fallback=functional_recovery_hungarian global_hash=5a611ac04c591f3c51fbfdce5f7b131a44815c55cc2f5e986ffa11e38772cc34
ROUND fedrad round=91 clients=[36, 75, 89, 43, 12, 21, 95, 72, 24, 63] diagnostic_accuracy=54.4000% Gamma=0.000000 gate_passed=True fallback=functional_recovery_hungarian global_hash=521cd466184528eefa4e3128837d8506c89f59841dde709e14e9a0c96532b10a
ROUND fedrad round=92 clients=[34, 15, 31, 94, 46, 70, 19, 80, 6, 88] diagnostic_accuracy=61.5900% Gamma=0.000000 gate_passed=True fallback=functional_recovery_hungarian global_hash=345b8bf6ea2afce0c105576ad0220a2050fd7509b874aca749e050e33a5fbc29
ROUND fedrad round=93 clients=[70, 92, 72, 77, 23, 53, 1, 12, 97, 93] diagnostic_accuracy=58.1800% Gamma=0.000000 gate_passed=True fallback=functional_recovery_hungarian global_hash=2e4e51b5cf6c633a8b7af03374c8fbd38ec089d4de45640af5675a0fb77ff900
ROUND fedrad round=94 clients=[13, 38, 36, 14, 57, 77, 66, 73, 3, 0] diagnostic_accuracy=53.0600% Gamma=0.000000 gate_passed=True fallback=functional_recovery_hungarian global_hash=a82a1f75df1712f9ddbb76fb6facb29175f14d32809abff99884ea4fecd66cb8
ROUND fedrad round=95 clients=[13, 19, 10, 24, 76, 57, 88, 23, 61, 31] diagnostic_accuracy=59.5700% Gamma=0.000000 gate_passed=True fallback=functional_recovery_hungarian global_hash=30cf1896355cb1b1c7dec220331c22623ddf778f6f83317fa4a9f2c2d529ff24
ROUND fedrad round=96 clients=[18, 45, 94, 24, 56, 67, 10, 14, 13, 9] diagnostic_accuracy=65.5400% Gamma=0.000000 gate_passed=True fallback=functional_recovery_hungarian global_hash=d5c0f681bedf3949f1139b537992d5452c1e472da1bb423b8bf1ae92f3ab5461
ROUND fedrad round=97 clients=[13, 48, 73, 93, 70, 1, 43, 77, 76, 88] diagnostic_accuracy=60.7100% Gamma=0.000000 gate_passed=True fallback=functional_recovery_hungarian global_hash=aa1206ad70c6e76fdf85240fc74136de26aa9f2748691f0d3583912314074334
ROUND fedrad round=98 clients=[21, 45, 83, 68, 75, 65, 96, 1, 77, 73] diagnostic_accuracy=65.3400% Gamma=0.000000 gate_passed=True fallback=functional_recovery_hungarian global_hash=607d4f98b53649f87e82f6086c8d6ceec1a46bfc55acd1544888dec7d0fa1c65
ROUND fedrad round=99 clients=[81, 84, 60, 18, 45, 47, 94, 83, 76, 22] diagnostic_accuracy=59.6500% Gamma=0.000000 gate_passed=True fallback=functional_recovery_hungarian global_hash=a186787a7e4b009a0b768ca660585bd7a2468eb7ce054cd86695fdc4db87dc0f
ROUND fedrad round=100 clients=[21, 69, 47, 34, 65, 81, 93, 44, 30, 84] diagnostic_accuracy=58.9000% Gamma=0.000000 gate_passed=True fallback=functional_recovery_hungarian global_hash=a1fdba41721912b2f4e8ee639171973edf0a667a11f99627d4190f667fceb75e
ROUND fedrad round=101 clients=[22, 38, 77, 15, 11, 61, 37, 34, 87, 3] diagnostic_accuracy=64.9100% Gamma=0.000000 gate_passed=True fallback=functional_recovery_hungarian global_hash=084e4540f27c2233c1204b4730c17e136ab128af957548d6855735ee38670aaa
ROUND fedrad round=102 clients=[96, 9, 26, 58, 69, 44, 13, 93, 61, 43] diagnostic_accuracy=60.7900% Gamma=0.000000 gate_passed=True fallback=functional_recovery_hungarian global_hash=aabdca937b5d7bc8788f89187c71f7ef1982dfd819d918db1a1265271c69c40e
ROUND fedrad round=103 clients=[13, 34, 27, 16, 72, 98, 14, 19, 9, 46] diagnostic_accuracy=59.0500% Gamma=0.000000 gate_passed=True fallback=functional_recovery_hungarian global_hash=496600c5f646d2a4a3b52404d438385a134839a817fec2f7803f6827115e0b91
ROUND fedrad round=104 clients=[29, 72, 81, 80, 68, 85, 14, 0, 93, 52] diagnostic_accuracy=66.6300% Gamma=0.000000 gate_passed=True fallback=functional_recovery_hungarian global_hash=411373898ece3af4e99072735ee314d63e64b9a8dde1ff59706da53916184b99
ROUND fedrad round=105 clients=[17, 69, 35, 86, 83, 84, 23, 56, 89, 60] diagnostic_accuracy=62.5700% Gamma=0.000000 gate_passed=True fallback=functional_recovery_hungarian global_hash=e447327f85a744991388796c4d1faa600632a81c5eb7b949390758e1b83efce2
ROUND fedrad round=106 clients=[94, 79, 36, 8, 19, 16, 13, 30, 25, 3] diagnostic_accuracy=49.0400% Gamma=0.000000 gate_passed=True fallback=functional_recovery_hungarian global_hash=d53eb0cb390e740e1f739d486eda98b77a4d10d0676a331de6f828841cdc5b74
ROUND fedrad round=107 clients=[45, 82, 32, 52, 17, 96, 6, 57, 67, 74] diagnostic_accuracy=58.9400% Gamma=0.000000 gate_passed=True fallback=functional_recovery_hungarian global_hash=436552b812b59138d884e27ea00ffefe4ee22879d0a94326db86871dcc3394b9
ROUND fedrad round=108 clients=[61, 20, 59, 99, 39, 42, 73, 53, 45, 8] diagnostic_accuracy=68.6800% Gamma=0.000000 gate_passed=True fallback=functional_recovery_hungarian global_hash=92533c13a29bc12cc8af03089734e6179b23034756f2f85994596a482db83d0b
ROUND fedrad round=109 clients=[60, 38, 5, 54, 66, 33, 80, 83, 9, 4] diagnostic_accuracy=60.7200% Gamma=0.000000 gate_passed=True fallback=functional_recovery_hungarian global_hash=0adcd7ccdd257f6dcc7d2b63809b35196d5226907e81a33e06e733d11b0a736b
ROUND fedrad round=110 clients=[39, 44, 62, 4, 42, 25, 0, 45, 29, 93] diagnostic_accuracy=70.9700% Gamma=0.000000 gate_passed=True fallback=functional_recovery_hungarian global_hash=93f984e54d5101fb9dfe1e99fcaf408ecb595e32ff396cdda70e8e70c5ce5470
ROUND fedrad round=111 clients=[96, 54, 19, 97, 92, 31, 81, 2, 24, 9] diagnostic_accuracy=70.7400% Gamma=0.000000 gate_passed=True fallback=functional_recovery_hungarian global_hash=0fa7f7a5776054791bdd03f1c19d77f62ad3bcd3a9e65ef7258cc466e72cf83b
ROUND fedrad round=112 clients=[9, 19, 7, 49, 45, 35, 80, 85, 40, 89] diagnostic_accuracy=66.4900% Gamma=0.000000 gate_passed=True fallback=functional_recovery_hungarian global_hash=52023328fc64c7976af5682fb6b26f37c2c0b1b01d653ec1285f427af7dd3446
ROUND fedrad round=113 clients=[73, 66, 18, 74, 33, 2, 87, 29, 98, 91] diagnostic_accuracy=61.4700% Gamma=0.000000 gate_passed=True fallback=functional_recovery_hungarian global_hash=a6ebfa3dade89e7b39b2353013d8f6fe7366e9592395a103645fbc7efa0beb84
ROUND fedrad round=114 clients=[40, 31, 27, 50, 71, 81, 99, 97, 73, 49] diagnostic_accuracy=56.8900% Gamma=0.000000 gate_passed=True fallback=functional_recovery_hungarian global_hash=667467009dd3e03165b697b5f4552bc12c2917c59bdf4460f39bfefcd29d2522
ROUND fedrad round=115 clients=[61, 64, 42, 88, 27, 95, 92, 50, 45, 85] diagnostic_accuracy=65.4700% Gamma=0.000000 gate_passed=True fallback=functional_recovery_hungarian global_hash=dca4ef5828a9da5da3575e5a796e9f2e618764cd576de77078364a040dce31fc
ROUND fedrad round=116 clients=[27, 8, 49, 32, 15, 35, 70, 59, 31, 30] diagnostic_accuracy=59.4000% Gamma=0.000000 gate_passed=True fallback=functional_recovery_hungarian global_hash=430faa8fede21d582280bb695e1d1fc9d82e650303d6087661b6eb659453babd
ROUND fedrad round=117 clients=[69, 35, 52, 51, 26, 15, 76, 48, 98, 12] diagnostic_accuracy=63.3400% Gamma=0.000000 gate_passed=True fallback=functional_recovery_hungarian global_hash=9737d44481df8e683eb76faaf0986327c0d2160eeeb001d118ab500b9aa8efc5
ROUND fedrad round=118 clients=[46, 57, 0, 86, 26, 80, 73, 20, 63, 98] diagnostic_accuracy=63.9900% Gamma=0.000000 gate_passed=True fallback=functional_recovery_hungarian global_hash=9b76ca3308132bc117b373ff406d9984e05a394ba60689e73b876f917beb055c
ROUND fedrad round=119 clients=[81, 6, 64, 84, 20, 2, 8, 4, 66, 92] diagnostic_accuracy=61.0300% Gamma=0.000000 gate_passed=True fallback=functional_recovery_hungarian global_hash=abbf9557f871701fc1610864c278338d8f6eca9655dd593226f522b73ddd3181
ROUND fedrad round=120 clients=[61, 34, 64, 11, 96, 18, 82, 52, 72, 92] diagnostic_accuracy=65.0300% Gamma=0.000000 gate_passed=True fallback=functional_recovery_hungarian global_hash=67411af511d7e75ef38a53a352f10ffe02119104cf4708e205ebd4068bfc272f
ROUND fedrad round=121 clients=[93, 68, 94, 13, 36, 11, 5, 1, 40, 7] diagnostic_accuracy=67.4400% Gamma=0.000000 gate_passed=True fallback=functional_recovery_hungarian global_hash=537b6e9f9798d2c5e9fdbb9b364f121fd5cc474e337a11c1981769c4fb3c5ac4
ROUND fedrad round=122 clients=[73, 64, 37, 69, 31, 48, 77, 41, 53, 75] diagnostic_accuracy=59.8700% Gamma=0.000000 gate_passed=True fallback=functional_recovery_hungarian global_hash=e5b9faa4d3e608db2069cd4a8745f9a697919caeef470a3be786a5ca67eef319
ROUND fedrad round=123 clients=[46, 43, 84, 11, 66, 92, 16, 19, 96, 37] diagnostic_accuracy=58.8800% Gamma=0.000000 gate_passed=True fallback=functional_recovery_hungarian global_hash=24d3c9dfa36b845627325a64ab8868309f4df5e58c6904d8d44aeb554357aeef
ROUND fedrad round=124 clients=[43, 96, 9, 0, 74, 19, 1, 23, 38, 66] diagnostic_accuracy=65.2700% Gamma=0.000000 gate_passed=True fallback=functional_recovery_hungarian global_hash=37b0fc99a385dfea233301e90f99c80088b536377f94b89360e23b6459d915c6
ROUND fedrad round=125 clients=[27, 62, 32, 10, 22, 72, 64, 25, 86, 60] diagnostic_accuracy=62.3600% Gamma=0.000000 gate_passed=True fallback=functional_recovery_hungarian global_hash=d9708e6fd1669819eea80aa94b18ff9069882e2a7456fb44f4f9c08ab41fa4f6
ROUND fedrad round=126 clients=[84, 7, 64, 76, 15, 46, 27, 47, 40, 69] diagnostic_accuracy=64.2400% Gamma=0.000000 gate_passed=True fallback=functional_recovery_hungarian global_hash=c8da4068c6662f800f24dc08625630d0065423e6c8d856d2e513f537229920df
ROUND fedrad round=127 clients=[75, 97, 79, 87, 11, 7, 37, 92, 41, 12] diagnostic_accuracy=65.3100% Gamma=0.000000 gate_passed=True fallback=functional_recovery_hungarian global_hash=7a5398e17726758f71a5fbe2723acd870ffdfdc425f8df67da7650fbd00671d3
ROUND fedrad round=128 clients=[78, 4, 17, 21, 76, 74, 19, 61, 45, 86] diagnostic_accuracy=72.4600% Gamma=0.000000 gate_passed=True fallback=functional_recovery_hungarian global_hash=4157dc0150da3ac698896c78d736fe6637c0b475d4dea91b68f0fa6064b0c469
ROUND fedrad round=129 clients=[23, 41, 75, 36, 26, 49, 95, 16, 93, 72] diagnostic_accuracy=58.3600% Gamma=0.000000 gate_passed=True fallback=functional_recovery_hungarian global_hash=5a070cff0abe863fc2b1de79eb41876a850a53f8a976b99686a51e7f536971a4
ROUND fedrad round=130 clients=[59, 53, 65, 8, 68, 35, 13, 55, 23, 97] diagnostic_accuracy=68.4000% Gamma=0.000000 gate_passed=True fallback=functional_recovery_hungarian global_hash=9051e7a71ffede1396aee12ec2fe058fdb1c467baf21e2eab342758dd5b10477
ROUND fedrad round=131 clients=[74, 98, 22, 45, 97, 87, 92, 71, 47, 79] diagnostic_accuracy=67.7700% Gamma=0.000000 gate_passed=True fallback=functional_recovery_hungarian global_hash=50afd307291ecbccb2f2f31e8853feb91ee3b4443e31ccfd56fb6d731cd58206
ROUND fedrad round=132 clients=[35, 70, 59, 49, 36, 91, 82, 50, 26, 72] diagnostic_accuracy=50.8300% Gamma=0.000000 gate_passed=True fallback=functional_recovery_hungarian global_hash=3c7943dcea8565685baaba66c245a899efb37f72e49727a339e68f0247f19eb8
ROUND fedrad round=133 clients=[22, 83, 75, 29, 66, 48, 12, 10, 86, 1] diagnostic_accuracy=64.4800% Gamma=0.000000 gate_passed=True fallback=functional_recovery_hungarian global_hash=6a6818f64008009abf55a514a5433d922c0179b839b96e83bdbfb93385170cb8
ROUND fedrad round=134 clients=[76, 33, 40, 59, 65, 63, 73, 36, 99, 82] diagnostic_accuracy=68.5000% Gamma=0.000000 gate_passed=True fallback=functional_recovery_hungarian global_hash=b4fde48452cfef76655d585e7c1e8df229d891b4903c5decf6d83a0e17512d14
ROUND fedrad round=135 clients=[85, 88, 54, 40, 70, 67, 86, 38, 58, 42] diagnostic_accuracy=73.1000% Gamma=0.000000 gate_passed=True fallback=functional_recovery_hungarian global_hash=f6261b8fc8fa2fccc1c050119d5cee88830a066834a3c386f194ec3db494bfd9
ROUND fedrad round=136 clients=[89, 56, 12, 90, 94, 86, 19, 78, 92, 59] diagnostic_accuracy=69.7600% Gamma=0.000000 gate_passed=True fallback=functional_recovery_hungarian global_hash=282068631661891a51a7bcf34cb826dd527a188fb3ab93fcfb78d589e64a74c5
ROUND fedrad round=137 clients=[7, 94, 69, 44, 50, 26, 75, 24, 33, 18] diagnostic_accuracy=63.1800% Gamma=0.000000 gate_passed=True fallback=functional_recovery_hungarian global_hash=673ae223a9bfe5cb0da6203290fe18ce72a2f9a0ae2fb2a9ebc90a05cbe4af4e
ROUND fedrad round=138 clients=[89, 75, 84, 93, 35, 71, 19, 63, 59, 94] diagnostic_accuracy=61.4300% Gamma=0.000000 gate_passed=True fallback=functional_recovery_hungarian global_hash=9a08e257f5e12fa0227a3e792ff0686890f7a49797e02ac2977d6c4a6a0666d5
ROUND fedrad round=139 clients=[54, 66, 17, 43, 53, 40, 76, 1, 4, 81] diagnostic_accuracy=71.6200% Gamma=0.000000 gate_passed=True fallback=functional_recovery_hungarian global_hash=51779dca284773a3cf4c515aa63798fb0f56b89270ea0d96f52937c321e46a47
ROUND fedrad round=140 clients=[52, 51, 97, 7, 41, 61, 29, 88, 49, 26] diagnostic_accuracy=68.5500% Gamma=0.000000 gate_passed=True fallback=functional_recovery_hungarian global_hash=6c11e89ecad471a5a1315c8b01dda7796dbb504d04da97d8d5e8a4d570a8721c
ROUND fedrad round=141 clients=[21, 47, 20, 59, 85, 2, 99, 70, 54, 50] diagnostic_accuracy=68.1100% Gamma=0.000000 gate_passed=True fallback=functional_recovery_hungarian global_hash=26fd6b843635e3e34328e79260bedc95ccf2c995e1877d889695ef4fbb1d18c4
ROUND fedrad round=142 clients=[65, 98, 79, 6, 58, 92, 19, 37, 33, 75] diagnostic_accuracy=66.7400% Gamma=0.000000 gate_passed=True fallback=functional_recovery_hungarian global_hash=6274564f26c7eca7a47ce7df587f8d50f55026c3c9b0f77e583b051f0769c48a
ROUND fedrad round=143 clients=[44, 84, 56, 0, 69, 15, 66, 78, 42, 95] diagnostic_accuracy=59.8900% Gamma=0.000000 gate_passed=True fallback=functional_recovery_hungarian global_hash=1dff64210b1586a81d6b6c0c4015155d7e5a5c2396e766f85372fba6a298fd65
ROUND fedrad round=144 clients=[36, 20, 53, 26, 80, 67, 25, 37, 39, 10] diagnostic_accuracy=65.1100% Gamma=0.000000 gate_passed=True fallback=functional_recovery_hungarian global_hash=5fa4125652d3fed31b1ceb41cfe5355794ba1721dae67c1a556262c2b8cb659f
ROUND fedrad round=145 clients=[54, 62, 65, 69, 82, 46, 64, 70, 59, 11] diagnostic_accuracy=68.9000% Gamma=0.000000 gate_passed=True fallback=functional_recovery_hungarian global_hash=a537e3e5d54667239add8aefc7ed3bad70e37a59ee999c23cbb1f78e751cea50
ROUND fedrad round=146 clients=[78, 89, 64, 25, 85, 9, 57, 41, 97, 45] diagnostic_accuracy=66.6500% Gamma=0.000000 gate_passed=True fallback=functional_recovery_hungarian global_hash=adf4e33ce76c161f1727f48340a242341a972a1fa4158b80543a8fd199c2065e
ROUND fedrad round=147 clients=[32, 8, 70, 41, 12, 19, 88, 20, 98, 33] diagnostic_accuracy=57.4900% Gamma=0.000000 gate_passed=True fallback=functional_recovery_hungarian global_hash=48eb53548423dcaa3d59eb46b5f37c36ca7aa447ae011db98190945d7061144f
ROUND fedrad round=148 clients=[50, 29, 81, 33, 44, 69, 2, 68, 93, 85] diagnostic_accuracy=68.8200% Gamma=0.000000 gate_passed=True fallback=functional_recovery_hungarian global_hash=16768644e91e07e09e4c98b20ad1fb7d685c7d5d2fbd076cdcde73150f15c8e9
ROUND fedrad round=149 clients=[5, 84, 70, 73, 31, 62, 69, 13, 86, 74] diagnostic_accuracy=45.3500% Gamma=0.000000 gate_passed=True fallback=functional_recovery_hungarian global_hash=f820be918ea00842457704f50e3745e6b43892bf37fe8f4dfb6c89f5569f061a
ROUND fedrad round=150 clients=[69, 9, 41, 83, 76, 63, 34, 67, 36, 87] diagnostic_accuracy=66.9400% Gamma=0.000000 gate_passed=True fallback=functional_recovery_hungarian global_hash=5619cb2251f40acc9d5e996cfed2a9e148fbb3954985b0ef64a77d4a22f1577f
ROUND fedrad round=151 clients=[40, 77, 95, 52, 25, 38, 46, 47, 93, 88] diagnostic_accuracy=61.8500% Gamma=0.000000 gate_passed=True fallback=functional_recovery_hungarian global_hash=8f69fc63df5fe0fd1b1d49df506b834b606104bd9f719fb92ed26d00c5e3948d
ROUND fedrad round=152 clients=[14, 22, 87, 6, 15, 36, 37, 44, 48, 38] diagnostic_accuracy=63.2000% Gamma=0.000000 gate_passed=True fallback=functional_recovery_hungarian global_hash=aa9bf03a28c943440350a809057e2ad3d400f453eba7855596dea696dc71927a
ROUND fedrad round=153 clients=[14, 66, 74, 62, 49, 45, 18, 79, 15, 68] diagnostic_accuracy=70.9200% Gamma=0.000000 gate_passed=True fallback=functional_recovery_hungarian global_hash=43e01cb7a83c1d6ecf4d9eefec70fd7ccb025080f4f30587a2192f451892fcc8
ROUND fedrad round=154 clients=[92, 32, 77, 87, 27, 13, 14, 47, 22, 73] diagnostic_accuracy=65.4900% Gamma=0.000000 gate_passed=True fallback=functional_recovery_hungarian global_hash=9b4169fbd378e6aeba401cf63b54430abf5a139daf822829bd9229334ab9151f
ROUND fedrad round=155 clients=[60, 31, 44, 3, 84, 25, 98, 73, 52, 82] diagnostic_accuracy=55.1900% Gamma=0.000000 gate_passed=True fallback=functional_recovery_hungarian global_hash=63aaab2a2dcbd1ca6f46cc23d696ff483b93cf0bcd72dcf9a2c3cd2b55c06cf0
ROUND fedrad round=156 clients=[66, 38, 74, 49, 46, 45, 12, 0, 81, 23] diagnostic_accuracy=64.3300% Gamma=0.000000 gate_passed=True fallback=functional_recovery_hungarian global_hash=88b066fd59ccb39eb48dc7f6d60d784f7f821158473f7f959d7933666af00799
ROUND fedrad round=157 clients=[6, 14, 56, 8, 37, 71, 68, 53, 88, 65] diagnostic_accuracy=68.7200% Gamma=0.000000 gate_passed=True fallback=functional_recovery_hungarian global_hash=48ee31691d8985e76c24200bb8303ac829063bb26c2c33d281a18b10745caf05
ROUND fedrad round=158 clients=[76, 40, 68, 38, 91, 92, 18, 11, 69, 94] diagnostic_accuracy=70.8800% Gamma=0.000000 gate_passed=True fallback=functional_recovery_hungarian global_hash=f3dd2d585967eaa1f6eeb39541d07b3a5a7aa7a65eae1a19b63900a1d86cbe93
ROUND fedrad round=159 clients=[0, 23, 91, 83, 98, 64, 90, 32, 84, 36] diagnostic_accuracy=63.3200% Gamma=0.000000 gate_passed=True fallback=functional_recovery_hungarian global_hash=5071689fda995d1dcef766504770c9983e959724853fe89ebb0ff535a9582fb9
ROUND fedrad round=160 clients=[15, 9, 95, 71, 80, 49, 39, 81, 30, 8] diagnostic_accuracy=72.6300% Gamma=0.000000 gate_passed=True fallback=functional_recovery_hungarian global_hash=2d693552579e3f0e1200446f4c01d03ec4e2f4b1abef7f76940d7ff9fa3ceb64
ROUND fedrad round=161 clients=[29, 87, 67, 36, 35, 96, 15, 61, 24, 62] diagnostic_accuracy=62.6300% Gamma=0.000000 gate_passed=True fallback=functional_recovery_hungarian global_hash=21b2eac4d8f787b3608223ab1c28a6f73299a0de123434843f32b54fadb8e9f7
ROUND fedrad round=162 clients=[13, 58, 87, 52, 50, 60, 3, 19, 35, 0] diagnostic_accuracy=61.4900% Gamma=0.000000 gate_passed=True fallback=functional_recovery_hungarian global_hash=c8e8cb2a6d4535dbc8eec4b60d5c106f0108a1520199d6070ce63f91f6364aa9
ROUND fedrad round=163 clients=[55, 46, 66, 67, 73, 12, 51, 1, 57, 90] diagnostic_accuracy=70.9600% Gamma=0.000000 gate_passed=True fallback=functional_recovery_hungarian global_hash=914a2f6ddfc10fa87aa68fbea8f6811f1686e16c262940c67ffd7e7161698669
ROUND fedrad round=164 clients=[40, 72, 92, 86, 89, 90, 16, 98, 73, 58] diagnostic_accuracy=74.7000% Gamma=0.000000 gate_passed=True fallback=functional_recovery_hungarian global_hash=dae0ba919490b4d80e69e408f1c0f036794ab1086104c8b984e1d3de1a334c02
ROUND fedrad round=165 clients=[0, 58, 47, 44, 94, 66, 4, 7, 27, 2] diagnostic_accuracy=68.1900% Gamma=0.000000 gate_passed=True fallback=functional_recovery_hungarian global_hash=df8cc976415260c723dcb740ed8087676fa20485d49348bcaf270c09b7662fb0
ROUND fedrad round=166 clients=[58, 87, 14, 78, 40, 83, 73, 18, 52, 31] diagnostic_accuracy=67.9800% Gamma=0.000000 gate_passed=True fallback=functional_recovery_hungarian global_hash=72b8d1d345605508e7e168ab1cab7ef9a1c60681d5b83036cdd08d7929860f05
ROUND fedrad round=167 clients=[99, 22, 62, 86, 5, 20, 9, 51, 7, 54] diagnostic_accuracy=69.5300% Gamma=0.000000 gate_passed=True fallback=functional_recovery_hungarian global_hash=d14e4ee0b9e6ddd360c3cb16e4e4f84fc3c3447fd2f19f49fcda17cd69c377d8
ROUND fedrad round=168 clients=[97, 37, 42, 7, 22, 5, 24, 56, 69, 12] diagnostic_accuracy=68.8400% Gamma=0.000000 gate_passed=True fallback=functional_recovery_hungarian global_hash=90d73dfcaffae404666b8ff932eb2c8000644238b713453817e0d84c0aeaad1a
ROUND fedrad round=169 clients=[96, 22, 76, 44, 59, 78, 12, 68, 94, 87] diagnostic_accuracy=69.0700% Gamma=0.000000 gate_passed=True fallback=functional_recovery_hungarian global_hash=53ffd6eb53fc0909da4412903dba6f66b5118c17db5fa02fde9b3b11b1126e6a
ROUND fedrad round=170 clients=[45, 7, 65, 19, 95, 16, 35, 23, 83, 88] diagnostic_accuracy=69.6400% Gamma=0.000000 gate_passed=True fallback=functional_recovery_hungarian global_hash=59b4570c3566babf546571063af482d56d6c6db0abe7e4c135171a11850ed8da
ROUND fedrad round=171 clients=[12, 91, 4, 90, 47, 66, 33, 9, 61, 84] diagnostic_accuracy=67.7400% Gamma=0.000000 gate_passed=True fallback=functional_recovery_hungarian global_hash=b0d515dbc0b96b4568277da9ff73466829a8f55592b2a10992898dc88642f567
ROUND fedrad round=172 clients=[46, 60, 83, 2, 37, 70, 93, 29, 3, 43] diagnostic_accuracy=56.9200% Gamma=0.000000 gate_passed=True fallback=functional_recovery_hungarian global_hash=2c17aed69b04228735cdaaf5d554bc656a5e41f202022e9ef95612755e8e848e
ROUND fedrad round=173 clients=[27, 45, 49, 4, 31, 62, 9, 95, 69, 72] diagnostic_accuracy=68.5400% Gamma=0.000000 gate_passed=True fallback=functional_recovery_hungarian global_hash=84e58f7b61c611554cb19990d4aea244b38172f3f515641d2abf1d6384e600b9
ROUND fedrad round=174 clients=[27, 28, 1, 92, 55, 48, 74, 7, 99, 62] diagnostic_accuracy=68.6500% Gamma=0.000000 gate_passed=True fallback=functional_recovery_hungarian global_hash=f94c283646b8bf7865b2e6791e5c9072c7b86bf762ef3288dc7edd90cefbecef
ROUND fedrad round=175 clients=[24, 0, 9, 11, 31, 45, 58, 35, 69, 21] diagnostic_accuracy=73.4700% Gamma=0.000000 gate_passed=True fallback=functional_recovery_hungarian global_hash=4610a2d4b729dc716877a3a68d899f7cce9f77a3ee9698946731da1323d2aeb5
ROUND fedrad round=176 clients=[42, 98, 67, 21, 24, 81, 20, 75, 29, 36] diagnostic_accuracy=67.8700% Gamma=0.000000 gate_passed=True fallback=functional_recovery_hungarian global_hash=90f42a5bab6ff4c05df489791e2b5ddadedbbe2b4e2ee7b70bdb233ad42af46d
ROUND fedrad round=177 clients=[49, 75, 33, 60, 42, 64, 69, 11, 47, 70] diagnostic_accuracy=67.3400% Gamma=0.000000 gate_passed=True fallback=functional_recovery_hungarian global_hash=c3cfd808405a2720321f1f28c011dc03fd6fb1858b3da7f9686fc85ed4da1151
ROUND fedrad round=178 clients=[96, 60, 16, 70, 73, 40, 11, 24, 87, 93] diagnostic_accuracy=63.9100% Gamma=0.000000 gate_passed=True fallback=functional_recovery_hungarian global_hash=cc9d291cfa37ffeea5b4050b8bf7aefc345db65a3565659971b5fb13adc99d90
ROUND fedrad round=179 clients=[37, 16, 85, 31, 69, 36, 54, 25, 32, 38] diagnostic_accuracy=66.6900% Gamma=0.000000 gate_passed=True fallback=functional_recovery_hungarian global_hash=f2dabd1a3a328e5ad7c40acb67b73ccb2faf76cea145e5c65c790ba14ab14c9a
ROUND fedrad round=180 clients=[80, 92, 61, 76, 19, 28, 7, 73, 67, 38] diagnostic_accuracy=70.0200% Gamma=0.000000 gate_passed=True fallback=functional_recovery_hungarian global_hash=b61ca525e59969e4c5cbc9bbc648131903ea87313c8b9a5f42ecb1fc67557b07
ROUND fedrad round=181 clients=[78, 26, 35, 44, 29, 85, 64, 66, 97, 21] diagnostic_accuracy=65.5100% Gamma=0.000000 gate_passed=True fallback=functional_recovery_hungarian global_hash=44b8dce00473b7a57820492dbf689070d47ad18125eb5f393b8ccd9a8df52695
ROUND fedrad round=182 clients=[78, 73, 10, 52, 54, 24, 44, 70, 99, 90] diagnostic_accuracy=66.3200% Gamma=0.000000 gate_passed=True fallback=functional_recovery_hungarian global_hash=7ce56fa56d440593a82955074f57074679ea056fc882689326ea2fd9221dca10
ROUND fedrad round=183 clients=[96, 38, 1, 4, 36, 19, 77, 52, 41, 49] diagnostic_accuracy=70.0300% Gamma=0.000000 gate_passed=True fallback=functional_recovery_hungarian global_hash=afbc0e1d3e7ed9fbad66c23e6eefc1b43789ccda74932625fbaeedd2aa2cdf4c
ROUND fedrad round=184 clients=[87, 55, 49, 7, 51, 67, 40, 21, 34, 0] diagnostic_accuracy=73.6900% Gamma=0.000000 gate_passed=True fallback=functional_recovery_hungarian global_hash=26072b42466aa1c8ddae72fa6a4117fef078c6da6f9c142acb4330121acc14c9
ROUND fedrad round=185 clients=[74, 63, 39, 14, 96, 82, 21, 45, 88, 13] diagnostic_accuracy=66.6000% Gamma=0.000000 gate_passed=True fallback=functional_recovery_hungarian global_hash=4432e543bff825b87c501c493acddca8ec81b7119d68e0972729f02a5a0dd35a
ROUND fedrad round=186 clients=[1, 26, 23, 59, 22, 57, 27, 60, 18, 69] diagnostic_accuracy=64.6300% Gamma=0.000000 gate_passed=True fallback=functional_recovery_hungarian global_hash=17b132725885d0913141f508121d19678cbf304575536720cb6fba447b4e53c3
ROUND fedrad round=187 clients=[34, 87, 43, 64, 27, 92, 78, 55, 68, 7] diagnostic_accuracy=69.3400% Gamma=0.000000 gate_passed=True fallback=functional_recovery_hungarian global_hash=37f959d7e3af346acb725541c87ecdfbf9654a577c92f2cb9bd6f54be0226dd2
ROUND fedrad round=188 clients=[67, 20, 34, 69, 85, 14, 86, 81, 36, 76] diagnostic_accuracy=72.7300% Gamma=0.000000 gate_passed=True fallback=functional_recovery_hungarian global_hash=fe1638a7fdf54c09cbc8f9bf5bdbc1df2bf8a1dd39b7b1596fbbf179047423e6
ROUND fedrad round=189 clients=[57, 7, 53, 49, 74, 65, 76, 29, 78, 80] diagnostic_accuracy=72.1800% Gamma=0.000000 gate_passed=True fallback=functional_recovery_hungarian global_hash=4f95e2ef968dfaa1ef2f112c7a94ef69bfd8b19c9a64e43da3cb0bd7c351f38d
ROUND fedrad round=190 clients=[71, 25, 7, 77, 39, 51, 87, 5, 45, 11] diagnostic_accuracy=56.3600% Gamma=0.000000 gate_passed=True fallback=functional_recovery_hungarian global_hash=82511e3eeb9b68ab497c1f26f51a5e5c85f52116da8e1363636c5f30a85cbd97
ROUND fedrad round=191 clients=[60, 21, 34, 0, 98, 92, 44, 65, 66, 3] diagnostic_accuracy=66.6600% Gamma=0.000000 gate_passed=True fallback=functional_recovery_hungarian global_hash=bf691fc134f9fbe651ad4d25d0ec43fb5e1e0ba82786c867bf5520be85f60af1
ROUND fedrad round=192 clients=[36, 59, 66, 20, 0, 16, 86, 71, 90, 56] diagnostic_accuracy=73.8700% Gamma=0.000000 gate_passed=True fallback=functional_recovery_hungarian global_hash=2b0697e8317f523cd2f5d826e7b3f84d51c8c96f820ba371a99e6440b0ef302b
ROUND fedrad round=193 clients=[19, 22, 51, 45, 91, 26, 14, 83, 15, 67] diagnostic_accuracy=72.5600% Gamma=0.000000 gate_passed=True fallback=functional_recovery_hungarian global_hash=0b87f95ab3687e9854d5f3ab1e68ecff0c8445175cf0a4e01b6b20fdd6c7a6d5
ROUND fedrad round=194 clients=[62, 14, 3, 92, 78, 33, 89, 48, 70, 31] diagnostic_accuracy=67.9700% Gamma=0.000000 gate_passed=True fallback=functional_recovery_hungarian global_hash=7db78cd4c948d233dcd0b9e616aee8ea43383fc745d474e2456082d8bb179ed4
ROUND fedrad round=195 clients=[37, 10, 88, 63, 53, 68, 2, 52, 26, 59] diagnostic_accuracy=67.1600% Gamma=0.000000 gate_passed=True fallback=functional_recovery_hungarian global_hash=d13af63ac2fe40172912d5b5c1dc2ed95eab76d4cb7594003d6762201de17129
ROUND fedrad round=196 clients=[59, 71, 85, 49, 20, 10, 3, 86, 88, 33] diagnostic_accuracy=64.2400% Gamma=0.000000 gate_passed=True fallback=functional_recovery_hungarian global_hash=20359bca81ffe9d8dabf6b491901a31fd8c01f471fa64043f5fdf4aa703fe579
ROUND fedrad round=197 clients=[9, 0, 18, 66, 44, 17, 92, 95, 64, 96] diagnostic_accuracy=69.0900% Gamma=0.000000 gate_passed=True fallback=functional_recovery_hungarian global_hash=77e8d21f1862e2b3c60177085b5b0c11ce4a005b226da1be0b8bb8d4a8a5f173
ROUND fedrad round=198 clients=[70, 58, 24, 57, 32, 19, 43, 65, 5, 88] diagnostic_accuracy=61.3100% Gamma=0.000000 gate_passed=True fallback=functional_recovery_hungarian global_hash=911ec8cd169291575a855f3774de680ecc8dca7d2b916c46577a50470c0ee1b3
ROUND fedrad round=199 clients=[61, 75, 68, 2, 6, 26, 1, 56, 78, 74] diagnostic_accuracy=69.1300% Gamma=0.000000 gate_passed=True fallback=functional_recovery_hungarian global_hash=7774b1302e213f3c456d9f0415a195a389218700d605dba8479ba936bfb59bc9
ROUND fedrad round=200 clients=[8, 57, 22, 90, 46, 9, 56, 99, 89, 4] diagnostic_accuracy=71.7500% Gamma=0.000000 gate_passed=True fallback=functional_recovery_hungarian global_hash=befbecf655a6c78a115a18036267b862f245e187b9971ae3d76acaf7c6ecbd51
FINAL_STATE_HASH befbecf655a6c78a115a18036267b862f245e187b9971ae3d76acaf7c6ecbd51
