Run directory: C:\Users\admin\Desktop\need_do\new_paper_four\FedPhoenix-new\results\probe_horizon_functional_recovery_2of64\functional_recovery_seed1_20260907_144726_427266_m2_steps2_seed1_2of64_200r
Partition fingerprint: f8fcaa0f17c5d2078c5d24ece11b3f8cfcb82553733fb972155b7452d87a8fd0; device=cuda:0
ROUND fedrad round=1 clients=[80, 84, 33, 81, 93, 17, 36, 82, 69, 65] diagnostic_accuracy=10.0000% Gamma=0.000000 gate_passed=True fallback=functional_recovery_hungarian global_hash=c6432dd6d30651954c718691d66b95ead53f9f364bd41132c4908756853390e2
ROUND fedrad round=2 clients=[44, 96, 1, 35, 26, 11, 38, 82, 87, 3] diagnostic_accuracy=16.5600% Gamma=0.000000 gate_passed=True fallback=functional_recovery_hungarian global_hash=38f1bbec73363a3bce65e167fb1d76da9770d9ef726ad5cb8a3db273112fcb56
ROUND fedrad round=3 clients=[95, 67, 96, 71, 1, 80, 99, 45, 52, 27] diagnostic_accuracy=18.1200% Gamma=0.000000 gate_passed=True fallback=functional_recovery_hungarian global_hash=e358c51d5efc9966418a5686bdeefb5af3903a8cecb8283d93626822e9f05372
ROUND fedrad round=4 clients=[40, 10, 96, 66, 89, 32, 95, 55, 25, 5] diagnostic_accuracy=14.4100% Gamma=0.000000 gate_passed=True fallback=functional_recovery_hungarian global_hash=d60d89f87c4b257984f4cf7650b0a60ee0722d24886fa1bfe7646aedbad9c162
ROUND fedrad round=5 clients=[89, 99, 45, 96, 72, 9, 74, 88, 1, 38] diagnostic_accuracy=19.8800% Gamma=0.000000 gate_passed=True fallback=functional_recovery_hungarian global_hash=3a4c27a5fc47ced1a3bddc6f6afa92f75c0577350779c649b3e1424c88885eae
ROUND fedrad round=6 clients=[0, 86, 4, 23, 24, 1, 62, 83, 66, 93] diagnostic_accuracy=22.0000% Gamma=0.000000 gate_passed=True fallback=functional_recovery_hungarian global_hash=21e5808e7b7668ae199668f9953b0ccda2a7ec9e4f035989e0d1b4bb848ea441
ROUND fedrad round=7 clients=[6, 59, 72, 30, 91, 43, 75, 76, 15, 61] diagnostic_accuracy=23.2500% Gamma=0.000000 gate_passed=True fallback=functional_recovery_hungarian global_hash=8e15f466715a571c181dffe5e496074b52c63117e866f05aa109742c5b342259
ROUND fedrad round=8 clients=[44, 88, 74, 48, 59, 79, 25, 52, 45, 55] diagnostic_accuracy=20.8200% Gamma=0.000000 gate_passed=True fallback=functional_recovery_hungarian global_hash=7c4612d0bf24a8be819c9d65c630ef151b46acf3e1555d5920df74f5fb2bf5ba
ROUND fedrad round=9 clients=[3, 60, 35, 33, 22, 66, 45, 68, 67, 75] diagnostic_accuracy=21.9200% Gamma=0.000000 gate_passed=True fallback=functional_recovery_hungarian global_hash=f765ad6c09f0a0bba339816b248ce7d81dfb2b51fc71af75fdca0e0f65f7759f
ROUND fedrad round=10 clients=[64, 91, 12, 52, 16, 65, 50, 68, 33, 30] diagnostic_accuracy=28.0100% Gamma=0.000000 gate_passed=True fallback=functional_recovery_hungarian global_hash=0b3ac8ffdd48d4b380afb03625a688fae4b70923845a95a0658be48e47cc6979
ROUND fedrad round=11 clients=[54, 27, 23, 37, 75, 33, 41, 46, 52, 24] diagnostic_accuracy=25.4500% Gamma=0.000000 gate_passed=True fallback=functional_recovery_hungarian global_hash=964f96708ca972047745d17114cf188251276ef8b958389e3099d6870268bb77
ROUND fedrad round=12 clients=[54, 45, 28, 44, 15, 1, 93, 12, 88, 40] diagnostic_accuracy=27.6300% Gamma=0.000000 gate_passed=True fallback=functional_recovery_hungarian global_hash=ecacb0c818505da869d5bcd3264b58cb99b180ffaa6d18487485b0580c193c20
ROUND fedrad round=13 clients=[70, 75, 5, 68, 36, 79, 72, 78, 57, 44] diagnostic_accuracy=26.2500% Gamma=0.000000 gate_passed=True fallback=functional_recovery_hungarian global_hash=a7d3873722c5811da7c7f1f9f1c263d30a3d9a4911bc1cbeb308375abc59ad51
ROUND fedrad round=14 clients=[41, 9, 30, 89, 40, 49, 3, 22, 8, 16] diagnostic_accuracy=29.8300% Gamma=0.000000 gate_passed=True fallback=functional_recovery_hungarian global_hash=8dd8578f24573d9eb4fddea3efa9afa052bf7f804771379eb4c8cef072705bff
ROUND fedrad round=15 clients=[82, 28, 69, 81, 56, 71, 85, 27, 37, 66] diagnostic_accuracy=26.5200% Gamma=0.000000 gate_passed=True fallback=functional_recovery_hungarian global_hash=dbd685d10970d4a0ae818e60c82b2e8a9cb00c65e946caf2b728dacc5fa97a3c
ROUND fedrad round=16 clients=[60, 13, 26, 12, 1, 28, 88, 86, 11, 43] diagnostic_accuracy=28.7300% Gamma=0.000000 gate_passed=True fallback=functional_recovery_hungarian global_hash=90cbe477187cc6133c65ff69d8175626a98a8a062d1b27bfb67604b65a8f0510
ROUND fedrad round=17 clients=[93, 16, 72, 75, 10, 4, 38, 71, 42, 62] diagnostic_accuracy=29.7400% Gamma=0.000000 gate_passed=True fallback=functional_recovery_hungarian global_hash=13dc9a54da8e5429577ce0c53f4254c6297b08766f2d2406fa07f4e3f55ccf8e
ROUND fedrad round=18 clients=[36, 47, 1, 64, 57, 97, 29, 6, 67, 92] diagnostic_accuracy=32.9600% Gamma=0.000000 gate_passed=True fallback=functional_recovery_hungarian global_hash=eef6eb06fe19e37d491da5ec914842fdce0a6c027427e40f6cef2d3292be2393
ROUND fedrad round=19 clients=[48, 87, 17, 57, 22, 81, 4, 51, 94, 63] diagnostic_accuracy=30.9200% Gamma=0.000000 gate_passed=True fallback=functional_recovery_hungarian global_hash=8df123450b871bf26e1611895d4624891b6ebb0fe1adbeeefaeac57f24bf96f1
ROUND fedrad round=20 clients=[9, 17, 59, 11, 2, 95, 68, 28, 60, 14] diagnostic_accuracy=31.8700% Gamma=0.000000 gate_passed=True fallback=functional_recovery_hungarian global_hash=501db63ee0216ad916e3792a4cadd5962b9003ebff06007db4c82b6ba8a0e227
ROUND fedrad round=21 clients=[26, 25, 15, 93, 45, 54, 68, 90, 76, 10] diagnostic_accuracy=26.3600% Gamma=0.000000 gate_passed=True fallback=functional_recovery_hungarian global_hash=381522c180f96e587cc2e81ea719b6fb48e4ab263bab9d85c2f5b5f2b4343f02
ROUND fedrad round=22 clients=[84, 74, 93, 1, 48, 44, 29, 26, 94, 75] diagnostic_accuracy=30.7700% Gamma=0.000000 gate_passed=True fallback=functional_recovery_hungarian global_hash=cbe5f12d4424f6563fc5ce92f0e3b916224cc8fe5d62fa757508cd2070fa6b3d
ROUND fedrad round=23 clients=[71, 58, 50, 22, 59, 84, 10, 70, 43, 67] diagnostic_accuracy=31.9200% Gamma=0.000000 gate_passed=True fallback=functional_recovery_hungarian global_hash=0e5a78af5c41b121f23d6e1bbec888b1a88b181fa331992713b4a0b80ed4abc8
ROUND fedrad round=24 clients=[70, 54, 33, 75, 31, 58, 17, 6, 3, 51] diagnostic_accuracy=34.2400% Gamma=0.000000 gate_passed=True fallback=functional_recovery_hungarian global_hash=aab3250e54686b41da7e50d666ba857454cc81abbcd99ae450c5804c245d918d
ROUND fedrad round=25 clients=[42, 87, 33, 36, 30, 84, 78, 98, 71, 75] diagnostic_accuracy=16.8800% Gamma=0.000000 gate_passed=True fallback=functional_recovery_hungarian global_hash=10a5baa35a9e9f8d7ec6119195546542a2ebf94774510c0311fe2ec4f2d3fbad
ROUND fedrad round=26 clients=[41, 47, 34, 10, 51, 11, 50, 16, 86, 64] diagnostic_accuracy=39.2800% Gamma=0.000000 gate_passed=True fallback=functional_recovery_hungarian global_hash=c3f98f606452ab437e14557633238e24e18ed04a0cc0e8a4f44935e084b042a6
ROUND fedrad round=27 clients=[58, 82, 63, 50, 98, 84, 4, 46, 65, 88] diagnostic_accuracy=32.8600% Gamma=0.000000 gate_passed=True fallback=functional_recovery_hungarian global_hash=8f0cf020ba64ee9be20404072f8229f89e7a4c889bfce08fe2b43a3b574e1a22
ROUND fedrad round=28 clients=[99, 88, 69, 16, 46, 29, 90, 91, 4, 45] diagnostic_accuracy=37.9700% Gamma=0.000000 gate_passed=True fallback=functional_recovery_hungarian global_hash=bf7f4a5cb747b78e99c67ca80a48b5806b8d591dbda0c2eb6dfc4de5615007ec
ROUND fedrad round=29 clients=[80, 73, 28, 34, 1, 10, 13, 65, 5, 49] diagnostic_accuracy=40.5400% Gamma=0.000000 gate_passed=True fallback=functional_recovery_hungarian global_hash=08f664550a86d885cdbdd02cad4f88f3661fc364533089a5a1053c2a03390ef7
ROUND fedrad round=30 clients=[62, 41, 74, 11, 99, 8, 75, 26, 81, 85] diagnostic_accuracy=36.5000% Gamma=0.000000 gate_passed=True fallback=functional_recovery_hungarian global_hash=56fae701475f96190495ec2a7b49146dba57d78269a266c1cb59e02c24c0467a
ROUND fedrad round=31 clients=[96, 81, 77, 83, 14, 50, 13, 67, 53, 91] diagnostic_accuracy=49.3300% Gamma=0.000000 gate_passed=True fallback=functional_recovery_hungarian global_hash=aa65b2a3636a4c9be41263d227ee968a28def178306d59389ee7931541af6f3d
ROUND fedrad round=32 clients=[40, 73, 70, 3, 6, 94, 1, 25, 20, 10] diagnostic_accuracy=34.4000% Gamma=0.000000 gate_passed=True fallback=functional_recovery_hungarian global_hash=78535cec153592e8b98c1bba4da4eddc58f11b9442d97e3727339c6ec184137c
ROUND fedrad round=33 clients=[45, 16, 51, 88, 17, 78, 36, 44, 21, 62] diagnostic_accuracy=41.2300% Gamma=0.000000 gate_passed=True fallback=functional_recovery_hungarian global_hash=5e1dc1f4005ecbd7f6c5a1cf35c5c7d31b32c46c43c6ba5a652c08295293c6d0
ROUND fedrad round=34 clients=[92, 43, 97, 61, 58, 67, 1, 98, 30, 75] diagnostic_accuracy=43.0600% Gamma=0.000000 gate_passed=True fallback=functional_recovery_hungarian global_hash=54f441193c5a2748b67c03c7986363fea5c239ceb27dde14cb597368b2494cc6
ROUND fedrad round=35 clients=[31, 89, 17, 66, 92, 23, 96, 9, 35, 20] diagnostic_accuracy=42.2300% Gamma=0.000000 gate_passed=True fallback=functional_recovery_hungarian global_hash=b0449b9b62c520b671b4413891f8b608711c092c56860b929b4c31b7e7e8680b
ROUND fedrad round=36 clients=[72, 68, 65, 28, 23, 85, 16, 60, 73, 78] diagnostic_accuracy=48.7300% Gamma=0.000000 gate_passed=True fallback=functional_recovery_hungarian global_hash=15850f8ebdbce948d807aa967ac2c4d392abeac783193588caf94a3230e91860
ROUND fedrad round=37 clients=[66, 49, 62, 9, 84, 68, 74, 3, 44, 71] diagnostic_accuracy=30.1800% Gamma=0.000000 gate_passed=True fallback=functional_recovery_hungarian global_hash=3e1484877cded79da003fa455f4999351dce82cad9c2595b1eeecfe6b818f8a0
ROUND fedrad round=38 clients=[50, 73, 27, 38, 8, 53, 21, 14, 28, 64] diagnostic_accuracy=47.6200% Gamma=0.000000 gate_passed=True fallback=functional_recovery_hungarian global_hash=6fa9e9bdfe2e945f324ab097aab4248b89ca1fc432987faf8b1ec65dff7632db
ROUND fedrad round=39 clients=[48, 87, 40, 59, 3, 10, 75, 35, 49, 89] diagnostic_accuracy=45.5600% Gamma=0.000000 gate_passed=True fallback=functional_recovery_hungarian global_hash=3f6e944a1cbbb2e02d2368f810515da84d1aa47e91c133201b546a5643ec161e
ROUND fedrad round=40 clients=[83, 93, 34, 60, 90, 45, 42, 41, 91, 36] diagnostic_accuracy=48.6800% Gamma=0.000000 gate_passed=True fallback=functional_recovery_hungarian global_hash=8116e24154ca83167e30b4558b3d8b900322661c3915a977cf480361432e5dac
ROUND fedrad round=41 clients=[75, 52, 20, 80, 90, 93, 4, 51, 13, 98] diagnostic_accuracy=41.1600% Gamma=0.000000 gate_passed=True fallback=functional_recovery_hungarian global_hash=2c47fecaf176fd8e91fe5ad6fc10ee7ba7a93fb61dfa36bf985a86343471a1b4
ROUND fedrad round=42 clients=[98, 79, 17, 10, 3, 12, 29, 26, 54, 58] diagnostic_accuracy=37.6700% Gamma=0.000000 gate_passed=True fallback=functional_recovery_hungarian global_hash=625dba0a9f9188f3f2f35fba44fed08fe923347e709e5f16a3239faccb9d7b38
ROUND fedrad round=43 clients=[32, 15, 47, 9, 7, 16, 24, 57, 71, 28] diagnostic_accuracy=45.8700% Gamma=0.000000 gate_passed=True fallback=functional_recovery_hungarian global_hash=68ab5f6141f01004378102f020e8beb0452ea1eae1ac6f6263da20e5a587d81a
ROUND fedrad round=44 clients=[76, 67, 81, 35, 44, 49, 32, 99, 69, 51] diagnostic_accuracy=48.4900% Gamma=0.000000 gate_passed=True fallback=functional_recovery_hungarian global_hash=f8b769e3e80a579e515330099991d9ca9a15c9140977f0a10d4d0de809f3670f
ROUND fedrad round=45 clients=[42, 4, 95, 71, 84, 22, 61, 5, 10, 28] diagnostic_accuracy=45.3700% Gamma=0.000000 gate_passed=True fallback=functional_recovery_hungarian global_hash=b58d350fc4eacdb372b463c7073dbdea249b686a9ec58e1efbcf1560efa42004
ROUND fedrad round=46 clients=[61, 52, 80, 26, 37, 44, 85, 1, 99, 55] diagnostic_accuracy=54.9500% Gamma=0.000000 gate_passed=True fallback=functional_recovery_hungarian global_hash=55e8bcdbf684cd294ee13bd12383a00fae7ddb1b3862a5a830038d619c5c394a
ROUND fedrad round=47 clients=[23, 10, 75, 28, 19, 22, 43, 13, 98, 85] diagnostic_accuracy=51.9500% Gamma=0.000000 gate_passed=True fallback=functional_recovery_hungarian global_hash=4c3279e90cd9815beb19652a047d5c5331edb75280c2aa1306d5a8bde4a5f846
ROUND fedrad round=48 clients=[18, 1, 96, 63, 59, 71, 88, 39, 97, 68] diagnostic_accuracy=48.1700% Gamma=0.000000 gate_passed=True fallback=functional_recovery_hungarian global_hash=e38d80ddc5ed68b4f6d2077eb7b79535702c852ebcdb80cdff619d294b0562d2
ROUND fedrad round=49 clients=[44, 11, 93, 47, 54, 9, 81, 94, 45, 65] diagnostic_accuracy=57.1300% Gamma=0.000000 gate_passed=True fallback=functional_recovery_hungarian global_hash=ae739df292d3172284e3396d43831a900cb0e45a2ba2e7899ebb6d34f9db240d
ROUND fedrad round=50 clients=[48, 43, 51, 76, 99, 39, 38, 73, 89, 80] diagnostic_accuracy=47.9200% Gamma=0.000000 gate_passed=True fallback=functional_recovery_hungarian global_hash=4a6f7b28b5d3cda528fe87db1ab9d0b3d2c8eb0a355f9a0825f1acd9c810d2c7
ROUND fedrad round=51 clients=[34, 16, 99, 17, 62, 58, 96, 29, 90, 30] diagnostic_accuracy=55.5100% Gamma=0.000000 gate_passed=True fallback=functional_recovery_hungarian global_hash=337bc4d6d77eb063ef9476488f5a269f0236c198382f9b4514ec5e221337c772
ROUND fedrad round=52 clients=[8, 59, 78, 95, 25, 35, 99, 86, 54, 64] diagnostic_accuracy=57.2900% Gamma=0.000000 gate_passed=True fallback=functional_recovery_hungarian global_hash=9d4595ad5b7de7052343469d0370c00ed786097da6ef53b043e7cb78469816b9
ROUND fedrad round=53 clients=[87, 42, 55, 74, 37, 10, 26, 23, 57, 62] diagnostic_accuracy=50.9100% Gamma=0.000000 gate_passed=True fallback=functional_recovery_hungarian global_hash=042fe7ddc23693372b38aba6a8aa9be1530f56e40d473a9c79666360338da845
ROUND fedrad round=54 clients=[84, 2, 76, 48, 68, 40, 92, 8, 42, 46] diagnostic_accuracy=49.6600% Gamma=0.000000 gate_passed=True fallback=functional_recovery_hungarian global_hash=4fee969d627003c1d6b978287d6719903787ce93f3a35ffc5b329a3296c4d4bd
ROUND fedrad round=55 clients=[91, 70, 16, 58, 10, 35, 31, 86, 62, 54] diagnostic_accuracy=55.4300% Gamma=0.000000 gate_passed=True fallback=functional_recovery_hungarian global_hash=96ebc6574fe1215144fd99b84dbf5b957e1ced65e2a4363e337260277b4e5734
ROUND fedrad round=56 clients=[32, 41, 20, 75, 69, 62, 74, 38, 80, 58] diagnostic_accuracy=46.8300% Gamma=0.000000 gate_passed=True fallback=functional_recovery_hungarian global_hash=14a091ba2b3eafeb87c0938325018238e1bf005b84991a56be72ef5a11b600c9
ROUND fedrad round=57 clients=[89, 0, 84, 16, 97, 67, 41, 38, 59, 60] diagnostic_accuracy=50.4200% Gamma=0.000000 gate_passed=True fallback=functional_recovery_hungarian global_hash=c84543f1e6b751ed4479b891e6eb4db01f41ee3e9dc84906922642b0422e8337
ROUND fedrad round=58 clients=[59, 21, 34, 35, 95, 41, 9, 12, 47, 42] diagnostic_accuracy=51.4100% Gamma=0.000000 gate_passed=True fallback=functional_recovery_hungarian global_hash=1e8d108b38682c22038bddc725ac4bdf4cddc8afdc074b3f81e644b0c0bb87cb
ROUND fedrad round=59 clients=[88, 78, 75, 43, 57, 63, 34, 79, 17, 93] diagnostic_accuracy=53.1400% Gamma=0.000000 gate_passed=True fallback=functional_recovery_hungarian global_hash=6e100d823616e7f81bd485d5669279f9ea0db25c88c2a5586ffa29d6df1445dc
ROUND fedrad round=60 clients=[76, 35, 9, 75, 32, 97, 53, 72, 27, 91] diagnostic_accuracy=50.1100% Gamma=0.000000 gate_passed=True fallback=functional_recovery_hungarian global_hash=76c4f798ccdf87f3029b16581c00df9433ea31c5c7d862bb88e2f1b6363dae63
ROUND fedrad round=61 clients=[60, 14, 9, 43, 15, 68, 7, 44, 65, 89] diagnostic_accuracy=58.8800% Gamma=0.000000 gate_passed=True fallback=functional_recovery_hungarian global_hash=d91a34da4a28a069d99b65e214f2c9a1379954c8bd5da483e9249443259b9bea
ROUND fedrad round=62 clients=[56, 67, 28, 93, 30, 71, 78, 48, 25, 19] diagnostic_accuracy=59.8600% Gamma=0.000000 gate_passed=True fallback=functional_recovery_hungarian global_hash=93700437babcc14a623cefe7a3b0fe9946b81a5e3641c77687056c713a89bbcd
ROUND fedrad round=63 clients=[61, 18, 63, 89, 0, 99, 42, 76, 81, 9] diagnostic_accuracy=54.0200% Gamma=0.000000 gate_passed=True fallback=functional_recovery_hungarian global_hash=b174e956846f274686dccd41e163dc7c3a0e23300a7d42143fccc0c814259261
ROUND fedrad round=64 clients=[14, 22, 8, 93, 29, 90, 73, 28, 57, 58] diagnostic_accuracy=57.6300% Gamma=0.000000 gate_passed=True fallback=functional_recovery_hungarian global_hash=19f6b825534a76b77c68b640030a1b19680ad6420468ab790b458cb75445422d
ROUND fedrad round=65 clients=[16, 90, 78, 23, 55, 61, 31, 0, 11, 82] diagnostic_accuracy=60.5100% Gamma=0.000000 gate_passed=True fallback=functional_recovery_hungarian global_hash=2cb5fb607bee0417b12caba50a37ac4c3a3935affbaa0b861ef2d6011f52364c
ROUND fedrad round=66 clients=[28, 65, 16, 72, 11, 36, 19, 51, 81, 53] diagnostic_accuracy=58.5800% Gamma=0.000000 gate_passed=True fallback=functional_recovery_hungarian global_hash=7e8678dab84a2e917ea1080c985258431d0217e3970fb8d50cc55769f8a83803
ROUND fedrad round=67 clients=[53, 63, 96, 28, 78, 90, 58, 73, 34, 4] diagnostic_accuracy=56.7800% Gamma=0.000000 gate_passed=True fallback=functional_recovery_hungarian global_hash=398c8b577f63164b917331348d44c3f748b69ea531fb951859fefdd36be0f0f3
ROUND fedrad round=68 clients=[38, 57, 22, 41, 70, 39, 10, 5, 17, 32] diagnostic_accuracy=56.3800% Gamma=0.000000 gate_passed=True fallback=functional_recovery_hungarian global_hash=e715c900929be0f17e1e4d1b189f0a47094e07915300adda419e31f4f04e92d5
ROUND fedrad round=69 clients=[60, 67, 48, 59, 46, 94, 22, 29, 53, 97] diagnostic_accuracy=61.0700% Gamma=0.000000 gate_passed=True fallback=functional_recovery_hungarian global_hash=b5ccfec0c864e91641f478b3443cd189854db8f0eed863e396f9a639ec2080b3
ROUND fedrad round=70 clients=[61, 33, 76, 48, 37, 54, 38, 13, 8, 39] diagnostic_accuracy=52.4300% Gamma=0.000000 gate_passed=True fallback=functional_recovery_hungarian global_hash=ae165b9a8e61bcd93ef749712e3a020f2bfe3ab30432e39bdb4ed94f45690621
ROUND fedrad round=71 clients=[31, 88, 91, 25, 50, 95, 67, 45, 80, 70] diagnostic_accuracy=59.1600% Gamma=0.000000 gate_passed=True fallback=functional_recovery_hungarian global_hash=f7b9310246c09aab05ed5dd7bdd29f3396a51ba9aa0b5795747fe629cb6df9c7
ROUND fedrad round=72 clients=[3, 23, 17, 94, 61, 43, 63, 91, 37, 84] diagnostic_accuracy=47.4900% Gamma=0.000000 gate_passed=True fallback=functional_recovery_hungarian global_hash=2bef7611c99dfafdeb1a527ed481b5841eb0c85dc0397ce204fab2217b16f6e5
ROUND fedrad round=73 clients=[11, 73, 78, 47, 45, 83, 36, 75, 91, 57] diagnostic_accuracy=59.6800% Gamma=0.000000 gate_passed=True fallback=functional_recovery_hungarian global_hash=64161d330a4379f8c4344be756b40c820d71526a435e17379c4e2293c140e659
ROUND fedrad round=74 clients=[46, 54, 66, 62, 96, 49, 24, 75, 60, 52] diagnostic_accuracy=57.0900% Gamma=0.000000 gate_passed=True fallback=functional_recovery_hungarian global_hash=6592c3611222c388cfe9592f64774f0d21198ce7d5726b6e7efe9c53f0103d58
ROUND fedrad round=75 clients=[75, 51, 39, 89, 14, 54, 41, 30, 24, 80] diagnostic_accuracy=55.7700% Gamma=0.000000 gate_passed=True fallback=functional_recovery_hungarian global_hash=3ffba31d31f0f9bafe003917bd1bb60fa5fa6cdd31c41c765358953e0648fe28
ROUND fedrad round=76 clients=[67, 90, 45, 78, 32, 86, 50, 55, 33, 60] diagnostic_accuracy=62.5500% Gamma=0.000000 gate_passed=True fallback=functional_recovery_hungarian global_hash=e01f8b996b928071a7730b6a73a3a9a285249fc0a803182003af5b16fbd8b4ce
ROUND fedrad round=77 clients=[4, 16, 51, 33, 89, 30, 13, 77, 43, 85] diagnostic_accuracy=62.3300% Gamma=0.000000 gate_passed=True fallback=functional_recovery_hungarian global_hash=1aa6df59f00f1637d05fe449d6d777dfa1d93d0e3b6b2a422df208249b950ba6
ROUND fedrad round=78 clients=[97, 76, 96, 72, 42, 17, 33, 51, 24, 36] diagnostic_accuracy=60.5900% Gamma=0.000000 gate_passed=True fallback=functional_recovery_hungarian global_hash=300d56d0d3ee9b06ebc0d608800e8fc036190d2790f3595bf9ad98af29a5a94b
ROUND fedrad round=79 clients=[22, 47, 61, 27, 50, 96, 89, 97, 85, 30] diagnostic_accuracy=59.3500% Gamma=0.000000 gate_passed=True fallback=functional_recovery_hungarian global_hash=f2ccf49c40c2f4760e37c1845ebcd8c376b746165b2f78db78b6768a216bfd16
ROUND fedrad round=80 clients=[44, 70, 23, 38, 74, 21, 82, 4, 88, 98] diagnostic_accuracy=56.8000% Gamma=0.000000 gate_passed=True fallback=functional_recovery_hungarian global_hash=5c8ab221f62aa949ec0f155cacdc680eb60a13cb084972244d64efcee58068f8
ROUND fedrad round=81 clients=[90, 72, 65, 50, 85, 56, 4, 80, 31, 17] diagnostic_accuracy=57.2100% Gamma=0.000000 gate_passed=True fallback=functional_recovery_hungarian global_hash=635f2c43c0d2458bd378ba4bcf59366ee71e81328884c34de04e99608bc5e9b6
ROUND fedrad round=82 clients=[61, 40, 41, 34, 97, 51, 50, 13, 22, 8] diagnostic_accuracy=62.8400% Gamma=0.000000 gate_passed=True fallback=functional_recovery_hungarian global_hash=64976a0c775b7c55912132d72f5b4aa5d241aa7bea96f7550da8e8cb7f50e395
ROUND fedrad round=83 clients=[87, 54, 63, 83, 96, 26, 0, 59, 69, 14] diagnostic_accuracy=61.1800% Gamma=0.000000 gate_passed=True fallback=functional_recovery_hungarian global_hash=86ab7d68290417f893319ebbf64b71919d89bc7b1ac66f351756b90eca46f878
ROUND fedrad round=84 clients=[58, 47, 83, 36, 8, 2, 56, 49, 10, 38] diagnostic_accuracy=54.2100% Gamma=0.000000 gate_passed=True fallback=functional_recovery_hungarian global_hash=6625228ce1b69f9089f5a2841f18613cce882bcd78a90ecb9e66bfe973e44d0e
ROUND fedrad round=85 clients=[89, 90, 81, 54, 59, 4, 53, 47, 52, 19] diagnostic_accuracy=62.8800% Gamma=0.000000 gate_passed=True fallback=functional_recovery_hungarian global_hash=fb91f0440ed30d8d703ed9a92853701996c1d4515e90b009a42f2b08a500ffc9
ROUND fedrad round=86 clients=[24, 13, 81, 73, 19, 55, 40, 76, 57, 96] diagnostic_accuracy=61.2600% Gamma=0.000000 gate_passed=True fallback=functional_recovery_hungarian global_hash=1fbce0c093400d038790c7f120891f67a43e6e1ffa886d5951418769563b6d47
ROUND fedrad round=87 clients=[31, 75, 94, 20, 87, 26, 29, 70, 2, 50] diagnostic_accuracy=56.4500% Gamma=0.000000 gate_passed=True fallback=functional_recovery_hungarian global_hash=cbf42990790564eb8df106fd316c01f6f5183f57b985a9265ec94f0cb8b3623f
ROUND fedrad round=88 clients=[0, 9, 46, 37, 72, 83, 73, 16, 55, 27] diagnostic_accuracy=57.0400% Gamma=0.000000 gate_passed=True fallback=functional_recovery_hungarian global_hash=92be4cdbb340541e495a0e93c8699683a5636a0c70fd7bc8a484cfb4d7dfe023
ROUND fedrad round=89 clients=[80, 29, 9, 50, 26, 81, 48, 82, 37, 15] diagnostic_accuracy=53.9400% Gamma=0.000000 gate_passed=True fallback=functional_recovery_hungarian global_hash=306e4fe09cc90cb8a603b34d54d3af72f791f0a110cead15c5172cd68b1a7f5f
ROUND fedrad round=90 clients=[82, 6, 87, 74, 29, 50, 62, 67, 12, 83] diagnostic_accuracy=68.9900% Gamma=0.000000 gate_passed=True fallback=functional_recovery_hungarian global_hash=836b042875e33d707d00cabc01189089b93d413b9cc39840afe6733f0916065d
ROUND fedrad round=91 clients=[36, 75, 89, 43, 12, 21, 95, 72, 24, 63] diagnostic_accuracy=54.2200% Gamma=0.000000 gate_passed=True fallback=functional_recovery_hungarian global_hash=645627d1ea8bd479f9da79ba4ef04cf0abf5d7d2a56ba38f494192c9dd2e52fb
ROUND fedrad round=92 clients=[34, 15, 31, 94, 46, 70, 19, 80, 6, 88] diagnostic_accuracy=61.9100% Gamma=0.000000 gate_passed=True fallback=functional_recovery_hungarian global_hash=f2b020d000abfd1e6def66b807bdbd74f13bcfa6fe40a56d31fbce53a358c5f4
ROUND fedrad round=93 clients=[70, 92, 72, 77, 23, 53, 1, 12, 97, 93] diagnostic_accuracy=58.5600% Gamma=0.000000 gate_passed=True fallback=functional_recovery_hungarian global_hash=23979c9977fb12659e0f8126f41d554926156aadcebe977f4818cd2339f39ff2
ROUND fedrad round=94 clients=[13, 38, 36, 14, 57, 77, 66, 73, 3, 0] diagnostic_accuracy=52.3000% Gamma=0.000000 gate_passed=True fallback=functional_recovery_hungarian global_hash=432011682d07f898c798a2087a0076f470119d7fc722fe6b52e1cedfa6cc9cb2
ROUND fedrad round=95 clients=[13, 19, 10, 24, 76, 57, 88, 23, 61, 31] diagnostic_accuracy=62.0900% Gamma=0.000000 gate_passed=True fallback=functional_recovery_hungarian global_hash=68f421260099f9a7d889b0101b2e2d8330b487b490599202e0a4bfe12708694b
ROUND fedrad round=96 clients=[18, 45, 94, 24, 56, 67, 10, 14, 13, 9] diagnostic_accuracy=65.2900% Gamma=0.000000 gate_passed=True fallback=functional_recovery_hungarian global_hash=457752c52622ea3b043f7078d4590f4f80a5738cb18340735f1713303ce01b36
ROUND fedrad round=97 clients=[13, 48, 73, 93, 70, 1, 43, 77, 76, 88] diagnostic_accuracy=62.1100% Gamma=0.000000 gate_passed=True fallback=functional_recovery_hungarian global_hash=2d6ad8c876aff0c6f00a5b45fee3d18baf7d4ac38ea530f67d3889261b20663e
ROUND fedrad round=98 clients=[21, 45, 83, 68, 75, 65, 96, 1, 77, 73] diagnostic_accuracy=64.5700% Gamma=0.000000 gate_passed=True fallback=functional_recovery_hungarian global_hash=c5f78da924a802f6f9ca5d84c1ba2d93298ab01568857099cf8c3f3b6257d7fe
ROUND fedrad round=99 clients=[81, 84, 60, 18, 45, 47, 94, 83, 76, 22] diagnostic_accuracy=54.3600% Gamma=0.000000 gate_passed=True fallback=functional_recovery_hungarian global_hash=0adf6550f88da5db38aad75c252ddef7e628e45e2bbf57e653a7c366f80bfbbe
ROUND fedrad round=100 clients=[21, 69, 47, 34, 65, 81, 93, 44, 30, 84] diagnostic_accuracy=54.8700% Gamma=0.000000 gate_passed=True fallback=functional_recovery_hungarian global_hash=6369eb6128e2ea30c042bfd172597a13eceb9f571dd12b429e38c69dedcfb0d5
ROUND fedrad round=101 clients=[22, 38, 77, 15, 11, 61, 37, 34, 87, 3] diagnostic_accuracy=64.7200% Gamma=0.000000 gate_passed=True fallback=functional_recovery_hungarian global_hash=a9e2241a93e15aa506d0cef88c55c9a9644866c4fd321c475f0cf5f77320dd98
ROUND fedrad round=102 clients=[96, 9, 26, 58, 69, 44, 13, 93, 61, 43] diagnostic_accuracy=61.1400% Gamma=0.000000 gate_passed=True fallback=functional_recovery_hungarian global_hash=582bece2e2436901c428133fbe5cbb970e43de65116c1264385f405a1324dc77
ROUND fedrad round=103 clients=[13, 34, 27, 16, 72, 98, 14, 19, 9, 46] diagnostic_accuracy=56.9400% Gamma=0.000000 gate_passed=True fallback=functional_recovery_hungarian global_hash=d3c1c6f3f3ad9741aa85fbd5599e57c7d54b67a9f82cbeb8196e9c7d8001e109
ROUND fedrad round=104 clients=[29, 72, 81, 80, 68, 85, 14, 0, 93, 52] diagnostic_accuracy=65.9100% Gamma=0.000000 gate_passed=True fallback=functional_recovery_hungarian global_hash=1f76c7a29bb60deaf0eace278684ce932bfd45d032941caccab75cc731cab278
ROUND fedrad round=105 clients=[17, 69, 35, 86, 83, 84, 23, 56, 89, 60] diagnostic_accuracy=63.7300% Gamma=0.000000 gate_passed=True fallback=functional_recovery_hungarian global_hash=e89c47f34064db9d0b4623c0b22fd504dfecc05404fbeaa5062fef5f7601ce99
ROUND fedrad round=106 clients=[94, 79, 36, 8, 19, 16, 13, 30, 25, 3] diagnostic_accuracy=48.2600% Gamma=0.000000 gate_passed=True fallback=functional_recovery_hungarian global_hash=53c9a83e31bcb08f220e3687c99367e39bdcfeef76d3524e50454448c42302d9
ROUND fedrad round=107 clients=[45, 82, 32, 52, 17, 96, 6, 57, 67, 74] diagnostic_accuracy=60.5500% Gamma=0.000000 gate_passed=True fallback=functional_recovery_hungarian global_hash=4523ae271f0422e34fb4d5ab219a6474cceeec3c36377b4fa766e41c2edd43f4
ROUND fedrad round=108 clients=[61, 20, 59, 99, 39, 42, 73, 53, 45, 8] diagnostic_accuracy=70.2200% Gamma=0.000000 gate_passed=True fallback=functional_recovery_hungarian global_hash=11cbc3d347975c5b19855b0f41eb1dd85cb0ec5400852bb4a223f797013185a3
ROUND fedrad round=109 clients=[60, 38, 5, 54, 66, 33, 80, 83, 9, 4] diagnostic_accuracy=59.9000% Gamma=0.000000 gate_passed=True fallback=functional_recovery_hungarian global_hash=44b4048323c7cd93c60c7417d2b58c1c1384713f4dfd96d3a3f1e1fa1189bdab
ROUND fedrad round=110 clients=[39, 44, 62, 4, 42, 25, 0, 45, 29, 93] diagnostic_accuracy=67.7100% Gamma=0.000000 gate_passed=True fallback=functional_recovery_hungarian global_hash=e91b574e07c4420d4f0181388df254cd28396bb1a5c26843ece3747d3663f227
ROUND fedrad round=111 clients=[96, 54, 19, 97, 92, 31, 81, 2, 24, 9] diagnostic_accuracy=70.3200% Gamma=0.000000 gate_passed=True fallback=functional_recovery_hungarian global_hash=0de05285df99077eb2d00bad396b18b6ac0bf3036649a92f8ccb9fbecf837b20
ROUND fedrad round=112 clients=[9, 19, 7, 49, 45, 35, 80, 85, 40, 89] diagnostic_accuracy=65.5600% Gamma=0.000000 gate_passed=True fallback=functional_recovery_hungarian global_hash=7a3e0db24f73377704f126216b589a307eef3583916f3c810c73dde308b68d6a
ROUND fedrad round=113 clients=[73, 66, 18, 74, 33, 2, 87, 29, 98, 91] diagnostic_accuracy=62.1100% Gamma=0.000000 gate_passed=True fallback=functional_recovery_hungarian global_hash=7045370e3e68e217ead69699eb4f6c693a75adfaa988059b91023956855804c7
ROUND fedrad round=114 clients=[40, 31, 27, 50, 71, 81, 99, 97, 73, 49] diagnostic_accuracy=58.5200% Gamma=0.000000 gate_passed=True fallback=functional_recovery_hungarian global_hash=837aa8cd643d4cfb14bdbaf77096ac8fe4cc849af432e9bb2e48f9cb5b78fdbe
ROUND fedrad round=115 clients=[61, 64, 42, 88, 27, 95, 92, 50, 45, 85] diagnostic_accuracy=66.0300% Gamma=0.000000 gate_passed=True fallback=functional_recovery_hungarian global_hash=77911ab5d6bf78c64a3021a3e5181dfed1b0a39db9ab4363389118d45ef060e9
ROUND fedrad round=116 clients=[27, 8, 49, 32, 15, 35, 70, 59, 31, 30] diagnostic_accuracy=59.9900% Gamma=0.000000 gate_passed=True fallback=functional_recovery_hungarian global_hash=2fa8050b692828936d5cfc1bd48991b3d7e0a15e92a3a0f838981135ebe0d1cb
ROUND fedrad round=117 clients=[69, 35, 52, 51, 26, 15, 76, 48, 98, 12] diagnostic_accuracy=63.7000% Gamma=0.000000 gate_passed=True fallback=functional_recovery_hungarian global_hash=cb4e3a13b2da9078b8e08360c1671283cfa3d076582c58e1a2df257d6eac03bc
ROUND fedrad round=118 clients=[46, 57, 0, 86, 26, 80, 73, 20, 63, 98] diagnostic_accuracy=65.4800% Gamma=0.000000 gate_passed=True fallback=functional_recovery_hungarian global_hash=d4c15027d0aa8bf536bb8e4ab35c96b235afe62bbd0f72d3dfc74386bdf927e3
ROUND fedrad round=119 clients=[81, 6, 64, 84, 20, 2, 8, 4, 66, 92] diagnostic_accuracy=61.8400% Gamma=0.000000 gate_passed=True fallback=functional_recovery_hungarian global_hash=12464bd90e0544eb94755f08bb5853f42bc331abeddc620d74fc7931c428cdf5
ROUND fedrad round=120 clients=[61, 34, 64, 11, 96, 18, 82, 52, 72, 92] diagnostic_accuracy=67.7300% Gamma=0.000000 gate_passed=True fallback=functional_recovery_hungarian global_hash=fb9f62bfdac9e7046181705a6a53e644ede0d4032dfaa4c6fd6c53eb24707eee
ROUND fedrad round=121 clients=[93, 68, 94, 13, 36, 11, 5, 1, 40, 7] diagnostic_accuracy=67.0500% Gamma=0.000000 gate_passed=True fallback=functional_recovery_hungarian global_hash=9fd1d3630fbf2ff86acc01d34cfe8981ef3e04437de1701df3b2b3147121c280
ROUND fedrad round=122 clients=[73, 64, 37, 69, 31, 48, 77, 41, 53, 75] diagnostic_accuracy=61.6100% Gamma=0.000000 gate_passed=True fallback=functional_recovery_hungarian global_hash=49e7304bdc0d149f532723fa3253a6544f0186b2d2e4a3b15330aa20c2ce52a4
ROUND fedrad round=123 clients=[46, 43, 84, 11, 66, 92, 16, 19, 96, 37] diagnostic_accuracy=56.3200% Gamma=0.000000 gate_passed=True fallback=functional_recovery_hungarian global_hash=7fb14da7358b2e8d3ddec31ee27532b9005cae12f017d881f9e8396b660e9fc0
ROUND fedrad round=124 clients=[43, 96, 9, 0, 74, 19, 1, 23, 38, 66] diagnostic_accuracy=63.9600% Gamma=0.000000 gate_passed=True fallback=functional_recovery_hungarian global_hash=0a19b62ff328b7f26ac931a8fb182c553f072c814a8d0660f0d35b484e75a733
ROUND fedrad round=125 clients=[27, 62, 32, 10, 22, 72, 64, 25, 86, 60] diagnostic_accuracy=62.5900% Gamma=0.000000 gate_passed=True fallback=functional_recovery_hungarian global_hash=b7e50ae219b8cd6df5c5312d05efd7c1d57d603b5e19aa89b19e877313e5ce1d
ROUND fedrad round=126 clients=[84, 7, 64, 76, 15, 46, 27, 47, 40, 69] diagnostic_accuracy=63.0800% Gamma=0.000000 gate_passed=True fallback=functional_recovery_hungarian global_hash=82f544e7780168b1b8939fd13692e2ed0eddaf9937792fcc7199c922da9a2ff3
ROUND fedrad round=127 clients=[75, 97, 79, 87, 11, 7, 37, 92, 41, 12] diagnostic_accuracy=64.8400% Gamma=0.000000 gate_passed=True fallback=functional_recovery_hungarian global_hash=e1e95b7b321f20d548feaeee81d804bb6202a778fdd570fa73ae41f4096c8430
ROUND fedrad round=128 clients=[78, 4, 17, 21, 76, 74, 19, 61, 45, 86] diagnostic_accuracy=71.6900% Gamma=0.000000 gate_passed=True fallback=functional_recovery_hungarian global_hash=90c051f728c6190e4ab6c53d03ca1dd477690850503008d262700ec79d332393
ROUND fedrad round=129 clients=[23, 41, 75, 36, 26, 49, 95, 16, 93, 72] diagnostic_accuracy=57.4100% Gamma=0.000000 gate_passed=True fallback=functional_recovery_hungarian global_hash=9d59b672e137097464316e213fa4d89d0e1bfa52b5d6fc8a8f69293beb5ddc86
ROUND fedrad round=130 clients=[59, 53, 65, 8, 68, 35, 13, 55, 23, 97] diagnostic_accuracy=67.7600% Gamma=0.000000 gate_passed=True fallback=functional_recovery_hungarian global_hash=a5e2b59cbd2fa63d3b44a9795bba497e641594567997d55ba2a972e4f602caff
ROUND fedrad round=131 clients=[74, 98, 22, 45, 97, 87, 92, 71, 47, 79] diagnostic_accuracy=68.4500% Gamma=0.000000 gate_passed=True fallback=functional_recovery_hungarian global_hash=bbb2cf4cb52c66162dacf031a37a96b339eb65fbf0dbd4fbfba6a41d4118c727
ROUND fedrad round=132 clients=[35, 70, 59, 49, 36, 91, 82, 50, 26, 72] diagnostic_accuracy=50.0000% Gamma=0.000000 gate_passed=True fallback=functional_recovery_hungarian global_hash=9cbfac7747a13a4bee9c5cce9123c90b7104dc8bd92fa7e28e406e2ae628586a
ROUND fedrad round=133 clients=[22, 83, 75, 29, 66, 48, 12, 10, 86, 1] diagnostic_accuracy=63.6000% Gamma=0.000000 gate_passed=True fallback=functional_recovery_hungarian global_hash=f938459f3d062e20f10805dfcc0816c947d56088bd3e6d3550aaaf2bcf0d79a4
ROUND fedrad round=134 clients=[76, 33, 40, 59, 65, 63, 73, 36, 99, 82] diagnostic_accuracy=68.5000% Gamma=0.000000 gate_passed=True fallback=functional_recovery_hungarian global_hash=ac43ef2085e38229a6fe65a6c5f9df052592c5aa3b7befc3269753744ba0c291
ROUND fedrad round=135 clients=[85, 88, 54, 40, 70, 67, 86, 38, 58, 42] diagnostic_accuracy=72.7400% Gamma=0.000000 gate_passed=True fallback=functional_recovery_hungarian global_hash=37bf8c964a5f5a750ed4e53463ba00d9a200e59fd0f5022634f7bbacff5d57b7
ROUND fedrad round=136 clients=[89, 56, 12, 90, 94, 86, 19, 78, 92, 59] diagnostic_accuracy=69.4200% Gamma=0.000000 gate_passed=True fallback=functional_recovery_hungarian global_hash=6acbb804392a617826aea0c5281d84c18df471ec95612552fd42733eac2b7486
ROUND fedrad round=137 clients=[7, 94, 69, 44, 50, 26, 75, 24, 33, 18] diagnostic_accuracy=63.1700% Gamma=0.000000 gate_passed=True fallback=functional_recovery_hungarian global_hash=bc7733e9db75f3480a6729a8453a6c4c953aa3ccfb64b60f4d761e949a279edc
ROUND fedrad round=138 clients=[89, 75, 84, 93, 35, 71, 19, 63, 59, 94] diagnostic_accuracy=61.6800% Gamma=0.000000 gate_passed=True fallback=functional_recovery_hungarian global_hash=9bf7e03b068507b60ea287cb69177444d0acf320bf6421da257fdb6fa9a56c2e
ROUND fedrad round=139 clients=[54, 66, 17, 43, 53, 40, 76, 1, 4, 81] diagnostic_accuracy=71.2300% Gamma=0.000000 gate_passed=True fallback=functional_recovery_hungarian global_hash=e1f63b959bc8228915dd91261cb104a3801551f8d27f72234a239f48ace50912
ROUND fedrad round=140 clients=[52, 51, 97, 7, 41, 61, 29, 88, 49, 26] diagnostic_accuracy=68.1000% Gamma=0.000000 gate_passed=True fallback=functional_recovery_hungarian global_hash=cbf2c764704497d9500386d641bc809daea1615da5076cd2d5994f507895a0fa
ROUND fedrad round=141 clients=[21, 47, 20, 59, 85, 2, 99, 70, 54, 50] diagnostic_accuracy=66.8000% Gamma=0.000000 gate_passed=True fallback=functional_recovery_hungarian global_hash=5cfec9b425e17676720f1642ffcac48fda3d1d09929dd3ffe51ff60f00e7ae9d
ROUND fedrad round=142 clients=[65, 98, 79, 6, 58, 92, 19, 37, 33, 75] diagnostic_accuracy=67.1300% Gamma=0.000000 gate_passed=True fallback=functional_recovery_hungarian global_hash=b721a09c5ecbb65be27b021db05d085423c831653bb9fbe623ea68f8a7903eb1
ROUND fedrad round=143 clients=[44, 84, 56, 0, 69, 15, 66, 78, 42, 95] diagnostic_accuracy=56.6200% Gamma=0.000000 gate_passed=True fallback=functional_recovery_hungarian global_hash=29d487e3841db6a042658f0aecf9ddeba1da7cd73e5a811929ab7d3f323366b4
ROUND fedrad round=144 clients=[36, 20, 53, 26, 80, 67, 25, 37, 39, 10] diagnostic_accuracy=61.5700% Gamma=0.000000 gate_passed=True fallback=functional_recovery_hungarian global_hash=4df95e3d672385741b14a0cf62e1b6777bfafd905abddc0b561645df48c42fa9
ROUND fedrad round=145 clients=[54, 62, 65, 69, 82, 46, 64, 70, 59, 11] diagnostic_accuracy=69.4200% Gamma=0.000000 gate_passed=True fallback=functional_recovery_hungarian global_hash=b8f0db1058c528017d4a917c25dcb1a4697f7e56fda905b6ffad553658dba1f1
ROUND fedrad round=146 clients=[78, 89, 64, 25, 85, 9, 57, 41, 97, 45] diagnostic_accuracy=67.3200% Gamma=0.000000 gate_passed=True fallback=functional_recovery_hungarian global_hash=ba630e0b1f83c44ee54acd91af1f75de350dab6d7c6619e2802639f7ac549711
ROUND fedrad round=147 clients=[32, 8, 70, 41, 12, 19, 88, 20, 98, 33] diagnostic_accuracy=56.0700% Gamma=0.000000 gate_passed=True fallback=functional_recovery_hungarian global_hash=eefecfadfe12ce55c605809663a5971912906b503478c9e007711f8772a01b69
ROUND fedrad round=148 clients=[50, 29, 81, 33, 44, 69, 2, 68, 93, 85] diagnostic_accuracy=67.8200% Gamma=0.000000 gate_passed=True fallback=functional_recovery_hungarian global_hash=1825f09c78889e893c43ee21f0ef723c61839df000e3c585b0e87c90b5e14879
ROUND fedrad round=149 clients=[5, 84, 70, 73, 31, 62, 69, 13, 86, 74] diagnostic_accuracy=47.7600% Gamma=0.000000 gate_passed=True fallback=functional_recovery_hungarian global_hash=a16bef4c08ae323a57ea2a8eb491e819e9119c1e610701e5e5aabd70fc9187bf
ROUND fedrad round=150 clients=[69, 9, 41, 83, 76, 63, 34, 67, 36, 87] diagnostic_accuracy=66.2900% Gamma=0.000000 gate_passed=True fallback=functional_recovery_hungarian global_hash=eb9e6a25770de5b6c5cec50a193ea1f3cf8001ddd219130e012410c933a83721
ROUND fedrad round=151 clients=[40, 77, 95, 52, 25, 38, 46, 47, 93, 88] diagnostic_accuracy=63.0300% Gamma=0.000000 gate_passed=True fallback=functional_recovery_hungarian global_hash=a53c768553152d8d83de03b30e5f7d25e9d29de7a37e6338d3ae8a8c5d52aff9
ROUND fedrad round=152 clients=[14, 22, 87, 6, 15, 36, 37, 44, 48, 38] diagnostic_accuracy=64.1000% Gamma=0.000000 gate_passed=True fallback=functional_recovery_hungarian global_hash=36543bf4ec8c9f1870ce2586b140235d47ac854d4ed3cf5504f6a60281f1eb25
ROUND fedrad round=153 clients=[14, 66, 74, 62, 49, 45, 18, 79, 15, 68] diagnostic_accuracy=70.7100% Gamma=0.000000 gate_passed=True fallback=functional_recovery_hungarian global_hash=bc2429976e137d9f02ef83ceb9ff0984e5d4d752cb738d434ab88afecff5c25c
ROUND fedrad round=154 clients=[92, 32, 77, 87, 27, 13, 14, 47, 22, 73] diagnostic_accuracy=66.0000% Gamma=0.000000 gate_passed=True fallback=functional_recovery_hungarian global_hash=33a5013f331537acb61aa0f9b9523507e96f664f88e1c96ce3652341ff74928b
ROUND fedrad round=155 clients=[60, 31, 44, 3, 84, 25, 98, 73, 52, 82] diagnostic_accuracy=55.3700% Gamma=0.000000 gate_passed=True fallback=functional_recovery_hungarian global_hash=bcb76aec0b91737c7be3c79ef6f63037c8c71c9f95f2d48c7a3deed55737cff1
ROUND fedrad round=156 clients=[66, 38, 74, 49, 46, 45, 12, 0, 81, 23] diagnostic_accuracy=65.4000% Gamma=0.000000 gate_passed=True fallback=functional_recovery_hungarian global_hash=234d00f193e0366b8ddc0de5881205119bbbba4e928aedb2967a497342560bb7
ROUND fedrad round=157 clients=[6, 14, 56, 8, 37, 71, 68, 53, 88, 65] diagnostic_accuracy=68.0800% Gamma=0.000000 gate_passed=True fallback=functional_recovery_hungarian global_hash=e0072f70f26e4b241621f0425265ca3172c6965d6c3b040a3f1016627f66681e
ROUND fedrad round=158 clients=[76, 40, 68, 38, 91, 92, 18, 11, 69, 94] diagnostic_accuracy=71.3500% Gamma=0.000000 gate_passed=True fallback=functional_recovery_hungarian global_hash=5d2f9e9d4f7473de55e95b8687493bf873410bd2b9c07f7d6809b98905357615
ROUND fedrad round=159 clients=[0, 23, 91, 83, 98, 64, 90, 32, 84, 36] diagnostic_accuracy=62.3300% Gamma=0.000000 gate_passed=True fallback=functional_recovery_hungarian global_hash=3cbebd5e7a4f5030e0693f57d5dd50ab60256bb06e059f3c7b862bbf45337c9c
ROUND fedrad round=160 clients=[15, 9, 95, 71, 80, 49, 39, 81, 30, 8] diagnostic_accuracy=70.0900% Gamma=0.000000 gate_passed=True fallback=functional_recovery_hungarian global_hash=692197d8e8fbad1b60bc2fc69c8a74bdcd499c5ce8dfb39d09df3cee4785da54
ROUND fedrad round=161 clients=[29, 87, 67, 36, 35, 96, 15, 61, 24, 62] diagnostic_accuracy=61.9700% Gamma=0.000000 gate_passed=True fallback=functional_recovery_hungarian global_hash=d4db4ee934e4dd6371a4ebf74a4d27246f820c6457833119cf68a3a4dd559ee0
ROUND fedrad round=162 clients=[13, 58, 87, 52, 50, 60, 3, 19, 35, 0] diagnostic_accuracy=65.3200% Gamma=0.000000 gate_passed=True fallback=functional_recovery_hungarian global_hash=7326de7c63ede4ca8f1d0105e3e8148a8639eb085046cfbf5de90b6376df2def
ROUND fedrad round=163 clients=[55, 46, 66, 67, 73, 12, 51, 1, 57, 90] diagnostic_accuracy=70.7800% Gamma=0.000000 gate_passed=True fallback=functional_recovery_hungarian global_hash=b6ae708fd4b14219d2e8e57ec51ab8a81e64cabeb401ee75cafd5671e6577ac6
ROUND fedrad round=164 clients=[40, 72, 92, 86, 89, 90, 16, 98, 73, 58] diagnostic_accuracy=74.2800% Gamma=0.000000 gate_passed=True fallback=functional_recovery_hungarian global_hash=9b936b32e90d6928175f6de15d4320536cfe12abc30d14bf0b2f3e90b722bfa6
ROUND fedrad round=165 clients=[0, 58, 47, 44, 94, 66, 4, 7, 27, 2] diagnostic_accuracy=67.8200% Gamma=0.000000 gate_passed=True fallback=functional_recovery_hungarian global_hash=bd2f70e107b374118f715480029176b223f643f6bec3916820347f0c594faf90
ROUND fedrad round=166 clients=[58, 87, 14, 78, 40, 83, 73, 18, 52, 31] diagnostic_accuracy=67.8200% Gamma=0.000000 gate_passed=True fallback=functional_recovery_hungarian global_hash=f16b435a5f4c22a29638fae5056e80e93e1e73bcf80a3a4463d251a860a56b0a
ROUND fedrad round=167 clients=[99, 22, 62, 86, 5, 20, 9, 51, 7, 54] diagnostic_accuracy=70.0100% Gamma=0.000000 gate_passed=True fallback=functional_recovery_hungarian global_hash=7f0b748892ce2a31f524b279b2196759b7645298e9c3044e9ffcd75d08c4edc6
ROUND fedrad round=168 clients=[97, 37, 42, 7, 22, 5, 24, 56, 69, 12] diagnostic_accuracy=68.0700% Gamma=0.000000 gate_passed=True fallback=functional_recovery_hungarian global_hash=cd62653d7cbba325fa083d800393e648b18f7ed754fb214c69650381c64df0f1
ROUND fedrad round=169 clients=[96, 22, 76, 44, 59, 78, 12, 68, 94, 87] diagnostic_accuracy=68.2200% Gamma=0.000000 gate_passed=True fallback=functional_recovery_hungarian global_hash=c2e3146fe35ae30fe1baac3cd031ed2e9862577a142282dee22480d9bbe653e7
ROUND fedrad round=170 clients=[45, 7, 65, 19, 95, 16, 35, 23, 83, 88] diagnostic_accuracy=69.6900% Gamma=0.000000 gate_passed=True fallback=functional_recovery_hungarian global_hash=52bea8c4e7c12579cf76f5ca301a96d3ee650517235068bb0f4ba8c83cb18143
ROUND fedrad round=171 clients=[12, 91, 4, 90, 47, 66, 33, 9, 61, 84] diagnostic_accuracy=68.3900% Gamma=0.000000 gate_passed=True fallback=functional_recovery_hungarian global_hash=4f1577b4dddeae1d0df62e2e9d728392c6ef8d87c6c3f17aa76dfdfcec7ce4eb
ROUND fedrad round=172 clients=[46, 60, 83, 2, 37, 70, 93, 29, 3, 43] diagnostic_accuracy=59.2800% Gamma=0.000000 gate_passed=True fallback=functional_recovery_hungarian global_hash=272af9b53b91545702a7ae29a70ef5992df419d2d33b7efff8e833c4558fec38
ROUND fedrad round=173 clients=[27, 45, 49, 4, 31, 62, 9, 95, 69, 72] diagnostic_accuracy=67.3500% Gamma=0.000000 gate_passed=True fallback=functional_recovery_hungarian global_hash=b0a798f08dc8d5bf4ccca84522256a871b540b494669f4504411a09486033ff4
ROUND fedrad round=174 clients=[27, 28, 1, 92, 55, 48, 74, 7, 99, 62] diagnostic_accuracy=67.3800% Gamma=0.000000 gate_passed=True fallback=functional_recovery_hungarian global_hash=eae633f1612ed6aaea808d2bbbbd38e519dbff4a658d9271531433f19f92f76f
ROUND fedrad round=175 clients=[24, 0, 9, 11, 31, 45, 58, 35, 69, 21] diagnostic_accuracy=74.2500% Gamma=0.000000 gate_passed=True fallback=functional_recovery_hungarian global_hash=3cb95c3cecfcc69d9abfad716230f1a8bca0968cb95376c67b16a05198b1b094
ROUND fedrad round=176 clients=[42, 98, 67, 21, 24, 81, 20, 75, 29, 36] diagnostic_accuracy=67.8600% Gamma=0.000000 gate_passed=True fallback=functional_recovery_hungarian global_hash=550f22d1aae05c3ffc223a98611932f06814f3b58da4d0d4294344629544d248
ROUND fedrad round=177 clients=[49, 75, 33, 60, 42, 64, 69, 11, 47, 70] diagnostic_accuracy=66.6600% Gamma=0.000000 gate_passed=True fallback=functional_recovery_hungarian global_hash=398d84824bd6edf0b6f6aab0fbea24a0a7a5f413dc61a38884e67b0b7b7681a4
ROUND fedrad round=178 clients=[96, 60, 16, 70, 73, 40, 11, 24, 87, 93] diagnostic_accuracy=65.3300% Gamma=0.000000 gate_passed=True fallback=functional_recovery_hungarian global_hash=8822983655681bb4c041d5b7c8f8210b79998eb33679cf3f36752eb9516d5013
ROUND fedrad round=179 clients=[37, 16, 85, 31, 69, 36, 54, 25, 32, 38] diagnostic_accuracy=65.9600% Gamma=0.000000 gate_passed=True fallback=functional_recovery_hungarian global_hash=6e879bce25600b1ca00bc106cdc6022e54193cd06ca33c7173fbe174b49a8914
ROUND fedrad round=180 clients=[80, 92, 61, 76, 19, 28, 7, 73, 67, 38] diagnostic_accuracy=70.5700% Gamma=0.000000 gate_passed=True fallback=functional_recovery_hungarian global_hash=aee6008703ea035026937ab85ea977029cb2309bc2d9e4bbe060a36c0f5ebe9a
ROUND fedrad round=181 clients=[78, 26, 35, 44, 29, 85, 64, 66, 97, 21] diagnostic_accuracy=65.6600% Gamma=0.000000 gate_passed=True fallback=functional_recovery_hungarian global_hash=707b0995fde09169a4eb6a772929e552960ecc4c695981f57206498278f9dd10
ROUND fedrad round=182 clients=[78, 73, 10, 52, 54, 24, 44, 70, 99, 90] diagnostic_accuracy=65.2600% Gamma=0.000000 gate_passed=True fallback=functional_recovery_hungarian global_hash=818fd918e091489fd83c153a7d3a95833953d2e463a891f4a81d01e61c27592e
ROUND fedrad round=183 clients=[96, 38, 1, 4, 36, 19, 77, 52, 41, 49] diagnostic_accuracy=70.7500% Gamma=0.000000 gate_passed=True fallback=functional_recovery_hungarian global_hash=19dfe7c2b7999de8612d52e2546ded23b7417440590451311671d5f7694e69ac
ROUND fedrad round=184 clients=[87, 55, 49, 7, 51, 67, 40, 21, 34, 0] diagnostic_accuracy=73.8300% Gamma=0.000000 gate_passed=True fallback=functional_recovery_hungarian global_hash=f9c6a0ec577e557cd9d7bfcf58d25c2febf37e691eebb9011b483332e0a75f69
ROUND fedrad round=185 clients=[74, 63, 39, 14, 96, 82, 21, 45, 88, 13] diagnostic_accuracy=65.5700% Gamma=0.000000 gate_passed=True fallback=functional_recovery_hungarian global_hash=5f3e9d28bd73f983121cb0de4750e8b9d41d9d846fdcc41fa1a857456d0e7719
ROUND fedrad round=186 clients=[1, 26, 23, 59, 22, 57, 27, 60, 18, 69] diagnostic_accuracy=65.1800% Gamma=0.000000 gate_passed=True fallback=functional_recovery_hungarian global_hash=a99872f032d972156a89efbd8194cbc3cc31e9b7a39ecf8d393acd1bee6004c2
ROUND fedrad round=187 clients=[34, 87, 43, 64, 27, 92, 78, 55, 68, 7] diagnostic_accuracy=68.8200% Gamma=0.000000 gate_passed=True fallback=functional_recovery_hungarian global_hash=654f5efff211d90a38922d8992d0e59b564383458b9da530269d42d8baff1f87
ROUND fedrad round=188 clients=[67, 20, 34, 69, 85, 14, 86, 81, 36, 76] diagnostic_accuracy=72.9000% Gamma=0.000000 gate_passed=True fallback=functional_recovery_hungarian global_hash=c59815997508ed72b44abbf166dbf2469f64ee3d549fb9a84e6fadbe092bde19
ROUND fedrad round=189 clients=[57, 7, 53, 49, 74, 65, 76, 29, 78, 80] diagnostic_accuracy=71.4400% Gamma=0.000000 gate_passed=True fallback=functional_recovery_hungarian global_hash=b61597912ed6da2f8108e37f4907d15ac1d818da9b3e3fb264787a7ff4fae9e6
ROUND fedrad round=190 clients=[71, 25, 7, 77, 39, 51, 87, 5, 45, 11] diagnostic_accuracy=67.0700% Gamma=0.000000 gate_passed=True fallback=functional_recovery_hungarian global_hash=ebdefdcb98dc585be0ff6330e1eb76d44e786ad6b2aaaf27f3910c14edbbb585
ROUND fedrad round=191 clients=[60, 21, 34, 0, 98, 92, 44, 65, 66, 3] diagnostic_accuracy=70.8000% Gamma=0.000000 gate_passed=True fallback=functional_recovery_hungarian global_hash=34daf5c53a75734a4f00cbeba062a7882cd0200acaa64c0df401bdb28800cf25
ROUND fedrad round=192 clients=[36, 59, 66, 20, 0, 16, 86, 71, 90, 56] diagnostic_accuracy=73.4700% Gamma=0.000000 gate_passed=True fallback=functional_recovery_hungarian global_hash=eea12e6a96b3424f92b7d9b542f89d206d49c41036dc02056ad1a6258457ac1c
ROUND fedrad round=193 clients=[19, 22, 51, 45, 91, 26, 14, 83, 15, 67] diagnostic_accuracy=71.8100% Gamma=0.000000 gate_passed=True fallback=functional_recovery_hungarian global_hash=ed34188da14f51a7effcd9e0f35ebe08aa9cd6dc656845d45cfa3980d5dee984
ROUND fedrad round=194 clients=[62, 14, 3, 92, 78, 33, 89, 48, 70, 31] diagnostic_accuracy=67.5500% Gamma=0.000000 gate_passed=True fallback=functional_recovery_hungarian global_hash=769b12bb3e824813a56a412a9b10c66851270b508b4d1e964af69e27580d1f9f
ROUND fedrad round=195 clients=[37, 10, 88, 63, 53, 68, 2, 52, 26, 59] diagnostic_accuracy=66.8900% Gamma=0.000000 gate_passed=True fallback=functional_recovery_hungarian global_hash=8abf903853ca0fc00086f01e924e61b348b3c0bcaeefdaba16b8a7165630695f
ROUND fedrad round=196 clients=[59, 71, 85, 49, 20, 10, 3, 86, 88, 33] diagnostic_accuracy=65.7700% Gamma=0.000000 gate_passed=True fallback=functional_recovery_hungarian global_hash=94ed9b925f622a7fb5d53ff2d63148ce14bf6b234c911ac1304da1b517f26900
ROUND fedrad round=197 clients=[9, 0, 18, 66, 44, 17, 92, 95, 64, 96] diagnostic_accuracy=69.8500% Gamma=0.000000 gate_passed=True fallback=functional_recovery_hungarian global_hash=20b7bec2d8735202f9b826b30e8db7c63f4e6572a504845df8e4d11410fc5d00
ROUND fedrad round=198 clients=[70, 58, 24, 57, 32, 19, 43, 65, 5, 88] diagnostic_accuracy=62.0900% Gamma=0.000000 gate_passed=True fallback=functional_recovery_hungarian global_hash=9040101f1e719f675ba71fd0a70cabc712d6960e6f206dac36d6837d9d998fc8
ROUND fedrad round=199 clients=[61, 75, 68, 2, 6, 26, 1, 56, 78, 74] diagnostic_accuracy=69.0900% Gamma=0.000000 gate_passed=True fallback=functional_recovery_hungarian global_hash=f71113d171d8777869ad92c5dfae0c502e28ed33b82c7d9c97061b0181b70756
ROUND fedrad round=200 clients=[8, 57, 22, 90, 46, 9, 56, 99, 89, 4] diagnostic_accuracy=71.8200% Gamma=0.000000 gate_passed=True fallback=functional_recovery_hungarian global_hash=a1814889e302d71fd6e0320f5752be16cef4303a3e9c7e3856c302939c9ed7ea
FINAL_STATE_HASH a1814889e302d71fd6e0320f5752be16cef4303a3e9c7e3856c302939c9ed7ea
