Run directory: C:\Users\admin\Desktop\need_do\new_paper_four\FedPhoenix-new\results\functional_recovery_2of64\functional_recovery_seed1_20260905_220759_076348_ours_seed1_2of64_200r_functional_recovery_restart
Partition fingerprint: f8fcaa0f17c5d2078c5d24ece11b3f8cfcb82553733fb972155b7452d87a8fd0; device=cuda:0
ROUND fedrad round=1 clients=[80, 84, 33, 81, 93, 17, 36, 82, 69, 65] diagnostic_accuracy=10.0000% Gamma=0.000000 gate_passed=True fallback=functional_recovery_hungarian global_hash=c6432dd6d30651954c718691d66b95ead53f9f364bd41132c4908756853390e2
ROUND fedrad round=2 clients=[44, 96, 1, 35, 26, 11, 38, 82, 87, 3] diagnostic_accuracy=15.5600% Gamma=0.000000 gate_passed=True fallback=functional_recovery_hungarian global_hash=c917197f1be42d069897add6b8ef488382188eaa7272b03cab0e494903bf9872
ROUND fedrad round=3 clients=[95, 67, 96, 71, 1, 80, 99, 45, 52, 27] diagnostic_accuracy=17.8900% Gamma=0.000000 gate_passed=True fallback=functional_recovery_hungarian global_hash=63d5378c7fb69d515012f5dd9fdd51a0a613f74a62d2c27d9dfaae32f2499c5b
ROUND fedrad round=4 clients=[40, 10, 96, 66, 89, 32, 95, 55, 25, 5] diagnostic_accuracy=14.6200% Gamma=0.000000 gate_passed=True fallback=functional_recovery_hungarian global_hash=cdecb81e7d2f4c278c6bb3c48a561eb968bbb76bad1e93a2e8e3f442c02251bc
ROUND fedrad round=5 clients=[89, 99, 45, 96, 72, 9, 74, 88, 1, 38] diagnostic_accuracy=19.5700% Gamma=0.000000 gate_passed=True fallback=functional_recovery_hungarian global_hash=8ea1c15e94b4005eb3b2e595a6f5ef9b68dc1af03ec00b89bc8eacebf4fc0a52
ROUND fedrad round=6 clients=[0, 86, 4, 23, 24, 1, 62, 83, 66, 93] diagnostic_accuracy=21.4900% Gamma=0.000000 gate_passed=True fallback=functional_recovery_hungarian global_hash=ab322cf2cc808ba5ef96d54b93e40ca2d6dc1925011952ada03941c5cb5a905f
ROUND fedrad round=7 clients=[6, 59, 72, 30, 91, 43, 75, 76, 15, 61] diagnostic_accuracy=23.3600% Gamma=0.000000 gate_passed=True fallback=functional_recovery_hungarian global_hash=fe12e129ad8d7f6c69d484c00d80ea6dd486de4be660e8d0b9409615462d0c3f
ROUND fedrad round=8 clients=[44, 88, 74, 48, 59, 79, 25, 52, 45, 55] diagnostic_accuracy=20.6800% Gamma=0.000000 gate_passed=True fallback=functional_recovery_hungarian global_hash=1769bddd043947e424b94c2c4ba0c9d18fe1552a925e80593652a5d50bed92ee
ROUND fedrad round=9 clients=[3, 60, 35, 33, 22, 66, 45, 68, 67, 75] diagnostic_accuracy=23.2100% Gamma=0.000000 gate_passed=True fallback=functional_recovery_hungarian global_hash=b3c2dbba13dfa2fa16c91cc25c4fb9d5eb0df20f1682f6daa20ef3f5a6f5c7db
ROUND fedrad round=10 clients=[64, 91, 12, 52, 16, 65, 50, 68, 33, 30] diagnostic_accuracy=27.6200% Gamma=0.000000 gate_passed=True fallback=functional_recovery_hungarian global_hash=dc02d1ea6df8db8ab64c39d2ccf7adeadc0dd9dfdb5fda8a7735cc7e4293ca83
ROUND fedrad round=11 clients=[54, 27, 23, 37, 75, 33, 41, 46, 52, 24] diagnostic_accuracy=26.1400% Gamma=0.000000 gate_passed=True fallback=functional_recovery_hungarian global_hash=f12b5b7940e63b2b70e1bea93907de2575377cd189d11a3e44f3f1fd174c367b
ROUND fedrad round=12 clients=[54, 45, 28, 44, 15, 1, 93, 12, 88, 40] diagnostic_accuracy=26.7500% Gamma=0.000000 gate_passed=True fallback=functional_recovery_hungarian global_hash=58a6454b4d2b49739c4ccd9d88719c253f799ec9888b9f1cc1ef9f88220b1042
ROUND fedrad round=13 clients=[70, 75, 5, 68, 36, 79, 72, 78, 57, 44] diagnostic_accuracy=25.9000% Gamma=0.000000 gate_passed=True fallback=functional_recovery_hungarian global_hash=96871b3f87bb5648cfb85d1ce60d0a33c660a49f50be8dae867cc25874cd97d9
ROUND fedrad round=14 clients=[41, 9, 30, 89, 40, 49, 3, 22, 8, 16] diagnostic_accuracy=28.2300% Gamma=0.000000 gate_passed=True fallback=functional_recovery_hungarian global_hash=426f41a6f05b1d3d0fb4c6ad015b2bffde2fce7141ec98cf396ef556a5a21e5e
ROUND fedrad round=15 clients=[82, 28, 69, 81, 56, 71, 85, 27, 37, 66] diagnostic_accuracy=27.4000% Gamma=0.000000 gate_passed=True fallback=functional_recovery_hungarian global_hash=07778edfc1500ecae2d8a15ccc51174bea01571c7a32eb49bc32cb6fab0fe127
ROUND fedrad round=16 clients=[60, 13, 26, 12, 1, 28, 88, 86, 11, 43] diagnostic_accuracy=31.0300% Gamma=0.000000 gate_passed=True fallback=functional_recovery_hungarian global_hash=f5b2841a4c3fd359ec0e8113afd5858dbbde65b8cdea68d07c5faec824f3163e
ROUND fedrad round=17 clients=[93, 16, 72, 75, 10, 4, 38, 71, 42, 62] diagnostic_accuracy=29.0400% Gamma=0.000000 gate_passed=True fallback=functional_recovery_hungarian global_hash=28e4a1b187b3ef0cc106d8b0e949970a2e8967451615578d8997fd10dc80cdd5
ROUND fedrad round=18 clients=[36, 47, 1, 64, 57, 97, 29, 6, 67, 92] diagnostic_accuracy=31.4000% Gamma=0.000000 gate_passed=True fallback=functional_recovery_hungarian global_hash=1af55a554435195d14f032477c3f9410d75aea9fad31442f8c0ae9db985291ba
ROUND fedrad round=19 clients=[48, 87, 17, 57, 22, 81, 4, 51, 94, 63] diagnostic_accuracy=29.1100% Gamma=0.000000 gate_passed=True fallback=functional_recovery_hungarian global_hash=ddfe75791d343f8e66dc75dd4a2ccc53021cc5aa84872434b854b77fc2f3db0b
ROUND fedrad round=20 clients=[9, 17, 59, 11, 2, 95, 68, 28, 60, 14] diagnostic_accuracy=33.7300% Gamma=0.000000 gate_passed=True fallback=functional_recovery_hungarian global_hash=47a3bab673f985f1a693c8b11bc774a77a0989b94d461baad0cd4d76d5726ea1
ROUND fedrad round=21 clients=[26, 25, 15, 93, 45, 54, 68, 90, 76, 10] diagnostic_accuracy=26.3100% Gamma=0.000000 gate_passed=True fallback=functional_recovery_hungarian global_hash=f2448d157bfa80c0b719542f83fd28a4ce95931c1f37576737ee029366a1b938
ROUND fedrad round=22 clients=[84, 74, 93, 1, 48, 44, 29, 26, 94, 75] diagnostic_accuracy=30.8300% Gamma=0.000000 gate_passed=True fallback=functional_recovery_hungarian global_hash=36adc28a32b7fe5073c5faa1d7bcfb754dcca48a30a451962a1a5954563d333c
ROUND fedrad round=23 clients=[71, 58, 50, 22, 59, 84, 10, 70, 43, 67] diagnostic_accuracy=30.6100% Gamma=0.000000 gate_passed=True fallback=functional_recovery_hungarian global_hash=995ea4d2d6a3f676c81f4120c75e6706d320f6b8a42dc0ac7049a563375d652c
ROUND fedrad round=24 clients=[70, 54, 33, 75, 31, 58, 17, 6, 3, 51] diagnostic_accuracy=33.3300% Gamma=0.000000 gate_passed=True fallback=functional_recovery_hungarian global_hash=3c952b80f1a33bdafa0518b115f710afe515b5cb818b7c7dc894b45a319e3b8a
ROUND fedrad round=25 clients=[42, 87, 33, 36, 30, 84, 78, 98, 71, 75] diagnostic_accuracy=17.0800% Gamma=0.000000 gate_passed=True fallback=functional_recovery_hungarian global_hash=5fe7457bc6c654bb2275205101eeee4007663bcfcec2f8b045f47232713aacbc
ROUND fedrad round=26 clients=[41, 47, 34, 10, 51, 11, 50, 16, 86, 64] diagnostic_accuracy=40.1700% Gamma=0.000000 gate_passed=True fallback=functional_recovery_hungarian global_hash=f39b9bac4e2cdf499fa9331db3a19342372f373cb47b92e2a29c66a8cf044aa0
ROUND fedrad round=27 clients=[58, 82, 63, 50, 98, 84, 4, 46, 65, 88] diagnostic_accuracy=32.4700% Gamma=0.000000 gate_passed=True fallback=functional_recovery_hungarian global_hash=e28f677003ad3bcb947ebf4c765bbf673ae54d2cb13cee7a11398d8f74929b3c
ROUND fedrad round=28 clients=[99, 88, 69, 16, 46, 29, 90, 91, 4, 45] diagnostic_accuracy=37.9100% Gamma=0.000000 gate_passed=True fallback=functional_recovery_hungarian global_hash=ca30268951d6b52850048f40e4ba0efeeff5c3ea56573b433c3ea79e252a5227
ROUND fedrad round=29 clients=[80, 73, 28, 34, 1, 10, 13, 65, 5, 49] diagnostic_accuracy=38.9000% Gamma=0.000000 gate_passed=True fallback=functional_recovery_hungarian global_hash=04ea0af64e8743daf152a44692bc4796068143f293e3882ca6b18fddb5e748d0
ROUND fedrad round=30 clients=[62, 41, 74, 11, 99, 8, 75, 26, 81, 85] diagnostic_accuracy=36.6900% Gamma=0.000000 gate_passed=True fallback=functional_recovery_hungarian global_hash=e36891ac50599b1a682b13c2b95838a4b20b956b867ba61b72f59f95310037b7
ROUND fedrad round=31 clients=[96, 81, 77, 83, 14, 50, 13, 67, 53, 91] diagnostic_accuracy=44.9700% Gamma=0.000000 gate_passed=True fallback=functional_recovery_hungarian global_hash=beb69415b1f3f0631cba58b7805b040cade547850427ef06459a991d8929abff
ROUND fedrad round=32 clients=[40, 73, 70, 3, 6, 94, 1, 25, 20, 10] diagnostic_accuracy=36.8300% Gamma=0.000000 gate_passed=True fallback=functional_recovery_hungarian global_hash=d6466b4ee4c912d58a050a3338f382dc83ee27133a5999421e22bec8d54cc032
ROUND fedrad round=33 clients=[45, 16, 51, 88, 17, 78, 36, 44, 21, 62] diagnostic_accuracy=42.5700% Gamma=0.000000 gate_passed=True fallback=functional_recovery_hungarian global_hash=fffffe557a11d1d5cc356d36bd975f7cbf244c5d35d7e0f5189d8bcff64e0e54
ROUND fedrad round=34 clients=[92, 43, 97, 61, 58, 67, 1, 98, 30, 75] diagnostic_accuracy=42.7000% Gamma=0.000000 gate_passed=True fallback=functional_recovery_hungarian global_hash=8f7deb20a1c9804955018e822d6e52718e8d9ce7fe17ad0227b5f1344c9ca2ac
ROUND fedrad round=35 clients=[31, 89, 17, 66, 92, 23, 96, 9, 35, 20] diagnostic_accuracy=41.0800% Gamma=0.000000 gate_passed=True fallback=functional_recovery_hungarian global_hash=00fbb260afad23c3a783cedddb9c022501988ff0314bf05cb0db45ea071da0d6
ROUND fedrad round=36 clients=[72, 68, 65, 28, 23, 85, 16, 60, 73, 78] diagnostic_accuracy=48.3800% Gamma=0.000000 gate_passed=True fallback=functional_recovery_hungarian global_hash=2ccd01ef566e11d2fd7b2ef9ed37c4fcf58e268a5856e924fa5b907ecfac803a
ROUND fedrad round=37 clients=[66, 49, 62, 9, 84, 68, 74, 3, 44, 71] diagnostic_accuracy=29.5800% Gamma=0.000000 gate_passed=True fallback=functional_recovery_hungarian global_hash=26efaf2ff5796a76b7831c379ca764b4a40bbd428663976f16badbf1b11920db
ROUND fedrad round=38 clients=[50, 73, 27, 38, 8, 53, 21, 14, 28, 64] diagnostic_accuracy=47.3600% Gamma=0.000000 gate_passed=True fallback=functional_recovery_hungarian global_hash=c9b2f4d70b160526620c80a621528cd65c6631b673b8c1da3daae3aebb0cba0e
ROUND fedrad round=39 clients=[48, 87, 40, 59, 3, 10, 75, 35, 49, 89] diagnostic_accuracy=44.3000% Gamma=0.000000 gate_passed=True fallback=functional_recovery_hungarian global_hash=364aeacebe38b277ffec2fb129d5f39dfc6b3d4b6868ae1aff3e0697a8bd7565
ROUND fedrad round=40 clients=[83, 93, 34, 60, 90, 45, 42, 41, 91, 36] diagnostic_accuracy=49.7000% Gamma=0.000000 gate_passed=True fallback=functional_recovery_hungarian global_hash=dd78817f1ddf9ddb4eb33dd67b683597d273b33f420197b428e569e7c8de2d4e
ROUND fedrad round=41 clients=[75, 52, 20, 80, 90, 93, 4, 51, 13, 98] diagnostic_accuracy=42.5900% Gamma=0.000000 gate_passed=True fallback=functional_recovery_hungarian global_hash=7e1fd5da2793981768e5ed0383ab9b5e8080cb1b0a9e755a76a72eaea40295fb
ROUND fedrad round=42 clients=[98, 79, 17, 10, 3, 12, 29, 26, 54, 58] diagnostic_accuracy=28.9200% Gamma=0.000000 gate_passed=True fallback=functional_recovery_hungarian global_hash=b538622f635c2a64c9c9639037a0245575772e82b33d5f06b78d6b298b65070c
ROUND fedrad round=43 clients=[32, 15, 47, 9, 7, 16, 24, 57, 71, 28] diagnostic_accuracy=42.2300% Gamma=0.000000 gate_passed=True fallback=functional_recovery_hungarian global_hash=0adf86db4af994c5367b58ea4ca07ef6e87f639dd6de19b93f2ff8194297f1ba
ROUND fedrad round=44 clients=[76, 67, 81, 35, 44, 49, 32, 99, 69, 51] diagnostic_accuracy=47.9400% Gamma=0.000000 gate_passed=True fallback=functional_recovery_hungarian global_hash=62d0a18249d7fc4d9ac04c4fba44ed2c14ffe47e5a9074be82eb967817e5070f
ROUND fedrad round=45 clients=[42, 4, 95, 71, 84, 22, 61, 5, 10, 28] diagnostic_accuracy=46.1300% Gamma=0.000000 gate_passed=True fallback=functional_recovery_hungarian global_hash=185dcd2c7a91cb8ba4059f1f733753cd3e7f24a457978887c91396c68b9b03f7
ROUND fedrad round=46 clients=[61, 52, 80, 26, 37, 44, 85, 1, 99, 55] diagnostic_accuracy=54.4300% Gamma=0.000000 gate_passed=True fallback=functional_recovery_hungarian global_hash=b74dee4cff05299d1eda20ea205cb6bef509fcb70b89493dc78b27208541f7c5
ROUND fedrad round=47 clients=[23, 10, 75, 28, 19, 22, 43, 13, 98, 85] diagnostic_accuracy=52.0100% Gamma=0.000000 gate_passed=True fallback=functional_recovery_hungarian global_hash=e9f9366ddbaf4c36db653ddf390771bbec405ff8c072ae8eb7ca3c6146662905
ROUND fedrad round=48 clients=[18, 1, 96, 63, 59, 71, 88, 39, 97, 68] diagnostic_accuracy=47.3100% Gamma=0.000000 gate_passed=True fallback=functional_recovery_hungarian global_hash=23eea9aa26476cd41867c9e1e4b07dbf962e3af62c24e9fe06a26078c8ae3bd4
ROUND fedrad round=49 clients=[44, 11, 93, 47, 54, 9, 81, 94, 45, 65] diagnostic_accuracy=55.0800% Gamma=0.000000 gate_passed=True fallback=functional_recovery_hungarian global_hash=545f30ef13f6b25564214936f66edb063494fad7ae3c3ee92ca69fb67870e7e6
ROUND fedrad round=50 clients=[48, 43, 51, 76, 99, 39, 38, 73, 89, 80] diagnostic_accuracy=52.3900% Gamma=0.000000 gate_passed=True fallback=functional_recovery_hungarian global_hash=97fe411cd8a1d4f121952920a470ef6e7bef4d5d567442bf72860911fa5050f5
ROUND fedrad round=51 clients=[34, 16, 99, 17, 62, 58, 96, 29, 90, 30] diagnostic_accuracy=53.7000% Gamma=0.000000 gate_passed=True fallback=functional_recovery_hungarian global_hash=25d56c79c5d063ef9834b9ed36342953b92362bad70955802e0be6d91794b682
ROUND fedrad round=52 clients=[8, 59, 78, 95, 25, 35, 99, 86, 54, 64] diagnostic_accuracy=55.8800% Gamma=0.000000 gate_passed=True fallback=functional_recovery_hungarian global_hash=d754298590d93f116a58afbfd231f495b183368131e1398fee71216a65f380ee
ROUND fedrad round=53 clients=[87, 42, 55, 74, 37, 10, 26, 23, 57, 62] diagnostic_accuracy=47.9400% Gamma=0.000000 gate_passed=True fallback=functional_recovery_hungarian global_hash=f688414bbf241ec271d9c6e7bc12d167e03c8e8cf0e0284cef0dbc2451c35756
ROUND fedrad round=54 clients=[84, 2, 76, 48, 68, 40, 92, 8, 42, 46] diagnostic_accuracy=51.4600% Gamma=0.000000 gate_passed=True fallback=functional_recovery_hungarian global_hash=04bc1337d4d96804bd660defd979813c7f40dfec748268d88a238253988266d1
ROUND fedrad round=55 clients=[91, 70, 16, 58, 10, 35, 31, 86, 62, 54] diagnostic_accuracy=55.3400% Gamma=0.000000 gate_passed=True fallback=functional_recovery_hungarian global_hash=e19f0e65da414ef18943ae541afb94fb825624abb1527cdf1475fea5d34804e0
ROUND fedrad round=56 clients=[32, 41, 20, 75, 69, 62, 74, 38, 80, 58] diagnostic_accuracy=48.2300% Gamma=0.000000 gate_passed=True fallback=functional_recovery_hungarian global_hash=0a8c924e63630773a7f69ba978f1773bc4d8b19fed9821b3ebf345fa6623c604
ROUND fedrad round=57 clients=[89, 0, 84, 16, 97, 67, 41, 38, 59, 60] diagnostic_accuracy=49.6900% Gamma=0.000000 gate_passed=True fallback=functional_recovery_hungarian global_hash=b9c5da8d6e997449bbc87867fc205a65e640501d10acd86267d2f9d7e07675ec
ROUND fedrad round=58 clients=[59, 21, 34, 35, 95, 41, 9, 12, 47, 42] diagnostic_accuracy=50.1100% Gamma=0.000000 gate_passed=True fallback=functional_recovery_hungarian global_hash=b7f25f7750ec28c5648c4d24b418bc3518b0e0bc124f24ae7e20897e84d49f2c
ROUND fedrad round=59 clients=[88, 78, 75, 43, 57, 63, 34, 79, 17, 93] diagnostic_accuracy=51.7400% Gamma=0.000000 gate_passed=True fallback=functional_recovery_hungarian global_hash=e5bcbf3ac3f473f3e36c0e3d09bb6f08a69e86a082f00731cb1f15e725fdcaf0
ROUND fedrad round=60 clients=[76, 35, 9, 75, 32, 97, 53, 72, 27, 91] diagnostic_accuracy=51.5100% Gamma=0.000000 gate_passed=True fallback=functional_recovery_hungarian global_hash=d0c3f46eb566045becf32147433904db936fe3eefebdb0a2a2f1cf82f584dc56
ROUND fedrad round=61 clients=[60, 14, 9, 43, 15, 68, 7, 44, 65, 89] diagnostic_accuracy=58.8500% Gamma=0.000000 gate_passed=True fallback=functional_recovery_hungarian global_hash=d428d96f9a1e57283772c430777e0196e08ceba349b64044838be3dc6425c5a9
ROUND fedrad round=62 clients=[56, 67, 28, 93, 30, 71, 78, 48, 25, 19] diagnostic_accuracy=58.5600% Gamma=0.000000 gate_passed=True fallback=functional_recovery_hungarian global_hash=91393ac161fc839afe84fc81fed5b4f536c0408fec92263c200b986e0ee9c5d7
ROUND fedrad round=63 clients=[61, 18, 63, 89, 0, 99, 42, 76, 81, 9] diagnostic_accuracy=53.9600% Gamma=0.000000 gate_passed=True fallback=functional_recovery_hungarian global_hash=c8f60fa39feb84f499bde78b33e8732e8ce668eb4b7a36e2c7425338c125de43
ROUND fedrad round=64 clients=[14, 22, 8, 93, 29, 90, 73, 28, 57, 58] diagnostic_accuracy=59.5800% Gamma=0.000000 gate_passed=True fallback=functional_recovery_hungarian global_hash=677ebe762b83e57b0d2a64da4a56c0bbf95275fd2d6b253b33e3ef2fc570b878
ROUND fedrad round=65 clients=[16, 90, 78, 23, 55, 61, 31, 0, 11, 82] diagnostic_accuracy=60.9300% Gamma=0.000000 gate_passed=True fallback=functional_recovery_hungarian global_hash=3ea98606792a02a8b506eea242e60dc119a65b7dbc0589955d65dcb5499b51ad
ROUND fedrad round=66 clients=[28, 65, 16, 72, 11, 36, 19, 51, 81, 53] diagnostic_accuracy=59.7000% Gamma=0.000000 gate_passed=True fallback=functional_recovery_hungarian global_hash=1b5712716cbadf6ab17913fe66c8636617a7c3d1d2336896b2abddd436ae6dda
ROUND fedrad round=67 clients=[53, 63, 96, 28, 78, 90, 58, 73, 34, 4] diagnostic_accuracy=58.6300% Gamma=0.000000 gate_passed=True fallback=functional_recovery_hungarian global_hash=32842268006e622ad42a57f9787d0551f2f35c964385c3402b4bfcf86161ec50
ROUND fedrad round=68 clients=[38, 57, 22, 41, 70, 39, 10, 5, 17, 32] diagnostic_accuracy=55.1000% Gamma=0.000000 gate_passed=True fallback=functional_recovery_hungarian global_hash=fa030ecbaf6a078e4809773a05d6629c0bcd24bc01aed5a970c6ecc71ce703a4
ROUND fedrad round=69 clients=[60, 67, 48, 59, 46, 94, 22, 29, 53, 97] diagnostic_accuracy=60.9400% Gamma=0.000000 gate_passed=True fallback=functional_recovery_hungarian global_hash=97deb261842cd04d58e1bcfc37c4cf524944cfafd007cccda3908c56b60a323b
ROUND fedrad round=70 clients=[61, 33, 76, 48, 37, 54, 38, 13, 8, 39] diagnostic_accuracy=50.5400% Gamma=0.000000 gate_passed=True fallback=functional_recovery_hungarian global_hash=a9bafd1b9e1a982a30856cba96d201e96e7ed62771b24cb2595fb8501a832311
ROUND fedrad round=71 clients=[31, 88, 91, 25, 50, 95, 67, 45, 80, 70] diagnostic_accuracy=56.8600% Gamma=0.000000 gate_passed=True fallback=functional_recovery_hungarian global_hash=c972e1cdc2758797fdb23ee42ebf1ea35ae1d871e46b811a4002333c44d7fc55
ROUND fedrad round=72 clients=[3, 23, 17, 94, 61, 43, 63, 91, 37, 84] diagnostic_accuracy=44.7700% Gamma=0.000000 gate_passed=True fallback=functional_recovery_hungarian global_hash=3404785d464ad60e9bc611248b5799a99f4a7e253adac804eb4bdf6b1243e240
ROUND fedrad round=73 clients=[11, 73, 78, 47, 45, 83, 36, 75, 91, 57] diagnostic_accuracy=60.5000% Gamma=0.000000 gate_passed=True fallback=functional_recovery_hungarian global_hash=e862f0815d0e128087cd51f312f4048cdfd0fd61c0be57405ad9366f1a0c6945
ROUND fedrad round=74 clients=[46, 54, 66, 62, 96, 49, 24, 75, 60, 52] diagnostic_accuracy=56.6500% Gamma=0.000000 gate_passed=True fallback=functional_recovery_hungarian global_hash=35f75c66d025d42b657d1ca91da2d278e07bc208693a56896e8ec855dd372e76
ROUND fedrad round=75 clients=[75, 51, 39, 89, 14, 54, 41, 30, 24, 80] diagnostic_accuracy=54.8600% Gamma=0.000000 gate_passed=True fallback=functional_recovery_hungarian global_hash=d043be904fdeae40db21be07934ba6c8202494bc41c8f77be836530696ac7ea1
ROUND fedrad round=76 clients=[67, 90, 45, 78, 32, 86, 50, 55, 33, 60] diagnostic_accuracy=62.7200% Gamma=0.000000 gate_passed=True fallback=functional_recovery_hungarian global_hash=64d862a26f16c3dd02f7d0b7676c3b9a309aca103c22d35ef20d4c41b8bdbc45
ROUND fedrad round=77 clients=[4, 16, 51, 33, 89, 30, 13, 77, 43, 85] diagnostic_accuracy=42.4400% Gamma=0.000000 gate_passed=True fallback=functional_recovery_hungarian global_hash=2f70274aabe7d93cdc4840ef1a1746c54202c664e3d6f8f5091f1d51700d610f
ROUND fedrad round=78 clients=[97, 76, 96, 72, 42, 17, 33, 51, 24, 36] diagnostic_accuracy=59.1900% Gamma=0.000000 gate_passed=True fallback=functional_recovery_hungarian global_hash=51f7d0b2f4eee16972fd048e44fdcb0a4c00bf46def27ddfbf4cff7fba86385a
ROUND fedrad round=79 clients=[22, 47, 61, 27, 50, 96, 89, 97, 85, 30] diagnostic_accuracy=60.0500% Gamma=0.000000 gate_passed=True fallback=functional_recovery_hungarian global_hash=51345b54280a846113300e55990a779ece888304d226220e4002d6ab66378e35
ROUND fedrad round=80 clients=[44, 70, 23, 38, 74, 21, 82, 4, 88, 98] diagnostic_accuracy=56.3000% Gamma=0.000000 gate_passed=True fallback=functional_recovery_hungarian global_hash=66c9f894ec3c26223a1be78d9f52a76f40848f796a4b6e5d31c418fb1639f9d8
ROUND fedrad round=81 clients=[90, 72, 65, 50, 85, 56, 4, 80, 31, 17] diagnostic_accuracy=57.3300% Gamma=0.000000 gate_passed=True fallback=functional_recovery_hungarian global_hash=414b0ae468fde2e38ad7dac3214cf7488b001dbfd0996b2ed26381fe0acf07da
ROUND fedrad round=82 clients=[61, 40, 41, 34, 97, 51, 50, 13, 22, 8] diagnostic_accuracy=60.0200% Gamma=0.000000 gate_passed=True fallback=functional_recovery_hungarian global_hash=ab06f5ff45afbd9b40792328ef38543b1527c8e086564ebf229203ac45a49671
ROUND fedrad round=83 clients=[87, 54, 63, 83, 96, 26, 0, 59, 69, 14] diagnostic_accuracy=62.3900% Gamma=0.000000 gate_passed=True fallback=functional_recovery_hungarian global_hash=dda66fc5dfa63be6d3b2eb9101a90a8fd473339640041f70f0333223bd0553c2
ROUND fedrad round=84 clients=[58, 47, 83, 36, 8, 2, 56, 49, 10, 38] diagnostic_accuracy=53.9400% Gamma=0.000000 gate_passed=True fallback=functional_recovery_hungarian global_hash=5dd122fdecee54cd2ba223f0881be91961bcc31404736e406c534d2a40a9a4cf
ROUND fedrad round=85 clients=[89, 90, 81, 54, 59, 4, 53, 47, 52, 19] diagnostic_accuracy=63.9700% Gamma=0.000000 gate_passed=True fallback=functional_recovery_hungarian global_hash=d00b09bc9db9152e8b0ca10782b62815c0f9dc3ce083807e7f7a8a09d0df6e38
ROUND fedrad round=86 clients=[24, 13, 81, 73, 19, 55, 40, 76, 57, 96] diagnostic_accuracy=60.4600% Gamma=0.000000 gate_passed=True fallback=functional_recovery_hungarian global_hash=801290d0141d609a9da4864ada0b798e8ff55b176874109eff9ef78e02c0cedd
ROUND fedrad round=87 clients=[31, 75, 94, 20, 87, 26, 29, 70, 2, 50] diagnostic_accuracy=57.7900% Gamma=0.000000 gate_passed=True fallback=functional_recovery_hungarian global_hash=70daa9af1aedb79b8d27b9eb0bf0468ca67d17984d62c674b4de5f06801aada1
ROUND fedrad round=88 clients=[0, 9, 46, 37, 72, 83, 73, 16, 55, 27] diagnostic_accuracy=57.2200% Gamma=0.000000 gate_passed=True fallback=functional_recovery_hungarian global_hash=3531b0a77b89066359c0f7f5b22045a4445c8b4367a1c24c562cc4d4b3798ce9
ROUND fedrad round=89 clients=[80, 29, 9, 50, 26, 81, 48, 82, 37, 15] diagnostic_accuracy=54.5800% Gamma=0.000000 gate_passed=True fallback=functional_recovery_hungarian global_hash=88c16f3729910029592d4fd6a9bcad4b5fa5b69d2c45a3325925315ebf109298
ROUND fedrad round=90 clients=[82, 6, 87, 74, 29, 50, 62, 67, 12, 83] diagnostic_accuracy=67.9500% Gamma=0.000000 gate_passed=True fallback=functional_recovery_hungarian global_hash=0bccce15458b22870822f821ba294f020e400ef3f850d652d7f396d874937211
ROUND fedrad round=91 clients=[36, 75, 89, 43, 12, 21, 95, 72, 24, 63] diagnostic_accuracy=54.7200% Gamma=0.000000 gate_passed=True fallback=functional_recovery_hungarian global_hash=63a6121506919ad939fa464d34f67071c80babb2f112f9e6a77729c54dba9e8b
ROUND fedrad round=92 clients=[34, 15, 31, 94, 46, 70, 19, 80, 6, 88] diagnostic_accuracy=62.1400% Gamma=0.000000 gate_passed=True fallback=functional_recovery_hungarian global_hash=cdf9fe9d9a4a1d3af712ef213f1b8cbc79230a7d7efa359882c5d988d8832473
ROUND fedrad round=93 clients=[70, 92, 72, 77, 23, 53, 1, 12, 97, 93] diagnostic_accuracy=57.8300% Gamma=0.000000 gate_passed=True fallback=functional_recovery_hungarian global_hash=5da61c1c46c9e257162df1dbbef165946aa582d403a8b0471008f5b06d96a557
ROUND fedrad round=94 clients=[13, 38, 36, 14, 57, 77, 66, 73, 3, 0] diagnostic_accuracy=52.3000% Gamma=0.000000 gate_passed=True fallback=functional_recovery_hungarian global_hash=b39080459ae7c7d5d5711e9f369b3627c54956ae03db9d6541197d3e8039c1e7
ROUND fedrad round=95 clients=[13, 19, 10, 24, 76, 57, 88, 23, 61, 31] diagnostic_accuracy=57.7500% Gamma=0.000000 gate_passed=True fallback=functional_recovery_hungarian global_hash=d3911869947377cae07fe5ad8c274d0543e94f13d3bac66b2b8b952caf1fbc60
ROUND fedrad round=96 clients=[18, 45, 94, 24, 56, 67, 10, 14, 13, 9] diagnostic_accuracy=63.0900% Gamma=0.000000 gate_passed=True fallback=functional_recovery_hungarian global_hash=023be4413dd2cdfc9663b872f2e72ef4d818c5439a7f898337368c0bab20b367
ROUND fedrad round=97 clients=[13, 48, 73, 93, 70, 1, 43, 77, 76, 88] diagnostic_accuracy=58.6500% Gamma=0.000000 gate_passed=True fallback=functional_recovery_hungarian global_hash=b33f066feab87e76e5de164837494cee5bfe7b4435e8b0e617163509fbe52c9f
ROUND fedrad round=98 clients=[21, 45, 83, 68, 75, 65, 96, 1, 77, 73] diagnostic_accuracy=64.9700% Gamma=0.000000 gate_passed=True fallback=functional_recovery_hungarian global_hash=63de0185c1a3bab7f62b82830fdcc8c8a404757f51065da775a466d2b36fac3e
ROUND fedrad round=99 clients=[81, 84, 60, 18, 45, 47, 94, 83, 76, 22] diagnostic_accuracy=60.4100% Gamma=0.000000 gate_passed=True fallback=functional_recovery_hungarian global_hash=d20f41c49787569896484730809b863fa09f94550148cbb3555c1105378dfc1e
ROUND fedrad round=100 clients=[21, 69, 47, 34, 65, 81, 93, 44, 30, 84] diagnostic_accuracy=59.1300% Gamma=0.000000 gate_passed=True fallback=functional_recovery_hungarian global_hash=8285cac40377881281e82aa2780310a1f9b03de1b70050a036b2eece4a389242
ROUND fedrad round=101 clients=[22, 38, 77, 15, 11, 61, 37, 34, 87, 3] diagnostic_accuracy=63.0000% Gamma=0.000000 gate_passed=True fallback=functional_recovery_hungarian global_hash=b6fe70ab2689cd65564b25adc281b6acb41f7a6e35e1f4757a006d6647007447
ROUND fedrad round=102 clients=[96, 9, 26, 58, 69, 44, 13, 93, 61, 43] diagnostic_accuracy=60.6100% Gamma=0.000000 gate_passed=True fallback=functional_recovery_hungarian global_hash=4a083243a56c138b69e13dbfc223f708d57b4c058623bdf5ad5e702d5029e0a5
ROUND fedrad round=103 clients=[13, 34, 27, 16, 72, 98, 14, 19, 9, 46] diagnostic_accuracy=57.4500% Gamma=0.000000 gate_passed=True fallback=functional_recovery_hungarian global_hash=74561c85a3713cd3d573345d799f22b57128d420bf3485fd0ed0bf679270b014
ROUND fedrad round=104 clients=[29, 72, 81, 80, 68, 85, 14, 0, 93, 52] diagnostic_accuracy=66.1500% Gamma=0.000000 gate_passed=True fallback=functional_recovery_hungarian global_hash=08fa0c9a7d2404d21e17a0fb92547dfd65cd99ebe0dee611df94379a4a868ad3
ROUND fedrad round=105 clients=[17, 69, 35, 86, 83, 84, 23, 56, 89, 60] diagnostic_accuracy=63.0600% Gamma=0.000000 gate_passed=True fallback=functional_recovery_hungarian global_hash=8b634ff7506aed0bf623649175c355fe9d375a750ccf86e4f22a456960881b81
ROUND fedrad round=106 clients=[94, 79, 36, 8, 19, 16, 13, 30, 25, 3] diagnostic_accuracy=50.4400% Gamma=0.000000 gate_passed=True fallback=functional_recovery_hungarian global_hash=7f3a77c5560961ef9b1f89af56f90a970af8a528f0590857944e0776ce59c1b5
ROUND fedrad round=107 clients=[45, 82, 32, 52, 17, 96, 6, 57, 67, 74] diagnostic_accuracy=59.1100% Gamma=0.000000 gate_passed=True fallback=functional_recovery_hungarian global_hash=7f47ad3acf3072b608d185800df2c313f0b352a9d848fb21b679e8ca9573c706
ROUND fedrad round=108 clients=[61, 20, 59, 99, 39, 42, 73, 53, 45, 8] diagnostic_accuracy=62.0600% Gamma=0.000000 gate_passed=True fallback=functional_recovery_hungarian global_hash=80066293ad2326478f11a834d5d2d8f134177af48ee197d3e61e1a310ff3c48e
ROUND fedrad round=109 clients=[60, 38, 5, 54, 66, 33, 80, 83, 9, 4] diagnostic_accuracy=61.0700% Gamma=0.000000 gate_passed=True fallback=functional_recovery_hungarian global_hash=9fc977b32b051e8afd96c4d653819dccf0e97b91f28df3c56ca74de676808bd3
ROUND fedrad round=110 clients=[39, 44, 62, 4, 42, 25, 0, 45, 29, 93] diagnostic_accuracy=67.7300% Gamma=0.000000 gate_passed=True fallback=functional_recovery_hungarian global_hash=8e9328afc76bfa40e82e69d1a300fbfd05287c1251940bb3702b0ba2bdf34e55
ROUND fedrad round=111 clients=[96, 54, 19, 97, 92, 31, 81, 2, 24, 9] diagnostic_accuracy=69.2100% Gamma=0.000000 gate_passed=True fallback=functional_recovery_hungarian global_hash=92d9f49dc6e3f4887a4959e898bc4982546eec662b8479727ebbe72591511312
ROUND fedrad round=112 clients=[9, 19, 7, 49, 45, 35, 80, 85, 40, 89] diagnostic_accuracy=67.4500% Gamma=0.000000 gate_passed=True fallback=functional_recovery_hungarian global_hash=510fe78701a65839764820d2376a4eff54f8e5282bdb2c19e9d0a13134bf4b47
ROUND fedrad round=113 clients=[73, 66, 18, 74, 33, 2, 87, 29, 98, 91] diagnostic_accuracy=63.6600% Gamma=0.000000 gate_passed=True fallback=functional_recovery_hungarian global_hash=1563ec11157ed744f0dc304a0a6349b58eee7e73c29aa3c46b3714d812674d5e
ROUND fedrad round=114 clients=[40, 31, 27, 50, 71, 81, 99, 97, 73, 49] diagnostic_accuracy=58.2900% Gamma=0.000000 gate_passed=True fallback=functional_recovery_hungarian global_hash=7308882a60ecfe888b94348edceb55b420c96adb1a33f775eaddc7d628b73496
ROUND fedrad round=115 clients=[61, 64, 42, 88, 27, 95, 92, 50, 45, 85] diagnostic_accuracy=66.1100% Gamma=0.000000 gate_passed=True fallback=functional_recovery_hungarian global_hash=666ad330a220e543d3b361e43a56b685f6b4ed9d85622d56c6974138796df41a
ROUND fedrad round=116 clients=[27, 8, 49, 32, 15, 35, 70, 59, 31, 30] diagnostic_accuracy=58.8700% Gamma=0.000000 gate_passed=True fallback=functional_recovery_hungarian global_hash=b460d0761f3e1f6aca565c617f03e5a9b14743f33a5c400dc3f617a29cf5ac09
ROUND fedrad round=117 clients=[69, 35, 52, 51, 26, 15, 76, 48, 98, 12] diagnostic_accuracy=63.9200% Gamma=0.000000 gate_passed=True fallback=functional_recovery_hungarian global_hash=3ea7ec4e10f7e3fcd4e122564501ef2e07bb9ec138a0ca3f3357496f25f42522
ROUND fedrad round=118 clients=[46, 57, 0, 86, 26, 80, 73, 20, 63, 98] diagnostic_accuracy=65.4400% Gamma=0.000000 gate_passed=True fallback=functional_recovery_hungarian global_hash=209ea9e39459f4d6beaebc8765f78832e88a74738d787de37d0a1e4367f9141f
ROUND fedrad round=119 clients=[81, 6, 64, 84, 20, 2, 8, 4, 66, 92] diagnostic_accuracy=63.5900% Gamma=0.000000 gate_passed=True fallback=functional_recovery_hungarian global_hash=24a35756b987e4861c98d1e45c6c74ed75cf6da0044bc20359d011923f629703
ROUND fedrad round=120 clients=[61, 34, 64, 11, 96, 18, 82, 52, 72, 92] diagnostic_accuracy=66.7400% Gamma=0.000000 gate_passed=True fallback=functional_recovery_hungarian global_hash=8f7d1309a3d8b1a6e92af2342a2bfb3eaa735de02dfaf7f6f08f46e79365deae
ROUND fedrad round=121 clients=[93, 68, 94, 13, 36, 11, 5, 1, 40, 7] diagnostic_accuracy=67.8300% Gamma=0.000000 gate_passed=True fallback=functional_recovery_hungarian global_hash=c28c579bbfa2e2812083c71c690985d900f9bfb3ecba9eb5074f4177260a929d
ROUND fedrad round=122 clients=[73, 64, 37, 69, 31, 48, 77, 41, 53, 75] diagnostic_accuracy=61.6300% Gamma=0.000000 gate_passed=True fallback=functional_recovery_hungarian global_hash=42fccc0d10432384f3b50a399e0ae26ecf43ace9c465ee68505bc22d1de5a515
ROUND fedrad round=123 clients=[46, 43, 84, 11, 66, 92, 16, 19, 96, 37] diagnostic_accuracy=58.5100% Gamma=0.000000 gate_passed=True fallback=functional_recovery_hungarian global_hash=52674971211c91f523c4e013a8344ba29189da5c6b924bf3537799b311ef4980
ROUND fedrad round=124 clients=[43, 96, 9, 0, 74, 19, 1, 23, 38, 66] diagnostic_accuracy=64.5600% Gamma=0.000000 gate_passed=True fallback=functional_recovery_hungarian global_hash=6deeddef9a95d96aa43e96dd2065ba3163d78d68445cc5aefcbfa27f2ec9e6fb
ROUND fedrad round=125 clients=[27, 62, 32, 10, 22, 72, 64, 25, 86, 60] diagnostic_accuracy=62.5000% Gamma=0.000000 gate_passed=True fallback=functional_recovery_hungarian global_hash=d7b93f7fe8c0113a2492d59cfd7cf391fe7b2d2b76a88c8efb169cc006204bf6
ROUND fedrad round=126 clients=[84, 7, 64, 76, 15, 46, 27, 47, 40, 69] diagnostic_accuracy=64.3700% Gamma=0.000000 gate_passed=True fallback=functional_recovery_hungarian global_hash=d341a80d021f3902c961c9d137d40df15ccb75d21e8c5f0101c062c520b3fa67
ROUND fedrad round=127 clients=[75, 97, 79, 87, 11, 7, 37, 92, 41, 12] diagnostic_accuracy=65.7500% Gamma=0.000000 gate_passed=True fallback=functional_recovery_hungarian global_hash=8ddbf17b4c6fc5b8e5c10befe24c802418f70ff79add25ea6249e301f02c2843
ROUND fedrad round=128 clients=[78, 4, 17, 21, 76, 74, 19, 61, 45, 86] diagnostic_accuracy=71.9600% Gamma=0.000000 gate_passed=True fallback=functional_recovery_hungarian global_hash=b40c6ab510f5125e235b97b39d9e4dc2a26c1a5d1d686902826cc037859b7b29
ROUND fedrad round=129 clients=[23, 41, 75, 36, 26, 49, 95, 16, 93, 72] diagnostic_accuracy=59.3900% Gamma=0.000000 gate_passed=True fallback=functional_recovery_hungarian global_hash=508f8277eb9f017604e87736fa81c4c5912286476048512206d493ba57adca03
ROUND fedrad round=130 clients=[59, 53, 65, 8, 68, 35, 13, 55, 23, 97] diagnostic_accuracy=67.2500% Gamma=0.000000 gate_passed=True fallback=functional_recovery_hungarian global_hash=f9315622649336dbc7adeee20da93fc57476b387fb8b0397a30173a91b8befff
ROUND fedrad round=131 clients=[74, 98, 22, 45, 97, 87, 92, 71, 47, 79] diagnostic_accuracy=67.6700% Gamma=0.000000 gate_passed=True fallback=functional_recovery_hungarian global_hash=467c8669cc5410b327389dde5a32accff1dbb605e7fc207df59843626d139b39
ROUND fedrad round=132 clients=[35, 70, 59, 49, 36, 91, 82, 50, 26, 72] diagnostic_accuracy=51.6400% Gamma=0.000000 gate_passed=True fallback=functional_recovery_hungarian global_hash=04b5685ec88bce43df0b6a3efae9e90711600a21a82100a1c0edc4d2302086e8
ROUND fedrad round=133 clients=[22, 83, 75, 29, 66, 48, 12, 10, 86, 1] diagnostic_accuracy=63.3200% Gamma=0.000000 gate_passed=True fallback=functional_recovery_hungarian global_hash=dcafb18c1e9b857603ca699f242e047f0e51cc853631a8ce925e492d0d0c6962
ROUND fedrad round=134 clients=[76, 33, 40, 59, 65, 63, 73, 36, 99, 82] diagnostic_accuracy=68.8900% Gamma=0.000000 gate_passed=True fallback=functional_recovery_hungarian global_hash=e531c32585f0fe666564a712cd4bf9d5a98567a73c7c59d94a881ff709686e78
ROUND fedrad round=135 clients=[85, 88, 54, 40, 70, 67, 86, 38, 58, 42] diagnostic_accuracy=72.9200% Gamma=0.000000 gate_passed=True fallback=functional_recovery_hungarian global_hash=793884071ede792126ad0ca53ded7582ab03cb5098aed544153a1eedb14676d1
ROUND fedrad round=136 clients=[89, 56, 12, 90, 94, 86, 19, 78, 92, 59] diagnostic_accuracy=70.2100% Gamma=0.000000 gate_passed=True fallback=functional_recovery_hungarian global_hash=e1f9dfcdc3feb269471bd478cad8d866dac8cd6456e1b6584dac18c14efd8732
ROUND fedrad round=137 clients=[7, 94, 69, 44, 50, 26, 75, 24, 33, 18] diagnostic_accuracy=62.8500% Gamma=0.000000 gate_passed=True fallback=functional_recovery_hungarian global_hash=2db6ff2fac7ea10843d278da1c8371369195edc7a55e0ac3647e89aa2800548f
ROUND fedrad round=138 clients=[89, 75, 84, 93, 35, 71, 19, 63, 59, 94] diagnostic_accuracy=61.9000% Gamma=0.000000 gate_passed=True fallback=functional_recovery_hungarian global_hash=63c9751fd86e0d8e6421608a21ae4daceddcb87b668372b01d2776fe247dd7ef
ROUND fedrad round=139 clients=[54, 66, 17, 43, 53, 40, 76, 1, 4, 81] diagnostic_accuracy=69.6100% Gamma=0.000000 gate_passed=True fallback=functional_recovery_hungarian global_hash=85500a6ee3cfa2ffd9b868990ea0cd85641d59e4de0cb5e8b5a5ed1d9cf80bc6
ROUND fedrad round=140 clients=[52, 51, 97, 7, 41, 61, 29, 88, 49, 26] diagnostic_accuracy=67.9600% Gamma=0.000000 gate_passed=True fallback=functional_recovery_hungarian global_hash=398af6a1fee25161ae53240582bc9327de37f0d4e69ba3967aa44f360cdd17ec
ROUND fedrad round=141 clients=[21, 47, 20, 59, 85, 2, 99, 70, 54, 50] diagnostic_accuracy=65.4700% Gamma=0.000000 gate_passed=True fallback=functional_recovery_hungarian global_hash=92df580c22f9bb452c946d9a37e76578daa2225e3f0a58a57ffb2e4e7a7e8ce8
ROUND fedrad round=142 clients=[65, 98, 79, 6, 58, 92, 19, 37, 33, 75] diagnostic_accuracy=67.5100% Gamma=0.000000 gate_passed=True fallback=functional_recovery_hungarian global_hash=679a44c0d72c8c6a4f6cee34360f5f69da7c14586b9762fa052044b9c8727a9f
ROUND fedrad round=143 clients=[44, 84, 56, 0, 69, 15, 66, 78, 42, 95] diagnostic_accuracy=60.1300% Gamma=0.000000 gate_passed=True fallback=functional_recovery_hungarian global_hash=d7c56ce31f8b00f337be02148b6deab6613a102947463e2d5135462157e4b651
ROUND fedrad round=144 clients=[36, 20, 53, 26, 80, 67, 25, 37, 39, 10] diagnostic_accuracy=49.8300% Gamma=0.000000 gate_passed=True fallback=functional_recovery_hungarian global_hash=dbb5e528d4431b6855a67eccac0dedad41cace5e5d3a9525e95eab521e57081d
ROUND fedrad round=145 clients=[54, 62, 65, 69, 82, 46, 64, 70, 59, 11] diagnostic_accuracy=68.5600% Gamma=0.000000 gate_passed=True fallback=functional_recovery_hungarian global_hash=ee9b5d0ed0a55bac08091ee90abb583ea841d033c20ef2e9f78fae9f8c671dc9
ROUND fedrad round=146 clients=[78, 89, 64, 25, 85, 9, 57, 41, 97, 45] diagnostic_accuracy=66.5000% Gamma=0.000000 gate_passed=True fallback=functional_recovery_hungarian global_hash=6c82acb1aa8ab2cb52ad16b3af0cf67f79029ecfdbdf0c76b79bd4128d397d99
ROUND fedrad round=147 clients=[32, 8, 70, 41, 12, 19, 88, 20, 98, 33] diagnostic_accuracy=57.9900% Gamma=0.000000 gate_passed=True fallback=functional_recovery_hungarian global_hash=023a16ff1f4d56822f2e0ccff0f95afff8115e5240157404ab66e43c00a1f62c
ROUND fedrad round=148 clients=[50, 29, 81, 33, 44, 69, 2, 68, 93, 85] diagnostic_accuracy=68.8300% Gamma=0.000000 gate_passed=True fallback=functional_recovery_hungarian global_hash=0e5c34987c776e80840e8bb7bf24e55964cf10e9771bbf3dc2eafc538fdc7d12
ROUND fedrad round=149 clients=[5, 84, 70, 73, 31, 62, 69, 13, 86, 74] diagnostic_accuracy=44.1400% Gamma=0.000000 gate_passed=True fallback=functional_recovery_hungarian global_hash=8f3d7d0549169c8b6d9f3150713fee94ae7c98c071641f9572cf294e1b892ec4
ROUND fedrad round=150 clients=[69, 9, 41, 83, 76, 63, 34, 67, 36, 87] diagnostic_accuracy=66.7100% Gamma=0.000000 gate_passed=True fallback=functional_recovery_hungarian global_hash=8ad671e0597bd7b99bdf565cfc7ab5a6c2d01fc6f5e221c96bf123ad67cff036
ROUND fedrad round=151 clients=[40, 77, 95, 52, 25, 38, 46, 47, 93, 88] diagnostic_accuracy=61.7500% Gamma=0.000000 gate_passed=True fallback=functional_recovery_hungarian global_hash=9b993f8b4552c877a315d9cbf730398397f9e49489c2f629f6e9f5a365401c4f
ROUND fedrad round=152 clients=[14, 22, 87, 6, 15, 36, 37, 44, 48, 38] diagnostic_accuracy=65.1200% Gamma=0.000000 gate_passed=True fallback=functional_recovery_hungarian global_hash=4fe39fa9a0a59e0efad5ed300853761071da3ebb8f0b5f46b24e811ebcfeb311
ROUND fedrad round=153 clients=[14, 66, 74, 62, 49, 45, 18, 79, 15, 68] diagnostic_accuracy=70.6500% Gamma=0.000000 gate_passed=True fallback=functional_recovery_hungarian global_hash=128b5e74abd6d82fce0c28e2899171d273095caf1b929de6b3549f1a0353115b
ROUND fedrad round=154 clients=[92, 32, 77, 87, 27, 13, 14, 47, 22, 73] diagnostic_accuracy=67.7400% Gamma=0.000000 gate_passed=True fallback=functional_recovery_hungarian global_hash=2e8f67d840d268db84a48be0ecc12bd2c0f8c1936dba6ce8cd2cc5a249d54a82
ROUND fedrad round=155 clients=[60, 31, 44, 3, 84, 25, 98, 73, 52, 82] diagnostic_accuracy=57.3100% Gamma=0.000000 gate_passed=True fallback=functional_recovery_hungarian global_hash=91ef7568a0a122293fb61b4a72a04457902c2d4ef761e8de70616f292bccb63b
ROUND fedrad round=156 clients=[66, 38, 74, 49, 46, 45, 12, 0, 81, 23] diagnostic_accuracy=65.2600% Gamma=0.000000 gate_passed=True fallback=functional_recovery_hungarian global_hash=84c8bc3fdf1e20fb7bf0c41c1929b83f647a387fb022e457006c66ad237b189b
ROUND fedrad round=157 clients=[6, 14, 56, 8, 37, 71, 68, 53, 88, 65] diagnostic_accuracy=68.6500% Gamma=0.000000 gate_passed=True fallback=functional_recovery_hungarian global_hash=6d92b03f90f86b4b19276f85ecf01a4ef903a392ce0abf3fbc2ffd82ee5d2990
ROUND fedrad round=158 clients=[76, 40, 68, 38, 91, 92, 18, 11, 69, 94] diagnostic_accuracy=71.3300% Gamma=0.000000 gate_passed=True fallback=functional_recovery_hungarian global_hash=4170e140725217f0415e4c881fb2cfde16b1b608fa203871103d6d88d1275e5c
ROUND fedrad round=159 clients=[0, 23, 91, 83, 98, 64, 90, 32, 84, 36] diagnostic_accuracy=62.5200% Gamma=0.000000 gate_passed=True fallback=functional_recovery_hungarian global_hash=b0504e127f42b0175c0b394e40fef42f25e08c7656be5196b6d6d9470a148cc5
ROUND fedrad round=160 clients=[15, 9, 95, 71, 80, 49, 39, 81, 30, 8] diagnostic_accuracy=69.9600% Gamma=0.000000 gate_passed=True fallback=functional_recovery_hungarian global_hash=3f63122b3b74aaeae8d4eed7dcd0de43459218a4b4be81bbeab65d9291377bda
ROUND fedrad round=161 clients=[29, 87, 67, 36, 35, 96, 15, 61, 24, 62] diagnostic_accuracy=62.5300% Gamma=0.000000 gate_passed=True fallback=functional_recovery_hungarian global_hash=fed4a0c847df5201378e53f01c5a782fb709491fe294fee6c40f40a471ef51d8
ROUND fedrad round=162 clients=[13, 58, 87, 52, 50, 60, 3, 19, 35, 0] diagnostic_accuracy=65.6800% Gamma=0.000000 gate_passed=True fallback=functional_recovery_hungarian global_hash=47627b14c583ee0b81e2da4492b1bb8e4f3bf523e30e550f1132bd9bed214708
ROUND fedrad round=163 clients=[55, 46, 66, 67, 73, 12, 51, 1, 57, 90] diagnostic_accuracy=70.1600% Gamma=0.000000 gate_passed=True fallback=functional_recovery_hungarian global_hash=44263ba3902bb936baba143f418205f073e4d418bda858ef7ac89767d844873a
ROUND fedrad round=164 clients=[40, 72, 92, 86, 89, 90, 16, 98, 73, 58] diagnostic_accuracy=73.3300% Gamma=0.000000 gate_passed=True fallback=functional_recovery_hungarian global_hash=b1e95e5aefc938121f5b52db22a5b9f2671127fe62e3cf25a759fdd6d8e72095
ROUND fedrad round=165 clients=[0, 58, 47, 44, 94, 66, 4, 7, 27, 2] diagnostic_accuracy=68.8600% Gamma=0.000000 gate_passed=True fallback=functional_recovery_hungarian global_hash=9176951ed7cfbe104db8370c73285a280e2fec726e42ac4ec217089e2b2b222f
ROUND fedrad round=166 clients=[58, 87, 14, 78, 40, 83, 73, 18, 52, 31] diagnostic_accuracy=66.1300% Gamma=0.000000 gate_passed=True fallback=functional_recovery_hungarian global_hash=8d36f76ab55a7f5dc8438bad8521a35e9a336770f36fe9e55f91d87df052fc56
ROUND fedrad round=167 clients=[99, 22, 62, 86, 5, 20, 9, 51, 7, 54] diagnostic_accuracy=70.2900% Gamma=0.000000 gate_passed=True fallback=functional_recovery_hungarian global_hash=7aa4396c73a5bc247a0e3880206e34970450e2f230c1e80c3ad0b0c2703be111
ROUND fedrad round=168 clients=[97, 37, 42, 7, 22, 5, 24, 56, 69, 12] diagnostic_accuracy=68.6600% Gamma=0.000000 gate_passed=True fallback=functional_recovery_hungarian global_hash=baac9a4f45a3b61540e0301d1d14923b2ce8d640fc51517ca4876d540fa0f83b
ROUND fedrad round=169 clients=[96, 22, 76, 44, 59, 78, 12, 68, 94, 87] diagnostic_accuracy=68.8000% Gamma=0.000000 gate_passed=True fallback=functional_recovery_hungarian global_hash=e723d7e850da84e54372cd94a6a8a8d95f1b37fc676f00762a3c36028acaea8c
ROUND fedrad round=170 clients=[45, 7, 65, 19, 95, 16, 35, 23, 83, 88] diagnostic_accuracy=68.9100% Gamma=0.000000 gate_passed=True fallback=functional_recovery_hungarian global_hash=ae239083d4a4ffd8aee3751ecf5ee03fdf01f9996f088e1fc1bb5b566bc30bf7
ROUND fedrad round=171 clients=[12, 91, 4, 90, 47, 66, 33, 9, 61, 84] diagnostic_accuracy=69.0900% Gamma=0.000000 gate_passed=True fallback=functional_recovery_hungarian global_hash=7a4a181f319fa863c08320b0bc1dcb5038cc79cdbcde86e0c2fc18aff84e735f
ROUND fedrad round=172 clients=[46, 60, 83, 2, 37, 70, 93, 29, 3, 43] diagnostic_accuracy=59.4000% Gamma=0.000000 gate_passed=True fallback=functional_recovery_hungarian global_hash=79a2fdae7ae8ff5f0752eee190c3af717fd348f97310ed2da259e26dc0b6e9b9
ROUND fedrad round=173 clients=[27, 45, 49, 4, 31, 62, 9, 95, 69, 72] diagnostic_accuracy=68.5200% Gamma=0.000000 gate_passed=True fallback=functional_recovery_hungarian global_hash=11497d67fe77b2fe7e592ab589009f63b47263eb69fd9ac844c06d3725fa39f2
ROUND fedrad round=174 clients=[27, 28, 1, 92, 55, 48, 74, 7, 99, 62] diagnostic_accuracy=67.6900% Gamma=0.000000 gate_passed=True fallback=functional_recovery_hungarian global_hash=ef097d1783f8b161c7b6beec0885d5751bf0675926ff75523de928754df1dd89
ROUND fedrad round=175 clients=[24, 0, 9, 11, 31, 45, 58, 35, 69, 21] diagnostic_accuracy=73.6900% Gamma=0.000000 gate_passed=True fallback=functional_recovery_hungarian global_hash=cbbd63e48e2c08bf4412f539c281905ab703cb5a53da6f6cf10f5543278ca05e
ROUND fedrad round=176 clients=[42, 98, 67, 21, 24, 81, 20, 75, 29, 36] diagnostic_accuracy=67.8700% Gamma=0.000000 gate_passed=True fallback=functional_recovery_hungarian global_hash=5bdebdb03c30ad08839ab391e23fbe31f8c6d1e65db99ef27c0e8465c858bb61
ROUND fedrad round=177 clients=[49, 75, 33, 60, 42, 64, 69, 11, 47, 70] diagnostic_accuracy=62.9800% Gamma=0.000000 gate_passed=True fallback=functional_recovery_hungarian global_hash=7d69f5f2d2e945d5483c432d91f411f16778c3e2e0cbcf60bd3291380b14a937
ROUND fedrad round=178 clients=[96, 60, 16, 70, 73, 40, 11, 24, 87, 93] diagnostic_accuracy=65.2000% Gamma=0.000000 gate_passed=True fallback=functional_recovery_hungarian global_hash=4dc2940e840bc18e45b95929480547da788a77f62315a37ac099fb41c718ed8a
ROUND fedrad round=179 clients=[37, 16, 85, 31, 69, 36, 54, 25, 32, 38] diagnostic_accuracy=66.6600% Gamma=0.000000 gate_passed=True fallback=functional_recovery_hungarian global_hash=bf50500a415bc7e8f51d9736b3fc4723aa63c2e96123f41a864785ae6a96bf78
ROUND fedrad round=180 clients=[80, 92, 61, 76, 19, 28, 7, 73, 67, 38] diagnostic_accuracy=69.5500% Gamma=0.000000 gate_passed=True fallback=functional_recovery_hungarian global_hash=6ff30e39cf239698c849cf2f4f04ecf55ffdd34d4d53c313a5ed50d2165bc494
ROUND fedrad round=181 clients=[78, 26, 35, 44, 29, 85, 64, 66, 97, 21] diagnostic_accuracy=65.6800% Gamma=0.000000 gate_passed=True fallback=functional_recovery_hungarian global_hash=74f5305377ae1e6fd0e098f24464bd5c18f8659cac11f52841b4be14d2007aa0
ROUND fedrad round=182 clients=[78, 73, 10, 52, 54, 24, 44, 70, 99, 90] diagnostic_accuracy=66.1100% Gamma=0.000000 gate_passed=True fallback=functional_recovery_hungarian global_hash=6c8b266b28fec7a35aa379d3f4283e5612341cadd2dcb984e8e122ea0535c7a9
ROUND fedrad round=183 clients=[96, 38, 1, 4, 36, 19, 77, 52, 41, 49] diagnostic_accuracy=70.6300% Gamma=0.000000 gate_passed=True fallback=functional_recovery_hungarian global_hash=7604a4a976ac43272df5d80c2c6ece280dd31876dfeb714ea296fdeb0cb3efbe
ROUND fedrad round=184 clients=[87, 55, 49, 7, 51, 67, 40, 21, 34, 0] diagnostic_accuracy=72.3100% Gamma=0.000000 gate_passed=True fallback=functional_recovery_hungarian global_hash=0d613976e72849f3f2c7aafd0d25ab59d41ef571a28909fe0cb26d00d82d2101
ROUND fedrad round=185 clients=[74, 63, 39, 14, 96, 82, 21, 45, 88, 13] diagnostic_accuracy=66.3700% Gamma=0.000000 gate_passed=True fallback=functional_recovery_hungarian global_hash=09817335af9a0c46f8c39d5634f1d1fa194520b8daccfb8e893d151ef687a284
ROUND fedrad round=186 clients=[1, 26, 23, 59, 22, 57, 27, 60, 18, 69] diagnostic_accuracy=66.0800% Gamma=0.000000 gate_passed=True fallback=functional_recovery_hungarian global_hash=cc31d8b8a05ebc5f9ed0dbc40dcf561dcb885fe8ca1d087566bfc6fb0f8578fc
ROUND fedrad round=187 clients=[34, 87, 43, 64, 27, 92, 78, 55, 68, 7] diagnostic_accuracy=68.2800% Gamma=0.000000 gate_passed=True fallback=functional_recovery_hungarian global_hash=f22ec74796c7963af4b3bf5bee05898c26c98e0802f1f7df264f7754c7f90fad
ROUND fedrad round=188 clients=[67, 20, 34, 69, 85, 14, 86, 81, 36, 76] diagnostic_accuracy=73.3700% Gamma=0.000000 gate_passed=True fallback=functional_recovery_hungarian global_hash=8ea8171be82a6f6c1aa409c822d174762f9969b859723217323cc26ed41ee3a7
ROUND fedrad round=189 clients=[57, 7, 53, 49, 74, 65, 76, 29, 78, 80] diagnostic_accuracy=72.0700% Gamma=0.000000 gate_passed=True fallback=functional_recovery_hungarian global_hash=65326ce8ea2ae06a20aa386398350eccd7180d0d0f056898c02a898909b3c00a
ROUND fedrad round=190 clients=[71, 25, 7, 77, 39, 51, 87, 5, 45, 11] diagnostic_accuracy=67.0000% Gamma=0.000000 gate_passed=True fallback=functional_recovery_hungarian global_hash=3e66928e6ecfbd35ebd1780b23f9fce7a3879726f18a0aaf697e0a550f024792
ROUND fedrad round=191 clients=[60, 21, 34, 0, 98, 92, 44, 65, 66, 3] diagnostic_accuracy=70.2400% Gamma=0.000000 gate_passed=True fallback=functional_recovery_hungarian global_hash=b119d7d5c71f54353ec9298eda5e605f4b152a1ddac55b24df42c3689fed61be
ROUND fedrad round=192 clients=[36, 59, 66, 20, 0, 16, 86, 71, 90, 56] diagnostic_accuracy=74.0100% Gamma=0.000000 gate_passed=True fallback=functional_recovery_hungarian global_hash=2fb1c8a696478c7820057b9d01e325794e34caea4059e5523cd24187a1171034
ROUND fedrad round=193 clients=[19, 22, 51, 45, 91, 26, 14, 83, 15, 67] diagnostic_accuracy=71.4900% Gamma=0.000000 gate_passed=True fallback=functional_recovery_hungarian global_hash=751b7b984a4623ce784f5dc9e53ca0a62f2398b4a503346ee22b6e5ac3217f35
ROUND fedrad round=194 clients=[62, 14, 3, 92, 78, 33, 89, 48, 70, 31] diagnostic_accuracy=66.3300% Gamma=0.000000 gate_passed=True fallback=functional_recovery_hungarian global_hash=54f850f6181b82462b8726a17e067f0beb86c1db720b15da772f3da51a69814d
ROUND fedrad round=195 clients=[37, 10, 88, 63, 53, 68, 2, 52, 26, 59] diagnostic_accuracy=67.3400% Gamma=0.000000 gate_passed=True fallback=functional_recovery_hungarian global_hash=aaf177ab7d1fce1fda1592c27b1391766cceabb31366d7ded4aee649f898b6cf
ROUND fedrad round=196 clients=[59, 71, 85, 49, 20, 10, 3, 86, 88, 33] diagnostic_accuracy=58.8100% Gamma=0.000000 gate_passed=True fallback=functional_recovery_hungarian global_hash=325494e7e30dfe1bb6e6b4030bdec9942a24621e8c1b2e9ee1a7d013acd08bce
ROUND fedrad round=197 clients=[9, 0, 18, 66, 44, 17, 92, 95, 64, 96] diagnostic_accuracy=69.7300% Gamma=0.000000 gate_passed=True fallback=functional_recovery_hungarian global_hash=ad1fb53694a7292f27385a4cbd7403d133c2802b6fee2360a812837a88e3a7cd
ROUND fedrad round=198 clients=[70, 58, 24, 57, 32, 19, 43, 65, 5, 88] diagnostic_accuracy=61.8500% Gamma=0.000000 gate_passed=True fallback=functional_recovery_hungarian global_hash=474a3dc36f69703aaf0c832a6d96a81d249baff7e154dc10a7b211e4678715c7
ROUND fedrad round=199 clients=[61, 75, 68, 2, 6, 26, 1, 56, 78, 74] diagnostic_accuracy=68.5600% Gamma=0.000000 gate_passed=True fallback=functional_recovery_hungarian global_hash=3f061fb9b8f7cffdb584620c441252f5cdc064ff1cc24d9a3da8ef7bbaf4af46
ROUND fedrad round=200 clients=[8, 57, 22, 90, 46, 9, 56, 99, 89, 4] diagnostic_accuracy=70.9400% Gamma=0.000000 gate_passed=True fallback=functional_recovery_hungarian global_hash=63c0c63be37556e7a61d4e44095302b34c5e970b4b1d9fed4c1b4856aa166f73
FINAL_STATE_HASH 63c0c63be37556e7a61d4e44095302b34c5e970b4b1d9fed4c1b4856aa166f73
