Run directory: C:\Users\admin\Desktop\need_do\new_paper_four\FedPhoenix-new\results\query_mode_functional_recovery_2of64\20260908_085550\train_train\functional_recovery_seed1_20260908_085555_430935_m2_steps5_train_train_seed1_200r
Partition fingerprint: f8fcaa0f17c5d2078c5d24ece11b3f8cfcb82553733fb972155b7452d87a8fd0; device=cuda:0
ROUND fedrad round=1 clients=[80, 84, 33, 81, 93, 17, 36, 82, 69, 65] diagnostic_accuracy=10.0000% Gamma=0.000000 gate_passed=True fallback=functional_recovery_hungarian global_hash=7a3a8ca746a1c67396f8a4f60d1dfdeaa9f3c272fa1ff3d6f535933da30455d5
ROUND fedrad round=2 clients=[44, 96, 1, 35, 26, 11, 38, 82, 87, 3] diagnostic_accuracy=14.9000% Gamma=0.000000 gate_passed=True fallback=functional_recovery_hungarian global_hash=461a08f75c428b4cf1b34613ef7befa656a1e177e0b7784e98723cdc3a3fac85
ROUND fedrad round=3 clients=[95, 67, 96, 71, 1, 80, 99, 45, 52, 27] diagnostic_accuracy=17.5900% Gamma=0.000000 gate_passed=True fallback=functional_recovery_hungarian global_hash=63061ef0743d26930f984bb2663d3b51756e580f4e9824c7d71acc5d75fc69ad
ROUND fedrad round=4 clients=[40, 10, 96, 66, 89, 32, 95, 55, 25, 5] diagnostic_accuracy=14.5800% Gamma=0.000000 gate_passed=True fallback=functional_recovery_hungarian global_hash=a024e988970165f988a4e70cc10765d7c87efabb64efc16e193336aef947eca8
ROUND fedrad round=5 clients=[89, 99, 45, 96, 72, 9, 74, 88, 1, 38] diagnostic_accuracy=20.2200% Gamma=0.000000 gate_passed=True fallback=functional_recovery_hungarian global_hash=7942e87d552407dec9bbdefc910b10f1ad9caa53bba5b4b6084d5a7f4323059f
ROUND fedrad round=6 clients=[0, 86, 4, 23, 24, 1, 62, 83, 66, 93] diagnostic_accuracy=21.1100% Gamma=0.000000 gate_passed=True fallback=functional_recovery_hungarian global_hash=424979847b27e57c8618a3fd11923addc31297fbcd25352b1e76be3ef5c803ee
ROUND fedrad round=7 clients=[6, 59, 72, 30, 91, 43, 75, 76, 15, 61] diagnostic_accuracy=24.9000% Gamma=0.000000 gate_passed=True fallback=functional_recovery_hungarian global_hash=8d1095c37d6399939971617632aa2f6a4943fee86826a6c38572c45d0a5f919b
ROUND fedrad round=8 clients=[44, 88, 74, 48, 59, 79, 25, 52, 45, 55] diagnostic_accuracy=20.8000% Gamma=0.000000 gate_passed=True fallback=functional_recovery_hungarian global_hash=ee88d08f09e6478884c5d26589ac0622f241ebcee7ca4909f2b537affa04e59b
ROUND fedrad round=9 clients=[3, 60, 35, 33, 22, 66, 45, 68, 67, 75] diagnostic_accuracy=27.0200% Gamma=0.000000 gate_passed=True fallback=functional_recovery_hungarian global_hash=e0ad52f773c6d555c1d0bf9ba66874446f21024625fe409ec8e343bdf0a2e98c
ROUND fedrad round=10 clients=[64, 91, 12, 52, 16, 65, 50, 68, 33, 30] diagnostic_accuracy=27.0200% Gamma=0.000000 gate_passed=True fallback=functional_recovery_hungarian global_hash=6923f2bdf7a39756b530978418f0e4a5001ace45ad668ad5e64ac20a19f5461d
ROUND fedrad round=11 clients=[54, 27, 23, 37, 75, 33, 41, 46, 52, 24] diagnostic_accuracy=24.4000% Gamma=0.000000 gate_passed=True fallback=functional_recovery_hungarian global_hash=902ff5cd19e272678c6daa2fa99a49828966bf57814332e4e89f8b92d758f8fc
ROUND fedrad round=12 clients=[54, 45, 28, 44, 15, 1, 93, 12, 88, 40] diagnostic_accuracy=25.8700% Gamma=0.000000 gate_passed=True fallback=functional_recovery_hungarian global_hash=d2722c0b1a711a81d0e4fa6e50ad2c18eae1dd27f419d882e9277921e3dc789b
ROUND fedrad round=13 clients=[70, 75, 5, 68, 36, 79, 72, 78, 57, 44] diagnostic_accuracy=27.9200% Gamma=0.000000 gate_passed=True fallback=functional_recovery_hungarian global_hash=debd9ad5cd98ccd1531ed1e084fcdbce6865c885ff42b17fc31c1ed1e2ea6592
ROUND fedrad round=14 clients=[41, 9, 30, 89, 40, 49, 3, 22, 8, 16] diagnostic_accuracy=32.1200% Gamma=0.000000 gate_passed=True fallback=functional_recovery_hungarian global_hash=07c5f8eb5737f23a6624e780e1c54b2bf247530a14f8f36f30586c5b5f33eb14
ROUND fedrad round=15 clients=[82, 28, 69, 81, 56, 71, 85, 27, 37, 66] diagnostic_accuracy=27.7800% Gamma=0.000000 gate_passed=True fallback=functional_recovery_hungarian global_hash=889a35440b102c1f58e70ac2fbf80868d12d5993bb35b4c567dbf816b43bf5e6
ROUND fedrad round=16 clients=[60, 13, 26, 12, 1, 28, 88, 86, 11, 43] diagnostic_accuracy=31.2200% Gamma=0.000000 gate_passed=True fallback=functional_recovery_hungarian global_hash=3d855beacecad5b5c71174dc930896fca0277be4649e4c3fc490fc6fd2d4f146
ROUND fedrad round=17 clients=[93, 16, 72, 75, 10, 4, 38, 71, 42, 62] diagnostic_accuracy=30.4000% Gamma=0.000000 gate_passed=True fallback=functional_recovery_hungarian global_hash=b9b86824ed9aae7b0e5148f68b44bdb24cc39f5c91b9c7e3adb689ce93be3eca
ROUND fedrad round=18 clients=[36, 47, 1, 64, 57, 97, 29, 6, 67, 92] diagnostic_accuracy=32.2900% Gamma=0.000000 gate_passed=True fallback=functional_recovery_hungarian global_hash=29b764a583edcdc68e5d3d24c2148816fcb9234a7ee52cc1ba85436b28d2983d
ROUND fedrad round=19 clients=[48, 87, 17, 57, 22, 81, 4, 51, 94, 63] diagnostic_accuracy=32.3600% Gamma=0.000000 gate_passed=True fallback=functional_recovery_hungarian global_hash=8c9f45db2b4fb706260c24f3c53354ba798f7ba89c5ef9d793030378f0a2c4a9
ROUND fedrad round=20 clients=[9, 17, 59, 11, 2, 95, 68, 28, 60, 14] diagnostic_accuracy=32.9100% Gamma=0.000000 gate_passed=True fallback=functional_recovery_hungarian global_hash=3c8e9a554efd6aee6d5abe3756872b7c8e24c2755bb59fa618a6355d14a83703
ROUND fedrad round=21 clients=[26, 25, 15, 93, 45, 54, 68, 90, 76, 10] diagnostic_accuracy=27.1400% Gamma=0.000000 gate_passed=True fallback=functional_recovery_hungarian global_hash=f227b70d42edbc26741fa875ab136dcceb294992a54e99f7090470dfba88c93b
ROUND fedrad round=22 clients=[84, 74, 93, 1, 48, 44, 29, 26, 94, 75] diagnostic_accuracy=31.1500% Gamma=0.000000 gate_passed=True fallback=functional_recovery_hungarian global_hash=e156c207101b4ff51c0ff6ffb1e4fc0a59b767ed654125fea5af12ae0c0cf17a
ROUND fedrad round=23 clients=[71, 58, 50, 22, 59, 84, 10, 70, 43, 67] diagnostic_accuracy=31.3500% Gamma=0.000000 gate_passed=True fallback=functional_recovery_hungarian global_hash=9b5b4c092c39f1120232d1664a0d1f037e7d1daed23147aa672add19646ed586
ROUND fedrad round=24 clients=[70, 54, 33, 75, 31, 58, 17, 6, 3, 51] diagnostic_accuracy=32.9400% Gamma=0.000000 gate_passed=True fallback=functional_recovery_hungarian global_hash=015efbeef9a3c0b69f91e7f0e17245e9f123c7c998265aa3508a3aedd7dc79d2
ROUND fedrad round=25 clients=[42, 87, 33, 36, 30, 84, 78, 98, 71, 75] diagnostic_accuracy=19.2500% Gamma=0.000000 gate_passed=True fallback=functional_recovery_hungarian global_hash=e9d43c9b62b71be57965c94a5d095a32c2a55a1e11d3d26781cbe31a92d11414
ROUND fedrad round=26 clients=[41, 47, 34, 10, 51, 11, 50, 16, 86, 64] diagnostic_accuracy=38.8700% Gamma=0.000000 gate_passed=True fallback=functional_recovery_hungarian global_hash=283bada0ffeaa2a73612b558f9e23d0d53dda059b6c50b119bd8b7b78367e9f7
ROUND fedrad round=27 clients=[58, 82, 63, 50, 98, 84, 4, 46, 65, 88] diagnostic_accuracy=33.7600% Gamma=0.000000 gate_passed=True fallback=functional_recovery_hungarian global_hash=92a444bffd60dfe606340c7c1a8d9120fc03af013bf11f41e98db46cbc96c9b0
ROUND fedrad round=28 clients=[99, 88, 69, 16, 46, 29, 90, 91, 4, 45] diagnostic_accuracy=39.3900% Gamma=0.000000 gate_passed=True fallback=functional_recovery_hungarian global_hash=c103e8bc77ce8b0fd54651ce710620c026f5222a9cc57903f6743e150251ca05
ROUND fedrad round=29 clients=[80, 73, 28, 34, 1, 10, 13, 65, 5, 49] diagnostic_accuracy=38.8000% Gamma=0.000000 gate_passed=True fallback=functional_recovery_hungarian global_hash=78a730f49fae27dd9b7c8fc8afecc109558f36b2a46af7b00c6652fa834bac31
ROUND fedrad round=30 clients=[62, 41, 74, 11, 99, 8, 75, 26, 81, 85] diagnostic_accuracy=35.7500% Gamma=0.000000 gate_passed=True fallback=functional_recovery_hungarian global_hash=b0fd173a8a57573e1398b07499ff655297132770d129ebf689c51c43ce3da2a7
ROUND fedrad round=31 clients=[96, 81, 77, 83, 14, 50, 13, 67, 53, 91] diagnostic_accuracy=48.8100% Gamma=0.000000 gate_passed=True fallback=functional_recovery_hungarian global_hash=b82e816b62365a1f217a39466c3575fe9c941ed4059e271405cda5e73aabc9d9
ROUND fedrad round=32 clients=[40, 73, 70, 3, 6, 94, 1, 25, 20, 10] diagnostic_accuracy=37.5100% Gamma=0.000000 gate_passed=True fallback=functional_recovery_hungarian global_hash=006201e416472cd246377a8621f0396da30393d20d2b7d7131f928a876c85651
ROUND fedrad round=33 clients=[45, 16, 51, 88, 17, 78, 36, 44, 21, 62] diagnostic_accuracy=41.3900% Gamma=0.000000 gate_passed=True fallback=functional_recovery_hungarian global_hash=586e260bb37560e5cda5f3f235102b4cbeddf03f7feecb4edbee7e382848a1d7
ROUND fedrad round=34 clients=[92, 43, 97, 61, 58, 67, 1, 98, 30, 75] diagnostic_accuracy=42.7300% Gamma=0.000000 gate_passed=True fallback=functional_recovery_hungarian global_hash=415080176a22aad241da38840a54c584991efee0e9b5e0b769c67b11f96d45b6
ROUND fedrad round=35 clients=[31, 89, 17, 66, 92, 23, 96, 9, 35, 20] diagnostic_accuracy=41.6300% Gamma=0.000000 gate_passed=True fallback=functional_recovery_hungarian global_hash=e40311152302b9234d29e76584c9c92f24d56eb64b591c0fa65b6e9b182d22ef
ROUND fedrad round=36 clients=[72, 68, 65, 28, 23, 85, 16, 60, 73, 78] diagnostic_accuracy=46.8200% Gamma=0.000000 gate_passed=True fallback=functional_recovery_hungarian global_hash=a6b17b2d32789f883c23ed0cfa8bd24aa9fb628a30ca3467411deedd8390ae42
ROUND fedrad round=37 clients=[66, 49, 62, 9, 84, 68, 74, 3, 44, 71] diagnostic_accuracy=30.3500% Gamma=0.000000 gate_passed=True fallback=functional_recovery_hungarian global_hash=0d3a604b7b8bef8e8944ea7a134e4e3e5d8bdffd322a3bc64c95b48bcec845b0
ROUND fedrad round=38 clients=[50, 73, 27, 38, 8, 53, 21, 14, 28, 64] diagnostic_accuracy=46.9600% Gamma=0.000000 gate_passed=True fallback=functional_recovery_hungarian global_hash=b80ca4e042a37e0b305a41e58e638c99aa6d34f8dffaccb65a7f357efce6c0f2
ROUND fedrad round=39 clients=[48, 87, 40, 59, 3, 10, 75, 35, 49, 89] diagnostic_accuracy=45.1100% Gamma=0.000000 gate_passed=True fallback=functional_recovery_hungarian global_hash=dd06bcdda48bbd3bc62561b7c3497b449a488c662827b0095f51298dcb62a9ea
ROUND fedrad round=40 clients=[83, 93, 34, 60, 90, 45, 42, 41, 91, 36] diagnostic_accuracy=48.8600% Gamma=0.000000 gate_passed=True fallback=functional_recovery_hungarian global_hash=440c4444801706a06fafd32f0b979dfcbb8bd156de451157cd141c682f44ce22
ROUND fedrad round=41 clients=[75, 52, 20, 80, 90, 93, 4, 51, 13, 98] diagnostic_accuracy=40.7700% Gamma=0.000000 gate_passed=True fallback=functional_recovery_hungarian global_hash=f3df677c0bc2bb9932a824c4fd47848b177d4677cc89e765e03bc31709b7bf29
ROUND fedrad round=42 clients=[98, 79, 17, 10, 3, 12, 29, 26, 54, 58] diagnostic_accuracy=30.3900% Gamma=0.000000 gate_passed=True fallback=functional_recovery_hungarian global_hash=143aa5933d67bb44a9bbacb04c695ee748beebe12fc54b53685ab26b850edded
ROUND fedrad round=43 clients=[32, 15, 47, 9, 7, 16, 24, 57, 71, 28] diagnostic_accuracy=42.3800% Gamma=0.000000 gate_passed=True fallback=functional_recovery_hungarian global_hash=9d6a96a899ddd16a7458f9764aa9708708c5a4f1ac3440e4e388e74162c59932
ROUND fedrad round=44 clients=[76, 67, 81, 35, 44, 49, 32, 99, 69, 51] diagnostic_accuracy=47.5600% Gamma=0.000000 gate_passed=True fallback=functional_recovery_hungarian global_hash=7df7ba1fa31d518ae8a35c91a87a20717b7ef2bc3477ae8cf7207e1e9146daf2
ROUND fedrad round=45 clients=[42, 4, 95, 71, 84, 22, 61, 5, 10, 28] diagnostic_accuracy=44.2700% Gamma=0.000000 gate_passed=True fallback=functional_recovery_hungarian global_hash=7579edf21881897a7cc0a5ab3aeb577aed107cd9ce09196e2374a835f327bd78
ROUND fedrad round=46 clients=[61, 52, 80, 26, 37, 44, 85, 1, 99, 55] diagnostic_accuracy=53.2600% Gamma=0.000000 gate_passed=True fallback=functional_recovery_hungarian global_hash=ff12d21ddbcba43005c40378ea2cf0d7089e79473da2d4093eac9e2c3f4b236d
ROUND fedrad round=47 clients=[23, 10, 75, 28, 19, 22, 43, 13, 98, 85] diagnostic_accuracy=48.5500% Gamma=0.000000 gate_passed=True fallback=functional_recovery_hungarian global_hash=f2237dc7797dd4186bf01b90e9d2017f7f940da6924dc4621e3b1942861c7b60
ROUND fedrad round=48 clients=[18, 1, 96, 63, 59, 71, 88, 39, 97, 68] diagnostic_accuracy=46.9600% Gamma=0.000000 gate_passed=True fallback=functional_recovery_hungarian global_hash=e1cfa5a451083ad285142f8883187dd0b990a7ee9d55f46a7a22a6694584e158
ROUND fedrad round=49 clients=[44, 11, 93, 47, 54, 9, 81, 94, 45, 65] diagnostic_accuracy=54.1200% Gamma=0.000000 gate_passed=True fallback=functional_recovery_hungarian global_hash=d7505c8d8b6a8d0621fb1367d2b8b43b98df8a522016b6ff2996d649108616e2
ROUND fedrad round=50 clients=[48, 43, 51, 76, 99, 39, 38, 73, 89, 80] diagnostic_accuracy=47.2000% Gamma=0.000000 gate_passed=True fallback=functional_recovery_hungarian global_hash=7d30fdd9aa5fd7d8a2465da80f1bae25860110864080f2aaf7f61738467450e6
ROUND fedrad round=51 clients=[34, 16, 99, 17, 62, 58, 96, 29, 90, 30] diagnostic_accuracy=54.3400% Gamma=0.000000 gate_passed=True fallback=functional_recovery_hungarian global_hash=bbb78b8186c9edc5b060d520091343ceaad78886db9b89cc1fc45205fc278a1c
ROUND fedrad round=52 clients=[8, 59, 78, 95, 25, 35, 99, 86, 54, 64] diagnostic_accuracy=55.3200% Gamma=0.000000 gate_passed=True fallback=functional_recovery_hungarian global_hash=76efe245469b06c04b59f778a496c8a04419047c3c43aac658ac69ae74bf9fbe
ROUND fedrad round=53 clients=[87, 42, 55, 74, 37, 10, 26, 23, 57, 62] diagnostic_accuracy=48.8200% Gamma=0.000000 gate_passed=True fallback=functional_recovery_hungarian global_hash=2fc1a96e716f102c6948def2d5e4c07c6e83a33dfa5a711c632bfcadeab287e3
ROUND fedrad round=54 clients=[84, 2, 76, 48, 68, 40, 92, 8, 42, 46] diagnostic_accuracy=54.3200% Gamma=0.000000 gate_passed=True fallback=functional_recovery_hungarian global_hash=a85423d5d3f8ebe13f0c1e22e31e64eec62fb30adc2859df3d731250f2363f9e
ROUND fedrad round=55 clients=[91, 70, 16, 58, 10, 35, 31, 86, 62, 54] diagnostic_accuracy=55.6600% Gamma=0.000000 gate_passed=True fallback=functional_recovery_hungarian global_hash=dd2da11f372a5dbd82ab1bed8ef84a4f58966c21197e05d7abff3ed0d095c5d7
ROUND fedrad round=56 clients=[32, 41, 20, 75, 69, 62, 74, 38, 80, 58] diagnostic_accuracy=45.3700% Gamma=0.000000 gate_passed=True fallback=functional_recovery_hungarian global_hash=54caf8374c40bb03c89281b50aa712d3686773d789d4665c24f8d6bd85590e99
ROUND fedrad round=57 clients=[89, 0, 84, 16, 97, 67, 41, 38, 59, 60] diagnostic_accuracy=48.1200% Gamma=0.000000 gate_passed=True fallback=functional_recovery_hungarian global_hash=76e9ad44ade21e43e21692e222355db0707de6fa5bd56d534683e94afb7d9d91
ROUND fedrad round=58 clients=[59, 21, 34, 35, 95, 41, 9, 12, 47, 42] diagnostic_accuracy=51.6000% Gamma=0.000000 gate_passed=True fallback=functional_recovery_hungarian global_hash=e19908f08ac0ecf4d64ecdf207b505f69bc19628847584c34d787f3b62e53156
ROUND fedrad round=59 clients=[88, 78, 75, 43, 57, 63, 34, 79, 17, 93] diagnostic_accuracy=51.3200% Gamma=0.000000 gate_passed=True fallback=functional_recovery_hungarian global_hash=a62bbd8540957e005020fcbab93ed3af89d5a01baba240e497fc277b3f079539
ROUND fedrad round=60 clients=[76, 35, 9, 75, 32, 97, 53, 72, 27, 91] diagnostic_accuracy=50.3100% Gamma=0.000000 gate_passed=True fallback=functional_recovery_hungarian global_hash=a2bcd1d6714fa27d93df2889fbc2c28582041c88bc65c31f3fb08fd150467820
ROUND fedrad round=61 clients=[60, 14, 9, 43, 15, 68, 7, 44, 65, 89] diagnostic_accuracy=59.5200% Gamma=0.000000 gate_passed=True fallback=functional_recovery_hungarian global_hash=37b8888b5cf3e94933d2bcf640fb5cd24c3ada1f9a5c9332f4f0e128e290e7ed
ROUND fedrad round=62 clients=[56, 67, 28, 93, 30, 71, 78, 48, 25, 19] diagnostic_accuracy=57.5600% Gamma=0.000000 gate_passed=True fallback=functional_recovery_hungarian global_hash=81d63b691abade6c1c72e4fa91d23f5fb6fc3dd3d78c0ca2c0dd594b91627d67
ROUND fedrad round=63 clients=[61, 18, 63, 89, 0, 99, 42, 76, 81, 9] diagnostic_accuracy=54.9100% Gamma=0.000000 gate_passed=True fallback=functional_recovery_hungarian global_hash=79d0fb0637539518dbc2efe40bf75dd26a9bd5e89d0696054b230afcd649b8fa
ROUND fedrad round=64 clients=[14, 22, 8, 93, 29, 90, 73, 28, 57, 58] diagnostic_accuracy=58.3600% Gamma=0.000000 gate_passed=True fallback=functional_recovery_hungarian global_hash=0fae9571f59310e9ba0b6b9211d1dca84db4172073c38c338dca8d2ed9ad0abf
ROUND fedrad round=65 clients=[16, 90, 78, 23, 55, 61, 31, 0, 11, 82] diagnostic_accuracy=61.1400% Gamma=0.000000 gate_passed=True fallback=functional_recovery_hungarian global_hash=827554989a54ff73817df6528dd51a124acc034aad878aa4a3fa7182833052fc
ROUND fedrad round=66 clients=[28, 65, 16, 72, 11, 36, 19, 51, 81, 53] diagnostic_accuracy=59.0700% Gamma=0.000000 gate_passed=True fallback=functional_recovery_hungarian global_hash=5b729ebf83b1cd9fb0b6c1c6cc4a402a519669952f85ece26f9979c3b014b047
ROUND fedrad round=67 clients=[53, 63, 96, 28, 78, 90, 58, 73, 34, 4] diagnostic_accuracy=58.4800% Gamma=0.000000 gate_passed=True fallback=functional_recovery_hungarian global_hash=34b0a9905d2f440e1cbe5d25c74a73162b874e270e43184e5d400d4fd5c1045e
ROUND fedrad round=68 clients=[38, 57, 22, 41, 70, 39, 10, 5, 17, 32] diagnostic_accuracy=57.0000% Gamma=0.000000 gate_passed=True fallback=functional_recovery_hungarian global_hash=743a5a7c19698f045ea38648765bbbc05479dd89c9f2435543afd1ce01482394
ROUND fedrad round=69 clients=[60, 67, 48, 59, 46, 94, 22, 29, 53, 97] diagnostic_accuracy=60.0100% Gamma=0.000000 gate_passed=True fallback=functional_recovery_hungarian global_hash=0af00b0562f74d177cb6575e6a2a7c6681f14c36f15efe6153720a145988bf01
ROUND fedrad round=70 clients=[61, 33, 76, 48, 37, 54, 38, 13, 8, 39] diagnostic_accuracy=52.5000% Gamma=0.000000 gate_passed=True fallback=functional_recovery_hungarian global_hash=22dee32cfc7311f1fe7033d0919295511884df1be044ec612826c2755f0de2cf
ROUND fedrad round=71 clients=[31, 88, 91, 25, 50, 95, 67, 45, 80, 70] diagnostic_accuracy=56.7300% Gamma=0.000000 gate_passed=True fallback=functional_recovery_hungarian global_hash=b746a44bbc294f6e1d31d27c45916e9014e2f21eeacff5d11e4249e49235a921
ROUND fedrad round=72 clients=[3, 23, 17, 94, 61, 43, 63, 91, 37, 84] diagnostic_accuracy=45.8100% Gamma=0.000000 gate_passed=True fallback=functional_recovery_hungarian global_hash=9c2ad15044a643b5eb86d9e9dd26e0925d7779b2b0e929e9ba4a7ddd8b775c0d
ROUND fedrad round=73 clients=[11, 73, 78, 47, 45, 83, 36, 75, 91, 57] diagnostic_accuracy=58.8100% Gamma=0.000000 gate_passed=True fallback=functional_recovery_hungarian global_hash=97c02c4a595ee9f9b54ea6dfa6f7250d2774da1b508dca3ce05349e4b6a38bd0
ROUND fedrad round=74 clients=[46, 54, 66, 62, 96, 49, 24, 75, 60, 52] diagnostic_accuracy=56.8300% Gamma=0.000000 gate_passed=True fallback=functional_recovery_hungarian global_hash=d5cf04d068f816516c79ff398293861ddf3fbc3c63db69a4c01799110afb4def
ROUND fedrad round=75 clients=[75, 51, 39, 89, 14, 54, 41, 30, 24, 80] diagnostic_accuracy=55.8500% Gamma=0.000000 gate_passed=True fallback=functional_recovery_hungarian global_hash=d2fefc16abfe9b32af391f8c557f36047ca4d1f980bbf63cdf59e0f9ca51a38d
ROUND fedrad round=76 clients=[67, 90, 45, 78, 32, 86, 50, 55, 33, 60] diagnostic_accuracy=63.4200% Gamma=0.000000 gate_passed=True fallback=functional_recovery_hungarian global_hash=819d644f89e266a9d0352076d68e5c5f5e8334d1000fd450c46e39a57147d314
ROUND fedrad round=77 clients=[4, 16, 51, 33, 89, 30, 13, 77, 43, 85] diagnostic_accuracy=61.4900% Gamma=0.000000 gate_passed=True fallback=functional_recovery_hungarian global_hash=7dc0dbf700b2306cd66047d84fdd9c79055f0611fdc3da412585b86bb01aec8c
ROUND fedrad round=78 clients=[97, 76, 96, 72, 42, 17, 33, 51, 24, 36] diagnostic_accuracy=59.2500% Gamma=0.000000 gate_passed=True fallback=functional_recovery_hungarian global_hash=58f34011d444ec7a4e1126c2f8d36d0f81b0c8ab4ea36aea01487ed131ed4ec5
ROUND fedrad round=79 clients=[22, 47, 61, 27, 50, 96, 89, 97, 85, 30] diagnostic_accuracy=60.2600% Gamma=0.000000 gate_passed=True fallback=functional_recovery_hungarian global_hash=d0d3d7fb55dc2910ca1f563a69bb1517279325687b8cc94646d0772fe6b35844
ROUND fedrad round=80 clients=[44, 70, 23, 38, 74, 21, 82, 4, 88, 98] diagnostic_accuracy=55.2600% Gamma=0.000000 gate_passed=True fallback=functional_recovery_hungarian global_hash=348549cad6fe837a552b6244416b8f89b18c7772f1a89051e1d9c2aca1110857
ROUND fedrad round=81 clients=[90, 72, 65, 50, 85, 56, 4, 80, 31, 17] diagnostic_accuracy=56.3000% Gamma=0.000000 gate_passed=True fallback=functional_recovery_hungarian global_hash=925142e53540be3ff573f5997703396722c98ce1edb30f1aa57733de0aa3e84b
ROUND fedrad round=82 clients=[61, 40, 41, 34, 97, 51, 50, 13, 22, 8] diagnostic_accuracy=58.4700% Gamma=0.000000 gate_passed=True fallback=functional_recovery_hungarian global_hash=9fca4077f21b19f148276b370cb7be7686b78050fa755f71c4e3ef65c1eee8d7
ROUND fedrad round=83 clients=[87, 54, 63, 83, 96, 26, 0, 59, 69, 14] diagnostic_accuracy=61.6600% Gamma=0.000000 gate_passed=True fallback=functional_recovery_hungarian global_hash=455c1dd6e3228a5f3af3350ba284eb01f82fe3a1be3c02acf871765f593b83f7
ROUND fedrad round=84 clients=[58, 47, 83, 36, 8, 2, 56, 49, 10, 38] diagnostic_accuracy=52.3400% Gamma=0.000000 gate_passed=True fallback=functional_recovery_hungarian global_hash=b54af7a018cdd21a5ed4503a585df6fdee79edd2509d97be1d8acff5cafd797c
ROUND fedrad round=85 clients=[89, 90, 81, 54, 59, 4, 53, 47, 52, 19] diagnostic_accuracy=64.0000% Gamma=0.000000 gate_passed=True fallback=functional_recovery_hungarian global_hash=b6532190483b2d0744a33254c805e6ee3c2b6bc0ee9dd9cd3c0110dc1d0f7e15
ROUND fedrad round=86 clients=[24, 13, 81, 73, 19, 55, 40, 76, 57, 96] diagnostic_accuracy=63.1100% Gamma=0.000000 gate_passed=True fallback=functional_recovery_hungarian global_hash=44ea2aefcf92a99a8696c3faea92ca3feb374f979ac7ab629564bf0676871b08
ROUND fedrad round=87 clients=[31, 75, 94, 20, 87, 26, 29, 70, 2, 50] diagnostic_accuracy=57.6600% Gamma=0.000000 gate_passed=True fallback=functional_recovery_hungarian global_hash=04dd10475e55b58fb04127f2237dc003f962b7b0339bd230567a92f323d58b63
ROUND fedrad round=88 clients=[0, 9, 46, 37, 72, 83, 73, 16, 55, 27] diagnostic_accuracy=55.4900% Gamma=0.000000 gate_passed=True fallback=functional_recovery_hungarian global_hash=f62ddb2691408147a62a4e5213d5f65f4153230fc15a4d572146cc779fbf6e60
ROUND fedrad round=89 clients=[80, 29, 9, 50, 26, 81, 48, 82, 37, 15] diagnostic_accuracy=55.3500% Gamma=0.000000 gate_passed=True fallback=functional_recovery_hungarian global_hash=fb0c86f9a53c4453b959aec801bc27f2710ebff9115d6131f76007c56a137756
ROUND fedrad round=90 clients=[82, 6, 87, 74, 29, 50, 62, 67, 12, 83] diagnostic_accuracy=68.6200% Gamma=0.000000 gate_passed=True fallback=functional_recovery_hungarian global_hash=a6871af649b15c55075d4f9da6ee2a7bf72ee7220c56f19eaa4eb676446d9935
ROUND fedrad round=91 clients=[36, 75, 89, 43, 12, 21, 95, 72, 24, 63] diagnostic_accuracy=55.0000% Gamma=0.000000 gate_passed=True fallback=functional_recovery_hungarian global_hash=a3919fc589b0e781bf9cc6ec181e43c7d6869f7faf7efe925926fe1081571976
ROUND fedrad round=92 clients=[34, 15, 31, 94, 46, 70, 19, 80, 6, 88] diagnostic_accuracy=62.6700% Gamma=0.000000 gate_passed=True fallback=functional_recovery_hungarian global_hash=5e47e1209ae44bcf0e3d079ffd68ed41d796f24a0292240bb00b091416a0fafb
ROUND fedrad round=93 clients=[70, 92, 72, 77, 23, 53, 1, 12, 97, 93] diagnostic_accuracy=58.0900% Gamma=0.000000 gate_passed=True fallback=functional_recovery_hungarian global_hash=1ca8a1bf0f1649c67320b7b8694e0a0379b626b7b9d329013b481313cf9c20aa
ROUND fedrad round=94 clients=[13, 38, 36, 14, 57, 77, 66, 73, 3, 0] diagnostic_accuracy=52.9600% Gamma=0.000000 gate_passed=True fallback=functional_recovery_hungarian global_hash=ebd6ad18ada095c29782c0d571410c2b63fe9539cad58ba1e71c9f9eb2f5ad43
ROUND fedrad round=95 clients=[13, 19, 10, 24, 76, 57, 88, 23, 61, 31] diagnostic_accuracy=61.7700% Gamma=0.000000 gate_passed=True fallback=functional_recovery_hungarian global_hash=4bee4df3dc95da1a10ddada324d0bc803c354afb9b6401b443a3061a8a832613
ROUND fedrad round=96 clients=[18, 45, 94, 24, 56, 67, 10, 14, 13, 9] diagnostic_accuracy=65.5400% Gamma=0.000000 gate_passed=True fallback=functional_recovery_hungarian global_hash=0fb01c1045c3a7e8e49882d9a6e6bcdc0cd27d4265c3da368dec8a69314f0e0b
ROUND fedrad round=97 clients=[13, 48, 73, 93, 70, 1, 43, 77, 76, 88] diagnostic_accuracy=59.4400% Gamma=0.000000 gate_passed=True fallback=functional_recovery_hungarian global_hash=9e14df1b3e66b6e4abb0bd84c8ef9009fe1388fd3e5ff775aca2b488a1a5598c
ROUND fedrad round=98 clients=[21, 45, 83, 68, 75, 65, 96, 1, 77, 73] diagnostic_accuracy=64.8500% Gamma=0.000000 gate_passed=True fallback=functional_recovery_hungarian global_hash=fb5bc67eed61a0e87611a38aed279280c711704fee1d2de1e974f9a0093c1a3c
ROUND fedrad round=99 clients=[81, 84, 60, 18, 45, 47, 94, 83, 76, 22] diagnostic_accuracy=57.8700% Gamma=0.000000 gate_passed=True fallback=functional_recovery_hungarian global_hash=0cec4e905d002263429b8f60bf097b1fe644b08b0d027db4d7ffbc46c8b33e44
ROUND fedrad round=100 clients=[21, 69, 47, 34, 65, 81, 93, 44, 30, 84] diagnostic_accuracy=60.4400% Gamma=0.000000 gate_passed=True fallback=functional_recovery_hungarian global_hash=541387ec5eb29c1ab3b8f273e8858d5e8ead295f55e85772209d467133e41d0b
ROUND fedrad round=101 clients=[22, 38, 77, 15, 11, 61, 37, 34, 87, 3] diagnostic_accuracy=64.2000% Gamma=0.000000 gate_passed=True fallback=functional_recovery_hungarian global_hash=dd2baaceddd5923dda65f8514ac70a5f56bf8207332e9a8a2f8c1d9847d0440f
ROUND fedrad round=102 clients=[96, 9, 26, 58, 69, 44, 13, 93, 61, 43] diagnostic_accuracy=60.1200% Gamma=0.000000 gate_passed=True fallback=functional_recovery_hungarian global_hash=9d0641cf60e13e417d064e4287254c15762fc6e0364cb4f9d8b9d327c3a4dded
ROUND fedrad round=103 clients=[13, 34, 27, 16, 72, 98, 14, 19, 9, 46] diagnostic_accuracy=57.1500% Gamma=0.000000 gate_passed=True fallback=functional_recovery_hungarian global_hash=68e858854c72c46b87c669013ec95dab959fd5b8192979a7fe607dc2e764930e
ROUND fedrad round=104 clients=[29, 72, 81, 80, 68, 85, 14, 0, 93, 52] diagnostic_accuracy=66.9700% Gamma=0.000000 gate_passed=True fallback=functional_recovery_hungarian global_hash=b7eaf69905677cbe4a06fa0eea0e9ae5d8c86c58e3eeb5de6343d74352f0eb76
ROUND fedrad round=105 clients=[17, 69, 35, 86, 83, 84, 23, 56, 89, 60] diagnostic_accuracy=63.0700% Gamma=0.000000 gate_passed=True fallback=functional_recovery_hungarian global_hash=c2b56d44b39422b5f095285ac0bb6b7a13143802793f0b9eb31959aef8883b4c
ROUND fedrad round=106 clients=[94, 79, 36, 8, 19, 16, 13, 30, 25, 3] diagnostic_accuracy=58.2000% Gamma=0.000000 gate_passed=True fallback=functional_recovery_hungarian global_hash=79281c4e70bbaab26fa749f2f5212dfc467d14c3c380bf0d5c8862d7920c3fe1
ROUND fedrad round=107 clients=[45, 82, 32, 52, 17, 96, 6, 57, 67, 74] diagnostic_accuracy=60.8600% Gamma=0.000000 gate_passed=True fallback=functional_recovery_hungarian global_hash=22190cd915e1b668b0e881dd0da65afa0a8477fabb2c1ae94fdf7b9db47db8df
ROUND fedrad round=108 clients=[61, 20, 59, 99, 39, 42, 73, 53, 45, 8] diagnostic_accuracy=69.4200% Gamma=0.000000 gate_passed=True fallback=functional_recovery_hungarian global_hash=65d32d4a699307622f53c4311e0458d12abc356664f07229caf61b4ba77e468f
ROUND fedrad round=109 clients=[60, 38, 5, 54, 66, 33, 80, 83, 9, 4] diagnostic_accuracy=61.3000% Gamma=0.000000 gate_passed=True fallback=functional_recovery_hungarian global_hash=e6694673ba1efe14074c3151b5eb821174613c6d3157a6e4614a0dca45329e34
ROUND fedrad round=110 clients=[39, 44, 62, 4, 42, 25, 0, 45, 29, 93] diagnostic_accuracy=69.6500% Gamma=0.000000 gate_passed=True fallback=functional_recovery_hungarian global_hash=4d8c73c3faf401b36c57936ef93166131baf4eb99ef88dc0ef4dcfaccc843423
ROUND fedrad round=111 clients=[96, 54, 19, 97, 92, 31, 81, 2, 24, 9] diagnostic_accuracy=70.3600% Gamma=0.000000 gate_passed=True fallback=functional_recovery_hungarian global_hash=7cce5def76f90f9c28dbc1aeea7f97741c1c1a6845ee4124ea78234ab1844ff0
ROUND fedrad round=112 clients=[9, 19, 7, 49, 45, 35, 80, 85, 40, 89] diagnostic_accuracy=66.8900% Gamma=0.000000 gate_passed=True fallback=functional_recovery_hungarian global_hash=363aa3bf1f505964510b2815b3e09bb1e9b9957062df2eecdcf91e11579ad71a
ROUND fedrad round=113 clients=[73, 66, 18, 74, 33, 2, 87, 29, 98, 91] diagnostic_accuracy=61.6500% Gamma=0.000000 gate_passed=True fallback=functional_recovery_hungarian global_hash=889cec87ca54fc7ebe659a2cd4d374ddc1a9ee7ca9cbc35ef300f94082a1348f
ROUND fedrad round=114 clients=[40, 31, 27, 50, 71, 81, 99, 97, 73, 49] diagnostic_accuracy=58.4400% Gamma=0.000000 gate_passed=True fallback=functional_recovery_hungarian global_hash=1758b656e83cb2a60a296c0359e8795a25b1e8ca4c08521e800a3af0823a0fc6
ROUND fedrad round=115 clients=[61, 64, 42, 88, 27, 95, 92, 50, 45, 85] diagnostic_accuracy=66.6500% Gamma=0.000000 gate_passed=True fallback=functional_recovery_hungarian global_hash=0d0cc62291b9b1c907c0a6a401c4295041ec322a1200c1f1d84c5f193984a691
ROUND fedrad round=116 clients=[27, 8, 49, 32, 15, 35, 70, 59, 31, 30] diagnostic_accuracy=59.8500% Gamma=0.000000 gate_passed=True fallback=functional_recovery_hungarian global_hash=cec7b938888a4cd653218c51688f06103825961909157113fdb778752c4d5cf3
ROUND fedrad round=117 clients=[69, 35, 52, 51, 26, 15, 76, 48, 98, 12] diagnostic_accuracy=63.9800% Gamma=0.000000 gate_passed=True fallback=functional_recovery_hungarian global_hash=5171cc34686075b26e5acc3404c20f7b1de6a584ab56e1a7124ff89f001d9185
ROUND fedrad round=118 clients=[46, 57, 0, 86, 26, 80, 73, 20, 63, 98] diagnostic_accuracy=64.4800% Gamma=0.000000 gate_passed=True fallback=functional_recovery_hungarian global_hash=15265a5803a02aa7e53c58dca28bfc1b977d7f8748581b535b07a2398435bc83
ROUND fedrad round=119 clients=[81, 6, 64, 84, 20, 2, 8, 4, 66, 92] diagnostic_accuracy=63.0900% Gamma=0.000000 gate_passed=True fallback=functional_recovery_hungarian global_hash=cca1b91d558acdc0e7954e9ca573383182e5aa3828590adcf458282c74c18e25
ROUND fedrad round=120 clients=[61, 34, 64, 11, 96, 18, 82, 52, 72, 92] diagnostic_accuracy=66.8600% Gamma=0.000000 gate_passed=True fallback=functional_recovery_hungarian global_hash=a68e2062a3d6235f10596f9d13492cf14f48319a39edcb4cbccb34eb40d9d791
ROUND fedrad round=121 clients=[93, 68, 94, 13, 36, 11, 5, 1, 40, 7] diagnostic_accuracy=68.2600% Gamma=0.000000 gate_passed=True fallback=functional_recovery_hungarian global_hash=1161f617ad1fd60b843750a107793c17b32ea5e543715aa5038ec9080d49a2d2
ROUND fedrad round=122 clients=[73, 64, 37, 69, 31, 48, 77, 41, 53, 75] diagnostic_accuracy=61.6100% Gamma=0.000000 gate_passed=True fallback=functional_recovery_hungarian global_hash=0783ddf318114830158fcc8c540acb99fa2fd91d40e049339370a9fe86c5d646
ROUND fedrad round=123 clients=[46, 43, 84, 11, 66, 92, 16, 19, 96, 37] diagnostic_accuracy=59.7400% Gamma=0.000000 gate_passed=True fallback=functional_recovery_hungarian global_hash=09547907b33383ce0f7e31eae0e6bd5c374ee561c54da1f2cc00dff6de73b2d0
ROUND fedrad round=124 clients=[43, 96, 9, 0, 74, 19, 1, 23, 38, 66] diagnostic_accuracy=64.7200% Gamma=0.000000 gate_passed=True fallback=functional_recovery_hungarian global_hash=769f10f2cf5b926ce7c63094106bb076b3bac6d7b70b60f5b16b30b5fd063c29
ROUND fedrad round=125 clients=[27, 62, 32, 10, 22, 72, 64, 25, 86, 60] diagnostic_accuracy=62.9800% Gamma=0.000000 gate_passed=True fallback=functional_recovery_hungarian global_hash=d3816dc4d0c137bded14c69c619a1a77850eac67928be376398d6c175435400c
ROUND fedrad round=126 clients=[84, 7, 64, 76, 15, 46, 27, 47, 40, 69] diagnostic_accuracy=64.9500% Gamma=0.000000 gate_passed=True fallback=functional_recovery_hungarian global_hash=169f57a39bafb68c747ebb9b06d9c394c2f90e8e2cce5b190647ac9404d84ce0
ROUND fedrad round=127 clients=[75, 97, 79, 87, 11, 7, 37, 92, 41, 12] diagnostic_accuracy=64.3000% Gamma=0.000000 gate_passed=True fallback=functional_recovery_hungarian global_hash=20e085928fe30ea910e2f86c0e3c0523be1da5b5a4e63a670e16d1f6d8474d3d
ROUND fedrad round=128 clients=[78, 4, 17, 21, 76, 74, 19, 61, 45, 86] diagnostic_accuracy=71.9900% Gamma=0.000000 gate_passed=True fallback=functional_recovery_hungarian global_hash=125dd7844c28cca23da59fd1688e6e3d9327ad0a08dbeb79770151870d6ca229
ROUND fedrad round=129 clients=[23, 41, 75, 36, 26, 49, 95, 16, 93, 72] diagnostic_accuracy=57.8300% Gamma=0.000000 gate_passed=True fallback=functional_recovery_hungarian global_hash=ad0bfc2470d54e3f2fef91bded014943dc13ab1a8b56c1e03df68469dfdad655
ROUND fedrad round=130 clients=[59, 53, 65, 8, 68, 35, 13, 55, 23, 97] diagnostic_accuracy=68.4100% Gamma=0.000000 gate_passed=True fallback=functional_recovery_hungarian global_hash=bb3096f14eb67975681b540702b820be3d6ead581d930616ce301f99434600d2
ROUND fedrad round=131 clients=[74, 98, 22, 45, 97, 87, 92, 71, 47, 79] diagnostic_accuracy=68.0000% Gamma=0.000000 gate_passed=True fallback=functional_recovery_hungarian global_hash=219a7ca0d32e39e9769c1e51dd1b04f5b8cef3639db785cb3afe33052dfbccc7
ROUND fedrad round=132 clients=[35, 70, 59, 49, 36, 91, 82, 50, 26, 72] diagnostic_accuracy=51.4900% Gamma=0.000000 gate_passed=True fallback=functional_recovery_hungarian global_hash=455549d38382829d2bf57a0dfabdf87623726be94b19650de74d67b2b54351d4
ROUND fedrad round=133 clients=[22, 83, 75, 29, 66, 48, 12, 10, 86, 1] diagnostic_accuracy=64.5700% Gamma=0.000000 gate_passed=True fallback=functional_recovery_hungarian global_hash=983f71d23ef17c9c5213551e56c9fe86f84d78b4c5bebd2f1b396478c98f54e9
ROUND fedrad round=134 clients=[76, 33, 40, 59, 65, 63, 73, 36, 99, 82] diagnostic_accuracy=68.9900% Gamma=0.000000 gate_passed=True fallback=functional_recovery_hungarian global_hash=8e3ab8eaaa0812f28e071601b758a6c56b5845415dea8b517fef2295556bfc3c
ROUND fedrad round=135 clients=[85, 88, 54, 40, 70, 67, 86, 38, 58, 42] diagnostic_accuracy=73.2500% Gamma=0.000000 gate_passed=True fallback=functional_recovery_hungarian global_hash=d5a7c84975088208f51d754bbe57d8a9711eb5305e6ee7b78924434232553a77
ROUND fedrad round=136 clients=[89, 56, 12, 90, 94, 86, 19, 78, 92, 59] diagnostic_accuracy=69.1100% Gamma=0.000000 gate_passed=True fallback=functional_recovery_hungarian global_hash=c1709ef97fd9621e33137d415312ee4a15a566179087c5d1df270e90c1920d3e
ROUND fedrad round=137 clients=[7, 94, 69, 44, 50, 26, 75, 24, 33, 18] diagnostic_accuracy=63.9700% Gamma=0.000000 gate_passed=True fallback=functional_recovery_hungarian global_hash=1e9a8df6f77cfbb308a7053a6782f43bfe7ae137de6826e86a225fe84cff11c5
ROUND fedrad round=138 clients=[89, 75, 84, 93, 35, 71, 19, 63, 59, 94] diagnostic_accuracy=62.0800% Gamma=0.000000 gate_passed=True fallback=functional_recovery_hungarian global_hash=ceebbd8a17e64ccf457c2c97e67e88395eb7481b45101b0cc6a0b5676ea2535c
ROUND fedrad round=139 clients=[54, 66, 17, 43, 53, 40, 76, 1, 4, 81] diagnostic_accuracy=71.2200% Gamma=0.000000 gate_passed=True fallback=functional_recovery_hungarian global_hash=d06c0793bb491656e5639ae055fbfd88d7826a967e6390f6622497726c774489
ROUND fedrad round=140 clients=[52, 51, 97, 7, 41, 61, 29, 88, 49, 26] diagnostic_accuracy=67.6600% Gamma=0.000000 gate_passed=True fallback=functional_recovery_hungarian global_hash=20749b576478a873c389b3ed95e1d7c52e63efd87e99bfea329ad5c27e1b4d3c
ROUND fedrad round=141 clients=[21, 47, 20, 59, 85, 2, 99, 70, 54, 50] diagnostic_accuracy=65.7000% Gamma=0.000000 gate_passed=True fallback=functional_recovery_hungarian global_hash=81b49ad460c2680b9d86cf97e7d44a4b1586491e111ecfc7e4846698b33de3cf
ROUND fedrad round=142 clients=[65, 98, 79, 6, 58, 92, 19, 37, 33, 75] diagnostic_accuracy=67.2700% Gamma=0.000000 gate_passed=True fallback=functional_recovery_hungarian global_hash=ac71e5779cb3d669c3b5f70e938bea82ab9a5385e357eecf1221e1b4bbefd75f
ROUND fedrad round=143 clients=[44, 84, 56, 0, 69, 15, 66, 78, 42, 95] diagnostic_accuracy=60.4700% Gamma=0.000000 gate_passed=True fallback=functional_recovery_hungarian global_hash=88228e39201f546ff0cd42bd94701e25b74d42acff2747fb6b83daf73119fd94
ROUND fedrad round=144 clients=[36, 20, 53, 26, 80, 67, 25, 37, 39, 10] diagnostic_accuracy=60.8300% Gamma=0.000000 gate_passed=True fallback=functional_recovery_hungarian global_hash=922fa01c4d277902a9bc5da63823812925cd20a18b0238384cc923a88aadaa79
ROUND fedrad round=145 clients=[54, 62, 65, 69, 82, 46, 64, 70, 59, 11] diagnostic_accuracy=69.1500% Gamma=0.000000 gate_passed=True fallback=functional_recovery_hungarian global_hash=c0adf60b50a8b9eea623df30318ddd36a4275c69ff10a0600e910c9b5f03b4cf
ROUND fedrad round=146 clients=[78, 89, 64, 25, 85, 9, 57, 41, 97, 45] diagnostic_accuracy=67.0200% Gamma=0.000000 gate_passed=True fallback=functional_recovery_hungarian global_hash=ff99036d9d8722845434deec077ff4abca9938f70788c6d0eb3d9eaabb85ac94
ROUND fedrad round=147 clients=[32, 8, 70, 41, 12, 19, 88, 20, 98, 33] diagnostic_accuracy=55.1500% Gamma=0.000000 gate_passed=True fallback=functional_recovery_hungarian global_hash=ca29dcc7829d62c68b7d4a61231720238d0b1e4be62156dbbe03d000dddcbb21
ROUND fedrad round=148 clients=[50, 29, 81, 33, 44, 69, 2, 68, 93, 85] diagnostic_accuracy=69.3300% Gamma=0.000000 gate_passed=True fallback=functional_recovery_hungarian global_hash=6d7ff688511e509af68bee6954ea1a8a867d48cbe15a7aa486d317e53c0cc7f2
ROUND fedrad round=149 clients=[5, 84, 70, 73, 31, 62, 69, 13, 86, 74] diagnostic_accuracy=48.3200% Gamma=0.000000 gate_passed=True fallback=functional_recovery_hungarian global_hash=360b04b7fd6ef23ad3cbc55651550df66f6881a18f56e5b935cfa38d994fbdcb
ROUND fedrad round=150 clients=[69, 9, 41, 83, 76, 63, 34, 67, 36, 87] diagnostic_accuracy=66.0500% Gamma=0.000000 gate_passed=True fallback=functional_recovery_hungarian global_hash=e912abbbb6b08c8711171640f153de62655bd19b1a34e21ab28b03cde5665a48
ROUND fedrad round=151 clients=[40, 77, 95, 52, 25, 38, 46, 47, 93, 88] diagnostic_accuracy=62.8400% Gamma=0.000000 gate_passed=True fallback=functional_recovery_hungarian global_hash=47ccf8f8a5fc2a2b42fccc8f169d2bce6a24931b8a05c903ee3070ce22c71191
ROUND fedrad round=152 clients=[14, 22, 87, 6, 15, 36, 37, 44, 48, 38] diagnostic_accuracy=63.5700% Gamma=0.000000 gate_passed=True fallback=functional_recovery_hungarian global_hash=98d859f78f0d4d276baf99c46f1d4893323132690dbd0800bf882b1dc746c6e7
ROUND fedrad round=153 clients=[14, 66, 74, 62, 49, 45, 18, 79, 15, 68] diagnostic_accuracy=70.8100% Gamma=0.000000 gate_passed=True fallback=functional_recovery_hungarian global_hash=6a228e396f5464cc476f2ea2fdb4504a71efb37ca39e6b6faec1dbebcf5fc290
ROUND fedrad round=154 clients=[92, 32, 77, 87, 27, 13, 14, 47, 22, 73] diagnostic_accuracy=64.8700% Gamma=0.000000 gate_passed=True fallback=functional_recovery_hungarian global_hash=768939c3d703e6213c3dab3dbad1dce4c5c4ae32bab4814b2e9dc30220174e46
ROUND fedrad round=155 clients=[60, 31, 44, 3, 84, 25, 98, 73, 52, 82] diagnostic_accuracy=57.2800% Gamma=0.000000 gate_passed=True fallback=functional_recovery_hungarian global_hash=5b5003ab40441b9fac3665c8ffd5e905532340d6ca58bef2fa53094a36a45c74
ROUND fedrad round=156 clients=[66, 38, 74, 49, 46, 45, 12, 0, 81, 23] diagnostic_accuracy=64.9200% Gamma=0.000000 gate_passed=True fallback=functional_recovery_hungarian global_hash=05a83a077deaad66087808379b05666960f6d826c6b73180442a8772ab3ae7c5
ROUND fedrad round=157 clients=[6, 14, 56, 8, 37, 71, 68, 53, 88, 65] diagnostic_accuracy=67.2700% Gamma=0.000000 gate_passed=True fallback=functional_recovery_hungarian global_hash=915bd2db570cf426b6dcc415b7625d19a2a992051083e3f80fdfda22dbb7b606
ROUND fedrad round=158 clients=[76, 40, 68, 38, 91, 92, 18, 11, 69, 94] diagnostic_accuracy=71.4100% Gamma=0.000000 gate_passed=True fallback=functional_recovery_hungarian global_hash=59452374e855996d5bbcffb15e20f46cd42b175dbeffc29e9eae7e6762a98d9f
ROUND fedrad round=159 clients=[0, 23, 91, 83, 98, 64, 90, 32, 84, 36] diagnostic_accuracy=62.9100% Gamma=0.000000 gate_passed=True fallback=functional_recovery_hungarian global_hash=39bd7b8f369f4519ddd49a7bb2641a2314953081992ed632e06b17d909f6fa88
ROUND fedrad round=160 clients=[15, 9, 95, 71, 80, 49, 39, 81, 30, 8] diagnostic_accuracy=69.3900% Gamma=0.000000 gate_passed=True fallback=functional_recovery_hungarian global_hash=a3109aa19777f08ff2ba2fe0acd51b652d7beadb59df92fbdbde27672900d20c
ROUND fedrad round=161 clients=[29, 87, 67, 36, 35, 96, 15, 61, 24, 62] diagnostic_accuracy=62.0400% Gamma=0.000000 gate_passed=True fallback=functional_recovery_hungarian global_hash=73084a74b46e0dcc269dc94d0626afe6f2a4576fe9c9aed7051205a0662c54ea
ROUND fedrad round=162 clients=[13, 58, 87, 52, 50, 60, 3, 19, 35, 0] diagnostic_accuracy=65.1800% Gamma=0.000000 gate_passed=True fallback=functional_recovery_hungarian global_hash=7e45864cdeec8b4e59f78bbd80fcbdc94633b8e32b8d3977a049c95e5fc0c42a
ROUND fedrad round=163 clients=[55, 46, 66, 67, 73, 12, 51, 1, 57, 90] diagnostic_accuracy=70.3800% Gamma=0.000000 gate_passed=True fallback=functional_recovery_hungarian global_hash=a1bb34c08a97968608f05b8fbbf532593a9ff5da10d432ab2e17af81c1e7b18a
ROUND fedrad round=164 clients=[40, 72, 92, 86, 89, 90, 16, 98, 73, 58] diagnostic_accuracy=73.9000% Gamma=0.000000 gate_passed=True fallback=functional_recovery_hungarian global_hash=093dd26f0e12c4dec250d7d6232c70a507acf532c5c838fb85ae2d5e4b5e4ebf
ROUND fedrad round=165 clients=[0, 58, 47, 44, 94, 66, 4, 7, 27, 2] diagnostic_accuracy=68.1800% Gamma=0.000000 gate_passed=True fallback=functional_recovery_hungarian global_hash=3aaa0fa1566c39e80116b208cdf6d4666e5a5ba98a44665ab77da9a5978e1054
ROUND fedrad round=166 clients=[58, 87, 14, 78, 40, 83, 73, 18, 52, 31] diagnostic_accuracy=66.9600% Gamma=0.000000 gate_passed=True fallback=functional_recovery_hungarian global_hash=b64b990f086a1512492003f286cc0d3e6163f7396aeafff3f7a9004153d3f4c2
ROUND fedrad round=167 clients=[99, 22, 62, 86, 5, 20, 9, 51, 7, 54] diagnostic_accuracy=71.1700% Gamma=0.000000 gate_passed=True fallback=functional_recovery_hungarian global_hash=65a3286c9ef8bea9c04d68f489a76bb37d45553f374150fa96f7c6a168eda2a0
ROUND fedrad round=168 clients=[97, 37, 42, 7, 22, 5, 24, 56, 69, 12] diagnostic_accuracy=68.9300% Gamma=0.000000 gate_passed=True fallback=functional_recovery_hungarian global_hash=7c7bbac0b0dff78fcac29244be3d9c00b2f0156aba684fbcf4040dd95061d51d
ROUND fedrad round=169 clients=[96, 22, 76, 44, 59, 78, 12, 68, 94, 87] diagnostic_accuracy=69.5000% Gamma=0.000000 gate_passed=True fallback=functional_recovery_hungarian global_hash=f4cabf30843a42266dcf6cfe3374244823ddcd05b3041641d421b41b3ddad7cf
ROUND fedrad round=170 clients=[45, 7, 65, 19, 95, 16, 35, 23, 83, 88] diagnostic_accuracy=68.4900% Gamma=0.000000 gate_passed=True fallback=functional_recovery_hungarian global_hash=345d14a96df4f0edf5cd8eaa1d5f7bb88a9c5d14bb97eaddc831d5d645b5aded
ROUND fedrad round=171 clients=[12, 91, 4, 90, 47, 66, 33, 9, 61, 84] diagnostic_accuracy=68.5500% Gamma=0.000000 gate_passed=True fallback=functional_recovery_hungarian global_hash=c3b96ff0f85aaba80ba9a28dac74a7ba77c1304a7f2fa7969a1dda9d1ff2f584
ROUND fedrad round=172 clients=[46, 60, 83, 2, 37, 70, 93, 29, 3, 43] diagnostic_accuracy=61.9500% Gamma=0.000000 gate_passed=True fallback=functional_recovery_hungarian global_hash=25e163e27ada47d2bc7b1479e3f6ba0f9194594e0d50cf42539057a24fdd3ef9
ROUND fedrad round=173 clients=[27, 45, 49, 4, 31, 62, 9, 95, 69, 72] diagnostic_accuracy=69.5100% Gamma=0.000000 gate_passed=True fallback=functional_recovery_hungarian global_hash=2c2bf9b9ff2bae1d98e52e7b51b6a5bd8005e34280120fcd4b33d4842fd6385a
ROUND fedrad round=174 clients=[27, 28, 1, 92, 55, 48, 74, 7, 99, 62] diagnostic_accuracy=68.0700% Gamma=0.000000 gate_passed=True fallback=functional_recovery_hungarian global_hash=77e59bc0b9cad028bfc12a313f96910d3ac361122f9805fc6d3ecb86c591189f
ROUND fedrad round=175 clients=[24, 0, 9, 11, 31, 45, 58, 35, 69, 21] diagnostic_accuracy=73.8600% Gamma=0.000000 gate_passed=True fallback=functional_recovery_hungarian global_hash=56187bb82364ec95ceec93ba0a789915494f8df4e9c9147c288b9ef2c0b73395
ROUND fedrad round=176 clients=[42, 98, 67, 21, 24, 81, 20, 75, 29, 36] diagnostic_accuracy=68.5800% Gamma=0.000000 gate_passed=True fallback=functional_recovery_hungarian global_hash=8228c9c38c8da07e282ec532c31258cb345f772188e6f124cb841c9033fd3348
ROUND fedrad round=177 clients=[49, 75, 33, 60, 42, 64, 69, 11, 47, 70] diagnostic_accuracy=67.0500% Gamma=0.000000 gate_passed=True fallback=functional_recovery_hungarian global_hash=f6e8f6fd896eb5189102850c8302fc91105fd213090d69fcccf388298f791b60
ROUND fedrad round=178 clients=[96, 60, 16, 70, 73, 40, 11, 24, 87, 93] diagnostic_accuracy=65.3500% Gamma=0.000000 gate_passed=True fallback=functional_recovery_hungarian global_hash=dd4a6318793aaff9a2646d0cf88bdaf719e4b4080dce56186cabf81b893d754d
ROUND fedrad round=179 clients=[37, 16, 85, 31, 69, 36, 54, 25, 32, 38] diagnostic_accuracy=65.4400% Gamma=0.000000 gate_passed=True fallback=functional_recovery_hungarian global_hash=7ed1ddfa4768c059dcd9b7fdbd7ecd0a03fc3b15dd2855b9f04f565e9a3d4228
ROUND fedrad round=180 clients=[80, 92, 61, 76, 19, 28, 7, 73, 67, 38] diagnostic_accuracy=70.3600% Gamma=0.000000 gate_passed=True fallback=functional_recovery_hungarian global_hash=b7369150a2e2606dc9d4a05876602e23f1848d78daf4b85cf044679ebdd28bba
ROUND fedrad round=181 clients=[78, 26, 35, 44, 29, 85, 64, 66, 97, 21] diagnostic_accuracy=65.3400% Gamma=0.000000 gate_passed=True fallback=functional_recovery_hungarian global_hash=de2d4db69c686f92424327b60ded3b8413021ce272d42f33962b1f1da94a5ad0
ROUND fedrad round=182 clients=[78, 73, 10, 52, 54, 24, 44, 70, 99, 90] diagnostic_accuracy=66.4300% Gamma=0.000000 gate_passed=True fallback=functional_recovery_hungarian global_hash=e588b3c9521a4c5f30909bc9e75d15241e650e090b487756e6ca3f5c094e95a6
ROUND fedrad round=183 clients=[96, 38, 1, 4, 36, 19, 77, 52, 41, 49] diagnostic_accuracy=70.2800% Gamma=0.000000 gate_passed=True fallback=functional_recovery_hungarian global_hash=4f1930cce274c4e944e0fc643d44d32e221a3e10c19215ab3bb5cf8c00673ac4
ROUND fedrad round=184 clients=[87, 55, 49, 7, 51, 67, 40, 21, 34, 0] diagnostic_accuracy=72.0200% Gamma=0.000000 gate_passed=True fallback=functional_recovery_hungarian global_hash=67966eb75da00b1372e9dd193bd79d4ceefedda3df55cb0a67db57cd9479efa9
ROUND fedrad round=185 clients=[74, 63, 39, 14, 96, 82, 21, 45, 88, 13] diagnostic_accuracy=66.9400% Gamma=0.000000 gate_passed=True fallback=functional_recovery_hungarian global_hash=332f52e570042080ab71bffa1c5bc876905626e336ed41f9341b1959045371a7
ROUND fedrad round=186 clients=[1, 26, 23, 59, 22, 57, 27, 60, 18, 69] diagnostic_accuracy=65.9000% Gamma=0.000000 gate_passed=True fallback=functional_recovery_hungarian global_hash=52d26f55e3838ecfa4abe697243b3b312c97f740db672b911bd1bfb9b64a794e
ROUND fedrad round=187 clients=[34, 87, 43, 64, 27, 92, 78, 55, 68, 7] diagnostic_accuracy=68.7500% Gamma=0.000000 gate_passed=True fallback=functional_recovery_hungarian global_hash=8da487b749227ebb5930706d467e307ca5fe5f50bb774ce15c752eb8c45567de
ROUND fedrad round=188 clients=[67, 20, 34, 69, 85, 14, 86, 81, 36, 76] diagnostic_accuracy=72.5600% Gamma=0.000000 gate_passed=True fallback=functional_recovery_hungarian global_hash=cbc996356ee7deb1bef537f95d5a14844c0c14f6e9fd6885200f98a07bad594c
ROUND fedrad round=189 clients=[57, 7, 53, 49, 74, 65, 76, 29, 78, 80] diagnostic_accuracy=70.8900% Gamma=0.000000 gate_passed=True fallback=functional_recovery_hungarian global_hash=f978739e5d23228fa77198c522d63d22c96268c08835a8888e3d2033fdf913ef
ROUND fedrad round=190 clients=[71, 25, 7, 77, 39, 51, 87, 5, 45, 11] diagnostic_accuracy=70.3100% Gamma=0.000000 gate_passed=True fallback=functional_recovery_hungarian global_hash=ac4e25fdc990d86d3a8186b6143e7e40029943d3fcd125102bc4dc1b7423fb2e
ROUND fedrad round=191 clients=[60, 21, 34, 0, 98, 92, 44, 65, 66, 3] diagnostic_accuracy=42.1800% Gamma=0.000000 gate_passed=True fallback=functional_recovery_hungarian global_hash=b05e1b7a849f804f2369dbf08a1149dc731a354ae007bd36d289a04b7e6f80fe
ROUND fedrad round=192 clients=[36, 59, 66, 20, 0, 16, 86, 71, 90, 56] diagnostic_accuracy=72.1500% Gamma=0.000000 gate_passed=True fallback=functional_recovery_hungarian global_hash=29e36a9adf17bfebec4786789f0150041ee6c73c1c8cbbe811e6e0f012700bcd
ROUND fedrad round=193 clients=[19, 22, 51, 45, 91, 26, 14, 83, 15, 67] diagnostic_accuracy=71.6900% Gamma=0.000000 gate_passed=True fallback=functional_recovery_hungarian global_hash=67dc5a8c1e9565f48994a3b85d747453af80e3038b03f2a41e4569fb41dd198c
ROUND fedrad round=194 clients=[62, 14, 3, 92, 78, 33, 89, 48, 70, 31] diagnostic_accuracy=66.9700% Gamma=0.000000 gate_passed=True fallback=functional_recovery_hungarian global_hash=ed5eb440862aa2cb7b0807e1682ccc40cd1ade6673bd084884d300b70a3b7c1f
ROUND fedrad round=195 clients=[37, 10, 88, 63, 53, 68, 2, 52, 26, 59] diagnostic_accuracy=66.5900% Gamma=0.000000 gate_passed=True fallback=functional_recovery_hungarian global_hash=12c9061cb273cfb373e31d580497db0cc3e55a8ff4735526b159a2952bba6c30
ROUND fedrad round=196 clients=[59, 71, 85, 49, 20, 10, 3, 86, 88, 33] diagnostic_accuracy=60.0700% Gamma=0.000000 gate_passed=True fallback=functional_recovery_hungarian global_hash=8c0dc06666e5648d3d19ee3e12fecc6ae1ace3f30299911e096a8b1c091bb025
ROUND fedrad round=197 clients=[9, 0, 18, 66, 44, 17, 92, 95, 64, 96] diagnostic_accuracy=69.2200% Gamma=0.000000 gate_passed=True fallback=functional_recovery_hungarian global_hash=5adf722f6354c104679589a545a0e9a827ea424ec2c518e1031539cd1ed1e00c
ROUND fedrad round=198 clients=[70, 58, 24, 57, 32, 19, 43, 65, 5, 88] diagnostic_accuracy=60.1300% Gamma=0.000000 gate_passed=True fallback=functional_recovery_hungarian global_hash=98e63f899e877cc403093a8cbba8732bdbbe3efadff0b22d824ad19fa7595f24
ROUND fedrad round=199 clients=[61, 75, 68, 2, 6, 26, 1, 56, 78, 74] diagnostic_accuracy=70.3300% Gamma=0.000000 gate_passed=True fallback=functional_recovery_hungarian global_hash=bc0af5437cd2b7de0b6927e2559e276785baf00fa2dfa31b09d852250008572d
ROUND fedrad round=200 clients=[8, 57, 22, 90, 46, 9, 56, 99, 89, 4] diagnostic_accuracy=70.1500% Gamma=0.000000 gate_passed=True fallback=functional_recovery_hungarian global_hash=256e6bf4de7d5e262826587ab017e6f62e57635933be61f2e2b0bb10252cc733
FINAL_STATE_HASH 256e6bf4de7d5e262826587ab017e6f62e57635933be61f2e2b0bb10252cc733
